Python executable: /arc/home/RongjunHuang/.conda/envs/ICRAR/bin/python
Python 3.13.3
PYTHONUNBUFFERED: 1
CANFAR base root : /arc/projects/mauve
Local fallback   : /arc/home/RongjunHuang/ICRAR/extended

Shared input keyword ➜ <none>
Reading gas-line FITS ➜ /arc/projects/mauve/products/v0.6/IC3392/IC3392_gas_BIN_maps.fits
Matched binning FITS ➜ /arc/home/RongjunHuang/ICRAR/extended/IC3392_SPATIAL_BINNING_maps_extended.fits
File not found: None
/arc/home/RongjunHuang/ICRAR/extended/SFR+Z.py:595: RuntimeWarning: divide by zero encountered in divide
  BD = HA6562_FLUX / HB4861_FLUX
--------------------------------------------------------------
Extinction law for k(λ)=A(λ)/E(B−V): mw (mw_rv=3.1)
k(Hβ 4861Å)  = 3.6092   at λ=0.4861 µm
k(Hα 6562Å)  = 2.5355   at λ=0.6562 µm
k([OIII]5006)= 3.4736   at λ=0.5006 µm
k([NII]6583) = 2.5255   at λ=0.6583 µm
k([SII]6716) = 2.4619   at λ=0.6716 µm
k([SII]6730) = 2.4552   at λ=0.6730 µm
--------------------------------------------------------------
/arc/home/RongjunHuang/ICRAR/extended/SFR+Z.py:830: RuntimeWarning: divide by zero encountered in divide
  N2 = NII_scaled / HB4861_FLUX_corr   # N2 = I([N II]λ6548 + λ6584)/I(Hβ)
/arc/home/RongjunHuang/ICRAR/extended/SFR+Z.py:831: RuntimeWarning: divide by zero encountered in divide
  S2 = (SII6716_FLUX_corr + SII6730_FLUX_corr) / HB4861_FLUX_corr  # S2 = I([S II]λ6717 + λ6731)/I(Hβ)
/arc/home/RongjunHuang/ICRAR/extended/SFR+Z.py:832: RuntimeWarning: divide by zero encountered in divide
  R3 = OIII_scaled / HB4861_FLUX_corr  # R3 = I([O III]λ4959 + λ5007)/I(Hβ) (same value as R2 in this case)
/arc/home/RongjunHuang/ICRAR/extended/SFR+Z.py:832: RuntimeWarning: invalid value encountered in divide
  R3 = OIII_scaled / HB4861_FLUX_corr  # R3 = I([O III]λ4959 + λ5007)/I(Hβ) (same value as R2 in this case)
/arc/home/RongjunHuang/ICRAR/extended/SFR+Z.py:834: RuntimeWarning: invalid value encountered in divide
  log_R3_S2 = np.log10(R3/S2)
/arc/home/RongjunHuang/ICRAR/extended/SFR+Z.py:834: RuntimeWarning: divide by zero encountered in log10
  log_R3_S2 = np.log10(R3/S2)
/arc/home/RongjunHuang/ICRAR/extended/SFR+Z.py:859: RuntimeWarning: invalid value encountered in add
  O_H_PG16[upper_mask] = (a1_upper + a2_upper * log_R3_S2[upper_mask] + a3_upper * log_N2[upper_mask] +
/arc/home/RongjunHuang/ICRAR/extended/SFR+Z.py:929: RuntimeWarning: divide by zero encountered in divide
  oiii_hb = oiii5006_flux / hb4861_flux
/arc/home/RongjunHuang/ICRAR/extended/SFR+Z.py:929: RuntimeWarning: invalid value encountered in divide
  oiii_hb = oiii5006_flux / hb4861_flux
/arc/home/RongjunHuang/ICRAR/extended/SFR+Z.py:931: RuntimeWarning: divide by zero encountered in log10
  o3n2_ratio = np.log10(oiii_hb / nii_ha)
/arc/home/RongjunHuang/ICRAR/extended/SFR+Z.py:974: RuntimeWarning: divide by zero encountered in divide
  oiii_hb = oiii5006_flux / hb4861_flux
/arc/home/RongjunHuang/ICRAR/extended/SFR+Z.py:974: RuntimeWarning: invalid value encountered in divide
  oiii_hb = oiii5006_flux / hb4861_flux
/arc/home/RongjunHuang/ICRAR/extended/SFR+Z.py:976: RuntimeWarning: divide by zero encountered in log10
  o3n2_ratio = np.log10(oiii_hb / nii_ha)
/arc/home/RongjunHuang/ICRAR/extended/SFR+Z.py:1031: RuntimeWarning: divide by zero encountered in divide
  oiii_hb = oiii5006_flux / hb4861_flux
/arc/home/RongjunHuang/ICRAR/extended/SFR+Z.py:1031: RuntimeWarning: invalid value encountered in divide
  oiii_hb = oiii5006_flux / hb4861_flux
/arc/home/RongjunHuang/ICRAR/extended/SFR+Z.py:1033: RuntimeWarning: divide by zero encountered in log10
  o3n2_ratio = np.log10(oiii_hb / nii_ha)
/arc/home/RongjunHuang/ICRAR/extended/SFR+Z.py:1123: RuntimeWarning: divide by zero encountered in divide
  oiii_hb = oiii5006_flux / hb4861_flux
/arc/home/RongjunHuang/ICRAR/extended/SFR+Z.py:1123: RuntimeWarning: invalid value encountered in divide
  oiii_hb = oiii5006_flux / hb4861_flux
/arc/home/RongjunHuang/ICRAR/extended/SFR+Z.py:1126: RuntimeWarning: divide by zero encountered in divide
  sii_hb = sii_total / hb4861_flux
/arc/home/RongjunHuang/ICRAR/extended/SFR+Z.py:1129: RuntimeWarning: invalid value encountered in divide
  o3s2_ratio = np.log10(oiii_hb / sii_hb)
/arc/home/RongjunHuang/ICRAR/extended/SFR+Z.py:1129: RuntimeWarning: divide by zero encountered in log10
  o3s2_ratio = np.log10(oiii_hb / sii_hb)
Calculating all 6 C20 metallicities for IC3392...
Combined C20 metallicity: median = 8.557, range = (8.215, 8.848)
Combined C20 method usage: O3N2=11429, O3S2=0, RS32=3515, R3=31758, N2=431, S2=22821
Galaxy IC3392 inclination: 68.0° (cos θ = 0.375)
Inclination correction ENABLED: applying b/a = 0.418 (adopting intrinsic thickness q₀ = 0.2 for disc galaxy)
/arc/home/RongjunHuang/ICRAR/extended/SFR+Z.py:1923: RuntimeWarning: divide by zero encountered in divide
  logO3  = np.log10(OIII5006_FLUX_corr / HB4861_FLUX_corr)       # [O III]/Hβ
/arc/home/RongjunHuang/ICRAR/extended/SFR+Z.py:1923: RuntimeWarning: invalid value encountered in divide
  logO3  = np.log10(OIII5006_FLUX_corr / HB4861_FLUX_corr)       # [O III]/Hβ
/arc/home/RongjunHuang/ICRAR/extended/SFR+Z.py:1923: RuntimeWarning: divide by zero encountered in log10
  logO3  = np.log10(OIII5006_FLUX_corr / HB4861_FLUX_corr)       # [O III]/Hβ
/arc/home/RongjunHuang/ICRAR/extended/SFR+Z.py:2010: RuntimeWarning: invalid value encountered in subtract
  mask_N2_down, mask_S2_down = apply_bpt_masks(logN2=logN2, logS2=logS2, logO3=logO3-logO3_err)
/arc/home/RongjunHuang/ICRAR/extended/SFR+Z.py:2011: RuntimeWarning: invalid value encountered in add
  mask_N2_up, mask_S2_up = apply_bpt_masks(logN2=logN2, logS2=logS2, logO3=logO3+logO3_err)
Combined C20 total: Selected R3-C20 with error 0.074
Available methods: [('O3N2-C20', np.float64(8.770906696445852), np.float64(0.09208522641077622)), ('O3S2-C20', np.float64(8.822973609180043), np.float64(0.11183160195598867)), ('RS32-C20', np.float64(8.799032391182692), np.float64(0.08066565454299729)), ('R3-C20', np.float64(8.783302431935605), np.float64(0.07385739210352084)), ('N2-C20', np.float64(8.669627753022537), np.float64(0.1177079200044482)), ('S2-C20', np.float64(8.409643443341873), np.float64(0.08957209001688832))]
Combined C20 total: Selected S2-C20 with error 0.060
Available methods: [('O3N2-C20', np.float64(8.739098494030708), np.float64(0.09000001722271796)), ('O3S2-C20', np.float64(8.787428566256411), np.float64(0.11000001872499644)), ('RS32-C20', np.float64(8.743119331592144), np.float64(0.08000002419968853)), ('R3-C20', np.float64(8.724886970607791), np.float64(0.07000003645418097)), ('N2-C20', np.float64(8.719440909573366), np.float64(0.10000000906919539)), ('S2-C20', np.float64(8.452082022968796), np.float64(0.06000003943399686))]
Extended file written ➜ /arc/home/RongjunHuang/ICRAR/extended/IC3392_gas_BIN_maps_extended.fits
--------------------------------------------------------------
Total non-nan spaxels: 73168
Number of pixels with Halpha not detected: 4221
Number of pixels with Halpha detected, Hbeta not detected: 46475
Number of pixels with Halpha detected, Hbeta detected, NII not detected, OIII not detected and unclassified1: 0
Number of pixels with Halpha detected, Hbeta detected, NII not detected, OIII detected and unclassified1: 0
Number of pixels with Halpha detected, Hbeta detected, NII detected, OIII not detected and unclassified1: 222
Number of pixels with Halpha detected, Hbeta detected, NII detected, OIII detected and unclassified1: 676
Number of pixels with Halpha detected, Hbeta detected, SII not detected, OIII not detected and unclassified1: 187
Number of pixels with Halpha detected, Hbeta detected, SII not detected, OIII detected and unclassified1: 235
Number of pixels with Halpha detected, Hbeta detected, SII detected, OIII not detected and unclassified1: 35
Number of pixels with Halpha detected, Hbeta detected, SII detected, OIII detected and unclassified1: 441
--------------------------------------------------------------
Total corrected Halpha luminosity: 2.93e+40 erg/s
Total corrected Halpha luminosity from SF region: 2.85e+40 erg/s
Total Halpha SFR: 0.15 M☉/yr or in log10 scale: -0.84 log(M☉/yr)
Total Halpha SFR from SF region: 0.14 M☉/yr or in log10 scale: -0.85 log(M☉/yr)
Total Halpha SFR from HII region: 0.13 M☉/yr or in log10 scale: -0.88 log(M☉/yr)
--------------------------------------------------------------
[O/H] D16 SF: Total metallicity in SF region:  8.785230407391223
[O/H] PG16 SF: Total metallicity in SF region:  8.542284880639517
[O/H] N2S2-N06 SF: Total metallicity in SF region:  9.091943583826362
[O/H] O3N2-M13 SF: Total metallicity in SF region:  8.558544429949265
[O/H] N2-M13 SF: Total metallicity in SF region:  8.502372412712008
[O/H] O3N2-PP04 SF: Total metallicity in SF region:  8.76819727842881
[O/H] N2-PP04 SF: Total metallicity in SF region:  8.609288504985729
[O/H] O3N2-C20 SF: Total metallicity in SF region:  8.770906696445852
[O/H] O3S2-C20 SF: Total metallicity in SF region:  8.822973609180043
[O/H] RS32-C20 SF: Total metallicity in SF region:  8.799032391182692
[O/H] R3-C20 SF: Total metallicity in SF region:  8.783302431935605
[O/H] N2-C20 SF: Total metallicity in SF region:  8.669627753022537
[O/H] S2-C20 SF: Total metallicity in SF region:  8.409643443341873
[O/H] Combined-C20 SF: Total metallicity in SF region:  8.783302431935605
--------------------------------------------------------------
[O/H] D16 HII: Total metallicity in HII region:  8.777440241281024
[O/H] PG16 HII: Total metallicity in HII region:  8.535837899470094
[O/H] N2S2-N06 HII: Total metallicity in HII region:  9.091220753889937
[O/H] O3N2-M13 HII: Total metallicity in HII region:  8.564902520693526
[O/H] N2-M13 HII: Total metallicity in HII region:  8.490655731491362
[O/H] O3N2-PP04 HII: Total metallicity in HII region:  8.777704703840788
[O/H] N2-PP04 HII: Total metallicity in HII region:  8.584971575169108
[O/H] O3N2-C20 HII: Total metallicity in HII region:  8.776681271280758
[O/H] O3S2-C20 HII: Total metallicity in HII region:  8.829132164686317
[O/H] RS32-C20 HII: Total metallicity in HII region:  8.81239209287717
[O/H] R3-C20 HII: Total metallicity in HII region:  8.79612512572218
[O/H] N2-C20 HII: Total metallicity in HII region:  8.654200504353021
[O/H] S2-C20 HII: Total metallicity in HII region:  8.39354874188101
[O/H] Combined-C20 HII: Total metallicity in HII region:  8.39354874188101
--------------------------------------------------------------
[O/H] D16: Total metallicity in total region:  8.817875100624834
[O/H] PG16: Total metallicity in total region:  8.56945398150622
[O/H] N2S2-N06: Total metallicity in total region:  9.101343157194037
[O/H] O3N2-M13: Total metallicity in total region:  8.524102245027418
[O/H] N2-M13: Total metallicity in total region:  8.536575235285813
[O/H] O3N2-PP04: Total metallicity in total region:  8.716694945835393
[O/H] N2-PP04: Total metallicity in total region:  8.68598026360425
[O/H] O3N2-C20: Total metallicity in total region:  8.739098494030708
[O/H] O3S2-C20: Total metallicity in total region:  8.787428566256411
[O/H] RS32-C20: Total metallicity in total region:  8.743119331592144
[O/H] R3-C20: Total metallicity in total region:  8.724886970607791
[O/H] N2-C20: Total metallicity in total region:  8.719440909573366
[O/H] S2-C20: Total metallicity in total region:  8.452082022968796
[O/H] Combined-C20: Total metallicity in total region:  8.452082022968796
--------------------------------------------------------------
Total runtime: 66.3 s
✅  IC3392 finished in 1m40s
