Python executable: /arc/home/RongjunHuang/.conda/envs/ICRAR/bin/python
Python 3.13.3
PYTHONUNBUFFERED: 1
CANFAR base root : /arc/projects/mauve
Local fallback   : /arc/home/RongjunHuang/ICRAR/extended

Shared input keyword ➜ <none>
Reading gas-line FITS ➜ /arc/projects/mauve/products/v0.6/NGC4192/NGC4192_gas_BIN_maps.fits
Matched binning FITS ➜ /arc/home/RongjunHuang/ICRAR/extended/NGC4192_SPATIAL_BINNING_maps_extended.fits
File not found: None
/arc/home/RongjunHuang/ICRAR/extended/SFR+Z.py:595: RuntimeWarning: divide by zero encountered in divide
  BD = HA6562_FLUX / HB4861_FLUX
--------------------------------------------------------------
Extinction law for k(λ)=A(λ)/E(B−V): mw (mw_rv=3.1)
k(Hβ 4861Å)  = 3.6092   at λ=0.4861 µm
k(Hα 6562Å)  = 2.5355   at λ=0.6562 µm
k([OIII]5006)= 3.4736   at λ=0.5006 µm
k([NII]6583) = 2.5255   at λ=0.6583 µm
k([SII]6716) = 2.4619   at λ=0.6716 µm
k([SII]6730) = 2.4552   at λ=0.6730 µm
--------------------------------------------------------------
/arc/home/RongjunHuang/ICRAR/extended/SFR+Z.py:819: RuntimeWarning: divide by zero encountered in divide
  y = np.log10(NII6583_FLUX_corr / (SII6716_FLUX_corr + SII6730_FLUX_corr)) + 0.264*np.log10(NII6583_FLUX_corr / HA6562_FLUX_corr)
/arc/home/RongjunHuang/ICRAR/extended/SFR+Z.py:830: RuntimeWarning: divide by zero encountered in divide
  N2 = NII_scaled / HB4861_FLUX_corr   # N2 = I([N II]λ6548 + λ6584)/I(Hβ)
/arc/home/RongjunHuang/ICRAR/extended/SFR+Z.py:831: RuntimeWarning: divide by zero encountered in divide
  S2 = (SII6716_FLUX_corr + SII6730_FLUX_corr) / HB4861_FLUX_corr  # S2 = I([S II]λ6717 + λ6731)/I(Hβ)
/arc/home/RongjunHuang/ICRAR/extended/SFR+Z.py:831: RuntimeWarning: invalid value encountered in divide
  S2 = (SII6716_FLUX_corr + SII6730_FLUX_corr) / HB4861_FLUX_corr  # S2 = I([S II]λ6717 + λ6731)/I(Hβ)
/arc/home/RongjunHuang/ICRAR/extended/SFR+Z.py:832: RuntimeWarning: divide by zero encountered in divide
  R3 = OIII_scaled / HB4861_FLUX_corr  # R3 = I([O III]λ4959 + λ5007)/I(Hβ) (same value as R2 in this case)
/arc/home/RongjunHuang/ICRAR/extended/SFR+Z.py:832: RuntimeWarning: invalid value encountered in divide
  R3 = OIII_scaled / HB4861_FLUX_corr  # R3 = I([O III]λ4959 + λ5007)/I(Hβ) (same value as R2 in this case)
/arc/home/RongjunHuang/ICRAR/extended/SFR+Z.py:834: RuntimeWarning: invalid value encountered in divide
  log_R3_S2 = np.log10(R3/S2)
/arc/home/RongjunHuang/ICRAR/extended/SFR+Z.py:834: RuntimeWarning: divide by zero encountered in log10
  log_R3_S2 = np.log10(R3/S2)
/arc/home/RongjunHuang/ICRAR/extended/SFR+Z.py:836: RuntimeWarning: divide by zero encountered in log10
  log_S2 = np.log10(S2)
/arc/home/RongjunHuang/ICRAR/extended/SFR+Z.py:859: RuntimeWarning: invalid value encountered in add
  O_H_PG16[upper_mask] = (a1_upper + a2_upper * log_R3_S2[upper_mask] + a3_upper * log_N2[upper_mask] +
/arc/home/RongjunHuang/ICRAR/extended/SFR+Z.py:884: RuntimeWarning: divide by zero encountered in divide
  n2s2_ratio = np.log10(nii6583_flux / sii_total)
/arc/home/RongjunHuang/ICRAR/extended/SFR+Z.py:929: RuntimeWarning: divide by zero encountered in divide
  oiii_hb = oiii5006_flux / hb4861_flux
/arc/home/RongjunHuang/ICRAR/extended/SFR+Z.py:929: RuntimeWarning: invalid value encountered in divide
  oiii_hb = oiii5006_flux / hb4861_flux
/arc/home/RongjunHuang/ICRAR/extended/SFR+Z.py:931: RuntimeWarning: divide by zero encountered in log10
  o3n2_ratio = np.log10(oiii_hb / nii_ha)
/arc/home/RongjunHuang/ICRAR/extended/SFR+Z.py:974: RuntimeWarning: divide by zero encountered in divide
  oiii_hb = oiii5006_flux / hb4861_flux
/arc/home/RongjunHuang/ICRAR/extended/SFR+Z.py:974: RuntimeWarning: invalid value encountered in divide
  oiii_hb = oiii5006_flux / hb4861_flux
/arc/home/RongjunHuang/ICRAR/extended/SFR+Z.py:976: RuntimeWarning: divide by zero encountered in log10
  o3n2_ratio = np.log10(oiii_hb / nii_ha)
/arc/home/RongjunHuang/ICRAR/extended/SFR+Z.py:1031: RuntimeWarning: divide by zero encountered in divide
  oiii_hb = oiii5006_flux / hb4861_flux
/arc/home/RongjunHuang/ICRAR/extended/SFR+Z.py:1031: RuntimeWarning: invalid value encountered in divide
  oiii_hb = oiii5006_flux / hb4861_flux
/arc/home/RongjunHuang/ICRAR/extended/SFR+Z.py:1033: RuntimeWarning: divide by zero encountered in log10
  o3n2_ratio = np.log10(oiii_hb / nii_ha)
/arc/home/RongjunHuang/ICRAR/extended/SFR+Z.py:1123: RuntimeWarning: divide by zero encountered in divide
  oiii_hb = oiii5006_flux / hb4861_flux
/arc/home/RongjunHuang/ICRAR/extended/SFR+Z.py:1123: RuntimeWarning: invalid value encountered in divide
  oiii_hb = oiii5006_flux / hb4861_flux
/arc/home/RongjunHuang/ICRAR/extended/SFR+Z.py:1126: RuntimeWarning: divide by zero encountered in divide
  sii_hb = sii_total / hb4861_flux
/arc/home/RongjunHuang/ICRAR/extended/SFR+Z.py:1126: RuntimeWarning: invalid value encountered in divide
  sii_hb = sii_total / hb4861_flux
/arc/home/RongjunHuang/ICRAR/extended/SFR+Z.py:1129: RuntimeWarning: invalid value encountered in divide
  o3s2_ratio = np.log10(oiii_hb / sii_hb)
/arc/home/RongjunHuang/ICRAR/extended/SFR+Z.py:1129: RuntimeWarning: divide by zero encountered in log10
  o3s2_ratio = np.log10(oiii_hb / sii_hb)
Calculating all 6 C20 metallicities for NGC4192...
Combined C20 metallicity: median = 8.633, range = (8.236, 8.889)
Combined C20 method usage: O3N2=16763, O3S2=0, RS32=6463, R3=385218, N2=33, S2=78826
Galaxy NGC4192 inclination: 83.0° (cos θ = 0.122)
Inclination correction ENABLED: applying b/a = 0.233 (adopting intrinsic thickness q₀ = 0.2 for disc galaxy)
/arc/home/RongjunHuang/ICRAR/extended/SFR+Z.py:1922: RuntimeWarning: divide by zero encountered in log10
  logS2  = np.log10((SII6716_FLUX_corr+SII6730_FLUX_corr) / HA6562_FLUX_corr)   # Σ[S II]/Hα
/arc/home/RongjunHuang/ICRAR/extended/SFR+Z.py:1923: RuntimeWarning: divide by zero encountered in divide
  logO3  = np.log10(OIII5006_FLUX_corr / HB4861_FLUX_corr)       # [O III]/Hβ
/arc/home/RongjunHuang/ICRAR/extended/SFR+Z.py:1923: RuntimeWarning: invalid value encountered in divide
  logO3  = np.log10(OIII5006_FLUX_corr / HB4861_FLUX_corr)       # [O III]/Hβ
/arc/home/RongjunHuang/ICRAR/extended/SFR+Z.py:1923: RuntimeWarning: divide by zero encountered in log10
  logO3  = np.log10(OIII5006_FLUX_corr / HB4861_FLUX_corr)       # [O III]/Hβ
/arc/home/RongjunHuang/ICRAR/extended/SFR+Z.py:2009: RuntimeWarning: invalid value encountered in add
  mask_N2_right, mask_S2_right = apply_bpt_masks(logN2=logN2+logN2_err, logS2=logS2+logS2_err, logO3=logO3)
/arc/home/RongjunHuang/ICRAR/extended/SFR+Z.py:2010: RuntimeWarning: invalid value encountered in subtract
  mask_N2_down, mask_S2_down = apply_bpt_masks(logN2=logN2, logS2=logS2, logO3=logO3-logO3_err)
/arc/home/RongjunHuang/ICRAR/extended/SFR+Z.py:2011: RuntimeWarning: invalid value encountered in add
  mask_N2_up, mask_S2_up = apply_bpt_masks(logN2=logN2, logS2=logS2, logO3=logO3+logO3_err)
Combined C20 total: Selected R3-C20 with error 0.075
Available methods: [('O3N2-C20', np.float64(8.750816497160582), np.float64(0.09216040964853686)), ('O3S2-C20', np.float64(8.811944109081773), np.float64(0.1118724205091492)), ('RS32-C20', np.float64(8.716524537989459), np.float64(0.08084292738195728)), ('R3-C20', np.float64(8.718978598091702), np.float64(0.0748828561767296)), ('N2-C20', np.float64(8.793817444021963), np.float64(0.16023414692121102)), ('S2-C20', np.float64(8.577855106327606), np.float64(0.14589233305376248))]
Combined C20 total: Selected R3-C20 with error 0.070
Available methods: [('O3N2-C20', np.float64(8.738303981762853), np.float64(0.09000000088397064)), ('O3S2-C20', np.float64(8.799915163701986), np.float64(0.11000000097294155)), ('RS32-C20', np.float64(8.67555799055287), np.float64(0.08000000135912469)), ('R3-C20', np.float64(8.682952798760057), np.float64(0.07000000213484789))]
Extended file written ➜ /arc/home/RongjunHuang/ICRAR/extended/NGC4192_gas_BIN_maps_extended.fits
--------------------------------------------------------------
Total non-nan spaxels: 489332
Number of pixels with Halpha not detected: 552
Number of pixels with Halpha detected, Hbeta not detected: 92438
Number of pixels with Halpha detected, Hbeta detected, NII not detected, OIII not detected and unclassified1: 0
Number of pixels with Halpha detected, Hbeta detected, NII not detected, OIII detected and unclassified1: 0
Number of pixels with Halpha detected, Hbeta detected, NII detected, OIII not detected and unclassified1: 1380
Number of pixels with Halpha detected, Hbeta detected, NII detected, OIII detected and unclassified1: 13089
Number of pixels with Halpha detected, Hbeta detected, SII not detected, OIII not detected and unclassified1: 22
Number of pixels with Halpha detected, Hbeta detected, SII not detected, OIII detected and unclassified1: 472
Number of pixels with Halpha detected, Hbeta detected, SII detected, OIII not detected and unclassified1: 1358
Number of pixels with Halpha detected, Hbeta detected, SII detected, OIII detected and unclassified1: 12617
--------------------------------------------------------------
Total corrected Halpha luminosity: 2.73e+41 erg/s
Total corrected Halpha luminosity from SF region: 2.29e+41 erg/s
Total Halpha SFR: 1.36 M☉/yr or in log10 scale: 0.13 log(M☉/yr)
Total Halpha SFR from SF region: 1.14 M☉/yr or in log10 scale: 0.06 log(M☉/yr)
Total Halpha SFR from HII region: 0.89 M☉/yr or in log10 scale: -0.05 log(M☉/yr)
--------------------------------------------------------------
[O/H] D16 SF: Total metallicity in SF region:  8.778270960327843
[O/H] PG16 SF: Total metallicity in SF region:  8.583819009455533
[O/H] N2S2-N06 SF: Total metallicity in SF region:  9.05420612790407
[O/H] O3N2-M13 SF: Total metallicity in SF region:  8.536676335711661
[O/H] N2-M13 SF: Total metallicity in SF region:  8.574043350716398
[O/H] O3N2-PP04 SF: Total metallicity in SF region:  8.735497324428653
[O/H] N2-PP04 SF: Total metallicity in SF region:  8.78047789976216
[O/H] O3N2-C20 SF: Total metallicity in SF region:  8.750816497160582
[O/H] O3S2-C20 SF: Total metallicity in SF region:  8.811944109081773
[O/H] RS32-C20 SF: Total metallicity in SF region:  8.716524537989459
[O/H] R3-C20 SF: Total metallicity in SF region:  8.718978598091702
[O/H] N2-C20 SF: Total metallicity in SF region:  8.793817444021963
[O/H] S2-C20 SF: Total metallicity in SF region:  8.577855106327606
[O/H] Combined-C20 SF: Total metallicity in SF region:  8.718978598091702
--------------------------------------------------------------
[O/H] D16 HII: Total metallicity in HII region:  8.782546986385062
[O/H] PG16 HII: Total metallicity in HII region:  8.573524460136033
[O/H] N2S2-N06 HII: Total metallicity in HII region:  9.063985310003595
[O/H] O3N2-M13 HII: Total metallicity in HII region:  8.544176594460193
[O/H] N2-M13 HII: Total metallicity in HII region:  8.560088050290648
[O/H] O3N2-PP04 HII: Total metallicity in HII region:  8.746712664613373
[O/H] N2-PP04 HII: Total metallicity in HII region:  8.743938963458621
[O/H] O3N2-C20 HII: Total metallicity in HII region:  8.757747647060933
[O/H] O3S2-C20 HII: Total metallicity in HII region:  8.816597326862805
[O/H] RS32-C20 HII: Total metallicity in HII region:  8.736893485630386
[O/H] R3-C20 HII: Total metallicity in HII region:  8.736048408417071
[O/H] N2-C20 HII: Total metallicity in HII region:  8.761475090164028
[O/H] S2-C20 HII: Total metallicity in HII region:  8.531363384167996
[O/H] Combined-C20 HII: Total metallicity in HII region:  8.531363384167996
--------------------------------------------------------------
[O/H] D16: Total metallicity in total region:  8.792464239240388
[O/H] PG16: Total metallicity in total region:  8.618914725149201
[O/H] N2S2-N06: Total metallicity in total region:  9.050913068173125
[O/H] O3N2-M13: Total metallicity in total region:  8.523254512763337
[O/H] N2-M13: Total metallicity in total region:  8.605459255688297
[O/H] O3N2-PP04: Total metallicity in total region:  8.71542730880499
[O/H] N2-PP04: Total metallicity in total region:  8.86888418579914
[O/H] O3N2-C20: Total metallicity in total region:  8.738303981762853
[O/H] O3S2-C20: Total metallicity in total region:  8.799915163701986
[O/H] RS32-C20: Total metallicity in total region:  8.67555799055287
[O/H] R3-C20: Total metallicity in total region:  8.682952798760057
[O/H] N2-C20: Total metallicity in total region:  nan
[O/H] S2-C20: Total metallicity in total region:  nan
[O/H] Combined-C20: Total metallicity in total region:  8.682952798760057
--------------------------------------------------------------
Total runtime: 400.8 s
✅  NGC4192 finished in 7m15s
