Python executable: /opt/miniconda3/envs/ICRAR/bin/python
Python 3.13.3
CANFAR base root : /arc/projects/mauve
Local fallback   : /Users/Igniz/Desktop/ICRAR/extended

/Users/Igniz/Desktop/ICRAR/extended/SFR+Z.py:441: RuntimeWarning: divide by zero encountered in divide
  BD = HA6562_FLUX / HB4861_FLUX
/Users/Igniz/Desktop/ICRAR/extended/SFR+Z.py:441: RuntimeWarning: invalid value encountered in divide
  BD = HA6562_FLUX / HB4861_FLUX
/Users/Igniz/Desktop/ICRAR/extended/SFR+Z.py:613: RuntimeWarning: divide by zero encountered in divide
  y = np.log10(NII6583_FLUX_corr / (SII6716_FLUX_corr + SII6730_FLUX_corr)) + 0.264*np.log10(NII6583_FLUX_corr / HA6562_FLUX_corr)
/Users/Igniz/Desktop/ICRAR/extended/SFR+Z.py:613: RuntimeWarning: invalid value encountered in divide
  y = np.log10(NII6583_FLUX_corr / (SII6716_FLUX_corr + SII6730_FLUX_corr)) + 0.264*np.log10(NII6583_FLUX_corr / HA6562_FLUX_corr)
/Users/Igniz/Desktop/ICRAR/extended/SFR+Z.py:613: RuntimeWarning: divide by zero encountered in log10
  y = np.log10(NII6583_FLUX_corr / (SII6716_FLUX_corr + SII6730_FLUX_corr)) + 0.264*np.log10(NII6583_FLUX_corr / HA6562_FLUX_corr)
/Users/Igniz/Desktop/ICRAR/extended/SFR+Z.py:624: RuntimeWarning: divide by zero encountered in divide
  N2 = NII_scaled / HB4861_FLUX_corr   # N2 = I([N II]λ6548 + λ6584)/I(Hβ)
/Users/Igniz/Desktop/ICRAR/extended/SFR+Z.py:624: RuntimeWarning: invalid value encountered in divide
  N2 = NII_scaled / HB4861_FLUX_corr   # N2 = I([N II]λ6548 + λ6584)/I(Hβ)
/Users/Igniz/Desktop/ICRAR/extended/SFR+Z.py:625: RuntimeWarning: divide by zero encountered in divide
  S2 = (SII6716_FLUX_corr + SII6730_FLUX_corr) / HB4861_FLUX_corr  # S2 = I([S II]λ6717 + λ6731)/I(Hβ)
/Users/Igniz/Desktop/ICRAR/extended/SFR+Z.py:625: RuntimeWarning: invalid value encountered in divide
  S2 = (SII6716_FLUX_corr + SII6730_FLUX_corr) / HB4861_FLUX_corr  # S2 = I([S II]λ6717 + λ6731)/I(Hβ)
/Users/Igniz/Desktop/ICRAR/extended/SFR+Z.py:626: RuntimeWarning: divide by zero encountered in divide
  R3 = OIII_scaled / HB4861_FLUX_corr  # R3 = I([O III]λ4959 + λ5007)/I(Hβ) (same value as R2 in this case)
/Users/Igniz/Desktop/ICRAR/extended/SFR+Z.py:626: RuntimeWarning: invalid value encountered in divide
  R3 = OIII_scaled / HB4861_FLUX_corr  # R3 = I([O III]λ4959 + λ5007)/I(Hβ) (same value as R2 in this case)
/Users/Igniz/Desktop/ICRAR/extended/SFR+Z.py:628: RuntimeWarning: divide by zero encountered in divide
  log_R3_S2 = np.log10(R3/S2)
/Users/Igniz/Desktop/ICRAR/extended/SFR+Z.py:628: RuntimeWarning: invalid value encountered in divide
  log_R3_S2 = np.log10(R3/S2)
/Users/Igniz/Desktop/ICRAR/extended/SFR+Z.py:628: RuntimeWarning: divide by zero encountered in log10
  log_R3_S2 = np.log10(R3/S2)
/Users/Igniz/Desktop/ICRAR/extended/SFR+Z.py:629: RuntimeWarning: divide by zero encountered in log10
  log_N2 = np.log10(N2)
/Users/Igniz/Desktop/ICRAR/extended/SFR+Z.py:630: RuntimeWarning: divide by zero encountered in log10
  log_S2 = np.log10(S2)
/Users/Igniz/Desktop/ICRAR/extended/SFR+Z.py:653: RuntimeWarning: invalid value encountered in add
  O_H_PG16[upper_mask] = (a1_upper + a2_upper * log_R3_S2[upper_mask] + a3_upper * log_N2[upper_mask] +
/Users/Igniz/Desktop/ICRAR/extended/SFR+Z.py:656: RuntimeWarning: invalid value encountered in add
  O_H_PG16[lower_mask] = (a1_lower + a2_lower * log_R3_S2[lower_mask] + a3_lower * log_N2[lower_mask] +
/Users/Igniz/Desktop/ICRAR/extended/SFR+Z.py:657: RuntimeWarning: invalid value encountered in add
  (a4_lower + a5_lower * log_R3_S2[lower_mask] + a6_lower * log_N2[lower_mask]) * log_S2[lower_mask])
/Users/Igniz/Desktop/ICRAR/extended/SFR+Z.py:678: RuntimeWarning: divide by zero encountered in divide
  n2s2_ratio = np.log10(nii6583_flux / sii_total)
/Users/Igniz/Desktop/ICRAR/extended/SFR+Z.py:678: RuntimeWarning: invalid value encountered in divide
  n2s2_ratio = np.log10(nii6583_flux / sii_total)
/Users/Igniz/Desktop/ICRAR/extended/SFR+Z.py:678: RuntimeWarning: divide by zero encountered in log10
  n2s2_ratio = np.log10(nii6583_flux / sii_total)
/Users/Igniz/Desktop/ICRAR/extended/SFR+Z.py:723: RuntimeWarning: divide by zero encountered in divide
  oiii_hb = oiii5006_flux / hb4861_flux
/Users/Igniz/Desktop/ICRAR/extended/SFR+Z.py:723: RuntimeWarning: invalid value encountered in divide
  oiii_hb = oiii5006_flux / hb4861_flux
/Users/Igniz/Desktop/ICRAR/extended/SFR+Z.py:724: RuntimeWarning: divide by zero encountered in divide
  nii_ha = nii6583_flux / ha6562_flux
/Users/Igniz/Desktop/ICRAR/extended/SFR+Z.py:724: RuntimeWarning: invalid value encountered in divide
  nii_ha = nii6583_flux / ha6562_flux
/Users/Igniz/Desktop/ICRAR/extended/SFR+Z.py:725: RuntimeWarning: divide by zero encountered in divide
  o3n2_ratio = np.log10(oiii_hb / nii_ha)
/Users/Igniz/Desktop/ICRAR/extended/SFR+Z.py:725: RuntimeWarning: invalid value encountered in divide
  o3n2_ratio = np.log10(oiii_hb / nii_ha)
/Users/Igniz/Desktop/ICRAR/extended/SFR+Z.py:725: RuntimeWarning: divide by zero encountered in log10
  o3n2_ratio = np.log10(oiii_hb / nii_ha)
/Users/Igniz/Desktop/ICRAR/extended/SFR+Z.py:746: RuntimeWarning: divide by zero encountered in divide
  n2_ratio = np.log10(nii6583_flux / ha6562_flux)
/Users/Igniz/Desktop/ICRAR/extended/SFR+Z.py:746: RuntimeWarning: invalid value encountered in divide
  n2_ratio = np.log10(nii6583_flux / ha6562_flux)
/Users/Igniz/Desktop/ICRAR/extended/SFR+Z.py:746: RuntimeWarning: divide by zero encountered in log10
  n2_ratio = np.log10(nii6583_flux / ha6562_flux)
/Users/Igniz/Desktop/ICRAR/extended/SFR+Z.py:768: RuntimeWarning: divide by zero encountered in divide
  oiii_hb = oiii5006_flux / hb4861_flux
/Users/Igniz/Desktop/ICRAR/extended/SFR+Z.py:768: RuntimeWarning: invalid value encountered in divide
  oiii_hb = oiii5006_flux / hb4861_flux
/Users/Igniz/Desktop/ICRAR/extended/SFR+Z.py:769: RuntimeWarning: divide by zero encountered in divide
  nii_ha = nii6583_flux / ha6562_flux
/Users/Igniz/Desktop/ICRAR/extended/SFR+Z.py:769: RuntimeWarning: invalid value encountered in divide
  nii_ha = nii6583_flux / ha6562_flux
/Users/Igniz/Desktop/ICRAR/extended/SFR+Z.py:770: RuntimeWarning: divide by zero encountered in divide
  o3n2_ratio = np.log10(oiii_hb / nii_ha)
/Users/Igniz/Desktop/ICRAR/extended/SFR+Z.py:770: RuntimeWarning: invalid value encountered in divide
  o3n2_ratio = np.log10(oiii_hb / nii_ha)
/Users/Igniz/Desktop/ICRAR/extended/SFR+Z.py:770: RuntimeWarning: divide by zero encountered in log10
  o3n2_ratio = np.log10(oiii_hb / nii_ha)
/Users/Igniz/Desktop/ICRAR/extended/SFR+Z.py:791: RuntimeWarning: divide by zero encountered in divide
  n2_ratio = np.log10(nii6583_flux / ha6562_flux)
/Users/Igniz/Desktop/ICRAR/extended/SFR+Z.py:791: RuntimeWarning: invalid value encountered in divide
  n2_ratio = np.log10(nii6583_flux / ha6562_flux)
/Users/Igniz/Desktop/ICRAR/extended/SFR+Z.py:791: RuntimeWarning: divide by zero encountered in log10
  n2_ratio = np.log10(nii6583_flux / ha6562_flux)
/Users/Igniz/Desktop/ICRAR/extended/SFR+Z.py:825: RuntimeWarning: divide by zero encountered in divide
  oiii_hb = oiii5006_flux / hb4861_flux
/Users/Igniz/Desktop/ICRAR/extended/SFR+Z.py:825: RuntimeWarning: invalid value encountered in divide
  oiii_hb = oiii5006_flux / hb4861_flux
/Users/Igniz/Desktop/ICRAR/extended/SFR+Z.py:826: RuntimeWarning: divide by zero encountered in divide
  nii_ha = nii6583_flux / ha6562_flux
/Users/Igniz/Desktop/ICRAR/extended/SFR+Z.py:826: RuntimeWarning: invalid value encountered in divide
  nii_ha = nii6583_flux / ha6562_flux
/Users/Igniz/Desktop/ICRAR/extended/SFR+Z.py:827: RuntimeWarning: divide by zero encountered in divide
  o3n2_ratio = np.log10(oiii_hb / nii_ha)
/Users/Igniz/Desktop/ICRAR/extended/SFR+Z.py:827: RuntimeWarning: invalid value encountered in divide
  o3n2_ratio = np.log10(oiii_hb / nii_ha)
/Users/Igniz/Desktop/ICRAR/extended/SFR+Z.py:827: RuntimeWarning: divide by zero encountered in log10
  o3n2_ratio = np.log10(oiii_hb / nii_ha)
/Users/Igniz/Desktop/ICRAR/extended/SFR+Z.py:916: RuntimeWarning: divide by zero encountered in divide
  oiii_hb = oiii5006_flux / hb4861_flux
/Users/Igniz/Desktop/ICRAR/extended/SFR+Z.py:916: RuntimeWarning: invalid value encountered in divide
  oiii_hb = oiii5006_flux / hb4861_flux
/Users/Igniz/Desktop/ICRAR/extended/SFR+Z.py:919: RuntimeWarning: divide by zero encountered in divide
  sii_hb = sii_total / hb4861_flux
/Users/Igniz/Desktop/ICRAR/extended/SFR+Z.py:919: RuntimeWarning: invalid value encountered in divide
  sii_hb = sii_total / hb4861_flux
/Users/Igniz/Desktop/ICRAR/extended/SFR+Z.py:922: RuntimeWarning: divide by zero encountered in divide
  o3s2_ratio = np.log10(oiii_hb / sii_hb)
/Users/Igniz/Desktop/ICRAR/extended/SFR+Z.py:922: RuntimeWarning: invalid value encountered in divide
  o3s2_ratio = np.log10(oiii_hb / sii_hb)
/Users/Igniz/Desktop/ICRAR/extended/SFR+Z.py:922: RuntimeWarning: divide by zero encountered in log10
  o3s2_ratio = np.log10(oiii_hb / sii_hb)
/Users/Igniz/Desktop/ICRAR/extended/SFR+Z.py:1700: RuntimeWarning: divide by zero encountered in divide
  logN2  = np.log10(NII6583_FLUX_corr / HA6562_FLUX_corr)        # [N II]/Hα
/Users/Igniz/Desktop/ICRAR/extended/SFR+Z.py:1700: RuntimeWarning: invalid value encountered in divide
  logN2  = np.log10(NII6583_FLUX_corr / HA6562_FLUX_corr)        # [N II]/Hα
/Users/Igniz/Desktop/ICRAR/extended/SFR+Z.py:1700: RuntimeWarning: divide by zero encountered in log10
  logN2  = np.log10(NII6583_FLUX_corr / HA6562_FLUX_corr)        # [N II]/Hα
/Users/Igniz/Desktop/ICRAR/extended/SFR+Z.py:1701: RuntimeWarning: divide by zero encountered in divide
  logS2  = np.log10((SII6716_FLUX_corr+SII6730_FLUX_corr) / HA6562_FLUX_corr)   # Σ[S II]/Hα
/Users/Igniz/Desktop/ICRAR/extended/SFR+Z.py:1701: RuntimeWarning: invalid value encountered in divide
  logS2  = np.log10((SII6716_FLUX_corr+SII6730_FLUX_corr) / HA6562_FLUX_corr)   # Σ[S II]/Hα
/Users/Igniz/Desktop/ICRAR/extended/SFR+Z.py:1701: RuntimeWarning: divide by zero encountered in log10
  logS2  = np.log10((SII6716_FLUX_corr+SII6730_FLUX_corr) / HA6562_FLUX_corr)   # Σ[S II]/Hα
/Users/Igniz/Desktop/ICRAR/extended/SFR+Z.py:1702: RuntimeWarning: divide by zero encountered in divide
  logO3  = np.log10(OIII5006_FLUX_corr / HB4861_FLUX_corr)       # [O III]/Hβ
/Users/Igniz/Desktop/ICRAR/extended/SFR+Z.py:1702: RuntimeWarning: invalid value encountered in divide
  logO3  = np.log10(OIII5006_FLUX_corr / HB4861_FLUX_corr)       # [O III]/Hβ
/Users/Igniz/Desktop/ICRAR/extended/SFR+Z.py:1702: RuntimeWarning: divide by zero encountered in log10
  logO3  = np.log10(OIII5006_FLUX_corr / HB4861_FLUX_corr)       # [O III]/Hβ
/Users/Igniz/Desktop/ICRAR/extended/SFR+Z.py:1787: RuntimeWarning: invalid value encountered in subtract
  mask_N2_left, mask_S2_left = apply_bpt_masks(logN2=logN2-logN2_err, logS2=logS2-logS2_err, logO3=logO3)
/Users/Igniz/Desktop/ICRAR/extended/SFR+Z.py:1788: RuntimeWarning: invalid value encountered in add
  mask_N2_right, mask_S2_right = apply_bpt_masks(logN2=logN2+logN2_err, logS2=logS2+logS2_err, logO3=logO3)
/Users/Igniz/Desktop/ICRAR/extended/SFR+Z.py:1789: RuntimeWarning: invalid value encountered in subtract
  mask_N2_down, mask_S2_down = apply_bpt_masks(logN2=logN2, logS2=logS2, logO3=logO3-logO3_err)
/Users/Igniz/Desktop/ICRAR/extended/SFR+Z.py:1790: RuntimeWarning: invalid value encountered in add
  mask_N2_up, mask_S2_up = apply_bpt_masks(logN2=logN2, logS2=logS2, logO3=logO3+logO3_err)
Reading gas-line FITS ➜ /Users/Igniz/Desktop/ICRAR/extended/NGC4330_gas_BIN_maps.fits
File not found: None
--------------------------------------------------------------
Extinction law for k(λ)=A(λ)/E(B−V): mw (mw_rv=3.1)
k(Hβ 4861Å)  = 3.6092   at λ=0.4861 µm
k(Hα 6562Å)  = 2.5355   at λ=0.6562 µm
k([OIII]5006)= 3.4736   at λ=0.5006 µm
k([NII]6583) = 2.5255   at λ=0.6583 µm
k([SII]6716) = 2.4619   at λ=0.6716 µm
k([SII]6730) = 2.4552   at λ=0.6730 µm
--------------------------------------------------------------
Calculating all 6 C20 metallicities for NGC4330...
Combined C20 metallicity: median = 8.627, range = (8.005, 9.175)
Combined C20 method usage: O3N2=11436, O3S2=1369, RS32=72463, R3=10761, N2=39731, S2=2721
Galaxy NGC4330 inclination: 90.0° (cos θ = 0.000)
Inclination correction ENABLED: applying b/a = 0.200 (adopting intrinsic thickness q₀ = 0.2 for disc galaxy)
Combined C20 total: Selected RS32-C20 with error 0.012
Available methods: [('O3N2-C20', np.float64(8.703501593310577), np.float64(0.0207200497967525)), ('O3S2-C20', np.float64(8.822669230151599), np.float64(0.020163203453225868)), ('RS32-C20', np.float64(8.686912856891702), np.float64(0.012128682730164039)), ('R3-C20', np.float64(8.704921485928326), np.float64(0.027345707554108957)), ('N2-C20', np.float64(8.653716697475474), np.float64(0.05959551794021423))]
Combined C20 total: Selected RS32-C20 with error 0.000
Available methods: [('O3N2-C20', np.float64(8.700927756801219), np.float64(5.967831354354041e-06)), ('O3S2-C20', np.float64(8.822060501844305), np.float64(6.273568458389395e-06)), ('RS32-C20', np.float64(8.672189173585775), np.float64(5.177495760139554e-06)), ('R3-C20', np.float64(8.69432911667293), np.float64(7.270563039745916e-06)), ('N2-C20', np.float64(8.66947198945927), np.float64(7.550483638924458e-06))]
Extended file written ➜ /Users/Igniz/Desktop/ICRAR/extended/NGC4330_gas_BIN_maps_extended.fits
--------------------------------------------------------------
Total non-nan spaxels: 157381
Number of pixels with Halpha not detected: 67769
Number of pixels with Halpha detected, Hbeta not detected: 34329
Number of pixels with Halpha detected, Hbeta detected, NII not detected, OIII not detected and unclassified1: 476
Number of pixels with Halpha detected, Hbeta detected, NII not detected, OIII detected and unclassified1: 9
Number of pixels with Halpha detected, Hbeta detected, NII detected, OIII not detected and unclassified1: 179
Number of pixels with Halpha detected, Hbeta detected, NII detected, OIII detected and unclassified1: 92
Number of pixels with Halpha detected, Hbeta detected, SII not detected, OIII not detected and unclassified1: 514
Number of pixels with Halpha detected, Hbeta detected, SII not detected, OIII detected and unclassified1: 18
Number of pixels with Halpha detected, Hbeta detected, SII detected, OIII not detected and unclassified1: 141
Number of pixels with Halpha detected, Hbeta detected, SII detected, OIII detected and unclassified1: 83
--------------------------------------------------------------
Total corrected Halpha luminosity: 3.27e+40 erg/s
Total corrected Halpha luminosity from SF region: 3.08e+40 erg/s
Total Halpha SFR: 0.16 M☉/yr or in log10 scale: -0.79 log(M☉/yr)
Total Halpha SFR from SF region: 0.15 M☉/yr or in log10 scale: -0.81 log(M☉/yr)
Total Halpha SFR from HII region: 0.15 M☉/yr or in log10 scale: -0.82 log(M☉/yr)
--------------------------------------------------------------
[O/H] D16 SF: Total metallicity in SF region:  8.442842263358129
[O/H] PG16 SF: Total metallicity in SF region:  8.40696118377965
[O/H] N2S2-N06 SF: Total metallicity in SF region:  8.777477412564117
[O/H] O3N2-M13 SF: Total metallicity in SF region:  8.486722185997506
[O/H] N2-M13 SF: Total metallicity in SF region:  8.49028088836976
[O/H] O3N2-PP04 SF: Total metallicity in SF region:  8.660799530463562
[O/H] N2-PP04 SF: Total metallicity in SF region:  8.584209409713205
[O/H] O3N2-C20 SF: Total metallicity in SF region:  8.703501593310577
[O/H] O3S2-C20 SF: Total metallicity in SF region:  8.822669230151599
[O/H] RS32-C20 SF: Total metallicity in SF region:  8.686912856891702
[O/H] R3-C20 SF: Total metallicity in SF region:  8.704921485928326
[O/H] N2-C20 SF: Total metallicity in SF region:  8.653716697475474
[O/H] S2-C20 SF: Total metallicity in SF region:  nan
[O/H] Combined-C20 SF: Total metallicity in SF region:  8.686912856891702
--------------------------------------------------------------
[O/H] D16 HII: Total metallicity in HII region:  8.44006627249278
[O/H] PG16 HII: Total metallicity in HII region:  8.40458060461185
[O/H] N2S2-N06 HII: Total metallicity in HII region:  8.775580144185454
[O/H] O3N2-M13 HII: Total metallicity in HII region:  8.486088632325787
[O/H] N2-M13 HII: Total metallicity in HII region:  8.488230893039445
[O/H] O3N2-PP04 HII: Total metallicity in HII region:  8.659852160487159
[O/H] N2-PP04 HII: Total metallicity in HII region:  8.580058258347053
[O/H] O3N2-C20 HII: Total metallicity in HII region:  8.486088632325787
[O/H] O3S2-C20 HII: Total metallicity in HII region:  8.422954181141407
[O/H] RS32-C20 HII: Total metallicity in HII region:  7.837151180565194
[O/H] R3-C20 HII: Total metallicity in HII region:  8.755519087575326
[O/H] N2-C20 HII: Total metallicity in HII region:  8.757794417189602
[O/H] S2-C20 HII: Total metallicity in HII region:  8.855903296426566
[O/H] Combined-C20 HII: Total metallicity in HII region:  8.486088632325787
--------------------------------------------------------------
[O/H] D16: Total metallicity in total region:  8.44029660852277
[O/H] PG16: Total metallicity in total region:  8.414675517606918
[O/H] N2S2-N06: Total metallicity in total region:  8.766298958625088
[O/H] O3N2-M13: Total metallicity in total region:  8.484067101618479
[O/H] N2-M13: Total metallicity in total region:  8.502256486698396
[O/H] O3N2-PP04: Total metallicity in total region:  8.656829310831371
[O/H] N2-PP04: Total metallicity in total region:  8.609043174056453
[O/H] O3N2-C20: Total metallicity in total region:  8.700927756801219
[O/H] O3S2-C20: Total metallicity in total region:  8.822060501844305
[O/H] RS32-C20: Total metallicity in total region:  8.672189173585775
[O/H] R3-C20: Total metallicity in total region:  8.69432911667293
[O/H] N2-C20: Total metallicity in total region:  8.66947198945927
[O/H] S2-C20: Total metallicity in total region:  nan
[O/H] Combined-C20: Total metallicity in total region:  8.672189173585775
--------------------------------------------------------------
Total runtime: 44.4 s
✅  NGC4330 finished in 0m51s
