Python executable: /arc/home/RongjunHuang/.conda/envs/ICRAR/bin/python
Python 3.13.3
PYTHONUNBUFFERED: 1
CANFAR base root : /arc/projects/mauve
Local fallback   : /arc/home/RongjunHuang/ICRAR/extended

Shared input keyword ➜ <none>
Reading gas-line FITS ➜ /arc/projects/mauve/products/v0.6/NGC4457/NGC4457_gas_BIN_maps.fits
Matched binning FITS ➜ /arc/home/RongjunHuang/ICRAR/extended/NGC4457_SPATIAL_BINNING_maps_extended.fits
File not found: None
/arc/home/RongjunHuang/ICRAR/extended/SFR+Z.py:595: RuntimeWarning: divide by zero encountered in divide
  BD = HA6562_FLUX / HB4861_FLUX
/arc/home/RongjunHuang/ICRAR/extended/SFR+Z.py:595: RuntimeWarning: invalid value encountered in divide
  BD = HA6562_FLUX / HB4861_FLUX
--------------------------------------------------------------
Extinction law for k(λ)=A(λ)/E(B−V): mw (mw_rv=3.1)
k(Hβ 4861Å)  = 3.6092   at λ=0.4861 µm
k(Hα 6562Å)  = 2.5355   at λ=0.6562 µm
k([OIII]5006)= 3.4736   at λ=0.5006 µm
k([NII]6583) = 2.5255   at λ=0.6583 µm
k([SII]6716) = 2.4619   at λ=0.6716 µm
k([SII]6730) = 2.4552   at λ=0.6730 µm
--------------------------------------------------------------
/arc/home/RongjunHuang/ICRAR/extended/SFR+Z.py:819: RuntimeWarning: divide by zero encountered in divide
  y = np.log10(NII6583_FLUX_corr / (SII6716_FLUX_corr + SII6730_FLUX_corr)) + 0.264*np.log10(NII6583_FLUX_corr / HA6562_FLUX_corr)
/arc/home/RongjunHuang/ICRAR/extended/SFR+Z.py:819: RuntimeWarning: divide by zero encountered in log10
  y = np.log10(NII6583_FLUX_corr / (SII6716_FLUX_corr + SII6730_FLUX_corr)) + 0.264*np.log10(NII6583_FLUX_corr / HA6562_FLUX_corr)
/arc/home/RongjunHuang/ICRAR/extended/SFR+Z.py:819: RuntimeWarning: invalid value encountered in divide
  y = np.log10(NII6583_FLUX_corr / (SII6716_FLUX_corr + SII6730_FLUX_corr)) + 0.264*np.log10(NII6583_FLUX_corr / HA6562_FLUX_corr)
/arc/home/RongjunHuang/ICRAR/extended/SFR+Z.py:830: RuntimeWarning: divide by zero encountered in divide
  N2 = NII_scaled / HB4861_FLUX_corr   # N2 = I([N II]λ6548 + λ6584)/I(Hβ)
/arc/home/RongjunHuang/ICRAR/extended/SFR+Z.py:830: RuntimeWarning: invalid value encountered in divide
  N2 = NII_scaled / HB4861_FLUX_corr   # N2 = I([N II]λ6548 + λ6584)/I(Hβ)
/arc/home/RongjunHuang/ICRAR/extended/SFR+Z.py:831: RuntimeWarning: divide by zero encountered in divide
  S2 = (SII6716_FLUX_corr + SII6730_FLUX_corr) / HB4861_FLUX_corr  # S2 = I([S II]λ6717 + λ6731)/I(Hβ)
/arc/home/RongjunHuang/ICRAR/extended/SFR+Z.py:831: RuntimeWarning: invalid value encountered in divide
  S2 = (SII6716_FLUX_corr + SII6730_FLUX_corr) / HB4861_FLUX_corr  # S2 = I([S II]λ6717 + λ6731)/I(Hβ)
/arc/home/RongjunHuang/ICRAR/extended/SFR+Z.py:832: RuntimeWarning: divide by zero encountered in divide
  R3 = OIII_scaled / HB4861_FLUX_corr  # R3 = I([O III]λ4959 + λ5007)/I(Hβ) (same value as R2 in this case)
/arc/home/RongjunHuang/ICRAR/extended/SFR+Z.py:832: RuntimeWarning: invalid value encountered in divide
  R3 = OIII_scaled / HB4861_FLUX_corr  # R3 = I([O III]λ4959 + λ5007)/I(Hβ) (same value as R2 in this case)
/arc/home/RongjunHuang/ICRAR/extended/SFR+Z.py:834: RuntimeWarning: divide by zero encountered in divide
  log_R3_S2 = np.log10(R3/S2)
/arc/home/RongjunHuang/ICRAR/extended/SFR+Z.py:834: RuntimeWarning: invalid value encountered in divide
  log_R3_S2 = np.log10(R3/S2)
/arc/home/RongjunHuang/ICRAR/extended/SFR+Z.py:834: RuntimeWarning: divide by zero encountered in log10
  log_R3_S2 = np.log10(R3/S2)
/arc/home/RongjunHuang/ICRAR/extended/SFR+Z.py:835: RuntimeWarning: divide by zero encountered in log10
  log_N2 = np.log10(N2)
/arc/home/RongjunHuang/ICRAR/extended/SFR+Z.py:836: RuntimeWarning: divide by zero encountered in log10
  log_S2 = np.log10(S2)
/arc/home/RongjunHuang/ICRAR/extended/SFR+Z.py:859: RuntimeWarning: invalid value encountered in add
  O_H_PG16[upper_mask] = (a1_upper + a2_upper * log_R3_S2[upper_mask] + a3_upper * log_N2[upper_mask] +
/arc/home/RongjunHuang/ICRAR/extended/SFR+Z.py:862: RuntimeWarning: invalid value encountered in add
  O_H_PG16[lower_mask] = (a1_lower + a2_lower * log_R3_S2[lower_mask] + a3_lower * log_N2[lower_mask] +
/arc/home/RongjunHuang/ICRAR/extended/SFR+Z.py:884: RuntimeWarning: divide by zero encountered in divide
  n2s2_ratio = np.log10(nii6583_flux / sii_total)
/arc/home/RongjunHuang/ICRAR/extended/SFR+Z.py:884: RuntimeWarning: divide by zero encountered in log10
  n2s2_ratio = np.log10(nii6583_flux / sii_total)
/arc/home/RongjunHuang/ICRAR/extended/SFR+Z.py:929: RuntimeWarning: divide by zero encountered in divide
  oiii_hb = oiii5006_flux / hb4861_flux
/arc/home/RongjunHuang/ICRAR/extended/SFR+Z.py:929: RuntimeWarning: invalid value encountered in divide
  oiii_hb = oiii5006_flux / hb4861_flux
/arc/home/RongjunHuang/ICRAR/extended/SFR+Z.py:930: RuntimeWarning: divide by zero encountered in divide
  nii_ha = nii6583_flux / ha6562_flux
/arc/home/RongjunHuang/ICRAR/extended/SFR+Z.py:930: RuntimeWarning: invalid value encountered in divide
  nii_ha = nii6583_flux / ha6562_flux
/arc/home/RongjunHuang/ICRAR/extended/SFR+Z.py:931: RuntimeWarning: divide by zero encountered in divide
  o3n2_ratio = np.log10(oiii_hb / nii_ha)
/arc/home/RongjunHuang/ICRAR/extended/SFR+Z.py:931: RuntimeWarning: divide by zero encountered in log10
  o3n2_ratio = np.log10(oiii_hb / nii_ha)
/arc/home/RongjunHuang/ICRAR/extended/SFR+Z.py:952: RuntimeWarning: divide by zero encountered in divide
  n2_ratio = np.log10(nii6583_flux / ha6562_flux)
/arc/home/RongjunHuang/ICRAR/extended/SFR+Z.py:952: RuntimeWarning: invalid value encountered in divide
  n2_ratio = np.log10(nii6583_flux / ha6562_flux)
/arc/home/RongjunHuang/ICRAR/extended/SFR+Z.py:952: RuntimeWarning: divide by zero encountered in log10
  n2_ratio = np.log10(nii6583_flux / ha6562_flux)
/arc/home/RongjunHuang/ICRAR/extended/SFR+Z.py:974: RuntimeWarning: divide by zero encountered in divide
  oiii_hb = oiii5006_flux / hb4861_flux
/arc/home/RongjunHuang/ICRAR/extended/SFR+Z.py:974: RuntimeWarning: invalid value encountered in divide
  oiii_hb = oiii5006_flux / hb4861_flux
/arc/home/RongjunHuang/ICRAR/extended/SFR+Z.py:975: RuntimeWarning: divide by zero encountered in divide
  nii_ha = nii6583_flux / ha6562_flux
/arc/home/RongjunHuang/ICRAR/extended/SFR+Z.py:975: RuntimeWarning: invalid value encountered in divide
  nii_ha = nii6583_flux / ha6562_flux
/arc/home/RongjunHuang/ICRAR/extended/SFR+Z.py:976: RuntimeWarning: divide by zero encountered in divide
  o3n2_ratio = np.log10(oiii_hb / nii_ha)
/arc/home/RongjunHuang/ICRAR/extended/SFR+Z.py:976: RuntimeWarning: divide by zero encountered in log10
  o3n2_ratio = np.log10(oiii_hb / nii_ha)
/arc/home/RongjunHuang/ICRAR/extended/SFR+Z.py:997: RuntimeWarning: divide by zero encountered in divide
  n2_ratio = np.log10(nii6583_flux / ha6562_flux)
/arc/home/RongjunHuang/ICRAR/extended/SFR+Z.py:997: RuntimeWarning: invalid value encountered in divide
  n2_ratio = np.log10(nii6583_flux / ha6562_flux)
/arc/home/RongjunHuang/ICRAR/extended/SFR+Z.py:997: RuntimeWarning: divide by zero encountered in log10
  n2_ratio = np.log10(nii6583_flux / ha6562_flux)
/arc/home/RongjunHuang/ICRAR/extended/SFR+Z.py:1031: RuntimeWarning: divide by zero encountered in divide
  oiii_hb = oiii5006_flux / hb4861_flux
/arc/home/RongjunHuang/ICRAR/extended/SFR+Z.py:1031: RuntimeWarning: invalid value encountered in divide
  oiii_hb = oiii5006_flux / hb4861_flux
/arc/home/RongjunHuang/ICRAR/extended/SFR+Z.py:1032: RuntimeWarning: divide by zero encountered in divide
  nii_ha = nii6583_flux / ha6562_flux
/arc/home/RongjunHuang/ICRAR/extended/SFR+Z.py:1032: RuntimeWarning: invalid value encountered in divide
  nii_ha = nii6583_flux / ha6562_flux
/arc/home/RongjunHuang/ICRAR/extended/SFR+Z.py:1033: RuntimeWarning: divide by zero encountered in divide
  o3n2_ratio = np.log10(oiii_hb / nii_ha)
/arc/home/RongjunHuang/ICRAR/extended/SFR+Z.py:1033: RuntimeWarning: divide by zero encountered in log10
  o3n2_ratio = np.log10(oiii_hb / nii_ha)
/arc/home/RongjunHuang/ICRAR/extended/SFR+Z.py:1123: RuntimeWarning: divide by zero encountered in divide
  oiii_hb = oiii5006_flux / hb4861_flux
/arc/home/RongjunHuang/ICRAR/extended/SFR+Z.py:1123: RuntimeWarning: invalid value encountered in divide
  oiii_hb = oiii5006_flux / hb4861_flux
/arc/home/RongjunHuang/ICRAR/extended/SFR+Z.py:1126: RuntimeWarning: divide by zero encountered in divide
  sii_hb = sii_total / hb4861_flux
/arc/home/RongjunHuang/ICRAR/extended/SFR+Z.py:1126: RuntimeWarning: invalid value encountered in divide
  sii_hb = sii_total / hb4861_flux
/arc/home/RongjunHuang/ICRAR/extended/SFR+Z.py:1129: RuntimeWarning: divide by zero encountered in divide
  o3s2_ratio = np.log10(oiii_hb / sii_hb)
/arc/home/RongjunHuang/ICRAR/extended/SFR+Z.py:1129: RuntimeWarning: invalid value encountered in divide
  o3s2_ratio = np.log10(oiii_hb / sii_hb)
/arc/home/RongjunHuang/ICRAR/extended/SFR+Z.py:1129: RuntimeWarning: divide by zero encountered in log10
  o3s2_ratio = np.log10(oiii_hb / sii_hb)
Calculating all 6 C20 metallicities for NGC4457...
Combined C20 metallicity: median = 8.537, range = (8.075, 9.013)
Combined C20 method usage: O3N2=15177, O3S2=0, RS32=8449, R3=229306, N2=32, S2=5738
Galaxy NGC4457 inclination: 37.0° (cos θ = 0.799)
Inclination correction ENABLED: applying b/a = 0.808 (adopting intrinsic thickness q₀ = 0.2 for disc galaxy)
/arc/home/RongjunHuang/ICRAR/extended/SFR+Z.py:1921: RuntimeWarning: divide by zero encountered in divide
  logN2  = np.log10(NII6583_FLUX_corr / HA6562_FLUX_corr)        # [N II]/Hα
/arc/home/RongjunHuang/ICRAR/extended/SFR+Z.py:1921: RuntimeWarning: invalid value encountered in divide
  logN2  = np.log10(NII6583_FLUX_corr / HA6562_FLUX_corr)        # [N II]/Hα
/arc/home/RongjunHuang/ICRAR/extended/SFR+Z.py:1921: RuntimeWarning: divide by zero encountered in log10
  logN2  = np.log10(NII6583_FLUX_corr / HA6562_FLUX_corr)        # [N II]/Hα
/arc/home/RongjunHuang/ICRAR/extended/SFR+Z.py:1922: RuntimeWarning: divide by zero encountered in divide
  logS2  = np.log10((SII6716_FLUX_corr+SII6730_FLUX_corr) / HA6562_FLUX_corr)   # Σ[S II]/Hα
/arc/home/RongjunHuang/ICRAR/extended/SFR+Z.py:1922: RuntimeWarning: invalid value encountered in divide
  logS2  = np.log10((SII6716_FLUX_corr+SII6730_FLUX_corr) / HA6562_FLUX_corr)   # Σ[S II]/Hα
/arc/home/RongjunHuang/ICRAR/extended/SFR+Z.py:1922: RuntimeWarning: divide by zero encountered in log10
  logS2  = np.log10((SII6716_FLUX_corr+SII6730_FLUX_corr) / HA6562_FLUX_corr)   # Σ[S II]/Hα
/arc/home/RongjunHuang/ICRAR/extended/SFR+Z.py:1923: RuntimeWarning: divide by zero encountered in divide
  logO3  = np.log10(OIII5006_FLUX_corr / HB4861_FLUX_corr)       # [O III]/Hβ
/arc/home/RongjunHuang/ICRAR/extended/SFR+Z.py:1923: RuntimeWarning: invalid value encountered in divide
  logO3  = np.log10(OIII5006_FLUX_corr / HB4861_FLUX_corr)       # [O III]/Hβ
/arc/home/RongjunHuang/ICRAR/extended/SFR+Z.py:1923: RuntimeWarning: divide by zero encountered in log10
  logO3  = np.log10(OIII5006_FLUX_corr / HB4861_FLUX_corr)       # [O III]/Hβ
/arc/home/RongjunHuang/ICRAR/extended/SFR+Z.py:2008: RuntimeWarning: invalid value encountered in subtract
  mask_N2_left, mask_S2_left = apply_bpt_masks(logN2=logN2-logN2_err, logS2=logS2-logS2_err, logO3=logO3)
/arc/home/RongjunHuang/ICRAR/extended/SFR+Z.py:2009: RuntimeWarning: invalid value encountered in add
  mask_N2_right, mask_S2_right = apply_bpt_masks(logN2=logN2+logN2_err, logS2=logS2+logS2_err, logO3=logO3)
/arc/home/RongjunHuang/ICRAR/extended/SFR+Z.py:2010: RuntimeWarning: invalid value encountered in subtract
  mask_N2_down, mask_S2_down = apply_bpt_masks(logN2=logN2, logS2=logS2, logO3=logO3-logO3_err)
/arc/home/RongjunHuang/ICRAR/extended/SFR+Z.py:2011: RuntimeWarning: invalid value encountered in add
  mask_N2_up, mask_S2_up = apply_bpt_masks(logN2=logN2, logS2=logS2, logO3=logO3+logO3_err)
Combined C20 total: Selected R3-C20 with error 0.075
Available methods: [('O3N2-C20', np.float64(8.758304383527754), np.float64(0.0921319212543581)), ('O3S2-C20', np.float64(8.815041041857164), np.float64(0.11186081066055895)), ('RS32-C20', np.float64(8.708016981739648), np.float64(0.08086179848567374)), ('R3-C20', np.float64(8.714843223295958), np.float64(0.0749600688609586)), ('S2-C20', np.float64(8.64031166207753), np.float64(0.4958366460584244))]
Combined C20 total: Selected R3-C20 with error 0.070
Available methods: [('O3N2-C20', np.float64(8.723841532128901), np.float64(0.09000000380532647)), ('O3S2-C20', np.float64(8.786470856562683), np.float64(0.11000000492963824)), ('RS32-C20', np.float64(8.58360945485445), np.float64(0.0800000086435706)), ('R3-C20', np.float64(8.60953688519912), np.float64(0.07000001203983808))]
Extended file written ➜ /arc/home/RongjunHuang/ICRAR/extended/NGC4457_gas_BIN_maps_extended.fits
--------------------------------------------------------------
Total non-nan spaxels: 259370
Number of pixels with Halpha not detected: 30317
Number of pixels with Halpha detected, Hbeta not detected: 111296
Number of pixels with Halpha detected, Hbeta detected, NII not detected, OIII not detected and unclassified1: 4
Number of pixels with Halpha detected, Hbeta detected, NII not detected, OIII detected and unclassified1: 5
Number of pixels with Halpha detected, Hbeta detected, NII detected, OIII not detected and unclassified1: 224
Number of pixels with Halpha detected, Hbeta detected, NII detected, OIII detected and unclassified1: 10576
Number of pixels with Halpha detected, Hbeta detected, SII not detected, OIII not detected and unclassified1: 41
Number of pixels with Halpha detected, Hbeta detected, SII not detected, OIII detected and unclassified1: 294
Number of pixels with Halpha detected, Hbeta detected, SII detected, OIII not detected and unclassified1: 187
Number of pixels with Halpha detected, Hbeta detected, SII detected, OIII detected and unclassified1: 10287
--------------------------------------------------------------
Total corrected Halpha luminosity: 6.57e+40 erg/s
Total corrected Halpha luminosity from SF region: 2.85e+40 erg/s
Total Halpha SFR: 0.33 M☉/yr or in log10 scale: -0.48 log(M☉/yr)
Total Halpha SFR from SF region: 0.14 M☉/yr or in log10 scale: -0.85 log(M☉/yr)
Total Halpha SFR from HII region: 0.09 M☉/yr or in log10 scale: -1.06 log(M☉/yr)
--------------------------------------------------------------
[O/H] D16 SF: Total metallicity in SF region:  8.815944745069418
[O/H] PG16 SF: Total metallicity in SF region:  8.615172411479112
[O/H] N2S2-N06 SF: Total metallicity in SF region:  9.07232341905695
[O/H] O3N2-M13 SF: Total metallicity in SF region:  8.544781067251565
[O/H] N2-M13 SF: Total metallicity in SF region:  8.598694543342678
[O/H] O3N2-PP04 SF: Total metallicity in SF region:  8.747616549161219
[O/H] N2-PP04 SF: Total metallicity in SF region:  8.849107413076975
[O/H] O3N2-C20 SF: Total metallicity in SF region:  8.758304383527754
[O/H] O3S2-C20 SF: Total metallicity in SF region:  8.815041041857164
[O/H] RS32-C20 SF: Total metallicity in SF region:  8.708016981739648
[O/H] R3-C20 SF: Total metallicity in SF region:  8.714843223295958
[O/H] N2-C20 SF: Total metallicity in SF region:  nan
[O/H] S2-C20 SF: Total metallicity in SF region:  8.64031166207753
[O/H] Combined-C20 SF: Total metallicity in SF region:  8.714843223295958
--------------------------------------------------------------
[O/H] D16 HII: Total metallicity in HII region:  8.843242459855475
[O/H] PG16 HII: Total metallicity in HII region:  8.602492381711254
[O/H] N2S2-N06 HII: Total metallicity in HII region:  9.102722109723949
[O/H] O3N2-M13 HII: Total metallicity in HII region:  8.560702638974917
[O/H] N2-M13 HII: Total metallicity in HII region:  8.576218355662466
[O/H] O3N2-PP04 HII: Total metallicity in HII region:  8.771424506878382
[O/H] N2-PP04 HII: Total metallicity in HII region:  8.78632073682042
[O/H] O3N2-C20 HII: Total metallicity in HII region:  8.772870133654793
[O/H] O3S2-C20 HII: Total metallicity in HII region:  8.822172164666759
[O/H] RS32-C20 HII: Total metallicity in HII region:  8.747551548049824
[O/H] R3-C20 HII: Total metallicity in HII region:  8.746824192387885
[O/H] N2-C20 HII: Total metallicity in HII region:  8.799917900158107
[O/H] S2-C20 HII: Total metallicity in HII region:  8.517879198358171
[O/H] Combined-C20 HII: Total metallicity in HII region:  8.517879198358171
--------------------------------------------------------------
[O/H] D16: Total metallicity in total region:  8.830593410427905
[O/H] PG16: Total metallicity in total region:  8.726949606430825
[O/H] N2S2-N06: Total metallicity in total region:  9.045284332260715
[O/H] O3N2-M13: Total metallicity in total region:  8.507930397763877
[O/H] N2-M13: Total metallicity in total region:  8.68232311904359
[O/H] O3N2-PP04: Total metallicity in total region:  8.692512744319819
[O/H] N2-PP04: Total metallicity in total region:  9.124398207354036
[O/H] O3N2-C20: Total metallicity in total region:  8.723841532128901
[O/H] O3S2-C20: Total metallicity in total region:  8.786470856562683
[O/H] RS32-C20: Total metallicity in total region:  8.58360945485445
[O/H] R3-C20: Total metallicity in total region:  8.60953688519912
[O/H] N2-C20: Total metallicity in total region:  nan
[O/H] S2-C20: Total metallicity in total region:  nan
[O/H] Combined-C20: Total metallicity in total region:  8.60953688519912
--------------------------------------------------------------
Total runtime: 221.9 s
✅  NGC4457 finished in 4m16s
