Python executable: /arc/home/RongjunHuang/.conda/envs/ICRAR/bin/python
Python 3.13.3
PYTHONUNBUFFERED: 1
CANFAR base root : /arc/projects/mauve
Local fallback   : /arc/home/RongjunHuang/ICRAR/extended

Shared input keyword ➜ <none>
Reading gas-line FITS ➜ /arc/projects/mauve/products/v0.6/NGC4064/NGC4064_gas_BIN_maps.fits
Matched binning FITS ➜ /arc/home/RongjunHuang/ICRAR/extended/NGC4064_SPATIAL_BINNING_maps_extended.fits
Loading kinematic map from /arc/home/RongjunHuang/ICRAR/extended/NGC4064_KIN_maps_extended.fits
Filename: /arc/home/RongjunHuang/ICRAR/extended/NGC4064_KIN_maps_extended.fits
No.    Name      Ver    Type      Cards   Dimensions   Format
  0  PRIMARY       1 PrimaryHDU       4   ()      
  1  V             1 ImageHDU        26   (566, 665)   float64   
  2  SIGMA         1 ImageHDU        26   (566, 665)   float64   
  3  H3            1 ImageHDU        26   (566, 665)   float64   
  4  H4            1 ImageHDU        26   (566, 665)   float64   
  5  FORM_ERR_V    1 ImageHDU        26   (566, 665)   float64   
  6  FORM_ERR_SIGMA    1 ImageHDU        26   (566, 665)   float64   
  7  FORM_ERR_H3    1 ImageHDU        26   (566, 665)   float64   
  8  FORM_ERR_H4    1 ImageHDU        26   (566, 665)   float64   
  9  SNR_POSTFIT    1 ImageHDU        26   (566, 665)   float64   
 10  FOREGROUND_STAR    1 ImageHDU        26   (566, 665)   float32   
Available extensions: ['V', 'SIGMA', 'H3', 'H4', 'FORM_ERR_V', 'FORM_ERR_SIGMA', 'FORM_ERR_H3', 'FORM_ERR_H4', 'SNR_POSTFIT', 'FOREGROUND_STAR']
Loaded V: shape (665, 566)
Loaded SIGMA: shape (665, 566)
Loaded H3: shape (665, 566)
Loaded H4: shape (665, 566)
Loaded FORM_ERR_V: shape (665, 566)
Loaded FORM_ERR_SIGMA: shape (665, 566)
Loaded FORM_ERR_H3: shape (665, 566)
Loaded FORM_ERR_H4: shape (665, 566)
Loaded SNR_POSTFIT: shape (665, 566)
Loaded FOREGROUND_STAR: shape (665, 566)
All data loaded successfully!
Foreground stars are removed successfully!
/arc/home/RongjunHuang/ICRAR/extended/SFR+Z.py:595: RuntimeWarning: divide by zero encountered in divide
  BD = HA6562_FLUX / HB4861_FLUX
/arc/home/RongjunHuang/ICRAR/extended/SFR+Z.py:595: RuntimeWarning: invalid value encountered in divide
  BD = HA6562_FLUX / HB4861_FLUX
--------------------------------------------------------------
Extinction law for k(λ)=A(λ)/E(B−V): mw (mw_rv=3.1)
k(Hβ 4861Å)  = 3.6092   at λ=0.4861 µm
k(Hα 6562Å)  = 2.5355   at λ=0.6562 µm
k([OIII]5006)= 3.4736   at λ=0.5006 µm
k([NII]6583) = 2.5255   at λ=0.6583 µm
k([SII]6716) = 2.4619   at λ=0.6716 µm
k([SII]6730) = 2.4552   at λ=0.6730 µm
--------------------------------------------------------------
/arc/home/RongjunHuang/ICRAR/extended/SFR+Z.py:819: RuntimeWarning: divide by zero encountered in divide
  y = np.log10(NII6583_FLUX_corr / (SII6716_FLUX_corr + SII6730_FLUX_corr)) + 0.264*np.log10(NII6583_FLUX_corr / HA6562_FLUX_corr)
/arc/home/RongjunHuang/ICRAR/extended/SFR+Z.py:830: RuntimeWarning: divide by zero encountered in divide
  N2 = NII_scaled / HB4861_FLUX_corr   # N2 = I([N II]λ6548 + λ6584)/I(Hβ)
/arc/home/RongjunHuang/ICRAR/extended/SFR+Z.py:831: RuntimeWarning: divide by zero encountered in divide
  S2 = (SII6716_FLUX_corr + SII6730_FLUX_corr) / HB4861_FLUX_corr  # S2 = I([S II]λ6717 + λ6731)/I(Hβ)
/arc/home/RongjunHuang/ICRAR/extended/SFR+Z.py:832: RuntimeWarning: divide by zero encountered in divide
  R3 = OIII_scaled / HB4861_FLUX_corr  # R3 = I([O III]λ4959 + λ5007)/I(Hβ) (same value as R2 in this case)
/arc/home/RongjunHuang/ICRAR/extended/SFR+Z.py:832: RuntimeWarning: invalid value encountered in divide
  R3 = OIII_scaled / HB4861_FLUX_corr  # R3 = I([O III]λ4959 + λ5007)/I(Hβ) (same value as R2 in this case)
/arc/home/RongjunHuang/ICRAR/extended/SFR+Z.py:834: RuntimeWarning: divide by zero encountered in divide
  log_R3_S2 = np.log10(R3/S2)
/arc/home/RongjunHuang/ICRAR/extended/SFR+Z.py:834: RuntimeWarning: invalid value encountered in divide
  log_R3_S2 = np.log10(R3/S2)
/arc/home/RongjunHuang/ICRAR/extended/SFR+Z.py:834: RuntimeWarning: divide by zero encountered in log10
  log_R3_S2 = np.log10(R3/S2)
/arc/home/RongjunHuang/ICRAR/extended/SFR+Z.py:836: RuntimeWarning: divide by zero encountered in log10
  log_S2 = np.log10(S2)
/arc/home/RongjunHuang/ICRAR/extended/SFR+Z.py:859: RuntimeWarning: invalid value encountered in add
  O_H_PG16[upper_mask] = (a1_upper + a2_upper * log_R3_S2[upper_mask] + a3_upper * log_N2[upper_mask] +
/arc/home/RongjunHuang/ICRAR/extended/SFR+Z.py:884: RuntimeWarning: divide by zero encountered in divide
  n2s2_ratio = np.log10(nii6583_flux / sii_total)
/arc/home/RongjunHuang/ICRAR/extended/SFR+Z.py:929: RuntimeWarning: divide by zero encountered in divide
  oiii_hb = oiii5006_flux / hb4861_flux
/arc/home/RongjunHuang/ICRAR/extended/SFR+Z.py:929: RuntimeWarning: invalid value encountered in divide
  oiii_hb = oiii5006_flux / hb4861_flux
/arc/home/RongjunHuang/ICRAR/extended/SFR+Z.py:930: RuntimeWarning: divide by zero encountered in divide
  nii_ha = nii6583_flux / ha6562_flux
/arc/home/RongjunHuang/ICRAR/extended/SFR+Z.py:931: RuntimeWarning: invalid value encountered in divide
  o3n2_ratio = np.log10(oiii_hb / nii_ha)
/arc/home/RongjunHuang/ICRAR/extended/SFR+Z.py:931: RuntimeWarning: divide by zero encountered in log10
  o3n2_ratio = np.log10(oiii_hb / nii_ha)
/arc/home/RongjunHuang/ICRAR/extended/SFR+Z.py:952: RuntimeWarning: divide by zero encountered in divide
  n2_ratio = np.log10(nii6583_flux / ha6562_flux)
/arc/home/RongjunHuang/ICRAR/extended/SFR+Z.py:974: RuntimeWarning: divide by zero encountered in divide
  oiii_hb = oiii5006_flux / hb4861_flux
/arc/home/RongjunHuang/ICRAR/extended/SFR+Z.py:974: RuntimeWarning: invalid value encountered in divide
  oiii_hb = oiii5006_flux / hb4861_flux
/arc/home/RongjunHuang/ICRAR/extended/SFR+Z.py:975: RuntimeWarning: divide by zero encountered in divide
  nii_ha = nii6583_flux / ha6562_flux
/arc/home/RongjunHuang/ICRAR/extended/SFR+Z.py:976: RuntimeWarning: invalid value encountered in divide
  o3n2_ratio = np.log10(oiii_hb / nii_ha)
/arc/home/RongjunHuang/ICRAR/extended/SFR+Z.py:976: RuntimeWarning: divide by zero encountered in log10
  o3n2_ratio = np.log10(oiii_hb / nii_ha)
/arc/home/RongjunHuang/ICRAR/extended/SFR+Z.py:997: RuntimeWarning: divide by zero encountered in divide
  n2_ratio = np.log10(nii6583_flux / ha6562_flux)
/arc/home/RongjunHuang/ICRAR/extended/SFR+Z.py:1031: RuntimeWarning: divide by zero encountered in divide
  oiii_hb = oiii5006_flux / hb4861_flux
/arc/home/RongjunHuang/ICRAR/extended/SFR+Z.py:1031: RuntimeWarning: invalid value encountered in divide
  oiii_hb = oiii5006_flux / hb4861_flux
/arc/home/RongjunHuang/ICRAR/extended/SFR+Z.py:1032: RuntimeWarning: divide by zero encountered in divide
  nii_ha = nii6583_flux / ha6562_flux
/arc/home/RongjunHuang/ICRAR/extended/SFR+Z.py:1033: RuntimeWarning: invalid value encountered in divide
  o3n2_ratio = np.log10(oiii_hb / nii_ha)
/arc/home/RongjunHuang/ICRAR/extended/SFR+Z.py:1033: RuntimeWarning: divide by zero encountered in log10
  o3n2_ratio = np.log10(oiii_hb / nii_ha)
/arc/home/RongjunHuang/ICRAR/extended/SFR+Z.py:1123: RuntimeWarning: divide by zero encountered in divide
  oiii_hb = oiii5006_flux / hb4861_flux
/arc/home/RongjunHuang/ICRAR/extended/SFR+Z.py:1123: RuntimeWarning: invalid value encountered in divide
  oiii_hb = oiii5006_flux / hb4861_flux
/arc/home/RongjunHuang/ICRAR/extended/SFR+Z.py:1126: RuntimeWarning: divide by zero encountered in divide
  sii_hb = sii_total / hb4861_flux
/arc/home/RongjunHuang/ICRAR/extended/SFR+Z.py:1129: RuntimeWarning: divide by zero encountered in divide
  o3s2_ratio = np.log10(oiii_hb / sii_hb)
/arc/home/RongjunHuang/ICRAR/extended/SFR+Z.py:1129: RuntimeWarning: invalid value encountered in divide
  o3s2_ratio = np.log10(oiii_hb / sii_hb)
/arc/home/RongjunHuang/ICRAR/extended/SFR+Z.py:1129: RuntimeWarning: divide by zero encountered in log10
  o3s2_ratio = np.log10(oiii_hb / sii_hb)
Calculating all 6 C20 metallicities for NGC4064...
Combined C20 metallicity: median = 8.567, range = (8.276, 9.018)
Combined C20 method usage: O3N2=21661, O3S2=0, RS32=7641, R3=116882, N2=105, S2=6551
Galaxy NGC4064 inclination: 70.0° (cos θ = 0.342)
Inclination correction ENABLED: applying b/a = 0.390 (adopting intrinsic thickness q₀ = 0.2 for disc galaxy)
/arc/home/RongjunHuang/ICRAR/extended/SFR+Z.py:1921: RuntimeWarning: divide by zero encountered in divide
  logN2  = np.log10(NII6583_FLUX_corr / HA6562_FLUX_corr)        # [N II]/Hα
/arc/home/RongjunHuang/ICRAR/extended/SFR+Z.py:1922: RuntimeWarning: divide by zero encountered in divide
  logS2  = np.log10((SII6716_FLUX_corr+SII6730_FLUX_corr) / HA6562_FLUX_corr)   # Σ[S II]/Hα
/arc/home/RongjunHuang/ICRAR/extended/SFR+Z.py:1922: RuntimeWarning: divide by zero encountered in log10
  logS2  = np.log10((SII6716_FLUX_corr+SII6730_FLUX_corr) / HA6562_FLUX_corr)   # Σ[S II]/Hα
/arc/home/RongjunHuang/ICRAR/extended/SFR+Z.py:1923: RuntimeWarning: divide by zero encountered in divide
  logO3  = np.log10(OIII5006_FLUX_corr / HB4861_FLUX_corr)       # [O III]/Hβ
/arc/home/RongjunHuang/ICRAR/extended/SFR+Z.py:1923: RuntimeWarning: invalid value encountered in divide
  logO3  = np.log10(OIII5006_FLUX_corr / HB4861_FLUX_corr)       # [O III]/Hβ
/arc/home/RongjunHuang/ICRAR/extended/SFR+Z.py:1923: RuntimeWarning: divide by zero encountered in log10
  logO3  = np.log10(OIII5006_FLUX_corr / HB4861_FLUX_corr)       # [O III]/Hβ
/arc/home/RongjunHuang/ICRAR/extended/SFR+Z.py:2008: RuntimeWarning: invalid value encountered in subtract
  mask_N2_left, mask_S2_left = apply_bpt_masks(logN2=logN2-logN2_err, logS2=logS2-logS2_err, logO3=logO3)
/arc/home/RongjunHuang/ICRAR/extended/SFR+Z.py:2009: RuntimeWarning: invalid value encountered in add
  mask_N2_right, mask_S2_right = apply_bpt_masks(logN2=logN2+logN2_err, logS2=logS2+logS2_err, logO3=logO3)
/arc/home/RongjunHuang/ICRAR/extended/SFR+Z.py:2010: RuntimeWarning: invalid value encountered in subtract
  mask_N2_down, mask_S2_down = apply_bpt_masks(logN2=logN2, logS2=logS2, logO3=logO3-logO3_err)
/arc/home/RongjunHuang/ICRAR/extended/SFR+Z.py:2011: RuntimeWarning: invalid value encountered in add
  mask_N2_up, mask_S2_up = apply_bpt_masks(logN2=logN2, logS2=logS2, logO3=logO3+logO3_err)
Combined C20 total: Selected R3-C20 with error 0.074
Available methods: [('O3N2-C20', np.float64(8.787798207023366), np.float64(0.0920249991107008)), ('O3S2-C20', np.float64(8.852366009154002), np.float64(0.11172967528461954)), ('RS32-C20', np.float64(8.797580062233033), np.float64(0.08067896246211359)), ('R3-C20', np.float64(8.800288945744256), np.float64(0.07363349774016247)), ('N2-C20', np.float64(8.67849648898346), np.float64(0.1185691111613603)), ('S2-C20', np.float64(8.461427873027358), np.float64(0.0944985954910919))]
Combined C20 total: Selected S2-C20 with error 0.060
Available methods: [('O3N2-C20', np.float64(8.742352505555553), np.float64(0.09000000836459161)), ('O3S2-C20', np.float64(8.80290923894172), np.float64(0.11000000903202517)), ('RS32-C20', np.float64(8.72511865116153), np.float64(0.08000001075046875)), ('R3-C20', np.float64(8.71993535645471), np.float64(0.07000001740215958)), ('N2-C20', np.float64(8.747219770234596), np.float64(0.10000001142823421)), ('S2-C20', np.float64(8.526364420870928), np.float64(0.06000003831427265))]
Extended file written ➜ /arc/home/RongjunHuang/ICRAR/extended/NGC4064_gas_BIN_maps_extended.fits
--------------------------------------------------------------
Total non-nan spaxels: 155525
Number of pixels with Halpha not detected: 59365
Number of pixels with Halpha detected, Hbeta not detected: 61049
Number of pixels with Halpha detected, Hbeta detected, NII not detected, OIII not detected and unclassified1: 105
Number of pixels with Halpha detected, Hbeta detected, NII not detected, OIII detected and unclassified1: 0
Number of pixels with Halpha detected, Hbeta detected, NII detected, OIII not detected and unclassified1: 677
Number of pixels with Halpha detected, Hbeta detected, NII detected, OIII detected and unclassified1: 3043
Number of pixels with Halpha detected, Hbeta detected, SII not detected, OIII not detected and unclassified1: 442
Number of pixels with Halpha detected, Hbeta detected, SII not detected, OIII detected and unclassified1: 643
Number of pixels with Halpha detected, Hbeta detected, SII detected, OIII not detected and unclassified1: 340
Number of pixels with Halpha detected, Hbeta detected, SII detected, OIII detected and unclassified1: 2400
--------------------------------------------------------------
Total corrected Halpha luminosity: 6.52e+40 erg/s
Total corrected Halpha luminosity from SF region: 6.23e+40 erg/s
Total Halpha SFR: 0.33 M☉/yr or in log10 scale: -0.49 log(M☉/yr)
Total Halpha SFR from SF region: 0.31 M☉/yr or in log10 scale: -0.51 log(M☉/yr)
Total Halpha SFR from HII region: 0.30 M☉/yr or in log10 scale: -0.52 log(M☉/yr)
--------------------------------------------------------------
[O/H] D16 SF: Total metallicity in SF region:  8.727467027772587
[O/H] PG16 SF: Total metallicity in SF region:  8.523438768110774
[O/H] N2S2-N06 SF: Total metallicity in SF region:  9.043744340542993
[O/H] O3N2-M13 SF: Total metallicity in SF region:  8.577233953693067
[O/H] N2-M13 SF: Total metallicity in SF region:  8.508888532664642
[O/H] O3N2-PP04 SF: Total metallicity in SF region:  8.79614422982141
[O/H] N2-PP04 SF: Total metallicity in SF region:  8.62323315533012
[O/H] O3N2-C20 SF: Total metallicity in SF region:  8.787798207023366
[O/H] O3S2-C20 SF: Total metallicity in SF region:  8.852366009154002
[O/H] RS32-C20 SF: Total metallicity in SF region:  8.797580062233033
[O/H] R3-C20 SF: Total metallicity in SF region:  8.800288945744256
[O/H] N2-C20 SF: Total metallicity in SF region:  8.67849648898346
[O/H] S2-C20 SF: Total metallicity in SF region:  8.461427873027358
[O/H] Combined-C20 SF: Total metallicity in SF region:  8.800288945744256
--------------------------------------------------------------
[O/H] D16 HII: Total metallicity in HII region:  8.725440967302669
[O/H] PG16 HII: Total metallicity in HII region:  8.519170622805222
[O/H] N2S2-N06 HII: Total metallicity in HII region:  9.046464137474738
[O/H] O3N2-M13 HII: Total metallicity in HII region:  8.591491092541514
[O/H] N2-M13 HII: Total metallicity in HII region:  8.49955979390456
[O/H] O3N2-PP04 HII: Total metallicity in HII region:  8.817463315949928
[O/H] N2-PP04 HII: Total metallicity in HII region:  8.603363174164578
[O/H] O3N2-C20 HII: Total metallicity in HII region:  8.8005185169662
[O/H] O3S2-C20 HII: Total metallicity in HII region:  8.86468905791481
[O/H] RS32-C20 HII: Total metallicity in HII region:  8.814204990025734
[O/H] R3-C20 HII: Total metallicity in HII region:  8.819779957545123
[O/H] N2-C20 HII: Total metallicity in HII region:  8.665867251177401
[O/H] S2-C20 HII: Total metallicity in HII region:  8.444587459209004
[O/H] Combined-C20 HII: Total metallicity in HII region:  8.444587459209004
--------------------------------------------------------------
[O/H] D16: Total metallicity in total region:  8.767522900603714
[O/H] PG16: Total metallicity in total region:  8.564966131498988
[O/H] N2S2-N06: Total metallicity in total region:  9.055515709156554
[O/H] O3N2-M13: Total metallicity in total region:  8.527580618842718
[O/H] N2-M13: Total metallicity in total region:  8.552743370492758
[O/H] O3N2-PP04: Total metallicity in total region:  8.721896252475094
[O/H] N2-PP04: Total metallicity in total region:  8.725356794150176
[O/H] O3N2-C20: Total metallicity in total region:  8.742352505555553
[O/H] O3S2-C20: Total metallicity in total region:  8.80290923894172
[O/H] RS32-C20: Total metallicity in total region:  8.72511865116153
[O/H] R3-C20: Total metallicity in total region:  8.71993535645471
[O/H] N2-C20: Total metallicity in total region:  8.747219770234596
[O/H] S2-C20: Total metallicity in total region:  8.526364420870928
[O/H] Combined-C20: Total metallicity in total region:  8.526364420870928
--------------------------------------------------------------
Total runtime: 165.5 s
✅  NGC4064 finished in 3m20s
