Python executable: /opt/miniconda3/envs/ICRAR/bin/python
Python 3.13.3
CANFAR base root : /arc/projects/mauve
Local fallback   : /Users/Igniz/Desktop/ICRAR/extended

Reading gas-line FITS ➜ /Users/Igniz/Desktop/ICRAR/extended/NGC4694_gas_BIN_maps.fits
Loading kinematic map from /Users/Igniz/Desktop/ICRAR/extended/NGC4694_KIN_maps_extended.fits
Filename: /Users/Igniz/Desktop/ICRAR/extended/NGC4694_KIN_maps_extended.fits
No.    Name      Ver    Type      Cards   Dimensions   Format
  0  PRIMARY       1 PrimaryHDU       4   ()      
  1  V             1 ImageHDU        26   (439, 440)   float64   
  2  SIGMA         1 ImageHDU        26   (439, 440)   float64   
  3  H3            1 ImageHDU        26   (439, 440)   float64   
  4  H4            1 ImageHDU        26   (439, 440)   float64   
  5  FORM_ERR_V    1 ImageHDU        26   (439, 440)   float64   
  6  FORM_ERR_SIGMA    1 ImageHDU        26   (439, 440)   float64   
  7  FORM_ERR_H3    1 ImageHDU        26   (439, 440)   float64   
  8  FORM_ERR_H4    1 ImageHDU        26   (439, 440)   float64   
  9  SNR_POSTFIT    1 ImageHDU        26   (439, 440)   float64   
 10  FOREGROUND_STAR    1 ImageHDU        26   (439, 440)   float32   
/Users/Igniz/Desktop/ICRAR/extended/SFR+Z.py:441: RuntimeWarning: divide by zero encountered in divide
  BD = HA6562_FLUX / HB4861_FLUX
/Users/Igniz/Desktop/ICRAR/extended/SFR+Z.py:613: RuntimeWarning: divide by zero encountered in divide
  y = np.log10(NII6583_FLUX_corr / (SII6716_FLUX_corr + SII6730_FLUX_corr)) + 0.264*np.log10(NII6583_FLUX_corr / HA6562_FLUX_corr)
/Users/Igniz/Desktop/ICRAR/extended/SFR+Z.py:613: RuntimeWarning: divide by zero encountered in log10
  y = np.log10(NII6583_FLUX_corr / (SII6716_FLUX_corr + SII6730_FLUX_corr)) + 0.264*np.log10(NII6583_FLUX_corr / HA6562_FLUX_corr)
/Users/Igniz/Desktop/ICRAR/extended/SFR+Z.py:624: RuntimeWarning: divide by zero encountered in divide
  N2 = NII_scaled / HB4861_FLUX_corr   # N2 = I([N II]λ6548 + λ6584)/I(Hβ)
/Users/Igniz/Desktop/ICRAR/extended/SFR+Z.py:625: RuntimeWarning: divide by zero encountered in divide
  S2 = (SII6716_FLUX_corr + SII6730_FLUX_corr) / HB4861_FLUX_corr  # S2 = I([S II]λ6717 + λ6731)/I(Hβ)
/Users/Igniz/Desktop/ICRAR/extended/SFR+Z.py:626: RuntimeWarning: divide by zero encountered in divide
  R3 = OIII_scaled / HB4861_FLUX_corr  # R3 = I([O III]λ4959 + λ5007)/I(Hβ) (same value as R2 in this case)
/Users/Igniz/Desktop/ICRAR/extended/SFR+Z.py:626: RuntimeWarning: invalid value encountered in divide
  R3 = OIII_scaled / HB4861_FLUX_corr  # R3 = I([O III]λ4959 + λ5007)/I(Hβ) (same value as R2 in this case)
/Users/Igniz/Desktop/ICRAR/extended/SFR+Z.py:628: RuntimeWarning: divide by zero encountered in divide
  log_R3_S2 = np.log10(R3/S2)
/Users/Igniz/Desktop/ICRAR/extended/SFR+Z.py:628: RuntimeWarning: invalid value encountered in divide
  log_R3_S2 = np.log10(R3/S2)
/Users/Igniz/Desktop/ICRAR/extended/SFR+Z.py:628: RuntimeWarning: divide by zero encountered in log10
  log_R3_S2 = np.log10(R3/S2)
/Users/Igniz/Desktop/ICRAR/extended/SFR+Z.py:629: RuntimeWarning: divide by zero encountered in log10
  log_N2 = np.log10(N2)
/Users/Igniz/Desktop/ICRAR/extended/SFR+Z.py:630: RuntimeWarning: divide by zero encountered in log10
  log_S2 = np.log10(S2)
/Users/Igniz/Desktop/ICRAR/extended/SFR+Z.py:653: RuntimeWarning: invalid value encountered in add
  O_H_PG16[upper_mask] = (a1_upper + a2_upper * log_R3_S2[upper_mask] + a3_upper * log_N2[upper_mask] +
/Users/Igniz/Desktop/ICRAR/extended/SFR+Z.py:678: RuntimeWarning: divide by zero encountered in divide
  n2s2_ratio = np.log10(nii6583_flux / sii_total)
/Users/Igniz/Desktop/ICRAR/extended/SFR+Z.py:678: RuntimeWarning: divide by zero encountered in log10
  n2s2_ratio = np.log10(nii6583_flux / sii_total)
/Users/Igniz/Desktop/ICRAR/extended/SFR+Z.py:723: RuntimeWarning: divide by zero encountered in divide
  oiii_hb = oiii5006_flux / hb4861_flux
/Users/Igniz/Desktop/ICRAR/extended/SFR+Z.py:723: RuntimeWarning: invalid value encountered in divide
  oiii_hb = oiii5006_flux / hb4861_flux
/Users/Igniz/Desktop/ICRAR/extended/SFR+Z.py:725: RuntimeWarning: divide by zero encountered in divide
  o3n2_ratio = np.log10(oiii_hb / nii_ha)
/Users/Igniz/Desktop/ICRAR/extended/SFR+Z.py:725: RuntimeWarning: divide by zero encountered in log10
  o3n2_ratio = np.log10(oiii_hb / nii_ha)
/Users/Igniz/Desktop/ICRAR/extended/SFR+Z.py:746: RuntimeWarning: divide by zero encountered in log10
  n2_ratio = np.log10(nii6583_flux / ha6562_flux)
/Users/Igniz/Desktop/ICRAR/extended/SFR+Z.py:768: RuntimeWarning: divide by zero encountered in divide
  oiii_hb = oiii5006_flux / hb4861_flux
/Users/Igniz/Desktop/ICRAR/extended/SFR+Z.py:768: RuntimeWarning: invalid value encountered in divide
  oiii_hb = oiii5006_flux / hb4861_flux
/Users/Igniz/Desktop/ICRAR/extended/SFR+Z.py:770: RuntimeWarning: divide by zero encountered in divide
  o3n2_ratio = np.log10(oiii_hb / nii_ha)
/Users/Igniz/Desktop/ICRAR/extended/SFR+Z.py:770: RuntimeWarning: divide by zero encountered in log10
  o3n2_ratio = np.log10(oiii_hb / nii_ha)
/Users/Igniz/Desktop/ICRAR/extended/SFR+Z.py:791: RuntimeWarning: divide by zero encountered in log10
  n2_ratio = np.log10(nii6583_flux / ha6562_flux)
/Users/Igniz/Desktop/ICRAR/extended/SFR+Z.py:825: RuntimeWarning: divide by zero encountered in divide
  oiii_hb = oiii5006_flux / hb4861_flux
/Users/Igniz/Desktop/ICRAR/extended/SFR+Z.py:825: RuntimeWarning: invalid value encountered in divide
  oiii_hb = oiii5006_flux / hb4861_flux
/Users/Igniz/Desktop/ICRAR/extended/SFR+Z.py:827: RuntimeWarning: divide by zero encountered in divide
  o3n2_ratio = np.log10(oiii_hb / nii_ha)
/Users/Igniz/Desktop/ICRAR/extended/SFR+Z.py:827: RuntimeWarning: divide by zero encountered in log10
  o3n2_ratio = np.log10(oiii_hb / nii_ha)
/Users/Igniz/Desktop/ICRAR/extended/SFR+Z.py:916: RuntimeWarning: divide by zero encountered in divide
  oiii_hb = oiii5006_flux / hb4861_flux
/Users/Igniz/Desktop/ICRAR/extended/SFR+Z.py:916: RuntimeWarning: invalid value encountered in divide
  oiii_hb = oiii5006_flux / hb4861_flux
/Users/Igniz/Desktop/ICRAR/extended/SFR+Z.py:919: RuntimeWarning: divide by zero encountered in divide
  sii_hb = sii_total / hb4861_flux
/Users/Igniz/Desktop/ICRAR/extended/SFR+Z.py:922: RuntimeWarning: divide by zero encountered in divide
  o3s2_ratio = np.log10(oiii_hb / sii_hb)
/Users/Igniz/Desktop/ICRAR/extended/SFR+Z.py:922: RuntimeWarning: invalid value encountered in divide
  o3s2_ratio = np.log10(oiii_hb / sii_hb)
/Users/Igniz/Desktop/ICRAR/extended/SFR+Z.py:922: RuntimeWarning: divide by zero encountered in log10
  o3s2_ratio = np.log10(oiii_hb / sii_hb)
/Users/Igniz/Desktop/ICRAR/extended/SFR+Z.py:1700: RuntimeWarning: divide by zero encountered in log10
  logN2  = np.log10(NII6583_FLUX_corr / HA6562_FLUX_corr)        # [N II]/Hα
/Users/Igniz/Desktop/ICRAR/extended/SFR+Z.py:1701: RuntimeWarning: divide by zero encountered in log10
  logS2  = np.log10((SII6716_FLUX_corr+SII6730_FLUX_corr) / HA6562_FLUX_corr)   # Σ[S II]/Hα
/Users/Igniz/Desktop/ICRAR/extended/SFR+Z.py:1702: RuntimeWarning: divide by zero encountered in divide
  logO3  = np.log10(OIII5006_FLUX_corr / HB4861_FLUX_corr)       # [O III]/Hβ
/Users/Igniz/Desktop/ICRAR/extended/SFR+Z.py:1702: RuntimeWarning: invalid value encountered in divide
  logO3  = np.log10(OIII5006_FLUX_corr / HB4861_FLUX_corr)       # [O III]/Hβ
/Users/Igniz/Desktop/ICRAR/extended/SFR+Z.py:1702: RuntimeWarning: divide by zero encountered in log10
  logO3  = np.log10(OIII5006_FLUX_corr / HB4861_FLUX_corr)       # [O III]/Hβ
/Users/Igniz/Desktop/ICRAR/extended/SFR+Z.py:1788: RuntimeWarning: invalid value encountered in add
  mask_N2_right, mask_S2_right = apply_bpt_masks(logN2=logN2+logN2_err, logS2=logS2+logS2_err, logO3=logO3)
/Users/Igniz/Desktop/ICRAR/extended/SFR+Z.py:1789: RuntimeWarning: invalid value encountered in subtract
  mask_N2_down, mask_S2_down = apply_bpt_masks(logN2=logN2, logS2=logS2, logO3=logO3-logO3_err)
/Users/Igniz/Desktop/ICRAR/extended/SFR+Z.py:1790: RuntimeWarning: invalid value encountered in add
  mask_N2_up, mask_S2_up = apply_bpt_masks(logN2=logN2, logS2=logS2, logO3=logO3+logO3_err)
Available extensions: ['V', 'SIGMA', 'H3', 'H4', 'FORM_ERR_V', 'FORM_ERR_SIGMA', 'FORM_ERR_H3', 'FORM_ERR_H4', 'SNR_POSTFIT', 'FOREGROUND_STAR']
Loaded V: shape (440, 439)
Loaded SIGMA: shape (440, 439)
Loaded H3: shape (440, 439)
Loaded H4: shape (440, 439)
Loaded FORM_ERR_V: shape (440, 439)
Loaded FORM_ERR_SIGMA: shape (440, 439)
Loaded FORM_ERR_H3: shape (440, 439)
Loaded FORM_ERR_H4: shape (440, 439)
Loaded SNR_POSTFIT: shape (440, 439)
Loaded FOREGROUND_STAR: shape (440, 439)
All data loaded successfully!
Foreground stars are removed successfully!
--------------------------------------------------------------
Extinction law for k(λ)=A(λ)/E(B−V): mw (mw_rv=3.1)
k(Hβ 4861Å)  = 3.6092   at λ=0.4861 µm
k(Hα 6562Å)  = 2.5355   at λ=0.6562 µm
k([OIII]5006)= 3.4736   at λ=0.5006 µm
k([NII]6583) = 2.5255   at λ=0.6583 µm
k([SII]6716) = 2.4619   at λ=0.6716 µm
k([SII]6730) = 2.4552   at λ=0.6730 µm
--------------------------------------------------------------
Calculating all 6 C20 metallicities for NGC4694...
Combined C20 metallicity: median = 8.502, range = (8.103, 9.103)
Combined C20 method usage: O3N2=1801, O3S2=10, RS32=77763, R3=27, N2=141, S2=8
Galaxy NGC4694 inclination: 62.0° (cos θ = 0.469)
Inclination correction ENABLED: applying b/a = 0.502 (adopting intrinsic thickness q₀ = 0.2 for disc galaxy)
Combined C20 total: Selected RS32-C20 with error 0.012
Available methods: [('O3N2-C20', np.float64(8.731505252090964), np.float64(0.020188692306496423)), ('O3S2-C20', np.float64(8.820152547165769), np.float64(0.02021413634946246)), ('RS32-C20', np.float64(8.702965948263394), np.float64(0.011841221933015043)), ('R3-C20', np.float64(8.714466028353833), np.float64(0.02683429499791616)), ('N2-C20', np.float64(8.720549607301932), np.float64(0.07452641579799846))]
Combined C20 total: Selected RS32-C20 with error 0.000
Available methods: [('O3N2-C20', np.float64(8.699344418344964), np.float64(2.2155253017249124e-05)), ('O3S2-C20', np.float64(8.797615459842577), np.float64(2.4730732478460836e-05)), ('RS32-C20', np.float64(8.613836320281436), np.float64(1.5671722345111056e-05)), ('R3-C20', np.float64(8.637820872965774), np.float64(2.9584677016221933e-05)), ('N2-C20', np.float64(8.843285962396333), np.float64(0.00015784603719599125))]
Extended file written ➜ /Users/Igniz/Desktop/ICRAR/extended/NGC4694_gas_BIN_maps_extended.fits
--------------------------------------------------------------
Total non-nan spaxels: 81435
Number of pixels with Halpha not detected: 11652
Number of pixels with Halpha detected, Hbeta not detected: 41067
Number of pixels with Halpha detected, Hbeta detected, NII not detected, OIII not detected and unclassified1: 8
Number of pixels with Halpha detected, Hbeta detected, NII not detected, OIII detected and unclassified1: 6
Number of pixels with Halpha detected, Hbeta detected, NII detected, OIII not detected and unclassified1: 161
Number of pixels with Halpha detected, Hbeta detected, NII detected, OIII detected and unclassified1: 3768
Number of pixels with Halpha detected, Hbeta detected, SII not detected, OIII not detected and unclassified1: 80
Number of pixels with Halpha detected, Hbeta detected, SII not detected, OIII detected and unclassified1: 460
Number of pixels with Halpha detected, Hbeta detected, SII detected, OIII not detected and unclassified1: 89
Number of pixels with Halpha detected, Hbeta detected, SII detected, OIII detected and unclassified1: 3314
--------------------------------------------------------------
Total corrected Halpha luminosity: 1.77e+40 erg/s
Total corrected Halpha luminosity from SF region: 1.33e+40 erg/s
Total Halpha SFR: 0.09 M☉/yr or in log10 scale: -1.05 log(M☉/yr)
Total Halpha SFR from SF region: 0.07 M☉/yr or in log10 scale: -1.18 log(M☉/yr)
Total Halpha SFR from HII region: 0.06 M☉/yr or in log10 scale: -1.21 log(M☉/yr)
--------------------------------------------------------------
[O/H] D16 SF: Total metallicity in SF region:  8.619119943343367
[O/H] PG16 SF: Total metallicity in SF region:  8.50446322764505
[O/H] N2S2-N06 SF: Total metallicity in SF region:  8.934697860060666
[O/H] O3N2-M13 SF: Total metallicity in SF region:  8.51602542968143
[O/H] N2-M13 SF: Total metallicity in SF region:  8.537264264452832
[O/H] O3N2-PP04 SF: Total metallicity in SF region:  8.704617464944196
[O/H] N2-PP04 SF: Total metallicity in SF region:  8.687616242276707
[O/H] O3N2-C20 SF: Total metallicity in SF region:  8.731505252090964
[O/H] O3S2-C20 SF: Total metallicity in SF region:  8.820152547165769
[O/H] RS32-C20 SF: Total metallicity in SF region:  8.702965948263394
[O/H] R3-C20 SF: Total metallicity in SF region:  8.714466028353833
[O/H] N2-C20 SF: Total metallicity in SF region:  8.720549607301932
[O/H] S2-C20 SF: Total metallicity in SF region:  nan
[O/H] Combined-C20 SF: Total metallicity in SF region:  8.702965948263394
--------------------------------------------------------------
[O/H] D16 HII: Total metallicity in HII region:  8.621832461583024
[O/H] PG16 HII: Total metallicity in HII region:  8.499915995493028
[O/H] N2S2-N06 HII: Total metallicity in HII region:  8.940898326704781
[O/H] O3N2-M13 HII: Total metallicity in HII region:  8.51984135914194
[O/H] N2-M13 HII: Total metallicity in HII region:  8.530477424003767
[O/H] O3N2-PP04 HII: Total metallicity in HII region:  8.710323527688885
[O/H] N2-PP04 HII: Total metallicity in HII region:  8.671662492027412
[O/H] O3N2-C20 HII: Total metallicity in HII region:  8.51984135914194
[O/H] O3S2-C20 HII: Total metallicity in HII region:  8.422958200736675
[O/H] RS32-C20 HII: Total metallicity in HII region:  7.837045465209644
[O/H] R3-C20 HII: Total metallicity in HII region:  8.780175364677358
[O/H] N2-C20 HII: Total metallicity in HII region:  8.800040948153926
[O/H] S2-C20 HII: Total metallicity in HII region:  8.826335887684749
[O/H] Combined-C20 HII: Total metallicity in HII region:  8.51984135914194
--------------------------------------------------------------
[O/H] D16: Total metallicity in total region:  8.600777552208196
[O/H] PG16: Total metallicity in total region:  8.552337768461731
[O/H] N2S2-N06: Total metallicity in total region:  8.88914849431339
[O/H] O3N2-M13: Total metallicity in total region:  8.482436976871323
[O/H] N2-M13: Total metallicity in total region:  8.586966318021407
[O/H] O3N2-PP04: Total metallicity in total region:  8.654391741115997
[O/H] N2-PP04: Total metallicity in total region:  8.815791859654347
[O/H] O3N2-C20: Total metallicity in total region:  8.699344418344964
[O/H] O3S2-C20: Total metallicity in total region:  8.797615459842577
[O/H] RS32-C20: Total metallicity in total region:  8.613836320281436
[O/H] R3-C20: Total metallicity in total region:  8.637820872965774
[O/H] N2-C20: Total metallicity in total region:  8.843285962396333
[O/H] S2-C20: Total metallicity in total region:  nan
[O/H] Combined-C20: Total metallicity in total region:  8.613836320281436
--------------------------------------------------------------
Total runtime: 27.4 s
✅  NGC4694 finished in 0m33s
