/Users/Igniz/Desktop/ICRAR/extended/SFR+Z.py:313: RuntimeWarning: divide by zero encountered in divide
  BD = HA6562_FLUX / HB4861_FLUX
/Users/Igniz/Desktop/ICRAR/extended/SFR+Z.py:313: RuntimeWarning: invalid value encountered in divide
  BD = HA6562_FLUX / HB4861_FLUX
/Users/Igniz/Desktop/ICRAR/extended/SFR+Z.py:485: RuntimeWarning: divide by zero encountered in divide
  y = np.log10(NII6583_FLUX_corr / (SII6716_FLUX_corr + SII6730_FLUX_corr)) + 0.264*np.log10(NII6583_FLUX_corr / HA6562_FLUX_corr)
/Users/Igniz/Desktop/ICRAR/extended/SFR+Z.py:496: RuntimeWarning: divide by zero encountered in divide
  N2 = NII_scaled / HB4861_FLUX_corr   # N2 = I([N II]λ6548 + λ6584)/I(Hβ)
/Users/Igniz/Desktop/ICRAR/extended/SFR+Z.py:497: RuntimeWarning: divide by zero encountered in divide
  S2 = (SII6716_FLUX_corr + SII6730_FLUX_corr) / HB4861_FLUX_corr  # S2 = I([S II]λ6717 + λ6731)/I(Hβ)
/Users/Igniz/Desktop/ICRAR/extended/SFR+Z.py:497: RuntimeWarning: invalid value encountered in divide
  S2 = (SII6716_FLUX_corr + SII6730_FLUX_corr) / HB4861_FLUX_corr  # S2 = I([S II]λ6717 + λ6731)/I(Hβ)
/Users/Igniz/Desktop/ICRAR/extended/SFR+Z.py:498: RuntimeWarning: divide by zero encountered in divide
  R3 = OIII_scaled / HB4861_FLUX_corr  # R3 = I([O III]λ4959 + λ5007)/I(Hβ) (same value as R2 in this case)
/Users/Igniz/Desktop/ICRAR/extended/SFR+Z.py:500: RuntimeWarning: divide by zero encountered in divide
  log_R3_S2 = np.log10(R3/S2)
/Users/Igniz/Desktop/ICRAR/extended/SFR+Z.py:500: RuntimeWarning: invalid value encountered in divide
  log_R3_S2 = np.log10(R3/S2)
/Users/Igniz/Desktop/ICRAR/extended/SFR+Z.py:500: RuntimeWarning: divide by zero encountered in log10
  log_R3_S2 = np.log10(R3/S2)
/Users/Igniz/Desktop/ICRAR/extended/SFR+Z.py:502: RuntimeWarning: divide by zero encountered in log10
  log_S2 = np.log10(S2)
/Users/Igniz/Desktop/ICRAR/extended/SFR+Z.py:525: RuntimeWarning: invalid value encountered in add
  O_H_PG16[upper_mask] = (a1_upper + a2_upper * log_R3_S2[upper_mask] + a3_upper * log_N2[upper_mask] +
/Users/Igniz/Desktop/ICRAR/extended/SFR+Z.py:550: RuntimeWarning: divide by zero encountered in divide
  n2s2_ratio = np.log10(nii6583_flux / sii_total)
/Users/Igniz/Desktop/ICRAR/extended/SFR+Z.py:595: RuntimeWarning: divide by zero encountered in divide
  oiii_hb = oiii5006_flux / hb4861_flux
/Users/Igniz/Desktop/ICRAR/extended/SFR+Z.py:596: RuntimeWarning: divide by zero encountered in divide
  nii_ha = nii6583_flux / ha6562_flux
/Users/Igniz/Desktop/ICRAR/extended/SFR+Z.py:597: RuntimeWarning: invalid value encountered in divide
  o3n2_ratio = np.log10(oiii_hb / nii_ha)
/Users/Igniz/Desktop/ICRAR/extended/SFR+Z.py:597: RuntimeWarning: divide by zero encountered in log10
  o3n2_ratio = np.log10(oiii_hb / nii_ha)
/Users/Igniz/Desktop/ICRAR/extended/SFR+Z.py:618: RuntimeWarning: divide by zero encountered in divide
  n2_ratio = np.log10(nii6583_flux / ha6562_flux)
/Users/Igniz/Desktop/ICRAR/extended/SFR+Z.py:640: RuntimeWarning: divide by zero encountered in divide
  oiii_hb = oiii5006_flux / hb4861_flux
/Users/Igniz/Desktop/ICRAR/extended/SFR+Z.py:641: RuntimeWarning: divide by zero encountered in divide
  nii_ha = nii6583_flux / ha6562_flux
/Users/Igniz/Desktop/ICRAR/extended/SFR+Z.py:642: RuntimeWarning: invalid value encountered in divide
  o3n2_ratio = np.log10(oiii_hb / nii_ha)
/Users/Igniz/Desktop/ICRAR/extended/SFR+Z.py:642: RuntimeWarning: divide by zero encountered in log10
  o3n2_ratio = np.log10(oiii_hb / nii_ha)
/Users/Igniz/Desktop/ICRAR/extended/SFR+Z.py:663: RuntimeWarning: divide by zero encountered in divide
  n2_ratio = np.log10(nii6583_flux / ha6562_flux)
/Users/Igniz/Desktop/ICRAR/extended/SFR+Z.py:697: RuntimeWarning: divide by zero encountered in divide
  oiii_hb = oiii5006_flux / hb4861_flux
/Users/Igniz/Desktop/ICRAR/extended/SFR+Z.py:698: RuntimeWarning: divide by zero encountered in divide
  nii_ha = nii6583_flux / ha6562_flux
/Users/Igniz/Desktop/ICRAR/extended/SFR+Z.py:699: RuntimeWarning: invalid value encountered in divide
  o3n2_ratio = np.log10(oiii_hb / nii_ha)
/Users/Igniz/Desktop/ICRAR/extended/SFR+Z.py:699: RuntimeWarning: divide by zero encountered in log10
  o3n2_ratio = np.log10(oiii_hb / nii_ha)
/Users/Igniz/Desktop/ICRAR/extended/SFR+Z.py:788: RuntimeWarning: divide by zero encountered in divide
  oiii_hb = oiii5006_flux / hb4861_flux
/Users/Igniz/Desktop/ICRAR/extended/SFR+Z.py:791: RuntimeWarning: divide by zero encountered in divide
  sii_hb = sii_total / hb4861_flux
/Users/Igniz/Desktop/ICRAR/extended/SFR+Z.py:791: RuntimeWarning: invalid value encountered in divide
  sii_hb = sii_total / hb4861_flux
/Users/Igniz/Desktop/ICRAR/extended/SFR+Z.py:794: RuntimeWarning: divide by zero encountered in divide
  o3s2_ratio = np.log10(oiii_hb / sii_hb)
/Users/Igniz/Desktop/ICRAR/extended/SFR+Z.py:794: RuntimeWarning: invalid value encountered in divide
  o3s2_ratio = np.log10(oiii_hb / sii_hb)
/Users/Igniz/Desktop/ICRAR/extended/SFR+Z.py:794: RuntimeWarning: divide by zero encountered in log10
  o3s2_ratio = np.log10(oiii_hb / sii_hb)
/Users/Igniz/Desktop/ICRAR/extended/SFR+Z.py:1609: RuntimeWarning: divide by zero encountered in divide
  logN2  = np.log10(NII6583_FLUX_corr / HA6562_FLUX_corr)        # [N II]/Hα
/Users/Igniz/Desktop/ICRAR/extended/SFR+Z.py:1610: RuntimeWarning: divide by zero encountered in divide
  logS2  = np.log10((SII6716_FLUX_corr+SII6730_FLUX_corr) / HA6562_FLUX_corr)   # Σ[S II]/Hα
/Users/Igniz/Desktop/ICRAR/extended/SFR+Z.py:1610: RuntimeWarning: divide by zero encountered in log10
  logS2  = np.log10((SII6716_FLUX_corr+SII6730_FLUX_corr) / HA6562_FLUX_corr)   # Σ[S II]/Hα
/Users/Igniz/Desktop/ICRAR/extended/SFR+Z.py:1611: RuntimeWarning: divide by zero encountered in divide
  logO3  = np.log10(OIII5006_FLUX_corr / HB4861_FLUX_corr)       # [O III]/Hβ
/Users/Igniz/Desktop/ICRAR/extended/SFR+Z.py:1611: RuntimeWarning: divide by zero encountered in log10
  logO3  = np.log10(OIII5006_FLUX_corr / HB4861_FLUX_corr)       # [O III]/Hβ
/Users/Igniz/Desktop/ICRAR/extended/SFR+Z.py:1696: RuntimeWarning: invalid value encountered in subtract
  mask_N2_left, mask_S2_left = apply_bpt_masks(logN2=logN2-logN2_err, logS2=logS2-logS2_err, logO3=logO3)
/Users/Igniz/Desktop/ICRAR/extended/SFR+Z.py:1697: RuntimeWarning: invalid value encountered in add
  mask_N2_right, mask_S2_right = apply_bpt_masks(logN2=logN2+logN2_err, logS2=logS2+logS2_err, logO3=logO3)
/Users/Igniz/Desktop/ICRAR/extended/SFR+Z.py:1698: RuntimeWarning: invalid value encountered in subtract
  mask_N2_down, mask_S2_down = apply_bpt_masks(logN2=logN2, logS2=logS2, logO3=logO3-logO3_err)
/Users/Igniz/Desktop/ICRAR/extended/SFR+Z.py:1699: RuntimeWarning: invalid value encountered in add
  mask_N2_up, mask_S2_up = apply_bpt_masks(logN2=logN2, logS2=logS2, logO3=logO3+logO3_err)
Reading gas-line FITS ➜ NGC4698_gas_BIN_maps.fits
File not found: NGC4698_KIN_maps_extended.fits
--------------------------------------------------------------
Extinction law for k(λ)=A(λ)/E(B−V): mw (mw_rv=3.1)
k(Hβ 4861Å)  = 3.6092   at λ=0.4861 µm
k(Hα 6562Å)  = 2.5355   at λ=0.6562 µm
k([OIII]5006)= 3.4736   at λ=0.5006 µm
k([NII]6583) = 2.5255   at λ=0.6583 µm
k([SII]6716) = 2.4619   at λ=0.6716 µm
k([SII]6730) = 2.4552   at λ=0.6730 µm
--------------------------------------------------------------
Calculating all 6 C20 metallicities for NGC4698...
Combined C20 metallicity: median = 8.500, range = (8.107, 8.988)
Combined C20 method usage: O3N2=18527, O3S2=1, RS32=259214, R3=467, N2=3093, S2=86
Galaxy NGC4698 inclination: 66.0° (cos θ = 0.407)
Inclination correction ENABLED: applying b/a = 0.446 (adopting intrinsic thickness q₀ = 0.2 for disc galaxy)
Combined C20 total: Selected RS32-C20 with error 0.012
Available methods: [('O3N2-C20', np.float64(8.7429772408744), np.float64(0.019978803430137613)), ('O3S2-C20', np.float64(8.783222606585419), np.float64(0.020996315950671016)), ('RS32-C20', np.float64(8.710675987843208), np.float64(0.012029684066606322)), ('R3-C20', np.float64(8.700285427488996), np.float64(0.02759974088090439)), ('N2-C20', np.float64(8.849106681793604), np.float64(0.3966417639447641)), ('S2-C20', np.float64(8.515018078223353), np.float64(0.08734323645429173))]
Combined C20 total: Selected RS32-C20 with error 0.000
Available methods: [('O3N2-C20', np.float64(8.68144244502821), np.float64(3.7635158625721073e-05)), ('O3S2-C20', np.float64(8.738791713375564), np.float64(5.1957550541977896e-05)), ('RS32-C20', np.float64(8.47095056982554), np.float64(1.952851111459642e-05)), ('R3-C20', np.float64(8.500957926148152), np.float64(7.098080386242454e-05))]
Extended file written ➜ /Users/Igniz/Desktop/ICRAR/extended/NGC4698_gas_BIN_maps_extended.fits
--------------------------------------------------------------
Total non-nan spaxels: 283391
Number of pixels with Halpha not detected: 40949
Number of pixels with Halpha detected, Hbeta not detected: 132446
Number of pixels with Halpha detected, Hbeta detected, NII not detected, OIII not detected and unclassified1: 0
Number of pixels with Halpha detected, Hbeta detected, NII not detected, OIII detected and unclassified1: 9
Number of pixels with Halpha detected, Hbeta detected, NII detected, OIII not detected and unclassified1: 307
Number of pixels with Halpha detected, Hbeta detected, NII detected, OIII detected and unclassified1: 5526
Number of pixels with Halpha detected, Hbeta detected, SII not detected, OIII not detected and unclassified1: 259
Number of pixels with Halpha detected, Hbeta detected, SII not detected, OIII detected and unclassified1: 3398
Number of pixels with Halpha detected, Hbeta detected, SII detected, OIII not detected and unclassified1: 48
Number of pixels with Halpha detected, Hbeta detected, SII detected, OIII detected and unclassified1: 2137
--------------------------------------------------------------
Total corrected Halpha luminosity: 1.21e+40 erg/s
Total corrected Halpha luminosity from SF region: 4.12e+39 erg/s
Total Halpha SFR: 0.06 M☉/yr or in log10 scale: -1.22 log(M☉/yr)
Total Halpha SFR from SF region: 0.02 M☉/yr or in log10 scale: -1.69 log(M☉/yr)
Total Halpha SFR from HII region: 0.01 M☉/yr or in log10 scale: -1.94 log(M☉/yr)
--------------------------------------------------------------
[O/H] D16 SF: Total metallicity in SF region:  8.879762060177155
[O/H] PG16 SF: Total metallicity in SF region:  8.619957524389529
[O/H] N2S2-N06 SF: Total metallicity in SF region:  9.123901303750232
[O/H] O3N2-M13 SF: Total metallicity in SF region:  8.5282496054156
[O/H] N2-M13 SF: Total metallicity in SF region:  8.587729996502905
[O/H] O3N2-PP04 SF: Total metallicity in SF region:  8.722896606228934
[O/H] N2-PP04 SF: Total metallicity in SF region:  8.817924138199748
[O/H] O3N2-C20 SF: Total metallicity in SF region:  8.7429772408744
[O/H] O3S2-C20 SF: Total metallicity in SF region:  8.783222606585419
[O/H] RS32-C20 SF: Total metallicity in SF region:  8.710675987843208
[O/H] R3-C20 SF: Total metallicity in SF region:  8.700285427488996
[O/H] N2-C20 SF: Total metallicity in SF region:  8.849106681793604
[O/H] S2-C20 SF: Total metallicity in SF region:  8.515018078223353
[O/H] Combined-C20 SF: Total metallicity in SF region:  8.710675987843208
--------------------------------------------------------------
[O/H] D16 HII: Total metallicity in HII region:  8.865822468685993
[O/H] PG16 HII: Total metallicity in HII region:  8.587959173650662
[O/H] N2S2-N06 HII: Total metallicity in HII region:  9.130152938826551
[O/H] O3N2-M13 HII: Total metallicity in HII region:  8.560842039637054
[O/H] N2-M13 HII: Total metallicity in HII region:  8.549846976400474
[O/H] O3N2-PP04 HII: Total metallicity in HII region:  8.771632956466624
[O/H] N2-PP04 HII: Total metallicity in HII region:  8.718149455735203
[O/H] O3N2-C20 HII: Total metallicity in HII region:  8.560842039637054
[O/H] O3S2-C20 HII: Total metallicity in HII region:  8.421841660939904
[O/H] RS32-C20 HII: Total metallicity in HII region:  7.874464950864814
[O/H] R3-C20 HII: Total metallicity in HII region:  8.835851312662703
[O/H] N2-C20 HII: Total metallicity in HII region:  8.814694183797723
[O/H] S2-C20 HII: Total metallicity in HII region:  8.738235317628737
[O/H] Combined-C20 HII: Total metallicity in HII region:  8.560842039637054
--------------------------------------------------------------
[O/H] D16: Total metallicity in total region:  8.871697296710842
[O/H] PG16: Total metallicity in total region:  8.810324598139722
[O/H] N2S2-N06: Total metallicity in total region:  9.059621489473209
[O/H] O3N2-M13: Total metallicity in total region:  8.464175318794632
[O/H] N2-M13: Total metallicity in total region:  8.720142262219717
[O/H] O3N2-PP04: Total metallicity in total region:  8.627084588851789
[O/H] N2-PP04: Total metallicity in total region:  9.272610005812853
[O/H] O3N2-C20: Total metallicity in total region:  8.68144244502821
[O/H] O3S2-C20: Total metallicity in total region:  8.738791713375564
[O/H] RS32-C20: Total metallicity in total region:  8.47095056982554
[O/H] R3-C20: Total metallicity in total region:  8.500957926148152
[O/H] N2-C20: Total metallicity in total region:  nan
[O/H] S2-C20: Total metallicity in total region:  nan
[O/H] Combined-C20: Total metallicity in total region:  8.47095056982554
--------------------------------------------------------------
Total runtime: 121.1 s
✅  NGC4698 finished in 2m9s
