Python executable: /arc/home/RongjunHuang/.conda/envs/ICRAR/bin/python
Python 3.13.3
PYTHONUNBUFFERED: 1
Product root     : /arc/projects/mauve/products
Product subdir   : v3tk_v7.6.8_7000
Local fallback   : /arc/home/RongjunHuang/ICRAR/further

Matplotlib is building the font cache; this may take a moment.
Traceback (most recent call last):
  File "/arc/home/RongjunHuang/ICRAR/further/SFR+Z.py", line 872, in <module>
    input_keyword, gas_paths = resolve_keyworded_input_group(
                               ~~~~~~~~~~~~~~~~~~~~~~~~~~~~~^
        "SFR gas FITS input",
        ^^^^^^^^^^^^^^^^^^^^^
    ...<6 lines>...
        },
        ^^
    )
    ^
  File "/arc/home/RongjunHuang/ICRAR/further/SFR+Z.py", line 571, in resolve_keyworded_input_group
    raise FileNotFoundError(
    ...<4 lines>...
    )
FileNotFoundError: Could not find SFR gas FITS input with a shared optional keyword.
Each required product input must use the same text between 'NGC4321_' and its product suffix.
Found keyword groups:
  - gas-line FITS: none
🛑  NGC4321 failed (exit 1) after 2m2s – see /arc/projects/mauve/products/v3tk_v7.6.8_7000/sfr_logs/NGC4321.log
