Python executable: /arc/home/RongjunHuang/.conda/envs/ICRAR/bin/python
Python 3.13.3
PYTHONUNBUFFERED: 1
Product root     : /arc/projects/mauve/products
Product subdir   : v3tk_v7.6.8_7000
Local fallback   : /arc/home/RongjunHuang/ICRAR/further

Shared input keyword ➜ <none>
Reading gas-line FITS ➜ /arc/projects/mauve/products/v3tk_v7.6.8_7000/NGC4192/NGC4192_gas_bin_maps.fits
Matched binning FITS ➜ /arc/projects/mauve/products/v3tk_v7.6.8_7000/NGC4192/NGC4192_spatial_binning_maps_further.fits
Spatial mask FITS ➜ /arc/projects/mauve/products/v3tk_v7.6.8_7000/NGC4192/NGC4192_mask.fits
Gas-line maps collapsed onto spatial BINID: 31838 bins
Available gas-line flux/error pairs:
  - HB4861
  - OIII4958
  - OIII5006
  - NII5754
  - OI6300
  - SIII6312
  - OI6363
  - NII6548
  - HA6562
  - NII6583
  - SII6716
  - SII6730
Te-method optional emission-line availability:
  - OIII4958: available
  - NII5754: available
  - SIII6312: available
  - NII6548: available
  - OII7318: missing
  - OII7319: missing
  - OII7329: missing
  - OII7330: missing
  - SIII9068: missing
Spatial mask applied: MASKFILE[MASK] table; row-major MASK == 0; keep=525648, masked=1253220, finite H-alpha after mask=525648
/arc/home/RongjunHuang/ICRAR/further/SFR+Z.py:1061: RuntimeWarning: divide by zero encountered in divide
  BD = HA6562_FLUX / HB4861_FLUX
--------------------------------------------------------------
Extinction law for k(λ)=A(λ)/E(B−V): calzetti
k(Hβ 4861Å)  = 4.5981   at λ=0.4861 µm
k(Hα 6562Å)  = 3.3264   at λ=0.6562 µm
k([OIII]5006)= 4.4647   at λ=0.5006 µm
k([NII]6583) = 3.3130   at λ=0.6583 µm
k([SII]6716) = 3.2298   at λ=0.6716 µm
k([SII]6730) = 3.2212   at λ=0.6730 µm
k(OIII4958) = 4.5083   at λ=0.4958 µm
k(NII5754) = 3.8531   at λ=0.5755 µm
k(OI6300) = 3.5017   at λ=0.6300 µm
k(SIII6312) = 3.4934   at λ=0.6312 µm
k(OI6363) = 3.4582   at λ=0.6363 µm
k(NII6548) = 3.3355   at λ=0.6548 µm
k(OII7318) = 2.8906   at λ=0.7319 µm (line missing; NaN placeholder)
k(OII7319) = 2.8901   at λ=0.7320 µm (line missing; NaN placeholder)
k(OII7329) = 2.8854   at λ=0.7329 µm (line missing; NaN placeholder)
k(OII7330) = 2.8844   at λ=0.7331 µm (line missing; NaN placeholder)
k(SIII9068) = 2.1615   at λ=0.9069 µm (line missing; NaN placeholder)
--------------------------------------------------------------
/arc/home/RongjunHuang/ICRAR/further/SFR+Z.py:1952: RuntimeWarning: divide by zero encountered in divide
  N2 = NII_scaled / HB4861_FLUX_corr   # N2 = I([N II]λ6548 + λ6584)/I(Hβ)
/arc/home/RongjunHuang/ICRAR/further/SFR+Z.py:1953: RuntimeWarning: divide by zero encountered in divide
  S2 = (SII6716_FLUX_corr + SII6730_FLUX_corr) / HB4861_FLUX_corr  # S2 = I([S II]λ6717 + λ6731)/I(Hβ)
/arc/home/RongjunHuang/ICRAR/further/SFR+Z.py:1954: RuntimeWarning: divide by zero encountered in divide
  R3 = OIII_scaled / HB4861_FLUX_corr  # R3 = I([O III]λ4959 + λ5007)/I(Hβ) (same value as R2 in this case)
/arc/home/RongjunHuang/ICRAR/further/SFR+Z.py:1954: RuntimeWarning: invalid value encountered in divide
  R3 = OIII_scaled / HB4861_FLUX_corr  # R3 = I([O III]λ4959 + λ5007)/I(Hβ) (same value as R2 in this case)
/arc/home/RongjunHuang/ICRAR/further/SFR+Z.py:1956: RuntimeWarning: invalid value encountered in divide
  log_R3_S2 = np.log10(R3/S2)
/arc/home/RongjunHuang/ICRAR/further/SFR+Z.py:1956: RuntimeWarning: divide by zero encountered in log10
  log_R3_S2 = np.log10(R3/S2)
/arc/home/RongjunHuang/ICRAR/further/SFR+Z.py:1981: RuntimeWarning: invalid value encountered in add
  O_H_PG16[upper_mask] = (a1_upper + a2_upper * log_R3_S2[upper_mask] + a3_upper * log_N2[upper_mask] +
/arc/home/RongjunHuang/ICRAR/further/SFR+Z.py:2051: RuntimeWarning: divide by zero encountered in divide
  oiii_hb = oiii5006_flux / hb4861_flux
/arc/home/RongjunHuang/ICRAR/further/SFR+Z.py:2051: RuntimeWarning: invalid value encountered in divide
  oiii_hb = oiii5006_flux / hb4861_flux
/arc/home/RongjunHuang/ICRAR/further/SFR+Z.py:2053: RuntimeWarning: divide by zero encountered in log10
  o3n2_ratio = np.log10(oiii_hb / nii_ha)
/arc/home/RongjunHuang/ICRAR/further/SFR+Z.py:2098: RuntimeWarning: divide by zero encountered in divide
  oiii_hb = oiii5006_flux / hb4861_flux
/arc/home/RongjunHuang/ICRAR/further/SFR+Z.py:2098: RuntimeWarning: invalid value encountered in divide
  oiii_hb = oiii5006_flux / hb4861_flux
/arc/home/RongjunHuang/ICRAR/further/SFR+Z.py:2100: RuntimeWarning: divide by zero encountered in log10
  o3n2_ratio = np.log10(oiii_hb / nii_ha)
/arc/home/RongjunHuang/ICRAR/further/SFR+Z.py:2157: RuntimeWarning: divide by zero encountered in divide
  oiii_hb = oiii5006_flux / hb4861_flux
/arc/home/RongjunHuang/ICRAR/further/SFR+Z.py:2157: RuntimeWarning: invalid value encountered in divide
  oiii_hb = oiii5006_flux / hb4861_flux
/arc/home/RongjunHuang/ICRAR/further/SFR+Z.py:2159: RuntimeWarning: divide by zero encountered in log10
  o3n2_ratio = np.log10(oiii_hb / nii_ha)
/arc/home/RongjunHuang/ICRAR/further/SFR+Z.py:2259: RuntimeWarning: divide by zero encountered in divide
  oiii_hb = oiii5006_flux / hb4861_flux
/arc/home/RongjunHuang/ICRAR/further/SFR+Z.py:2259: RuntimeWarning: invalid value encountered in divide
  oiii_hb = oiii5006_flux / hb4861_flux
/arc/home/RongjunHuang/ICRAR/further/SFR+Z.py:2262: RuntimeWarning: divide by zero encountered in divide
  sii_hb = sii_total / hb4861_flux
/arc/home/RongjunHuang/ICRAR/further/SFR+Z.py:2265: RuntimeWarning: invalid value encountered in divide
  o3s2_ratio = np.log10(oiii_hb / sii_hb)
/arc/home/RongjunHuang/ICRAR/further/SFR+Z.py:2265: RuntimeWarning: divide by zero encountered in log10
  o3s2_ratio = np.log10(oiii_hb / sii_hb)
Calculating all 6 C20 metallicities for NGC4192...
Combined C20 metallicity: median = 8.711, range = (8.016, 8.904)
Combined C20 dominant-weight method usage: O3N2=116771, O3S2=0, RS32=19043, R3=319413, N2=7, S2=66975
Galaxy NGC4192 inclination: 83.0° (cos θ = 0.122)
Inclination correction ENABLED: applying b/a = 0.233 (adopting intrinsic thickness q₀ = 0.2 for disc galaxy)
/arc/home/RongjunHuang/ICRAR/further/SFR+Z.py:2975: RuntimeWarning: divide by zero encountered in divide
  logO3  = np.log10(OIII5006_FLUX_corr / HB4861_FLUX_corr)       # [O III]/Hβ
/arc/home/RongjunHuang/ICRAR/further/SFR+Z.py:2975: RuntimeWarning: invalid value encountered in divide
  logO3  = np.log10(OIII5006_FLUX_corr / HB4861_FLUX_corr)       # [O III]/Hβ
/arc/home/RongjunHuang/ICRAR/further/SFR+Z.py:2975: RuntimeWarning: divide by zero encountered in log10
  logO3  = np.log10(OIII5006_FLUX_corr / HB4861_FLUX_corr)       # [O III]/Hβ
/arc/home/RongjunHuang/ICRAR/further/SFR+Z.py:3063: RuntimeWarning: invalid value encountered in add
  mask_N2_up, mask_S2_up = apply_bpt_masks(logN2=logN2, logS2=logS2, logO3=logO3+logO3_err)
Loaded SII density lookup table: /arc/home/RongjunHuang/ICRAR/further/pyneb_sii_6716_6731_density_lookup_te8000_13000_step1000_ne20_100000_n4096.npz
PyNeb Te-method valid-pixel counts:
  NE_SII finite pixels: 433829
  NE_SII fixed at 20 cm^-3: 198377/433829 (45.7%)
  NE_SII exact high-density fallback pixels: 20
  NE_SII_ALL finite pixels: 525648
  Te(NII) HII pixels: 1012
  Te(NII) SF pixels: 1117
  Brazzini+2024 direct HII pixels: 0
  Brazzini+2024 direct SF pixels: 0
  NII+OII7325 semi-direct HII pixels: 0
  NII+OII7325 semi-direct SF pixels: 0
  Kreckel+2025 NII-only HII pixels: 472
  Kreckel+2025 NII-only SF pixels: 515
Integrated PyNeb Te-method values:
  SF:
    NE_SII: 20.00 +/- 0.00 cm^-3 (n_pix=250019, fixed20=0, exact_high_density=0)
    Te(NII): 9278.5 +/- 26.2 K (n_pix=1380)
    O_H_BR24_DIRECT: nan dex (n_pix=0)
    O_H_NII_OII7325: nan dex (n_pix=0)
    O_H_NII_K25: 8.5759 +/- 0.1985 dex (n_pix=1380)
  HII:
    NE_SII: 20.00 +/- 0.00 cm^-3 (n_pix=154129, fixed20=0, exact_high_density=0)
    Te(NII): 8692.7 +/- 18.9 K (n_pix=1100)
    O_H_BR24_DIRECT: nan dex (n_pix=0)
    O_H_NII_OII7325: nan dex (n_pix=0)
    O_H_NII_K25: 8.6456 +/- 0.1932 dex (n_pix=1100)
Further file written ➜ /arc/projects/mauve/products/v3tk_v7.6.8_7000/NGC4192/NGC4192_gas_bin_maps_further.fits
--------------------------------------------------------------
Total non-nan spaxels: 525648
Number of pixels with Halpha not detected: 756
Number of pixels with Halpha detected, Hbeta not detected: 122398
Number of pixels with Halpha detected, Hbeta detected, NII not detected, OIII not detected and unclassified1: 0
Number of pixels with Halpha detected, Hbeta detected, NII not detected, OIII detected and unclassified1: 0
Number of pixels with Halpha detected, Hbeta detected, NII detected, OIII not detected and unclassified1: 9649
Number of pixels with Halpha detected, Hbeta detected, NII detected, OIII detected and unclassified1: 66937
Number of pixels with Halpha detected, Hbeta detected, SII not detected, OIII not detected and unclassified1: 405
Number of pixels with Halpha detected, Hbeta detected, SII not detected, OIII detected and unclassified1: 1505
Number of pixels with Halpha detected, Hbeta detected, SII detected, OIII not detected and unclassified1: 9244
Number of pixels with Halpha detected, Hbeta detected, SII detected, OIII detected and unclassified1: 65432
--------------------------------------------------------------
Total Halpha luminosity map sum (detections + upper-limit substitutions): 3.23e+41 erg/s
Total corrected Halpha luminosity from SF region: 2.57e+41 erg/s
Total Halpha SFR map sum (detections + upper-limit substitutions): 1.61 M☉/yr or in log10 scale: 0.21 log(M☉/yr)
Total Halpha SFR from SF region: 1.28 M☉/yr or in log10 scale: 0.11 log(M☉/yr)
Total Halpha SFR from HII region: 1.05 M☉/yr or in log10 scale: 0.02 log(M☉/yr)
--------------------------------------------------------------
[O/H] D16 SF: Total metallicity in SF region:  8.779541476858917
[O/H] PG16 SF: Total metallicity in SF region:  8.581203438206117
[O/H] N2S2-N06 SF: Total metallicity in SF region:  9.056753454963689
[O/H] O3N2-M13 SF: Total metallicity in SF region:  8.539110494361113
[O/H] N2-M13 SF: Total metallicity in SF region:  8.570702861772176
[O/H] O3N2-PP04 SF: Total metallicity in SF region:  8.739137187829702
[O/H] N2-PP04 SF: Total metallicity in SF region:  8.771582546286174
[O/H] O3N2-C20 SF: Total metallicity in SF region:  8.753070684029906
[O/H] O3S2-C20 SF: Total metallicity in SF region:  8.813618177214032
[O/H] RS32-C20 SF: Total metallicity in SF region:  8.722117012623329
[O/H] R3-C20 SF: Total metallicity in SF region:  8.72390337488321
[O/H] N2-C20 SF: Total metallicity in SF region:  8.78517041935959
[O/H] S2-C20 SF: Total metallicity in SF region:  8.742741193197048
[O/H] Combined-C20 SF: Total metallicity in SF region:  8.74730456882104 (weighted 6 methods; dominant S2)
--------------------------------------------------------------
[O/H] D16 HII: Total metallicity in HII region:  8.782492192002435
[O/H] PG16 HII: Total metallicity in HII region:  8.57355907367167
[O/H] N2S2-N06 HII: Total metallicity in HII region:  9.063858499921693
[O/H] O3N2-M13 HII: Total metallicity in HII region:  8.545046818288544
[O/H] N2-M13 HII: Total metallicity in HII region:  8.560271860687298
[O/H] O3N2-PP04 HII: Total metallicity in HII region:  8.74801393388941
[O/H] N2-PP04 HII: Total metallicity in HII region:  8.744409679623152
[O/H] O3N2-C20 HII: Total metallicity in HII region:  8.758549060062773
[O/H] O3S2-C20 HII: Total metallicity in HII region:  8.817454098056736
[O/H] RS32-C20 HII: Total metallicity in HII region:  8.737517774371838
[O/H] R3-C20 HII: Total metallicity in HII region:  8.73699157741637
[O/H] N2-C20 HII: Total metallicity in HII region:  8.761850010525487
[O/H] S2-C20 HII: Total metallicity in HII region:  8.767187451621458
[O/H] Combined-C20 HII: Total metallicity in HII region:  8.758456080558053 (weighted 6 methods; dominant S2)
--------------------------------------------------------------
[O/H] D16: Total metallicity in total region:  8.7913676518189
[O/H] PG16: Total metallicity in total region:  8.617344243738687
[O/H] N2S2-N06: Total metallicity in total region:  9.050255312247629
[O/H] O3N2-M13: Total metallicity in total region:  8.52749253355289
[O/H] N2-M13: Total metallicity in total region:  8.605001242330568
[O/H] O3N2-PP04: Total metallicity in total region:  8.721764536153854
[O/H] N2-PP04: Total metallicity in total region:  nan
[O/H] O3N2-C20: Total metallicity in total region:  8.742270220448253
[O/H] O3S2-C20: Total metallicity in total region:  8.804159346443106
[O/H] RS32-C20: Total metallicity in total region:  8.680390659534373
[O/H] R3-C20: Total metallicity in total region:  8.688861123228568
[O/H] N2-C20: Total metallicity in total region:  nan
[O/H] S2-C20: Total metallicity in total region:  nan
[O/H] Combined-C20: Total metallicity in total region:  8.714987752883864 (weighted 4 methods; dominant R3)
--------------------------------------------------------------
Total runtime: 1674.4 s
✅  NGC4192 finished in 29m38s
