Python executable: /arc/home/RongjunHuang/.conda/envs/ICRAR/bin/python
Python 3.13.3
PYTHONUNBUFFERED: 1
Product root     : /arc/projects/mauve/products
Product subdir   : v3tk_v7.6.8_7000
Local fallback   : /arc/home/RongjunHuang/ICRAR/further

Shared input keyword ➜ <none>
Reading gas-line FITS ➜ /arc/projects/mauve/products/v3tk_v7.6.8_7000/NGC4294/NGC4294_gas_bin_maps.fits
Matched binning FITS ➜ /arc/projects/mauve/products/v3tk_v7.6.8_7000/NGC4294/NGC4294_spatial_binning_maps_further.fits
Spatial mask FITS ➜ /arc/projects/mauve/products/v3tk_v7.6.8_7000/NGC4294/NGC4294_mask.fits
Gas-line maps collapsed onto spatial BINID: 4970 bins
Available gas-line flux/error pairs:
  - HB4861
  - OIII4958
  - OIII5006
  - NII5754
  - OI6300
  - SIII6312
  - OI6363
  - NII6548
  - HA6562
  - NII6583
  - SII6716
  - SII6730
Te-method optional emission-line availability:
  - OIII4958: available
  - NII5754: available
  - SIII6312: available
  - NII6548: available
  - OII7318: missing
  - OII7319: missing
  - OII7329: missing
  - OII7330: missing
  - SIII9068: missing
Spatial mask applied: MASKFILE[MASK] table; row-major MASK == 0; keep=179882, masked=196039, finite H-alpha after mask=179882
--------------------------------------------------------------
Extinction law for k(λ)=A(λ)/E(B−V): calzetti
k(Hβ 4861Å)  = 4.5981   at λ=0.4861 µm
k(Hα 6562Å)  = 3.3264   at λ=0.6562 µm
k([OIII]5006)= 4.4647   at λ=0.5006 µm
k([NII]6583) = 3.3130   at λ=0.6583 µm
k([SII]6716) = 3.2298   at λ=0.6716 µm
k([SII]6730) = 3.2212   at λ=0.6730 µm
k(OIII4958) = 4.5083   at λ=0.4958 µm
k(NII5754) = 3.8531   at λ=0.5755 µm
k(OI6300) = 3.5017   at λ=0.6300 µm
k(SIII6312) = 3.4934   at λ=0.6312 µm
k(OI6363) = 3.4582   at λ=0.6363 µm
k(NII6548) = 3.3355   at λ=0.6548 µm
k(OII7318) = 2.8906   at λ=0.7319 µm (line missing; NaN placeholder)
k(OII7319) = 2.8901   at λ=0.7320 µm (line missing; NaN placeholder)
k(OII7329) = 2.8854   at λ=0.7329 µm (line missing; NaN placeholder)
k(OII7330) = 2.8844   at λ=0.7331 µm (line missing; NaN placeholder)
k(SIII9068) = 2.1615   at λ=0.9069 µm (line missing; NaN placeholder)
--------------------------------------------------------------
Calculating all 6 C20 metallicities for NGC4294...
Combined C20 metallicity: median = 8.624, range = (8.331, 8.718)
Combined C20 dominant-weight method usage: O3N2=0, O3S2=0, RS32=1342, R3=163496, N2=0, S2=15044
Galaxy NGC4294 inclination: 74.0° (cos θ = 0.276)
Inclination correction ENABLED: applying b/a = 0.336 (adopting intrinsic thickness q₀ = 0.2 for disc galaxy)
Loaded SII density lookup table: /arc/home/RongjunHuang/ICRAR/further/pyneb_sii_6716_6731_density_lookup_te8000_13000_step1000_ne20_100000_n4096.npz
PyNeb Te-method valid-pixel counts:
  NE_SII finite pixels: 133655
  NE_SII fixed at 20 cm^-3: 31735/133655 (23.7%)
  NE_SII exact high-density fallback pixels: 0
  NE_SII_ALL finite pixels: 179882
  Te(NII) HII pixels: 1483
  Te(NII) SF pixels: 1483
  Brazzini+2024 direct HII pixels: 0
  Brazzini+2024 direct SF pixels: 0
  NII+OII7325 semi-direct HII pixels: 0
  NII+OII7325 semi-direct SF pixels: 0
  Kreckel+2025 NII-only HII pixels: 1114
  Kreckel+2025 NII-only SF pixels: 1114
Integrated PyNeb Te-method values:
  SF:
    NE_SII: 34.05 +/- 0.07 cm^-3 (n_pix=68011, fixed20=0, exact_high_density=0)
    Te(NII): 10244.7 +/- 21.1 K (n_pix=1483)
    O_H_BR24_DIRECT: nan dex (n_pix=0)
    O_H_NII_OII7325: nan dex (n_pix=0)
    O_H_NII_K25: 8.4609 +/- 0.2076 dex (n_pix=1483)
  HII:
    NE_SII: 34.05 +/- 0.07 cm^-3 (n_pix=68011, fixed20=0, exact_high_density=0)
    Te(NII): 10244.7 +/- 21.1 K (n_pix=1483)
    O_H_BR24_DIRECT: nan dex (n_pix=0)
    O_H_NII_OII7325: nan dex (n_pix=0)
    O_H_NII_K25: 8.4609 +/- 0.2076 dex (n_pix=1483)
Further file written ➜ /arc/projects/mauve/products/v3tk_v7.6.8_7000/NGC4294/NGC4294_gas_bin_maps_further.fits
--------------------------------------------------------------
Total non-nan spaxels: 179882
Number of pixels with Halpha not detected: 9864
Number of pixels with Halpha detected, Hbeta not detected: 39328
Number of pixels with Halpha detected, Hbeta detected, NII not detected, OIII not detected and unclassified1: 0
Number of pixels with Halpha detected, Hbeta detected, NII not detected, OIII detected and unclassified1: 0
Number of pixels with Halpha detected, Hbeta detected, NII detected, OIII not detected and unclassified1: 0
Number of pixels with Halpha detected, Hbeta detected, NII detected, OIII detected and unclassified1: 0
Number of pixels with Halpha detected, Hbeta detected, SII not detected, OIII not detected and unclassified1: 0
Number of pixels with Halpha detected, Hbeta detected, SII not detected, OIII detected and unclassified1: 0
Number of pixels with Halpha detected, Hbeta detected, SII detected, OIII not detected and unclassified1: 0
Number of pixels with Halpha detected, Hbeta detected, SII detected, OIII detected and unclassified1: 0
--------------------------------------------------------------
Total Halpha luminosity map sum (detections + upper-limit substitutions): 9.97e+40 erg/s
Total corrected Halpha luminosity from SF region: 8.80e+40 erg/s
Total Halpha SFR map sum (detections + upper-limit substitutions): 0.50 M☉/yr or in log10 scale: -0.30 log(M☉/yr)
Total Halpha SFR from SF region: 0.44 M☉/yr or in log10 scale: -0.36 log(M☉/yr)
Total Halpha SFR from HII region: 0.44 M☉/yr or in log10 scale: -0.36 log(M☉/yr)
--------------------------------------------------------------
[O/H] D16 SF: Total metallicity in SF region:  8.154867388599229
[O/H] PG16 SF: Total metallicity in SF region:  8.234259418150549
[O/H] N2S2-N06 SF: Total metallicity in SF region:  8.469288871042266
[O/H] O3N2-M13 SF: Total metallicity in SF region:  8.316862455682696
[O/H] N2-M13 SF: Total metallicity in SF region:  8.350146261462175
[O/H] O3N2-PP04 SF: Total metallicity in SF region:  8.406803672048893
[O/H] N2-PP04 SF: Total metallicity in SF region:  8.358136511635555
[O/H] O3N2-C20 SF: Total metallicity in SF region:  8.523876479440094
[O/H] O3S2-C20 SF: Total metallicity in SF region:  8.696187480015332
[O/H] RS32-C20 SF: Total metallicity in SF region:  8.555387502089818
[O/H] R3-C20 SF: Total metallicity in SF region:  8.547095524192898
[O/H] N2-C20 SF: Total metallicity in SF region:  8.49284807416871
[O/H] S2-C20 SF: Total metallicity in SF region:  8.58950086139305
[O/H] Combined-C20 SF: Total metallicity in SF region:  8.565211420714528 (weighted 6 methods; dominant S2)
--------------------------------------------------------------
[O/H] D16 HII: Total metallicity in HII region:  8.154867388599229
[O/H] PG16 HII: Total metallicity in HII region:  8.234259418150549
[O/H] N2S2-N06 HII: Total metallicity in HII region:  8.469288871042266
[O/H] O3N2-M13 HII: Total metallicity in HII region:  8.316862455682696
[O/H] N2-M13 HII: Total metallicity in HII region:  8.350146261462175
[O/H] O3N2-PP04 HII: Total metallicity in HII region:  8.406803672048893
[O/H] N2-PP04 HII: Total metallicity in HII region:  8.358136511635555
[O/H] O3N2-C20 HII: Total metallicity in HII region:  8.523876479440094
[O/H] O3S2-C20 HII: Total metallicity in HII region:  8.696187480015332
[O/H] RS32-C20 HII: Total metallicity in HII region:  8.555387502089818
[O/H] R3-C20 HII: Total metallicity in HII region:  8.547095524192898
[O/H] N2-C20 HII: Total metallicity in HII region:  8.49284807416871
[O/H] S2-C20 HII: Total metallicity in HII region:  8.58950086139305
[O/H] Combined-C20 HII: Total metallicity in HII region:  8.565211420714528 (weighted 6 methods; dominant S2)
--------------------------------------------------------------
[O/H] D16: Total metallicity in total region:  8.127703590433336
[O/H] PG16: Total metallicity in total region:  8.22367264564399
[O/H] N2S2-N06: Total metallicity in total region:  8.407542068461241
[O/H] O3N2-M13: Total metallicity in total region:  8.32184303252677
[O/H] N2-M13: Total metallicity in total region:  8.355946590488738
[O/H] O3N2-PP04: Total metallicity in total region:  8.414251263591433
[O/H] N2-PP04: Total metallicity in total region:  8.36550525691111
[O/H] O3N2-C20: Total metallicity in total region:  8.529659375421687
[O/H] O3S2-C20: Total metallicity in total region:  8.708375055756157
[O/H] RS32-C20: Total metallicity in total region:  8.555361219734127
[O/H] R3-C20: Total metallicity in total region:  8.551225629761541
[O/H] N2-C20: Total metallicity in total region:  8.499156932750136
[O/H] S2-C20: Total metallicity in total region:  nan
[O/H] Combined-C20: Total metallicity in total region:  8.559875219224487 (weighted 5 methods; dominant R3)
--------------------------------------------------------------
Total runtime: 187.4 s
✅  NGC4294 finished in 4m51s
