Python executable: /arc/home/RongjunHuang/.conda/envs/ICRAR/bin/python
Python 3.13.3
PYTHONUNBUFFERED: 1
Product root     : /arc/projects/mauve/products
Product subdir   : v3tk_v7.6.8_7000
Local fallback   : /arc/home/RongjunHuang/ICRAR/further

Shared input keyword ➜ <none>
Reading gas-line FITS ➜ /arc/projects/mauve/products/v3tk_v7.6.8_7000/NGC4189/NGC4189_gas_bin_maps.fits
Matched binning FITS ➜ /arc/projects/mauve/products/v3tk_v7.6.8_7000/NGC4189/NGC4189_spatial_binning_maps_further.fits
Spatial mask FITS ➜ /arc/projects/mauve/products/v3tk_v7.6.8_7000/NGC4189/NGC4189_mask.fits
Gas-line maps collapsed onto spatial BINID: 5069 bins
Available gas-line flux/error pairs:
  - HB4861
  - OIII4958
  - OIII5006
  - NII5754
  - OI6300
  - SIII6312
  - OI6363
  - NII6548
  - HA6562
  - NII6583
  - SII6716
  - SII6730
Te-method optional emission-line availability:
  - OIII4958: available
  - NII5754: available
  - SIII6312: available
  - NII6548: available
  - OII7318: missing
  - OII7319: missing
  - OII7329: missing
  - OII7330: missing
  - SIII9068: missing
Spatial mask applied: MASKFILE[MASK] table; row-major MASK == 0; keep=177940, masked=12822, finite H-alpha after mask=177940
/arc/home/RongjunHuang/ICRAR/further/SFR+Z.py:1061: RuntimeWarning: divide by zero encountered in divide
  BD = HA6562_FLUX / HB4861_FLUX
--------------------------------------------------------------
Extinction law for k(λ)=A(λ)/E(B−V): calzetti
k(Hβ 4861Å)  = 4.5981   at λ=0.4861 µm
k(Hα 6562Å)  = 3.3264   at λ=0.6562 µm
k([OIII]5006)= 4.4647   at λ=0.5006 µm
k([NII]6583) = 3.3130   at λ=0.6583 µm
k([SII]6716) = 3.2298   at λ=0.6716 µm
k([SII]6730) = 3.2212   at λ=0.6730 µm
k(OIII4958) = 4.5083   at λ=0.4958 µm
k(NII5754) = 3.8531   at λ=0.5755 µm
k(OI6300) = 3.5017   at λ=0.6300 µm
k(SIII6312) = 3.4934   at λ=0.6312 µm
k(OI6363) = 3.4582   at λ=0.6363 µm
k(NII6548) = 3.3355   at λ=0.6548 µm
k(OII7318) = 2.8906   at λ=0.7319 µm (line missing; NaN placeholder)
k(OII7319) = 2.8901   at λ=0.7320 µm (line missing; NaN placeholder)
k(OII7329) = 2.8854   at λ=0.7329 µm (line missing; NaN placeholder)
k(OII7330) = 2.8844   at λ=0.7331 µm (line missing; NaN placeholder)
k(SIII9068) = 2.1615   at λ=0.9069 µm (line missing; NaN placeholder)
--------------------------------------------------------------
/arc/home/RongjunHuang/ICRAR/further/SFR+Z.py:1952: RuntimeWarning: divide by zero encountered in divide
  N2 = NII_scaled / HB4861_FLUX_corr   # N2 = I([N II]λ6548 + λ6584)/I(Hβ)
/arc/home/RongjunHuang/ICRAR/further/SFR+Z.py:1953: RuntimeWarning: divide by zero encountered in divide
  S2 = (SII6716_FLUX_corr + SII6730_FLUX_corr) / HB4861_FLUX_corr  # S2 = I([S II]λ6717 + λ6731)/I(Hβ)
/arc/home/RongjunHuang/ICRAR/further/SFR+Z.py:1954: RuntimeWarning: divide by zero encountered in divide
  R3 = OIII_scaled / HB4861_FLUX_corr  # R3 = I([O III]λ4959 + λ5007)/I(Hβ) (same value as R2 in this case)
/arc/home/RongjunHuang/ICRAR/further/SFR+Z.py:1956: RuntimeWarning: invalid value encountered in divide
  log_R3_S2 = np.log10(R3/S2)
/arc/home/RongjunHuang/ICRAR/further/SFR+Z.py:1956: RuntimeWarning: divide by zero encountered in log10
  log_R3_S2 = np.log10(R3/S2)
/arc/home/RongjunHuang/ICRAR/further/SFR+Z.py:2051: RuntimeWarning: divide by zero encountered in divide
  oiii_hb = oiii5006_flux / hb4861_flux
/arc/home/RongjunHuang/ICRAR/further/SFR+Z.py:2053: RuntimeWarning: divide by zero encountered in log10
  o3n2_ratio = np.log10(oiii_hb / nii_ha)
/arc/home/RongjunHuang/ICRAR/further/SFR+Z.py:2098: RuntimeWarning: divide by zero encountered in divide
  oiii_hb = oiii5006_flux / hb4861_flux
/arc/home/RongjunHuang/ICRAR/further/SFR+Z.py:2100: RuntimeWarning: divide by zero encountered in log10
  o3n2_ratio = np.log10(oiii_hb / nii_ha)
/arc/home/RongjunHuang/ICRAR/further/SFR+Z.py:2157: RuntimeWarning: divide by zero encountered in divide
  oiii_hb = oiii5006_flux / hb4861_flux
/arc/home/RongjunHuang/ICRAR/further/SFR+Z.py:2159: RuntimeWarning: divide by zero encountered in log10
  o3n2_ratio = np.log10(oiii_hb / nii_ha)
/arc/home/RongjunHuang/ICRAR/further/SFR+Z.py:2259: RuntimeWarning: divide by zero encountered in divide
  oiii_hb = oiii5006_flux / hb4861_flux
/arc/home/RongjunHuang/ICRAR/further/SFR+Z.py:2262: RuntimeWarning: divide by zero encountered in divide
  sii_hb = sii_total / hb4861_flux
/arc/home/RongjunHuang/ICRAR/further/SFR+Z.py:2265: RuntimeWarning: invalid value encountered in divide
  o3s2_ratio = np.log10(oiii_hb / sii_hb)
/arc/home/RongjunHuang/ICRAR/further/SFR+Z.py:2265: RuntimeWarning: divide by zero encountered in log10
  o3s2_ratio = np.log10(oiii_hb / sii_hb)
Calculating all 6 C20 metallicities for NGC4189...
Combined C20 metallicity: median = 8.726, range = (8.379, 8.881)
Combined C20 dominant-weight method usage: O3N2=21850, O3S2=0, RS32=3431, R3=117695, N2=188, S2=29451
Galaxy NGC4189 inclination: 42.0° (cos θ = 0.743)
Inclination correction ENABLED: applying b/a = 0.755 (adopting intrinsic thickness q₀ = 0.2 for disc galaxy)
/arc/home/RongjunHuang/ICRAR/further/SFR+Z.py:2975: RuntimeWarning: divide by zero encountered in divide
  logO3  = np.log10(OIII5006_FLUX_corr / HB4861_FLUX_corr)       # [O III]/Hβ
/arc/home/RongjunHuang/ICRAR/further/SFR+Z.py:2975: RuntimeWarning: divide by zero encountered in log10
  logO3  = np.log10(OIII5006_FLUX_corr / HB4861_FLUX_corr)       # [O III]/Hβ
/arc/home/RongjunHuang/ICRAR/further/SFR+Z.py:3063: RuntimeWarning: invalid value encountered in add
  mask_N2_up, mask_S2_up = apply_bpt_masks(logN2=logN2, logS2=logS2, logO3=logO3+logO3_err)
Loaded SII density lookup table: /arc/home/RongjunHuang/ICRAR/further/pyneb_sii_6716_6731_density_lookup_te8000_13000_step1000_ne20_100000_n4096.npz
PyNeb Te-method valid-pixel counts:
  NE_SII finite pixels: 137379
  NE_SII fixed at 20 cm^-3: 32485/137379 (23.6%)
  NE_SII exact high-density fallback pixels: 0
  NE_SII_ALL finite pixels: 177940
  Te(NII) HII pixels: 265
  Te(NII) SF pixels: 268
  Brazzini+2024 direct HII pixels: 0
  Brazzini+2024 direct SF pixels: 0
  NII+OII7325 semi-direct HII pixels: 0
  NII+OII7325 semi-direct SF pixels: 0
  Kreckel+2025 NII-only HII pixels: 23
  Kreckel+2025 NII-only SF pixels: 23
Integrated PyNeb Te-method values:
  SF:
    NE_SII: 60.84 +/- 0.13 cm^-3 (n_pix=109102, fixed20=0, exact_high_density=0)
    Te(NII): 7602.6 +/- 29.7 K (n_pix=291)
    O_H_BR24_DIRECT: nan dex (n_pix=0)
    O_H_NII_OII7325: nan dex (n_pix=0)
    O_H_NII_K25: nan dex (n_pix=291)
  HII:
    NE_SII: 61.41 +/- 0.13 cm^-3 (n_pix=100250, fixed20=0, exact_high_density=0)
    Te(NII): 7521.3 +/- 29.4 K (n_pix=278)
    O_H_BR24_DIRECT: nan dex (n_pix=0)
    O_H_NII_OII7325: nan dex (n_pix=0)
    O_H_NII_K25: nan dex (n_pix=278)
Further file written ➜ /arc/projects/mauve/products/v3tk_v7.6.8_7000/NGC4189/NGC4189_gas_bin_maps_further.fits
--------------------------------------------------------------
Total non-nan spaxels: 177940
Number of pixels with Halpha not detected: 22084
Number of pixels with Halpha detected, Hbeta not detected: 22856
Number of pixels with Halpha detected, Hbeta detected, NII not detected, OIII not detected and unclassified1: 0
Number of pixels with Halpha detected, Hbeta detected, NII not detected, OIII detected and unclassified1: 0
Number of pixels with Halpha detected, Hbeta detected, NII detected, OIII not detected and unclassified1: 501
Number of pixels with Halpha detected, Hbeta detected, NII detected, OIII detected and unclassified1: 6099
Number of pixels with Halpha detected, Hbeta detected, SII not detected, OIII not detected and unclassified1: 23
Number of pixels with Halpha detected, Hbeta detected, SII not detected, OIII detected and unclassified1: 34
Number of pixels with Halpha detected, Hbeta detected, SII detected, OIII not detected and unclassified1: 478
Number of pixels with Halpha detected, Hbeta detected, SII detected, OIII detected and unclassified1: 6065
--------------------------------------------------------------
Total Halpha luminosity map sum (detections + upper-limit substitutions): 9.34e+40 erg/s
Total corrected Halpha luminosity from SF region: 9.01e+40 erg/s
Total Halpha SFR map sum (detections + upper-limit substitutions): 0.47 M☉/yr or in log10 scale: -0.33 log(M☉/yr)
Total Halpha SFR from SF region: 0.45 M☉/yr or in log10 scale: -0.35 log(M☉/yr)
Total Halpha SFR from HII region: 0.44 M☉/yr or in log10 scale: -0.36 log(M☉/yr)
--------------------------------------------------------------
[O/H] D16 SF: Total metallicity in SF region:  8.643323833246772
[O/H] PG16 SF: Total metallicity in SF region:  8.498177306567573
[O/H] N2S2-N06 SF: Total metallicity in SF region:  8.966567294560788
[O/H] O3N2-M13 SF: Total metallicity in SF region:  8.539863302712675
[O/H] N2-M13 SF: Total metallicity in SF region:  8.519271081677031
[O/H] O3N2-PP04 SF: Total metallicity in SF region:  8.74026288256101
[O/H] N2-PP04 SF: Total metallicity in SF region:  8.646090102893684
[O/H] O3N2-C20 SF: Total metallicity in SF region:  8.753766909523158
[O/H] O3S2-C20 SF: Total metallicity in SF region:  8.83558655907088
[O/H] RS32-C20 SF: Total metallicity in SF region:  8.744843272701022
[O/H] R3-C20 SF: Total metallicity in SF region:  8.753308955637932
[O/H] N2-C20 SF: Total metallicity in SF region:  8.69314855007251
[O/H] S2-C20 SF: Total metallicity in SF region:  8.558321499158323
[O/H] Combined-C20 SF: Total metallicity in SF region:  8.695434659655323 (weighted 6 methods; dominant S2)
--------------------------------------------------------------
[O/H] D16 HII: Total metallicity in HII region:  8.641069276323519
[O/H] PG16 HII: Total metallicity in HII region:  8.495599253261794
[O/H] N2S2-N06 HII: Total metallicity in HII region:  8.965996208897057
[O/H] O3N2-M13 HII: Total metallicity in HII region:  8.540502342089543
[O/H] N2-M13 HII: Total metallicity in HII region:  8.51643634421308
[O/H] O3N2-PP04 HII: Total metallicity in HII region:  8.741218455461
[O/H] N2-PP04 HII: Total metallicity in HII region:  8.639770706648019
[O/H] O3N2-C20 HII: Total metallicity in HII region:  8.754357575989062
[O/H] O3S2-C20 HII: Total metallicity in HII region:  8.836306201955175
[O/H] RS32-C20 HII: Total metallicity in HII region:  8.747462479668453
[O/H] R3-C20 HII: Total metallicity in HII region:  8.755575672415128
[O/H] N2-C20 HII: Total metallicity in HII region:  8.689077755958989
[O/H] S2-C20 HII: Total metallicity in HII region:  8.552273115134687
[O/H] Combined-C20 HII: Total metallicity in HII region:  8.694287722543649 (weighted 6 methods; dominant S2)
--------------------------------------------------------------
[O/H] D16: Total metallicity in total region:  8.642765855191406
[O/H] PG16: Total metallicity in total region:  8.503503522365573
[O/H] N2S2-N06: Total metallicity in total region:  8.961825820760216
[O/H] O3N2-M13: Total metallicity in total region:  8.535305040563934
[O/H] N2-M13: Total metallicity in total region:  8.527428710917292
[O/H] O3N2-PP04: Total metallicity in total region:  8.733446789628314
[O/H] N2-PP04: Total metallicity in total region:  8.664611252431886
[O/H] O3N2-C20: Total metallicity in total region:  8.749544574160138
[O/H] O3S2-C20: Total metallicity in total region:  8.832380175813734
[O/H] RS32-C20: Total metallicity in total region:  8.733634440688723
[O/H] R3-C20: Total metallicity in total region:  8.743517746146336
[O/H] N2-C20: Total metallicity in total region:  8.705204676728606
[O/H] S2-C20: Total metallicity in total region:  8.587371055492358
[O/H] Combined-C20: Total metallicity in total region:  8.700453809639743 (weighted 6 methods; dominant S2)
--------------------------------------------------------------
Total runtime: 201.8 s
✅  NGC4189 finished in 5m5s
