Python executable: /arc/home/RongjunHuang/.conda/envs/ICRAR/bin/python
Python 3.13.3
PYTHONUNBUFFERED: 1
Product root     : /arc/projects/mauve/products
Product subdir   : v3tk_v7.6.8_7000
Local fallback   : /arc/home/RongjunHuang/ICRAR/further

Shared input keyword ➜ <none>
Reading gas-line FITS ➜ /arc/projects/mauve/products/v3tk_v7.6.8_7000/NGC4396/NGC4396_gas_bin_maps.fits
Matched binning FITS ➜ /arc/projects/mauve/products/v3tk_v7.6.8_7000/NGC4396/NGC4396_spatial_binning_maps_further.fits
Spatial mask FITS ➜ /arc/projects/mauve/products/v3tk_v7.6.8_7000/NGC4396/NGC4396_mask.fits
Gas-line maps collapsed onto spatial BINID: 2079 bins
Available gas-line flux/error pairs:
  - HB4861
  - OIII4958
  - OIII5006
  - NII5754
  - OI6300
  - SIII6312
  - OI6363
  - NII6548
  - HA6562
  - NII6583
  - SII6716
  - SII6730
Te-method optional emission-line availability:
  - OIII4958: available
  - NII5754: available
  - SIII6312: available
  - NII6548: available
  - OII7318: missing
  - OII7319: missing
  - OII7329: missing
  - OII7330: missing
  - SIII9068: missing
Spatial mask applied: MASKFILE[MASK] table; row-major MASK == 0; keep=265767, masked=400898, finite H-alpha after mask=265767
--------------------------------------------------------------
Extinction law for k(λ)=A(λ)/E(B−V): calzetti
k(Hβ 4861Å)  = 4.5981   at λ=0.4861 µm
k(Hα 6562Å)  = 3.3264   at λ=0.6562 µm
k([OIII]5006)= 4.4647   at λ=0.5006 µm
k([NII]6583) = 3.3130   at λ=0.6583 µm
k([SII]6716) = 3.2298   at λ=0.6716 µm
k([SII]6730) = 3.2212   at λ=0.6730 µm
k(OIII4958) = 4.5083   at λ=0.4958 µm
k(NII5754) = 3.8531   at λ=0.5755 µm
k(OI6300) = 3.5017   at λ=0.6300 µm
k(SIII6312) = 3.4934   at λ=0.6312 µm
k(OI6363) = 3.4582   at λ=0.6363 µm
k(NII6548) = 3.3355   at λ=0.6548 µm
k(OII7318) = 2.8906   at λ=0.7319 µm (line missing; NaN placeholder)
k(OII7319) = 2.8901   at λ=0.7320 µm (line missing; NaN placeholder)
k(OII7329) = 2.8854   at λ=0.7329 µm (line missing; NaN placeholder)
k(OII7330) = 2.8844   at λ=0.7331 µm (line missing; NaN placeholder)
k(SIII9068) = 2.1615   at λ=0.9069 µm (line missing; NaN placeholder)
--------------------------------------------------------------
/arc/home/RongjunHuang/ICRAR/further/SFR+Z.py:1941: RuntimeWarning: divide by zero encountered in log10
  y = np.log10(NII6583_FLUX_corr / (SII6716_FLUX_corr + SII6730_FLUX_corr)) + 0.264*np.log10(NII6583_FLUX_corr / HA6562_FLUX_corr)
/arc/home/RongjunHuang/ICRAR/further/SFR+Z.py:1956: RuntimeWarning: divide by zero encountered in log10
  log_R3_S2 = np.log10(R3/S2)
/arc/home/RongjunHuang/ICRAR/further/SFR+Z.py:1957: RuntimeWarning: divide by zero encountered in log10
  log_N2 = np.log10(N2)
/arc/home/RongjunHuang/ICRAR/further/SFR+Z.py:2006: RuntimeWarning: divide by zero encountered in log10
  n2s2_ratio = np.log10(nii6583_flux / sii_total)
/arc/home/RongjunHuang/ICRAR/further/SFR+Z.py:2053: RuntimeWarning: divide by zero encountered in divide
  o3n2_ratio = np.log10(oiii_hb / nii_ha)
/arc/home/RongjunHuang/ICRAR/further/SFR+Z.py:2053: RuntimeWarning: divide by zero encountered in log10
  o3n2_ratio = np.log10(oiii_hb / nii_ha)
/arc/home/RongjunHuang/ICRAR/further/SFR+Z.py:2075: RuntimeWarning: divide by zero encountered in log10
  n2_ratio = np.log10(nii6583_flux / ha6562_flux)
/arc/home/RongjunHuang/ICRAR/further/SFR+Z.py:2100: RuntimeWarning: divide by zero encountered in divide
  o3n2_ratio = np.log10(oiii_hb / nii_ha)
/arc/home/RongjunHuang/ICRAR/further/SFR+Z.py:2100: RuntimeWarning: divide by zero encountered in log10
  o3n2_ratio = np.log10(oiii_hb / nii_ha)
/arc/home/RongjunHuang/ICRAR/further/SFR+Z.py:2122: RuntimeWarning: divide by zero encountered in log10
  n2_ratio = np.log10(nii6583_flux / ha6562_flux)
/arc/home/RongjunHuang/ICRAR/further/SFR+Z.py:2159: RuntimeWarning: divide by zero encountered in divide
  o3n2_ratio = np.log10(oiii_hb / nii_ha)
/arc/home/RongjunHuang/ICRAR/further/SFR+Z.py:2159: RuntimeWarning: divide by zero encountered in log10
  o3n2_ratio = np.log10(oiii_hb / nii_ha)
/arc/home/RongjunHuang/ICRAR/further/SFR+Z.py:2265: RuntimeWarning: divide by zero encountered in log10
  o3s2_ratio = np.log10(oiii_hb / sii_hb)
Calculating all 6 C20 metallicities for NGC4396...
Combined C20 metallicity: median = 8.662, range = (8.375, 8.818)
Combined C20 dominant-weight method usage: O3N2=12207, O3S2=1701, RS32=9522, R3=221283, N2=7590, S2=13464
Galaxy NGC4396 inclination: 83.0° (cos θ = 0.122)
Inclination correction ENABLED: applying b/a = 0.233 (adopting intrinsic thickness q₀ = 0.2 for disc galaxy)
/arc/home/RongjunHuang/ICRAR/further/SFR+Z.py:2973: RuntimeWarning: divide by zero encountered in log10
  logN2  = np.log10(NII6583_FLUX_corr / HA6562_FLUX_corr)        # [N II]/Hα
/arc/home/RongjunHuang/ICRAR/further/SFR+Z.py:2975: RuntimeWarning: divide by zero encountered in log10
  logO3  = np.log10(OIII5006_FLUX_corr / HB4861_FLUX_corr)       # [O III]/Hβ
/arc/home/RongjunHuang/ICRAR/further/SFR+Z.py:3061: RuntimeWarning: invalid value encountered in add
  mask_N2_right, mask_S2_right = apply_bpt_masks(logN2=logN2+logN2_err, logS2=logS2+logS2_err, logO3=logO3)
/arc/home/RongjunHuang/ICRAR/further/SFR+Z.py:3063: RuntimeWarning: invalid value encountered in add
  mask_N2_up, mask_S2_up = apply_bpt_masks(logN2=logN2, logS2=logS2, logO3=logO3+logO3_err)
Loaded SII density lookup table: /arc/home/RongjunHuang/ICRAR/further/pyneb_sii_6716_6731_density_lookup_te8000_13000_step1000_ne20_100000_n4096.npz
PyNeb Te-method valid-pixel counts:
  NE_SII finite pixels: 120925
  NE_SII fixed at 20 cm^-3: 55362/120925 (45.8%)
  NE_SII exact high-density fallback pixels: 0
  NE_SII_ALL finite pixels: 265767
  Te(NII) HII pixels: 32
  Te(NII) SF pixels: 32
  Brazzini+2024 direct HII pixels: 0
  Brazzini+2024 direct SF pixels: 0
  NII+OII7325 semi-direct HII pixels: 0
  NII+OII7325 semi-direct SF pixels: 0
  Kreckel+2025 NII-only HII pixels: 11
  Kreckel+2025 NII-only SF pixels: 11
Integrated PyNeb Te-method values:
  SF:
    NE_SII: 20.00 +/- 0.00 cm^-3 (n_pix=76286, fixed20=0, exact_high_density=0)
    Te(NII): 13940.7 +/- 242.3 K (n_pix=32)
    O_H_BR24_DIRECT: nan dex (n_pix=0)
    O_H_NII_OII7325: nan dex (n_pix=0)
    O_H_NII_K25: nan dex (n_pix=32)
  HII:
    NE_SII: 20.00 +/- 0.00 cm^-3 (n_pix=76286, fixed20=0, exact_high_density=0)
    Te(NII): 13940.7 +/- 242.3 K (n_pix=32)
    O_H_BR24_DIRECT: nan dex (n_pix=0)
    O_H_NII_OII7325: nan dex (n_pix=0)
    O_H_NII_K25: nan dex (n_pix=32)
Further file written ➜ /arc/projects/mauve/products/v3tk_v7.6.8_7000/NGC4396/NGC4396_gas_bin_maps_further.fits
--------------------------------------------------------------
Total non-nan spaxels: 265767
Number of pixels with Halpha not detected: 80229
Number of pixels with Halpha detected, Hbeta not detected: 66056
Number of pixels with Halpha detected, Hbeta detected, NII not detected, OIII not detected and unclassified1: 0
Number of pixels with Halpha detected, Hbeta detected, NII not detected, OIII detected and unclassified1: 0
Number of pixels with Halpha detected, Hbeta detected, NII detected, OIII not detected and unclassified1: 0
Number of pixels with Halpha detected, Hbeta detected, NII detected, OIII detected and unclassified1: 0
Number of pixels with Halpha detected, Hbeta detected, SII not detected, OIII not detected and unclassified1: 0
Number of pixels with Halpha detected, Hbeta detected, SII not detected, OIII detected and unclassified1: 0
Number of pixels with Halpha detected, Hbeta detected, SII detected, OIII not detected and unclassified1: 0
Number of pixels with Halpha detected, Hbeta detected, SII detected, OIII detected and unclassified1: 0
--------------------------------------------------------------
Total Halpha luminosity map sum (detections + upper-limit substitutions): 5.94e+40 erg/s
Total corrected Halpha luminosity from SF region: 5.36e+40 erg/s
Total Halpha SFR map sum (detections + upper-limit substitutions): 0.30 M☉/yr or in log10 scale: -0.53 log(M☉/yr)
Total Halpha SFR from SF region: 0.27 M☉/yr or in log10 scale: -0.57 log(M☉/yr)
Total Halpha SFR from HII region: 0.27 M☉/yr or in log10 scale: -0.57 log(M☉/yr)
--------------------------------------------------------------
[O/H] D16 SF: Total metallicity in SF region:  8.223942839924264
[O/H] PG16 SF: Total metallicity in SF region:  8.276848649934918
[O/H] N2S2-N06 SF: Total metallicity in SF region:  8.544298373310122
[O/H] O3N2-M13 SF: Total metallicity in SF region:  8.383278408708536
[O/H] N2-M13 SF: Total metallicity in SF region:  8.39764572536764
[O/H] O3N2-PP04 SF: Total metallicity in SF region:  8.506117246666971
[O/H] N2-PP04 SF: Total metallicity in SF region:  8.422939674921702
[O/H] O3N2-C20 SF: Total metallicity in SF region:  8.598126505751535
[O/H] O3S2-C20 SF: Total metallicity in SF region:  8.756375140446421
[O/H] RS32-C20 SF: Total metallicity in SF region:  8.621085468885212
[O/H] R3-C20 SF: Total metallicity in SF region:  8.620668454979562
[O/H] N2-C20 SF: Total metallicity in SF region:  8.544843345462338
[O/H] S2-C20 SF: Total metallicity in SF region:  nan
[O/H] Combined-C20 SF: Total metallicity in SF region:  8.622041615857773 (weighted 5 methods; dominant R3)
--------------------------------------------------------------
[O/H] D16 HII: Total metallicity in HII region:  8.223942839924264
[O/H] PG16 HII: Total metallicity in HII region:  8.276848649934918
[O/H] N2S2-N06 HII: Total metallicity in HII region:  8.544298373310122
[O/H] O3N2-M13 HII: Total metallicity in HII region:  8.383278408708536
[O/H] N2-M13 HII: Total metallicity in HII region:  8.39764572536764
[O/H] O3N2-PP04 HII: Total metallicity in HII region:  8.506117246666971
[O/H] N2-PP04 HII: Total metallicity in HII region:  8.422939674921702
[O/H] O3N2-C20 HII: Total metallicity in HII region:  8.598126505751535
[O/H] O3S2-C20 HII: Total metallicity in HII region:  8.756375140446421
[O/H] RS32-C20 HII: Total metallicity in HII region:  8.621085468885212
[O/H] R3-C20 HII: Total metallicity in HII region:  8.620668454979562
[O/H] N2-C20 HII: Total metallicity in HII region:  8.544843345462338
[O/H] S2-C20 HII: Total metallicity in HII region:  nan
[O/H] Combined-C20 HII: Total metallicity in HII region:  8.622041615857773 (weighted 5 methods; dominant R3)
--------------------------------------------------------------
[O/H] D16: Total metallicity in total region:  8.199368054494146
[O/H] PG16: Total metallicity in total region:  8.268016798868265
[O/H] N2S2-N06: Total metallicity in total region:  8.495268684347561
[O/H] O3N2-M13: Total metallicity in total region:  8.38364048188019
[O/H] N2-M13: Total metallicity in total region:  8.40299868168374
[O/H] O3N2-PP04: Total metallicity in total region:  8.506658664493743
[O/H] N2-PP04: Total metallicity in total region:  8.430922896332797
[O/H] O3N2-C20: Total metallicity in total region:  8.598515531880281
[O/H] O3S2-C20: Total metallicity in total region:  8.76263807776583
[O/H] RS32-C20: Total metallicity in total region:  8.61263808081767
[O/H] R3-C20: Total metallicity in total region:  8.617428545744913
[O/H] N2-C20: Total metallicity in total region:  8.550781485575431
[O/H] S2-C20: Total metallicity in total region:  nan
[O/H] Combined-C20: Total metallicity in total region:  8.620808678350121 (weighted 5 methods; dominant R3)
--------------------------------------------------------------
Total runtime: 184.2 s
✅  NGC4396 finished in 4m48s
