Python executable: /arc/home/RongjunHuang/.conda/envs/ICRAR/bin/python
Python 3.13.3
PYTHONUNBUFFERED: 1
Product root     : /arc/projects/mauve/products
Product subdir   : v3tk_v7.6.8_7000
Local fallback   : /arc/home/RongjunHuang/ICRAR/further

Shared input keyword ➜ <none>
Reading gas-line FITS ➜ /arc/projects/mauve/products/v3tk_v7.6.8_7000/NGC4457/NGC4457_gas_bin_maps.fits
Matched binning FITS ➜ /arc/projects/mauve/products/v3tk_v7.6.8_7000/NGC4457/NGC4457_spatial_binning_maps_further.fits
Spatial mask FITS ➜ /arc/projects/mauve/products/v3tk_v7.6.8_7000/NGC4457/NGC4457_mask.fits
Gas-line maps collapsed onto spatial BINID: 18751 bins
Available gas-line flux/error pairs:
  - HB4861
  - OIII4958
  - OIII5006
  - NII5754
  - OI6300
  - SIII6312
  - OI6363
  - NII6548
  - HA6562
  - NII6583
  - SII6716
  - SII6730
Te-method optional emission-line availability:
  - OIII4958: available
  - NII5754: available
  - SIII6312: available
  - NII6548: available
  - OII7318: missing
  - OII7319: missing
  - OII7329: missing
  - OII7330: missing
  - SIII9068: missing
Spatial mask applied: MASKFILE[MASK] table; row-major MASK == 0; keep=339171, masked=186454, finite H-alpha after mask=339171
/arc/home/RongjunHuang/ICRAR/further/SFR+Z.py:1061: RuntimeWarning: divide by zero encountered in divide
  BD = HA6562_FLUX / HB4861_FLUX
--------------------------------------------------------------
Extinction law for k(λ)=A(λ)/E(B−V): calzetti
k(Hβ 4861Å)  = 4.5981   at λ=0.4861 µm
k(Hα 6562Å)  = 3.3264   at λ=0.6562 µm
k([OIII]5006)= 4.4647   at λ=0.5006 µm
k([NII]6583) = 3.3130   at λ=0.6583 µm
k([SII]6716) = 3.2298   at λ=0.6716 µm
k([SII]6730) = 3.2212   at λ=0.6730 µm
k(OIII4958) = 4.5083   at λ=0.4958 µm
k(NII5754) = 3.8531   at λ=0.5755 µm
k(OI6300) = 3.5017   at λ=0.6300 µm
k(SIII6312) = 3.4934   at λ=0.6312 µm
k(OI6363) = 3.4582   at λ=0.6363 µm
k(NII6548) = 3.3355   at λ=0.6548 µm
k(OII7318) = 2.8906   at λ=0.7319 µm (line missing; NaN placeholder)
k(OII7319) = 2.8901   at λ=0.7320 µm (line missing; NaN placeholder)
k(OII7329) = 2.8854   at λ=0.7329 µm (line missing; NaN placeholder)
k(OII7330) = 2.8844   at λ=0.7331 µm (line missing; NaN placeholder)
k(SIII9068) = 2.1615   at λ=0.9069 µm (line missing; NaN placeholder)
--------------------------------------------------------------
/arc/home/RongjunHuang/ICRAR/further/SFR+Z.py:1952: RuntimeWarning: divide by zero encountered in divide
  N2 = NII_scaled / HB4861_FLUX_corr   # N2 = I([N II]λ6548 + λ6584)/I(Hβ)
/arc/home/RongjunHuang/ICRAR/further/SFR+Z.py:1953: RuntimeWarning: divide by zero encountered in divide
  S2 = (SII6716_FLUX_corr + SII6730_FLUX_corr) / HB4861_FLUX_corr  # S2 = I([S II]λ6717 + λ6731)/I(Hβ)
/arc/home/RongjunHuang/ICRAR/further/SFR+Z.py:1954: RuntimeWarning: divide by zero encountered in divide
  R3 = OIII_scaled / HB4861_FLUX_corr  # R3 = I([O III]λ4959 + λ5007)/I(Hβ) (same value as R2 in this case)
/arc/home/RongjunHuang/ICRAR/further/SFR+Z.py:1956: RuntimeWarning: invalid value encountered in divide
  log_R3_S2 = np.log10(R3/S2)
/arc/home/RongjunHuang/ICRAR/further/SFR+Z.py:1956: RuntimeWarning: divide by zero encountered in log10
  log_R3_S2 = np.log10(R3/S2)
/arc/home/RongjunHuang/ICRAR/further/SFR+Z.py:2051: RuntimeWarning: divide by zero encountered in divide
  oiii_hb = oiii5006_flux / hb4861_flux
/arc/home/RongjunHuang/ICRAR/further/SFR+Z.py:2053: RuntimeWarning: divide by zero encountered in log10
  o3n2_ratio = np.log10(oiii_hb / nii_ha)
/arc/home/RongjunHuang/ICRAR/further/SFR+Z.py:2098: RuntimeWarning: divide by zero encountered in divide
  oiii_hb = oiii5006_flux / hb4861_flux
/arc/home/RongjunHuang/ICRAR/further/SFR+Z.py:2100: RuntimeWarning: divide by zero encountered in log10
  o3n2_ratio = np.log10(oiii_hb / nii_ha)
/arc/home/RongjunHuang/ICRAR/further/SFR+Z.py:2157: RuntimeWarning: divide by zero encountered in divide
  oiii_hb = oiii5006_flux / hb4861_flux
/arc/home/RongjunHuang/ICRAR/further/SFR+Z.py:2159: RuntimeWarning: divide by zero encountered in log10
  o3n2_ratio = np.log10(oiii_hb / nii_ha)
/arc/home/RongjunHuang/ICRAR/further/SFR+Z.py:2259: RuntimeWarning: divide by zero encountered in divide
  oiii_hb = oiii5006_flux / hb4861_flux
/arc/home/RongjunHuang/ICRAR/further/SFR+Z.py:2262: RuntimeWarning: divide by zero encountered in divide
  sii_hb = sii_total / hb4861_flux
/arc/home/RongjunHuang/ICRAR/further/SFR+Z.py:2265: RuntimeWarning: invalid value encountered in divide
  o3s2_ratio = np.log10(oiii_hb / sii_hb)
/arc/home/RongjunHuang/ICRAR/further/SFR+Z.py:2265: RuntimeWarning: divide by zero encountered in log10
  o3s2_ratio = np.log10(oiii_hb / sii_hb)
Calculating all 6 C20 metallicities for NGC4457...
Combined C20 metallicity: median = 8.609, range = (8.249, 8.848)
Combined C20 dominant-weight method usage: O3N2=193981, O3S2=0, RS32=3154, R3=135966, N2=0, S2=5969
Galaxy NGC4457 inclination: 37.0° (cos θ = 0.799)
Inclination correction ENABLED: applying b/a = 0.808 (adopting intrinsic thickness q₀ = 0.2 for disc galaxy)
/arc/home/RongjunHuang/ICRAR/further/SFR+Z.py:2975: RuntimeWarning: divide by zero encountered in divide
  logO3  = np.log10(OIII5006_FLUX_corr / HB4861_FLUX_corr)       # [O III]/Hβ
/arc/home/RongjunHuang/ICRAR/further/SFR+Z.py:2975: RuntimeWarning: divide by zero encountered in log10
  logO3  = np.log10(OIII5006_FLUX_corr / HB4861_FLUX_corr)       # [O III]/Hβ
/arc/home/RongjunHuang/ICRAR/further/SFR+Z.py:3063: RuntimeWarning: invalid value encountered in add
  mask_N2_up, mask_S2_up = apply_bpt_masks(logN2=logN2, logS2=logS2, logO3=logO3+logO3_err)
Loaded SII density lookup table: /arc/home/RongjunHuang/ICRAR/further/pyneb_sii_6716_6731_density_lookup_te8000_13000_step1000_ne20_100000_n4096.npz
PyNeb Te-method valid-pixel counts:
  NE_SII finite pixels: 134823
  NE_SII fixed at 20 cm^-3: 47364/134823 (35.1%)
  NE_SII exact high-density fallback pixels: 0
  NE_SII_ALL finite pixels: 339171
  Te(NII) HII pixels: 850
  Te(NII) SF pixels: 1247
  Brazzini+2024 direct HII pixels: 0
  Brazzini+2024 direct SF pixels: 0
  NII+OII7325 semi-direct HII pixels: 0
  NII+OII7325 semi-direct SF pixels: 0
  Kreckel+2025 NII-only HII pixels: 454
  Kreckel+2025 NII-only SF pixels: 599
Integrated PyNeb Te-method values:
  SF:
    NE_SII: 65.59 +/- 0.29 cm^-3 (n_pix=17350, fixed20=0, exact_high_density=0)
    Te(NII): 8911.1 +/- 19.4 K (n_pix=1276)
    O_H_BR24_DIRECT: nan dex (n_pix=0)
    O_H_NII_OII7325: nan dex (n_pix=0)
    O_H_NII_K25: 8.6196 +/- 0.1951 dex (n_pix=1276)
  HII:
    NE_SII: 67.61 +/- 0.29 cm^-3 (n_pix=5772, fixed20=0, exact_high_density=0)
    Te(NII): 8174.8 +/- 19.3 K (n_pix=850)
    O_H_BR24_DIRECT: nan dex (n_pix=0)
    O_H_NII_OII7325: nan dex (n_pix=0)
    O_H_NII_K25: 8.7072 +/- 0.1887 dex (n_pix=850)
Further file written ➜ /arc/projects/mauve/products/v3tk_v7.6.8_7000/NGC4457/NGC4457_gas_bin_maps_further.fits
--------------------------------------------------------------
Total non-nan spaxels: 339171
Number of pixels with Halpha not detected: 93810
Number of pixels with Halpha detected, Hbeta not detected: 122989
Number of pixels with Halpha detected, Hbeta detected, NII not detected, OIII not detected and unclassified1: 0
Number of pixels with Halpha detected, Hbeta detected, NII not detected, OIII detected and unclassified1: 0
Number of pixels with Halpha detected, Hbeta detected, NII detected, OIII not detected and unclassified1: 3273
Number of pixels with Halpha detected, Hbeta detected, NII detected, OIII detected and unclassified1: 60475
Number of pixels with Halpha detected, Hbeta detected, SII not detected, OIII not detected and unclassified1: 685
Number of pixels with Halpha detected, Hbeta detected, SII not detected, OIII detected and unclassified1: 3700
Number of pixels with Halpha detected, Hbeta detected, SII detected, OIII not detected and unclassified1: 2588
Number of pixels with Halpha detected, Hbeta detected, SII detected, OIII detected and unclassified1: 56775
--------------------------------------------------------------
Total Halpha luminosity map sum (detections + upper-limit substitutions): 6.93e+40 erg/s
Total corrected Halpha luminosity from SF region: 2.93e+40 erg/s
Total Halpha SFR map sum (detections + upper-limit substitutions): 0.35 M☉/yr or in log10 scale: -0.46 log(M☉/yr)
Total Halpha SFR from SF region: 0.15 M☉/yr or in log10 scale: -0.84 log(M☉/yr)
Total Halpha SFR from HII region: 0.09 M☉/yr or in log10 scale: -1.02 log(M☉/yr)
--------------------------------------------------------------
[O/H] D16 SF: Total metallicity in SF region:  8.81828562035125
[O/H] PG16 SF: Total metallicity in SF region:  8.611303140855496
[O/H] N2S2-N06 SF: Total metallicity in SF region:  9.076241480852842
[O/H] O3N2-M13 SF: Total metallicity in SF region:  8.546622391587762
[O/H] N2-M13 SF: Total metallicity in SF region:  8.593972253841324
[O/H] O3N2-PP04 SF: Total metallicity in SF region:  8.750369931346187
[O/H] N2-PP04 SF: Total metallicity in SF region:  8.835546076610234
[O/H] O3N2-C20 SF: Total metallicity in SF region:  8.759998590355242
[O/H] O3S2-C20 SF: Total metallicity in SF region:  8.815779798238395
[O/H] RS32-C20 SF: Total metallicity in SF region:  8.714539380184107
[O/H] R3-C20 SF: Total metallicity in SF region:  8.719866390345192
[O/H] N2-C20 SF: Total metallicity in SF region:  nan
[O/H] S2-C20 SF: Total metallicity in SF region:  8.713124069943118
[O/H] Combined-C20 SF: Total metallicity in SF region:  8.731920536354037 (weighted 5 methods; dominant S2)
--------------------------------------------------------------
[O/H] D16 HII: Total metallicity in HII region:  8.84271428034284
[O/H] PG16 HII: Total metallicity in HII region:  8.602553528213523
[O/H] N2S2-N06 HII: Total metallicity in HII region:  9.102258416209816
[O/H] O3N2-M13 HII: Total metallicity in HII region:  8.559672259888437
[O/H] N2-M13 HII: Total metallicity in HII region:  8.57639657512245
[O/H] O3N2-PP04 HII: Total metallicity in HII region:  8.769883753104205
[O/H] N2-PP04 HII: Total metallicity in HII region:  8.786801289770397
[O/H] O3N2-C20 HII: Total metallicity in HII region:  8.771933167824136
[O/H] O3S2-C20 HII: Total metallicity in HII region:  8.821323281517055
[O/H] RS32-C20 HII: Total metallicity in HII region:  8.746399851784872
[O/H] R3-C20 HII: Total metallicity in HII region:  8.74551153879211
[O/H] N2-C20 HII: Total metallicity in HII region:  8.800437706406097
[O/H] S2-C20 HII: Total metallicity in HII region:  8.776358588436814
[O/H] Combined-C20 HII: Total metallicity in HII region:  8.770640858174996 (weighted 6 methods; dominant S2)
--------------------------------------------------------------
[O/H] D16: Total metallicity in total region:  8.821916697086342
[O/H] PG16: Total metallicity in total region:  8.724941805667823
[O/H] N2S2-N06: Total metallicity in total region:  9.038572611931292
[O/H] O3N2-M13: Total metallicity in total region:  8.50695215679898
[O/H] N2-M13: Total metallicity in total region:  nan
[O/H] O3N2-PP04: Total metallicity in total region:  8.691049954091932
[O/H] N2-PP04: Total metallicity in total region:  nan
[O/H] O3N2-C20: Total metallicity in total region:  8.722911741471798
[O/H] O3S2-C20: Total metallicity in total region:  8.787223574000965
[O/H] RS32-C20: Total metallicity in total region:  8.581181965710298
[O/H] R3-C20: Total metallicity in total region:  8.608274014477718
[O/H] N2-C20: Total metallicity in total region:  nan
[O/H] S2-C20: Total metallicity in total region:  nan
[O/H] Combined-C20: Total metallicity in total region:  8.651896009265245 (weighted 4 methods; dominant R3)
--------------------------------------------------------------
Total runtime: 600.5 s
✅  NGC4457 finished in 10m2s
