Python executable: /arc/home/RongjunHuang/.conda/envs/ICRAR/bin/python
Python 3.13.3
PYTHONUNBUFFERED: 1
Product root     : /arc/projects/mauve/products
Product subdir   : v3tk_v7.6.8_7000
Local fallback   : /arc/home/RongjunHuang/ICRAR/further

Shared input keyword ➜ <none>
Reading gas-line FITS ➜ /arc/projects/mauve/products/v3tk_v7.6.8_7000/NGC4383/NGC4383_gas_bin_maps.fits
Matched binning FITS ➜ /arc/projects/mauve/products/v3tk_v7.6.8_7000/NGC4383/NGC4383_spatial_binning_maps_further.fits
Spatial mask FITS ➜ /arc/projects/mauve/products/v3tk_v7.6.8_7000/NGC4383/NGC4383_mask.fits
Gas-line maps collapsed onto spatial BINID: 8692 bins
Available gas-line flux/error pairs:
  - HB4861
  - OIII4958
  - OIII5006
  - NII5754
  - OI6300
  - SIII6312
  - OI6363
  - NII6548
  - HA6562
  - NII6583
  - SII6716
  - SII6730
Te-method optional emission-line availability:
  - OIII4958: available
  - NII5754: available
  - SIII6312: available
  - NII6548: available
  - OII7318: missing
  - OII7319: missing
  - OII7329: missing
  - OII7330: missing
  - SIII9068: missing
Spatial mask applied: MASKFILE[MASK] table; row-major MASK == 0; keep=227810, masked=218455, finite H-alpha after mask=227810
--------------------------------------------------------------
Extinction law for k(λ)=A(λ)/E(B−V): calzetti
k(Hβ 4861Å)  = 4.5981   at λ=0.4861 µm
k(Hα 6562Å)  = 3.3264   at λ=0.6562 µm
k([OIII]5006)= 4.4647   at λ=0.5006 µm
k([NII]6583) = 3.3130   at λ=0.6583 µm
k([SII]6716) = 3.2298   at λ=0.6716 µm
k([SII]6730) = 3.2212   at λ=0.6730 µm
k(OIII4958) = 4.5083   at λ=0.4958 µm
k(NII5754) = 3.8531   at λ=0.5755 µm
k(OI6300) = 3.5017   at λ=0.6300 µm
k(SIII6312) = 3.4934   at λ=0.6312 µm
k(OI6363) = 3.4582   at λ=0.6363 µm
k(NII6548) = 3.3355   at λ=0.6548 µm
k(OII7318) = 2.8906   at λ=0.7319 µm (line missing; NaN placeholder)
k(OII7319) = 2.8901   at λ=0.7320 µm (line missing; NaN placeholder)
k(OII7329) = 2.8854   at λ=0.7329 µm (line missing; NaN placeholder)
k(OII7330) = 2.8844   at λ=0.7331 µm (line missing; NaN placeholder)
k(SIII9068) = 2.1615   at λ=0.9069 µm (line missing; NaN placeholder)
--------------------------------------------------------------
Calculating all 6 C20 metallicities for NGC4383...
Combined C20 metallicity: median = 8.618, range = (8.422, 8.706)
Combined C20 dominant-weight method usage: O3N2=0, O3S2=0, RS32=0, R3=214543, N2=0, S2=13267
Galaxy NGC4383 inclination: 56.0° (cos θ = 0.559)
Inclination correction ENABLED: applying b/a = 0.583 (adopting intrinsic thickness q₀ = 0.2 for disc galaxy)
Loaded SII density lookup table: /arc/home/RongjunHuang/ICRAR/further/pyneb_sii_6716_6731_density_lookup_te8000_13000_step1000_ne20_100000_n4096.npz
PyNeb Te-method valid-pixel counts:
  NE_SII finite pixels: 133411
  NE_SII fixed at 20 cm^-3: 20600/133411 (15.4%)
  NE_SII exact high-density fallback pixels: 0
  NE_SII_ALL finite pixels: 227810
  Te(NII) HII pixels: 1595
  Te(NII) SF pixels: 1595
  Brazzini+2024 direct HII pixels: 0
  Brazzini+2024 direct SF pixels: 0
  NII+OII7325 semi-direct HII pixels: 0
  NII+OII7325 semi-direct SF pixels: 0
  Kreckel+2025 NII-only HII pixels: 1197
  Kreckel+2025 NII-only SF pixels: 1197
Integrated PyNeb Te-method values:
  SF:
    NE_SII: 78.74 +/- 0.14 cm^-3 (n_pix=86698, fixed20=0, exact_high_density=0)
    Te(NII): 8753.8 +/- 22.8 K (n_pix=1597)
    O_H_BR24_DIRECT: nan dex (n_pix=0)
    O_H_NII_OII7325: nan dex (n_pix=0)
    O_H_NII_K25: 8.6383 +/- 0.1937 dex (n_pix=1597)
  HII:
    NE_SII: 78.74 +/- 0.14 cm^-3 (n_pix=86698, fixed20=0, exact_high_density=0)
    Te(NII): 8753.8 +/- 22.8 K (n_pix=1597)
    O_H_BR24_DIRECT: nan dex (n_pix=0)
    O_H_NII_OII7325: nan dex (n_pix=0)
    O_H_NII_K25: 8.6383 +/- 0.1937 dex (n_pix=1597)
Further file written ➜ /arc/projects/mauve/products/v3tk_v7.6.8_7000/NGC4383/NGC4383_gas_bin_maps_further.fits
--------------------------------------------------------------
Total non-nan spaxels: 227810
Number of pixels with Halpha not detected: 3907
Number of pixels with Halpha detected, Hbeta not detected: 63927
Number of pixels with Halpha detected, Hbeta detected, NII not detected, OIII not detected and unclassified1: 0
Number of pixels with Halpha detected, Hbeta detected, NII not detected, OIII detected and unclassified1: 0
Number of pixels with Halpha detected, Hbeta detected, NII detected, OIII not detected and unclassified1: 0
Number of pixels with Halpha detected, Hbeta detected, NII detected, OIII detected and unclassified1: 0
Number of pixels with Halpha detected, Hbeta detected, SII not detected, OIII not detected and unclassified1: 0
Number of pixels with Halpha detected, Hbeta detected, SII not detected, OIII detected and unclassified1: 0
Number of pixels with Halpha detected, Hbeta detected, SII detected, OIII not detected and unclassified1: 0
Number of pixels with Halpha detected, Hbeta detected, SII detected, OIII detected and unclassified1: 0
--------------------------------------------------------------
Total Halpha luminosity map sum (detections + upper-limit substitutions): 2.20e+41 erg/s
Total corrected Halpha luminosity from SF region: 2.14e+41 erg/s
Total Halpha SFR map sum (detections + upper-limit substitutions): 1.09 M☉/yr or in log10 scale: 0.04 log(M☉/yr)
Total Halpha SFR from SF region: 1.07 M☉/yr or in log10 scale: 0.03 log(M☉/yr)
Total Halpha SFR from HII region: 1.07 M☉/yr or in log10 scale: 0.03 log(M☉/yr)
--------------------------------------------------------------
[O/H] D16 SF: Total metallicity in SF region:  8.391475420633926
[O/H] PG16 SF: Total metallicity in SF region:  8.356968400831736
[O/H] N2S2-N06 SF: Total metallicity in SF region:  8.770482971206466
[O/H] O3N2-M13 SF: Total metallicity in SF region:  8.37074740527776
[O/H] N2-M13 SF: Total metallicity in SF region:  8.410703974225205
[O/H] O3N2-PP04 SF: Total metallicity in SF region:  8.487379297611605
[O/H] N2-PP04 SF: Total metallicity in SF region:  8.442676003988193
[O/H] O3N2-C20 SF: Total metallicity in SF region:  8.584564013021202
[O/H] O3S2-C20 SF: Total metallicity in SF region:  8.707940262875688
[O/H] RS32-C20 SF: Total metallicity in SF region:  8.607525705506028
[O/H] R3-C20 SF: Total metallicity in SF region:  8.591402280151891
[O/H] N2-C20 SF: Total metallicity in SF region:  8.559373054021389
[O/H] S2-C20 SF: Total metallicity in SF region:  8.51419778313616
[O/H] Combined-C20 SF: Total metallicity in SF region:  8.577271659409897 (weighted 6 methods; dominant S2)
--------------------------------------------------------------
[O/H] D16 HII: Total metallicity in HII region:  8.391475420633926
[O/H] PG16 HII: Total metallicity in HII region:  8.356968400831736
[O/H] N2S2-N06 HII: Total metallicity in HII region:  8.770482971206466
[O/H] O3N2-M13 HII: Total metallicity in HII region:  8.37074740527776
[O/H] N2-M13 HII: Total metallicity in HII region:  8.410703974225205
[O/H] O3N2-PP04 HII: Total metallicity in HII region:  8.487379297611605
[O/H] N2-PP04 HII: Total metallicity in HII region:  8.442676003988193
[O/H] O3N2-C20 HII: Total metallicity in HII region:  8.584564013021202
[O/H] O3S2-C20 HII: Total metallicity in HII region:  8.707940262875688
[O/H] RS32-C20 HII: Total metallicity in HII region:  8.607525705506028
[O/H] R3-C20 HII: Total metallicity in HII region:  8.591402280151891
[O/H] N2-C20 HII: Total metallicity in HII region:  8.559373054021389
[O/H] S2-C20 HII: Total metallicity in HII region:  8.51419778313616
[O/H] Combined-C20 HII: Total metallicity in HII region:  8.577271659409897 (weighted 6 methods; dominant S2)
--------------------------------------------------------------
[O/H] D16: Total metallicity in total region:  8.377383480058732
[O/H] PG16: Total metallicity in total region:  8.352628531792059
[O/H] N2S2-N06: Total metallicity in total region:  8.751649669630565
[O/H] O3N2-M13: Total metallicity in total region:  8.37221150652091
[O/H] N2-M13: Total metallicity in total region:  8.413283859812875
[O/H] O3N2-PP04: Total metallicity in total region:  8.489568607881738
[O/H] N2-PP04: Total metallicity in total region:  8.44668153746423
[O/H] O3N2-C20: Total metallicity in total region:  8.586158656865635
[O/H] O3S2-C20: Total metallicity in total region:  8.713037266733616
[O/H] RS32-C20: Total metallicity in total region:  8.60590355110308
[O/H] R3-C20: Total metallicity in total region:  8.59184032637651
[O/H] N2-C20: Total metallicity in total region:  8.562262530656042
[O/H] S2-C20: Total metallicity in total region:  8.533456999442935
[O/H] Combined-C20: Total metallicity in total region:  8.583724425500295 (weighted 6 methods; dominant S2)
--------------------------------------------------------------
Total runtime: 228.4 s
✅  NGC4383 finished in 5m32s
