Python executable: /arc/home/RongjunHuang/.conda/envs/ICRAR/bin/python
Python 3.13.3
PYTHONUNBUFFERED: 1
Product root     : /arc/home/RongjunHuang/ICRAR/further
Local fallback   : /arc/home/RongjunHuang/ICRAR/further

Shared input keyword ➜ <none>
Reading gas-line FITS ➜ /arc/home/RongjunHuang/ICRAR/further/v3tk_v7.6.8/IC3392/IC3392_gas_bin_maps.fits
Matched binning FITS ➜ /arc/home/RongjunHuang/ICRAR/further/v3tk_v7.6.8/IC3392/IC3392_spatial_binning_maps_further.fits
Spatial mask FITS ➜ /arc/home/RongjunHuang/ICRAR/further/v3tk_v7.6.8/IC3392/IC3392_mask.fits
Spatial mask applied: MASKFILE[MASK] table; row-major MASK == 0; keep=94575, masked=96831, finite H-alpha after mask=94575
/arc/home/RongjunHuang/ICRAR/further/SFR+Z.py:702: RuntimeWarning: divide by zero encountered in divide
  BD = HA6562_FLUX / HB4861_FLUX
--------------------------------------------------------------
Extinction law for k(λ)=A(λ)/E(B−V): mw (mw_rv=3.1)
k(Hβ 4861Å)  = 3.6092   at λ=0.4861 µm
k(Hα 6562Å)  = 2.5355   at λ=0.6562 µm
k([OIII]5006)= 3.4736   at λ=0.5006 µm
k([NII]6583) = 2.5255   at λ=0.6583 µm
k([SII]6716) = 2.4619   at λ=0.6716 µm
k([SII]6730) = 2.4552   at λ=0.6730 µm
--------------------------------------------------------------
/arc/home/RongjunHuang/ICRAR/further/SFR+Z.py:1079: RuntimeWarning: divide by zero encountered in divide
  N2 = NII_scaled / HB4861_FLUX_corr   # N2 = I([N II]λ6548 + λ6584)/I(Hβ)
/arc/home/RongjunHuang/ICRAR/further/SFR+Z.py:1080: RuntimeWarning: divide by zero encountered in divide
  S2 = (SII6716_FLUX_corr + SII6730_FLUX_corr) / HB4861_FLUX_corr  # S2 = I([S II]λ6717 + λ6731)/I(Hβ)
/arc/home/RongjunHuang/ICRAR/further/SFR+Z.py:1081: RuntimeWarning: divide by zero encountered in divide
  R3 = OIII_scaled / HB4861_FLUX_corr  # R3 = I([O III]λ4959 + λ5007)/I(Hβ) (same value as R2 in this case)
/arc/home/RongjunHuang/ICRAR/further/SFR+Z.py:1083: RuntimeWarning: invalid value encountered in divide
  log_R3_S2 = np.log10(R3/S2)
/arc/home/RongjunHuang/ICRAR/further/SFR+Z.py:1083: RuntimeWarning: divide by zero encountered in log10
  log_R3_S2 = np.log10(R3/S2)
/arc/home/RongjunHuang/ICRAR/further/SFR+Z.py:1108: RuntimeWarning: invalid value encountered in add
  O_H_PG16[upper_mask] = (a1_upper + a2_upper * log_R3_S2[upper_mask] + a3_upper * log_N2[upper_mask] +
/arc/home/RongjunHuang/ICRAR/further/SFR+Z.py:1178: RuntimeWarning: divide by zero encountered in divide
  oiii_hb = oiii5006_flux / hb4861_flux
/arc/home/RongjunHuang/ICRAR/further/SFR+Z.py:1180: RuntimeWarning: divide by zero encountered in log10
  o3n2_ratio = np.log10(oiii_hb / nii_ha)
/arc/home/RongjunHuang/ICRAR/further/SFR+Z.py:1225: RuntimeWarning: divide by zero encountered in divide
  oiii_hb = oiii5006_flux / hb4861_flux
/arc/home/RongjunHuang/ICRAR/further/SFR+Z.py:1227: RuntimeWarning: divide by zero encountered in log10
  o3n2_ratio = np.log10(oiii_hb / nii_ha)
/arc/home/RongjunHuang/ICRAR/further/SFR+Z.py:1284: RuntimeWarning: divide by zero encountered in divide
  oiii_hb = oiii5006_flux / hb4861_flux
/arc/home/RongjunHuang/ICRAR/further/SFR+Z.py:1286: RuntimeWarning: divide by zero encountered in log10
  o3n2_ratio = np.log10(oiii_hb / nii_ha)
/arc/home/RongjunHuang/ICRAR/further/SFR+Z.py:1386: RuntimeWarning: divide by zero encountered in divide
  oiii_hb = oiii5006_flux / hb4861_flux
/arc/home/RongjunHuang/ICRAR/further/SFR+Z.py:1389: RuntimeWarning: divide by zero encountered in divide
  sii_hb = sii_total / hb4861_flux
/arc/home/RongjunHuang/ICRAR/further/SFR+Z.py:1392: RuntimeWarning: invalid value encountered in divide
  o3s2_ratio = np.log10(oiii_hb / sii_hb)
/arc/home/RongjunHuang/ICRAR/further/SFR+Z.py:1392: RuntimeWarning: divide by zero encountered in log10
  o3s2_ratio = np.log10(oiii_hb / sii_hb)
Calculating all 6 C20 metallicities for IC3392...
Combined C20 metallicity: median = 8.666, range = (8.060, 8.884)
Combined C20 dominant-weight method usage: O3N2=45274, O3S2=0, RS32=1976, R3=20871, N2=0, S2=24427
Galaxy IC3392 inclination: 68.0° (cos θ = 0.375)
Inclination correction ENABLED: applying b/a = 0.418 (adopting intrinsic thickness q₀ = 0.2 for disc galaxy)
/arc/home/RongjunHuang/ICRAR/further/SFR+Z.py:2102: RuntimeWarning: divide by zero encountered in divide
  logO3  = np.log10(OIII5006_FLUX_corr / HB4861_FLUX_corr)       # [O III]/Hβ
/arc/home/RongjunHuang/ICRAR/further/SFR+Z.py:2102: RuntimeWarning: divide by zero encountered in log10
  logO3  = np.log10(OIII5006_FLUX_corr / HB4861_FLUX_corr)       # [O III]/Hβ
/arc/home/RongjunHuang/ICRAR/further/SFR+Z.py:2190: RuntimeWarning: invalid value encountered in add
  mask_N2_up, mask_S2_up = apply_bpt_masks(logN2=logN2, logS2=logS2, logO3=logO3+logO3_err)
Further file written ➜ /arc/home/RongjunHuang/ICRAR/further/v3tk_v7.6.8/IC3392/IC3392_gas_bin_maps_further.fits
--------------------------------------------------------------
Total non-nan spaxels: 94575
Number of pixels with Halpha not detected: 34030
Number of pixels with Halpha detected, Hbeta not detected: 37453
Number of pixels with Halpha detected, Hbeta detected, NII not detected, OIII not detected and unclassified1: 0
Number of pixels with Halpha detected, Hbeta detected, NII not detected, OIII detected and unclassified1: 0
Number of pixels with Halpha detected, Hbeta detected, NII detected, OIII not detected and unclassified1: 1188
Number of pixels with Halpha detected, Hbeta detected, NII detected, OIII detected and unclassified1: 2949
Number of pixels with Halpha detected, Hbeta detected, SII not detected, OIII not detected and unclassified1: 660
Number of pixels with Halpha detected, Hbeta detected, SII not detected, OIII detected and unclassified1: 1215
Number of pixels with Halpha detected, Hbeta detected, SII detected, OIII not detected and unclassified1: 528
Number of pixels with Halpha detected, Hbeta detected, SII detected, OIII detected and unclassified1: 1734
--------------------------------------------------------------
Total Halpha luminosity map sum (detections + upper-limit substitutions): 2.79e+40 erg/s
Total corrected Halpha luminosity from SF region: 2.68e+40 erg/s
Total Halpha SFR map sum (detections + upper-limit substitutions): 0.14 M☉/yr or in log10 scale: -0.86 log(M☉/yr)
Total Halpha SFR from SF region: 0.13 M☉/yr or in log10 scale: -0.87 log(M☉/yr)
Total Halpha SFR from HII region: 0.13 M☉/yr or in log10 scale: -0.89 log(M☉/yr)
--------------------------------------------------------------
[O/H] D16 SF: Total metallicity in SF region:  8.78756509842622
[O/H] PG16 SF: Total metallicity in SF region:  8.54251083340316
[O/H] N2S2-N06 SF: Total metallicity in SF region:  9.094764597322637
[O/H] O3N2-M13 SF: Total metallicity in SF region:  8.564177063824456
[O/H] N2-M13 SF: Total metallicity in SF region:  8.499961511100315
[O/H] O3N2-PP04 SF: Total metallicity in SF region:  8.776619908522552
[O/H] N2-PP04 SF: Total metallicity in SF region:  8.604206037839178
[O/H] O3N2-C20 SF: Total metallicity in SF region:  8.776023876342949
[O/H] O3S2-C20 SF: Total metallicity in SF region:  8.827530608907443
[O/H] RS32-C20 SF: Total metallicity in SF region:  8.805893693359359
[O/H] R3-C20 SF: Total metallicity in SF region:  8.790682271147189
[O/H] N2-C20 SF: Total metallicity in SF region:  8.666402004718005
[O/H] S2-C20 SF: Total metallicity in SF region:  8.844834930076996
[O/H] Combined-C20 SF: Total metallicity in SF region:  8.797277011961643 (weighted 6 methods; dominant S2)
--------------------------------------------------------------
[O/H] D16 HII: Total metallicity in HII region:  8.782145253812164
[O/H] PG16 HII: Total metallicity in HII region:  8.538065597855335
[O/H] N2S2-N06 HII: Total metallicity in HII region:  9.094415165402765
[O/H] O3N2-M13 HII: Total metallicity in HII region:  8.568661447298508
[O/H] N2-M13 HII: Total metallicity in HII region:  8.491473501747631
[O/H] O3N2-PP04 HII: Total metallicity in HII region:  8.783325528670668
[O/H] N2-PP04 HII: Total metallicity in HII region:  8.586637703527341
[O/H] O3N2-C20 HII: Total metallicity in HII region:  8.780081469648119
[O/H] O3S2-C20 HII: Total metallicity in HII region:  8.831817392043435
[O/H] RS32-C20 HII: Total metallicity in HII region:  8.815377882002885
[O/H] R3-C20 HII: Total metallicity in HII region:  8.799748728315501
[O/H] N2-C20 HII: Total metallicity in HII region:  8.655257947348824
[O/H] S2-C20 HII: Total metallicity in HII region:  8.850771649289674
[O/H] Combined-C20 HII: Total metallicity in HII region:  8.802278124074077 (weighted 6 methods; dominant S2)
--------------------------------------------------------------
[O/H] D16: Total metallicity in total region:  8.82176146509684
[O/H] PG16: Total metallicity in total region:  8.571317545586338
[O/H] N2S2-N06: Total metallicity in total region:  9.103692993898427
[O/H] O3N2-M13: Total metallicity in total region:  8.52706396268477
[O/H] N2-M13: Total metallicity in total region:  8.537762041482823
[O/H] O3N2-PP04: Total metallicity in total region:  8.721123682519282
[O/H] N2-PP04: Total metallicity in total region:  8.68880043015677
[O/H] O3N2-C20: Total metallicity in total region:  8.741869782192989
[O/H] O3S2-C20: Total metallicity in total region:  8.789674162610652
[O/H] RS32-C20: Total metallicity in total region:  8.745695556810967
[O/H] R3-C20: Total metallicity in total region:  8.727841962772914
[O/H] N2-C20: Total metallicity in total region:  8.721354059982549
[O/H] S2-C20: Total metallicity in total region:  8.818691090305137
[O/H] Combined-C20: Total metallicity in total region:  8.764082418343671 (weighted 6 methods; dominant S2)
--------------------------------------------------------------
Total runtime: 62.5 s
✅  IC3392 finished in 1m6s
