Python executable: /opt/miniconda3/envs/ICRAR/bin/python
Python 3.13.3
PYTHONUNBUFFERED: 1
Product root     : /Users/Igniz/Desktop/ICRAR/further
Local fallback   : /Users/Igniz/Desktop/ICRAR/further

Shared input keyword ➜ <none>
Reading gas-line FITS ➜ /Users/Igniz/Desktop/ICRAR/further/v3tk_v7.6.8/NGC4064/NGC4064_gas_BIN_maps.fits
Matched binning FITS ➜ /Users/Igniz/Desktop/ICRAR/further/v3tk_v7.6.8/NGC4064/NGC4064_spatial_binning_maps_further.fits
Spatial mask FITS ➜ /Users/Igniz/Desktop/ICRAR/further/v3tk_v7.6.8/NGC4064/NGC4064_mask.fits
Available gas-line flux/error pairs:
  - HB4861
  - OIII4958
  - OIII5006
  - NII5754
  - OI6300
  - SIII6312
  - OI6363
  - NII6548
  - HA6562
  - NII6583
  - SII6716
  - SII6730
  - OII7318
  - OII7319
  - OII7329
  - OII7330
Te-method optional emission-line availability:
  - OIII4958: available
  - NII5754: available
  - SIII6312: available
  - NII6548: available
  - OII7318: available
  - OII7319: available
  - OII7329: available
  - OII7330: available
  - SIII9068: missing
Spatial mask applied: MASKFILE[MASK] table; row-major MASK == 0; keep=177500, masked=198890, finite H-alpha after mask=177500
/Users/Igniz/Desktop/ICRAR/further/SFR+Z.py:918: RuntimeWarning: divide by zero encountered in divide
  BD = HA6562_FLUX / HB4861_FLUX
--------------------------------------------------------------
Extinction law for k(λ)=A(λ)/E(B−V): mw (mw_rv=3.1)
k(Hβ 4861Å)  = 3.6092   at λ=0.4861 µm
k(Hα 6562Å)  = 2.5355   at λ=0.6562 µm
k([OIII]5006)= 3.4736   at λ=0.5006 µm
k([NII]6583) = 2.5255   at λ=0.6583 µm
k([SII]6716) = 2.4619   at λ=0.6716 µm
k([SII]6730) = 2.4552   at λ=0.6730 µm
k(OIII4958) = 3.5172   at λ=0.4958 µm
k(NII5754) = 2.9425   at λ=0.5755 µm
k(OI6300) = 2.6615   at λ=0.6300 µm
k(SIII6312) = 2.6556   at λ=0.6312 µm
k(OI6363) = 2.6310   at λ=0.6363 µm
k(NII6548) = 2.5422   at λ=0.6548 µm
k(OII7318) = 2.1716   at λ=0.7319 µm
k(OII7319) = 2.1711   at λ=0.7320 µm
k(OII7329) = 2.1668   at λ=0.7329 µm
k(OII7330) = 2.1658   at λ=0.7331 µm
k(SIII9068) = 1.4665   at λ=0.9069 µm (line missing; NaN placeholder)
--------------------------------------------------------------
/Users/Igniz/Desktop/ICRAR/further/SFR+Z.py:1795: RuntimeWarning: divide by zero encountered in divide
  y = np.log10(NII6583_FLUX_corr / (SII6716_FLUX_corr + SII6730_FLUX_corr)) + 0.264*np.log10(NII6583_FLUX_corr / HA6562_FLUX_corr)
/Users/Igniz/Desktop/ICRAR/further/SFR+Z.py:1806: RuntimeWarning: divide by zero encountered in divide
  N2 = NII_scaled / HB4861_FLUX_corr   # N2 = I([N II]λ6548 + λ6584)/I(Hβ)
/Users/Igniz/Desktop/ICRAR/further/SFR+Z.py:1807: RuntimeWarning: divide by zero encountered in divide
  S2 = (SII6716_FLUX_corr + SII6730_FLUX_corr) / HB4861_FLUX_corr  # S2 = I([S II]λ6717 + λ6731)/I(Hβ)
/Users/Igniz/Desktop/ICRAR/further/SFR+Z.py:1808: RuntimeWarning: divide by zero encountered in divide
  R3 = OIII_scaled / HB4861_FLUX_corr  # R3 = I([O III]λ4959 + λ5007)/I(Hβ) (same value as R2 in this case)
/Users/Igniz/Desktop/ICRAR/further/SFR+Z.py:1810: RuntimeWarning: divide by zero encountered in divide
  log_R3_S2 = np.log10(R3/S2)
/Users/Igniz/Desktop/ICRAR/further/SFR+Z.py:1810: RuntimeWarning: invalid value encountered in divide
  log_R3_S2 = np.log10(R3/S2)
/Users/Igniz/Desktop/ICRAR/further/SFR+Z.py:1810: RuntimeWarning: divide by zero encountered in log10
  log_R3_S2 = np.log10(R3/S2)
/Users/Igniz/Desktop/ICRAR/further/SFR+Z.py:1812: RuntimeWarning: divide by zero encountered in log10
  log_S2 = np.log10(S2)
/Users/Igniz/Desktop/ICRAR/further/SFR+Z.py:1835: RuntimeWarning: invalid value encountered in add
  O_H_PG16[upper_mask] = (a1_upper + a2_upper * log_R3_S2[upper_mask] + a3_upper * log_N2[upper_mask] +
/Users/Igniz/Desktop/ICRAR/further/SFR+Z.py:1860: RuntimeWarning: divide by zero encountered in divide
  n2s2_ratio = np.log10(nii6583_flux / sii_total)
/Users/Igniz/Desktop/ICRAR/further/SFR+Z.py:1905: RuntimeWarning: divide by zero encountered in divide
  oiii_hb = oiii5006_flux / hb4861_flux
/Users/Igniz/Desktop/ICRAR/further/SFR+Z.py:1907: RuntimeWarning: divide by zero encountered in log10
  o3n2_ratio = np.log10(oiii_hb / nii_ha)
/Users/Igniz/Desktop/ICRAR/further/SFR+Z.py:1952: RuntimeWarning: divide by zero encountered in divide
  oiii_hb = oiii5006_flux / hb4861_flux
/Users/Igniz/Desktop/ICRAR/further/SFR+Z.py:1954: RuntimeWarning: divide by zero encountered in log10
  o3n2_ratio = np.log10(oiii_hb / nii_ha)
/Users/Igniz/Desktop/ICRAR/further/SFR+Z.py:2011: RuntimeWarning: divide by zero encountered in divide
  oiii_hb = oiii5006_flux / hb4861_flux
/Users/Igniz/Desktop/ICRAR/further/SFR+Z.py:2013: RuntimeWarning: divide by zero encountered in log10
  o3n2_ratio = np.log10(oiii_hb / nii_ha)
/Users/Igniz/Desktop/ICRAR/further/SFR+Z.py:2113: RuntimeWarning: divide by zero encountered in divide
  oiii_hb = oiii5006_flux / hb4861_flux
/Users/Igniz/Desktop/ICRAR/further/SFR+Z.py:2116: RuntimeWarning: divide by zero encountered in divide
  sii_hb = sii_total / hb4861_flux
/Users/Igniz/Desktop/ICRAR/further/SFR+Z.py:2119: RuntimeWarning: divide by zero encountered in divide
  o3s2_ratio = np.log10(oiii_hb / sii_hb)
/Users/Igniz/Desktop/ICRAR/further/SFR+Z.py:2119: RuntimeWarning: invalid value encountered in divide
  o3s2_ratio = np.log10(oiii_hb / sii_hb)
/Users/Igniz/Desktop/ICRAR/further/SFR+Z.py:2119: RuntimeWarning: divide by zero encountered in log10
  o3s2_ratio = np.log10(oiii_hb / sii_hb)
Calculating all 6 C20 metallicities for NGC4064...
Combined C20 metallicity: median = 8.627, range = (8.074, 8.922)
Combined C20 dominant-weight method usage: O3N2=118740, O3S2=0, RS32=2448, R3=45420, N2=0, S2=8618
Galaxy NGC4064 inclination: 70.0° (cos θ = 0.342)
Inclination correction ENABLED: applying b/a = 0.390 (adopting intrinsic thickness q₀ = 0.2 for disc galaxy)
/Users/Igniz/Desktop/ICRAR/further/SFR+Z.py:2828: RuntimeWarning: divide by zero encountered in log10
  logS2  = np.log10((SII6716_FLUX_corr+SII6730_FLUX_corr) / HA6562_FLUX_corr)   # Σ[S II]/Hα
/Users/Igniz/Desktop/ICRAR/further/SFR+Z.py:2829: RuntimeWarning: divide by zero encountered in divide
  logO3  = np.log10(OIII5006_FLUX_corr / HB4861_FLUX_corr)       # [O III]/Hβ
/Users/Igniz/Desktop/ICRAR/further/SFR+Z.py:2829: RuntimeWarning: divide by zero encountered in log10
  logO3  = np.log10(OIII5006_FLUX_corr / HB4861_FLUX_corr)       # [O III]/Hβ
/Users/Igniz/Desktop/ICRAR/further/SFR+Z.py:2915: RuntimeWarning: invalid value encountered in add
  mask_N2_right, mask_S2_right = apply_bpt_masks(logN2=logN2+logN2_err, logS2=logS2+logS2_err, logO3=logO3)
/Users/Igniz/Desktop/ICRAR/further/SFR+Z.py:2917: RuntimeWarning: invalid value encountered in add
  mask_N2_up, mask_S2_up = apply_bpt_masks(logN2=logN2, logS2=logS2, logO3=logO3+logO3_err)
Loaded SII density lookup table: /Users/Igniz/Desktop/ICRAR/further/pyneb_sii_6716_6731_density_lookup_te8000_13000_step1000_ne20_100000_n4096.npz
PyNeb Te-method valid-pixel counts:
  NE_SII finite pixels: 34546
  NE_SII fixed at 20 cm^-3: 17804/34546 (51.5%)
  NE_SII exact high-density fallback pixels: 0
  NE_SII_ALL finite pixels: 177500
  Te(NII) HII pixels: 570
  Te(NII) SF pixels: 604
  Brazzini+2024 direct HII pixels: 0
  Brazzini+2024 direct SF pixels: 0
  NII+OII7325 semi-direct HII pixels: 2
  NII+OII7325 semi-direct SF pixels: 2
  Kreckel+2025 NII-only HII pixels: 215
  Kreckel+2025 NII-only SF pixels: 215
Integrated PyNeb Te-method values:
  SF:
    NE_SII: 65.71 +/- 0.46 cm^-3 (n_pix=10278, fixed20=0, exact_high_density=0)
    Te(NII): 11831.8 +/- 59.4 K (n_pix=831)
    O_H_BR24_DIRECT: nan dex (n_pix=0)
    O_H_NII_OII7325: 7.9840 +/- 0.1926 dex (n_pix=2)
    O_H_NII_K25: 8.2720 +/- 0.2236 dex (n_pix=831)
  HII:
    NE_SII: 71.83 +/- 0.48 cm^-3 (n_pix=6436, fixed20=0, exact_high_density=0)
    Te(NII): 11343.6 +/- 61.6 K (n_pix=694)
    O_H_BR24_DIRECT: nan dex (n_pix=0)
    O_H_NII_OII7325: 7.9840 +/- 0.1926 dex (n_pix=2)
    O_H_NII_K25: 8.3301 +/- 0.2186 dex (n_pix=694)
Further file written ➜ /Users/Igniz/Desktop/ICRAR/further/v3tk_v7.6.8/NGC4064/NGC4064_gas_BIN_maps_further.fits
--------------------------------------------------------------
Total non-nan spaxels: 177500
Number of pixels with Halpha not detected: 83333
Number of pixels with Halpha detected, Hbeta not detected: 59045
Number of pixels with Halpha detected, Hbeta detected, NII not detected, OIII not detected and unclassified1: 0
Number of pixels with Halpha detected, Hbeta detected, NII not detected, OIII detected and unclassified1: 40
Number of pixels with Halpha detected, Hbeta detected, NII detected, OIII not detected and unclassified1: 1882
Number of pixels with Halpha detected, Hbeta detected, NII detected, OIII detected and unclassified1: 13348
Number of pixels with Halpha detected, Hbeta detected, SII not detected, OIII not detected and unclassified1: 866
Number of pixels with Halpha detected, Hbeta detected, SII not detected, OIII detected and unclassified1: 3347
Number of pixels with Halpha detected, Hbeta detected, SII detected, OIII not detected and unclassified1: 1016
Number of pixels with Halpha detected, Hbeta detected, SII detected, OIII detected and unclassified1: 10041
--------------------------------------------------------------
Total Halpha luminosity map sum (detections + upper-limit substitutions): 6.31e+40 erg/s
Total corrected Halpha luminosity from SF region: 5.96e+40 erg/s
Total Halpha SFR map sum (detections + upper-limit substitutions): 0.31 M☉/yr or in log10 scale: -0.50 log(M☉/yr)
Total Halpha SFR from SF region: 0.30 M☉/yr or in log10 scale: -0.53 log(M☉/yr)
Total Halpha SFR from HII region: 0.29 M☉/yr or in log10 scale: -0.54 log(M☉/yr)
--------------------------------------------------------------
[O/H] D16 SF: Total metallicity in SF region:  8.72264779290257
[O/H] PG16 SF: Total metallicity in SF region:  8.519505744669804
[O/H] N2S2-N06 SF: Total metallicity in SF region:  9.042202878313528
[O/H] O3N2-M13 SF: Total metallicity in SF region:  8.5842947284878
[O/H] N2-M13 SF: Total metallicity in SF region:  8.503821808452988
[O/H] O3N2-PP04 SF: Total metallicity in SF region:  8.806702397738768
[O/H] N2-PP04 SF: Total metallicity in SF region:  8.6123639080819
[O/H] O3N2-C20 SF: Total metallicity in SF region:  8.794115391307056
[O/H] O3S2-C20 SF: Total metallicity in SF region:  8.85917314291053
[O/H] RS32-C20 SF: Total metallicity in SF region:  8.805585859370222
[O/H] R3-C20 SF: Total metallicity in SF region:  8.81024296774911
[O/H] N2-C20 SF: Total metallicity in SF region:  8.671580973518491
[O/H] S2-C20 SF: Total metallicity in SF region:  8.816870586475988
[O/H] Combined-C20 SF: Total metallicity in SF region:  8.798910653632097 (weighted 6 methods; dominant S2)
--------------------------------------------------------------
[O/H] D16 HII: Total metallicity in HII region:  8.72194733492373
[O/H] PG16 HII: Total metallicity in HII region:  8.51718728943418
[O/H] N2S2-N06 HII: Total metallicity in HII region:  9.044465771622491
[O/H] O3N2-M13 HII: Total metallicity in HII region:  8.594361253772519
[O/H] N2-M13 HII: Total metallicity in HII region:  8.497778002299835
[O/H] O3N2-PP04 HII: Total metallicity in HII region:  8.821755145828067
[O/H] N2-PP04 HII: Total metallicity in HII region:  8.59963843370022
[O/H] O3N2-C20 HII: Total metallicity in HII region:  8.803062477614628
[O/H] O3S2-C20 HII: Total metallicity in HII region:  8.867753323011486
[O/H] RS32-C20 HII: Total metallicity in HII region:  8.816728624274493
[O/H] R3-C20 HII: Total metallicity in HII region:  8.823578373085248
[O/H] N2-C20 HII: Total metallicity in HII region:  8.6635045283733
[O/H] S2-C20 HII: Total metallicity in HII region:  8.823344965014288
[O/H] Combined-C20 HII: Total metallicity in HII region:  8.806607080359443 (weighted 6 methods; dominant S2)
--------------------------------------------------------------
[O/H] D16: Total metallicity in total region:  8.764739506469136
[O/H] PG16: Total metallicity in total region:  8.563690372527342
[O/H] N2S2-N06: Total metallicity in total region:  9.053728866559666
[O/H] O3N2-M13: Total metallicity in total region:  8.524571496693627
[O/H] N2-M13: Total metallicity in total region:  8.551822018409744
[O/H] O3N2-PP04: Total metallicity in total region:  8.71739663056991
[O/H] N2-PP04: Total metallicity in total region:  8.723056768004179
[O/H] O3N2-C20: Total metallicity in total region:  8.73953803968972
[O/H] O3S2-C20: Total metallicity in total region:  8.800468273976772
[O/H] RS32-C20: Total metallicity in total region:  8.722481397202161
[O/H] R3-C20: Total metallicity in total region:  8.716721704047824
[O/H] N2-C20: Total metallicity in total region:  8.745518975847776
[O/H] S2-C20: Total metallicity in total region:  8.770945688909041
[O/H] Combined-C20: Total metallicity in total region:  8.74699026576528 (weighted 6 methods; dominant S2)
--------------------------------------------------------------
Total runtime: 308.0 s
✅  NGC4064 finished in 5m19s
