Python executable: /arc/home/RongjunHuang/.conda/envs/ICRAR/bin/python
Python 3.13.3
PYTHONUNBUFFERED: 1
Product root     : /arc/home/RongjunHuang/ICRAR/further
Local fallback   : /arc/home/RongjunHuang/ICRAR/further

Shared input keyword ➜ <none>
Reading gas-line FITS ➜ /arc/home/RongjunHuang/ICRAR/further/v3tk_v7.6.8/NGC4383/NGC4383_gas_bin_maps.fits
Matched binning FITS ➜ /arc/home/RongjunHuang/ICRAR/further/v3tk_v7.6.8/NGC4383/NGC4383_spatial_binning_maps_further.fits
Spatial mask FITS ➜ /arc/home/RongjunHuang/ICRAR/further/v3tk_v7.6.8/NGC4383/NGC4383_mask.fits
Available gas-line flux/error pairs:
  - HB4861
  - OIII4958
  - OIII5006
  - NII5754
  - OI6300
  - SIII6312
  - OI6363
  - NII6548
  - HA6562
  - NII6583
  - SII6716
  - SII6730
  - OII7318
  - OII7319
  - OII7329
  - OII7330
Te-method optional emission-line availability:
  - OIII4958: available
  - NII5754: available
  - SIII6312: available
  - NII6548: available
  - OII7318: available
  - OII7319: available
  - OII7329: available
  - OII7330: available
  - SIII9068: missing
Spatial mask applied: MASKFILE[MASK] table; row-major MASK == 0; keep=226690, masked=219575, finite H-alpha after mask=226690
--------------------------------------------------------------
Extinction law for k(λ)=A(λ)/E(B−V): calzetti
k(Hβ 4861Å)  = 4.5981   at λ=0.4861 µm
k(Hα 6562Å)  = 3.3264   at λ=0.6562 µm
k([OIII]5006)= 4.4647   at λ=0.5006 µm
k([NII]6583) = 3.3130   at λ=0.6583 µm
k([SII]6716) = 3.2298   at λ=0.6716 µm
k([SII]6730) = 3.2212   at λ=0.6730 µm
k(OIII4958) = 4.5083   at λ=0.4958 µm
k(NII5754) = 3.8531   at λ=0.5755 µm
k(OI6300) = 3.5017   at λ=0.6300 µm
k(SIII6312) = 3.4934   at λ=0.6312 µm
k(OI6363) = 3.4582   at λ=0.6363 µm
k(NII6548) = 3.3355   at λ=0.6548 µm
k(OII7318) = 2.8906   at λ=0.7319 µm
k(OII7319) = 2.8901   at λ=0.7320 µm
k(OII7329) = 2.8854   at λ=0.7329 µm
k(OII7330) = 2.8844   at λ=0.7331 µm
k(SIII9068) = 2.1615   at λ=0.9069 µm (line missing; NaN placeholder)
--------------------------------------------------------------
Calculating all 6 C20 metallicities for NGC4383...
Combined C20 metallicity: median = 8.614, range = (8.421, 8.702)
Combined C20 dominant-weight method usage: O3N2=0, O3S2=0, RS32=0, R3=193265, N2=0, S2=33425
Galaxy NGC4383 inclination: 56.0° (cos θ = 0.559)
Inclination correction ENABLED: applying b/a = 0.583 (adopting intrinsic thickness q₀ = 0.2 for disc galaxy)
Loaded SII density lookup table: /arc/home/RongjunHuang/ICRAR/further/pyneb_sii_6716_6731_density_lookup_te8000_13000_step1000_ne20_100000_n4096.npz
PyNeb Te-method valid-pixel counts:
  NE_SII finite pixels: 124519
  NE_SII fixed at 20 cm^-3: 54803/124519 (44.0%)
  NE_SII exact high-density fallback pixels: 0
  NE_SII_ALL finite pixels: 226690
  Te(NII) HII pixels: 2377
  Te(NII) SF pixels: 2377
  Brazzini+2024 direct HII pixels: 0
  Brazzini+2024 direct SF pixels: 0
  NII+OII7325 semi-direct HII pixels: 2313
  NII+OII7325 semi-direct SF pixels: 2313
  Kreckel+2025 NII-only HII pixels: 1848
  Kreckel+2025 NII-only SF pixels: 1848
Integrated PyNeb Te-method values:
  SF:
    NE_SII: 60.25 +/- 0.12 cm^-3 (n_pix=84653, fixed20=0, exact_high_density=0)
    Te(NII): 8830.2 +/- 15.5 K (n_pix=2379)
    O_H_BR24_DIRECT: nan dex (n_pix=0)
    O_H_NII_OII7325: 8.3826 +/- 0.0803 dex (n_pix=2313)
    O_H_NII_K25: 8.6292 +/- 0.1944 dex (n_pix=2379)
  HII:
    NE_SII: 60.25 +/- 0.12 cm^-3 (n_pix=84653, fixed20=0, exact_high_density=0)
    Te(NII): 8830.2 +/- 15.5 K (n_pix=2379)
    O_H_BR24_DIRECT: nan dex (n_pix=0)
    O_H_NII_OII7325: 8.3826 +/- 0.0803 dex (n_pix=2313)
    O_H_NII_K25: 8.6292 +/- 0.1944 dex (n_pix=2379)
Further file written ➜ /arc/home/RongjunHuang/ICRAR/further/v3tk_v7.6.8/NGC4383/NGC4383_gas_bin_maps_further.fits
--------------------------------------------------------------
Total non-nan spaxels: 226690
Number of pixels with Halpha not detected: 14413
Number of pixels with Halpha detected, Hbeta not detected: 51435
Number of pixels with Halpha detected, Hbeta detected, NII not detected, OIII not detected and unclassified1: 0
Number of pixels with Halpha detected, Hbeta detected, NII not detected, OIII detected and unclassified1: 0
Number of pixels with Halpha detected, Hbeta detected, NII detected, OIII not detected and unclassified1: 0
Number of pixels with Halpha detected, Hbeta detected, NII detected, OIII detected and unclassified1: 0
Number of pixels with Halpha detected, Hbeta detected, SII not detected, OIII not detected and unclassified1: 0
Number of pixels with Halpha detected, Hbeta detected, SII not detected, OIII detected and unclassified1: 0
Number of pixels with Halpha detected, Hbeta detected, SII detected, OIII not detected and unclassified1: 0
Number of pixels with Halpha detected, Hbeta detected, SII detected, OIII detected and unclassified1: 0
--------------------------------------------------------------
Total Halpha luminosity map sum (detections + upper-limit substitutions): 2.17e+41 erg/s
Total corrected Halpha luminosity from SF region: 2.12e+41 erg/s
Total Halpha SFR map sum (detections + upper-limit substitutions): 1.08 M☉/yr or in log10 scale: 0.03 log(M☉/yr)
Total Halpha SFR from SF region: 1.06 M☉/yr or in log10 scale: 0.02 log(M☉/yr)
Total Halpha SFR from HII region: 1.06 M☉/yr or in log10 scale: 0.02 log(M☉/yr)
--------------------------------------------------------------
[O/H] D16 SF: Total metallicity in SF region:  8.393286948685947
[O/H] PG16 SF: Total metallicity in SF region:  8.35827775790206
[O/H] N2S2-N06 SF: Total metallicity in SF region:  8.771864341983665
[O/H] O3N2-M13 SF: Total metallicity in SF region:  8.370523116240202
[O/H] N2-M13 SF: Total metallicity in SF region:  8.41184567672775
[O/H] O3N2-PP04 SF: Total metallicity in SF region:  8.487043912134883
[O/H] N2-PP04 SF: Total metallicity in SF region:  8.444444211690913
[O/H] O3N2-C20 SF: Total metallicity in SF region:  8.584319488126726
[O/H] O3S2-C20 SF: Total metallicity in SF region:  8.70743656715931
[O/H] RS32-C20 SF: Total metallicity in SF region:  8.606149256069955
[O/H] R3-C20 SF: Total metallicity in SF region:  8.590173917731597
[O/H] N2-C20 SF: Total metallicity in SF region:  8.560650921992684
[O/H] S2-C20 SF: Total metallicity in SF region:  8.515342675356985
[O/H] Combined-C20 SF: Total metallicity in SF region:  8.577174468604449 (weighted 6 methods; dominant S2)
--------------------------------------------------------------
[O/H] D16 HII: Total metallicity in HII region:  8.393286948685947
[O/H] PG16 HII: Total metallicity in HII region:  8.35827775790206
[O/H] N2S2-N06 HII: Total metallicity in HII region:  8.771864341983665
[O/H] O3N2-M13 HII: Total metallicity in HII region:  8.370523116240202
[O/H] N2-M13 HII: Total metallicity in HII region:  8.41184567672775
[O/H] O3N2-PP04 HII: Total metallicity in HII region:  8.487043912134883
[O/H] N2-PP04 HII: Total metallicity in HII region:  8.444444211690913
[O/H] O3N2-C20 HII: Total metallicity in HII region:  8.584319488126726
[O/H] O3S2-C20 HII: Total metallicity in HII region:  8.70743656715931
[O/H] RS32-C20 HII: Total metallicity in HII region:  8.606149256069955
[O/H] R3-C20 HII: Total metallicity in HII region:  8.590173917731597
[O/H] N2-C20 HII: Total metallicity in HII region:  8.560650921992684
[O/H] S2-C20 HII: Total metallicity in HII region:  8.515342675356985
[O/H] Combined-C20 HII: Total metallicity in HII region:  8.577174468604449 (weighted 6 methods; dominant S2)
--------------------------------------------------------------
[O/H] D16: Total metallicity in total region:  8.37984393071909
[O/H] PG16: Total metallicity in total region:  8.354155703281254
[O/H] N2S2-N06: Total metallicity in total region:  8.753964180030572
[O/H] O3N2-M13: Total metallicity in total region:  8.371944698707138
[O/H] N2-M13: Total metallicity in total region:  8.414283003706108
[O/H] O3N2-PP04: Total metallicity in total region:  8.489169642926562
[O/H] N2-PP04: Total metallicity in total region:  8.448242422397124
[O/H] O3N2-C20: Total metallicity in total region:  8.585868260076603
[O/H] O3S2-C20: Total metallicity in total region:  8.71232570183726
[O/H] RS32-C20: Total metallicity in total region:  8.60467410185312
[O/H] R3-C20: Total metallicity in total region:  8.590651571391799
[O/H] N2-C20: Total metallicity in total region:  8.563383433525532
[O/H] S2-C20: Total metallicity in total region:  8.533718955265899
[O/H] Combined-C20: Total metallicity in total region:  8.583359554672638 (weighted 6 methods; dominant S2)
--------------------------------------------------------------
Total runtime: 264.0 s
✅  NGC4383 finished in 4m31s
