Python executable: /opt/miniconda3/envs/ICRAR/bin/python
Python 3.13.3
PYTHONUNBUFFERED: 1
Product root     : /Users/Igniz/Desktop/ICRAR/further
Local fallback   : /Users/Igniz/Desktop/ICRAR/further

Shared input keyword ➜ <none>
Reading gas-line FITS ➜ /Users/Igniz/Desktop/ICRAR/further/v3tk_v7.6.8/NGC4567_8/NGC4567_8_gas_BIN_maps.fits
Matched binning FITS ➜ /Users/Igniz/Desktop/ICRAR/further/v3tk_v7.6.8/NGC4567_8/NGC4567_8_spatial_binning_maps_further.fits
Spatial mask FITS ➜ /Users/Igniz/Desktop/ICRAR/further/v3tk_v7.6.8/NGC4567_8/NGC4567_8_mask.fits
Gas-line maps collapsed onto spatial BINID: 31715 bins
Available gas-line flux/error pairs:
  - HB4861
  - OIII4958
  - OIII5006
  - NII5754
  - OI6300
  - SIII6312
  - OI6363
  - NII6548
  - HA6562
  - NII6583
  - SII6716
  - SII6730
  - OII7318
  - OII7319
  - OII7329
  - OII7330
Te-method optional emission-line availability:
  - OIII4958: available
  - NII5754: available
  - SIII6312: available
  - NII6548: available
  - OII7318: available
  - OII7319: available
  - OII7329: available
  - OII7330: available
  - SIII9068: missing
Spatial mask applied: MASKFILE[MASK] table; row-major MASK == 0; keep=508484, masked=519805, finite H-alpha after mask=508484
/Users/Igniz/Desktop/ICRAR/further/SFR+Z.py:1049: RuntimeWarning: divide by zero encountered in divide
  BD = HA6562_FLUX / HB4861_FLUX
/Users/Igniz/Desktop/ICRAR/further/SFR+Z.py:1049: RuntimeWarning: invalid value encountered in divide
  BD = HA6562_FLUX / HB4861_FLUX
--------------------------------------------------------------
Extinction law for k(λ)=A(λ)/E(B−V): calzetti
k(Hβ 4861Å)  = 4.5981   at λ=0.4861 µm
k(Hα 6562Å)  = 3.3264   at λ=0.6562 µm
k([OIII]5006)= 4.4647   at λ=0.5006 µm
k([NII]6583) = 3.3130   at λ=0.6583 µm
k([SII]6716) = 3.2298   at λ=0.6716 µm
k([SII]6730) = 3.2212   at λ=0.6730 µm
k(OIII4958) = 4.5083   at λ=0.4958 µm
k(NII5754) = 3.8531   at λ=0.5755 µm
k(OI6300) = 3.5017   at λ=0.6300 µm
k(SIII6312) = 3.4934   at λ=0.6312 µm
k(OI6363) = 3.4582   at λ=0.6363 µm
k(NII6548) = 3.3355   at λ=0.6548 µm
k(OII7318) = 2.8906   at λ=0.7319 µm
k(OII7319) = 2.8901   at λ=0.7320 µm
k(OII7329) = 2.8854   at λ=0.7329 µm
k(OII7330) = 2.8844   at λ=0.7331 µm
k(SIII9068) = 2.1615   at λ=0.9069 µm (line missing; NaN placeholder)
--------------------------------------------------------------
/Users/Igniz/Desktop/ICRAR/further/SFR+Z.py:1929: RuntimeWarning: divide by zero encountered in divide
  y = np.log10(NII6583_FLUX_corr / (SII6716_FLUX_corr + SII6730_FLUX_corr)) + 0.264*np.log10(NII6583_FLUX_corr / HA6562_FLUX_corr)
/Users/Igniz/Desktop/ICRAR/further/SFR+Z.py:1929: RuntimeWarning: divide by zero encountered in log10
  y = np.log10(NII6583_FLUX_corr / (SII6716_FLUX_corr + SII6730_FLUX_corr)) + 0.264*np.log10(NII6583_FLUX_corr / HA6562_FLUX_corr)
/Users/Igniz/Desktop/ICRAR/further/SFR+Z.py:1940: RuntimeWarning: divide by zero encountered in divide
  N2 = NII_scaled / HB4861_FLUX_corr   # N2 = I([N II]λ6548 + λ6584)/I(Hβ)
/Users/Igniz/Desktop/ICRAR/further/SFR+Z.py:1941: RuntimeWarning: divide by zero encountered in divide
  S2 = (SII6716_FLUX_corr + SII6730_FLUX_corr) / HB4861_FLUX_corr  # S2 = I([S II]λ6717 + λ6731)/I(Hβ)
/Users/Igniz/Desktop/ICRAR/further/SFR+Z.py:1942: RuntimeWarning: divide by zero encountered in divide
  R3 = OIII_scaled / HB4861_FLUX_corr  # R3 = I([O III]λ4959 + λ5007)/I(Hβ) (same value as R2 in this case)
/Users/Igniz/Desktop/ICRAR/further/SFR+Z.py:1942: RuntimeWarning: invalid value encountered in divide
  R3 = OIII_scaled / HB4861_FLUX_corr  # R3 = I([O III]λ4959 + λ5007)/I(Hβ) (same value as R2 in this case)
/Users/Igniz/Desktop/ICRAR/further/SFR+Z.py:1944: RuntimeWarning: divide by zero encountered in divide
  log_R3_S2 = np.log10(R3/S2)
/Users/Igniz/Desktop/ICRAR/further/SFR+Z.py:1944: RuntimeWarning: invalid value encountered in divide
  log_R3_S2 = np.log10(R3/S2)
/Users/Igniz/Desktop/ICRAR/further/SFR+Z.py:1944: RuntimeWarning: divide by zero encountered in log10
  log_R3_S2 = np.log10(R3/S2)
/Users/Igniz/Desktop/ICRAR/further/SFR+Z.py:1945: RuntimeWarning: divide by zero encountered in log10
  log_N2 = np.log10(N2)
/Users/Igniz/Desktop/ICRAR/further/SFR+Z.py:1946: RuntimeWarning: divide by zero encountered in log10
  log_S2 = np.log10(S2)
/Users/Igniz/Desktop/ICRAR/further/SFR+Z.py:1969: RuntimeWarning: invalid value encountered in add
  O_H_PG16[upper_mask] = (a1_upper + a2_upper * log_R3_S2[upper_mask] + a3_upper * log_N2[upper_mask] +
/Users/Igniz/Desktop/ICRAR/further/SFR+Z.py:1973: RuntimeWarning: invalid value encountered in add
  (a4_lower + a5_lower * log_R3_S2[lower_mask] + a6_lower * log_N2[lower_mask]) * log_S2[lower_mask])
/Users/Igniz/Desktop/ICRAR/further/SFR+Z.py:1994: RuntimeWarning: divide by zero encountered in divide
  n2s2_ratio = np.log10(nii6583_flux / sii_total)
/Users/Igniz/Desktop/ICRAR/further/SFR+Z.py:1994: RuntimeWarning: divide by zero encountered in log10
  n2s2_ratio = np.log10(nii6583_flux / sii_total)
/Users/Igniz/Desktop/ICRAR/further/SFR+Z.py:2039: RuntimeWarning: divide by zero encountered in divide
  oiii_hb = oiii5006_flux / hb4861_flux
/Users/Igniz/Desktop/ICRAR/further/SFR+Z.py:2039: RuntimeWarning: invalid value encountered in divide
  oiii_hb = oiii5006_flux / hb4861_flux
/Users/Igniz/Desktop/ICRAR/further/SFR+Z.py:2040: RuntimeWarning: divide by zero encountered in divide
  nii_ha = nii6583_flux / ha6562_flux
/Users/Igniz/Desktop/ICRAR/further/SFR+Z.py:2041: RuntimeWarning: invalid value encountered in divide
  o3n2_ratio = np.log10(oiii_hb / nii_ha)
/Users/Igniz/Desktop/ICRAR/further/SFR+Z.py:2041: RuntimeWarning: divide by zero encountered in log10
  o3n2_ratio = np.log10(oiii_hb / nii_ha)
/Users/Igniz/Desktop/ICRAR/further/SFR+Z.py:2063: RuntimeWarning: divide by zero encountered in divide
  n2_ratio = np.log10(nii6583_flux / ha6562_flux)
/Users/Igniz/Desktop/ICRAR/further/SFR+Z.py:2063: RuntimeWarning: divide by zero encountered in log10
  n2_ratio = np.log10(nii6583_flux / ha6562_flux)
/Users/Igniz/Desktop/ICRAR/further/SFR+Z.py:2086: RuntimeWarning: divide by zero encountered in divide
  oiii_hb = oiii5006_flux / hb4861_flux
/Users/Igniz/Desktop/ICRAR/further/SFR+Z.py:2086: RuntimeWarning: invalid value encountered in divide
  oiii_hb = oiii5006_flux / hb4861_flux
/Users/Igniz/Desktop/ICRAR/further/SFR+Z.py:2087: RuntimeWarning: divide by zero encountered in divide
  nii_ha = nii6583_flux / ha6562_flux
/Users/Igniz/Desktop/ICRAR/further/SFR+Z.py:2088: RuntimeWarning: invalid value encountered in divide
  o3n2_ratio = np.log10(oiii_hb / nii_ha)
/Users/Igniz/Desktop/ICRAR/further/SFR+Z.py:2088: RuntimeWarning: divide by zero encountered in log10
  o3n2_ratio = np.log10(oiii_hb / nii_ha)
/Users/Igniz/Desktop/ICRAR/further/SFR+Z.py:2110: RuntimeWarning: divide by zero encountered in divide
  n2_ratio = np.log10(nii6583_flux / ha6562_flux)
/Users/Igniz/Desktop/ICRAR/further/SFR+Z.py:2110: RuntimeWarning: divide by zero encountered in log10
  n2_ratio = np.log10(nii6583_flux / ha6562_flux)
/Users/Igniz/Desktop/ICRAR/further/SFR+Z.py:2145: RuntimeWarning: divide by zero encountered in divide
  oiii_hb = oiii5006_flux / hb4861_flux
/Users/Igniz/Desktop/ICRAR/further/SFR+Z.py:2145: RuntimeWarning: invalid value encountered in divide
  oiii_hb = oiii5006_flux / hb4861_flux
/Users/Igniz/Desktop/ICRAR/further/SFR+Z.py:2146: RuntimeWarning: divide by zero encountered in divide
  nii_ha = nii6583_flux / ha6562_flux
/Users/Igniz/Desktop/ICRAR/further/SFR+Z.py:2147: RuntimeWarning: invalid value encountered in divide
  o3n2_ratio = np.log10(oiii_hb / nii_ha)
/Users/Igniz/Desktop/ICRAR/further/SFR+Z.py:2147: RuntimeWarning: divide by zero encountered in log10
  o3n2_ratio = np.log10(oiii_hb / nii_ha)
/Users/Igniz/Desktop/ICRAR/further/SFR+Z.py:2247: RuntimeWarning: divide by zero encountered in divide
  oiii_hb = oiii5006_flux / hb4861_flux
/Users/Igniz/Desktop/ICRAR/further/SFR+Z.py:2247: RuntimeWarning: invalid value encountered in divide
  oiii_hb = oiii5006_flux / hb4861_flux
/Users/Igniz/Desktop/ICRAR/further/SFR+Z.py:2250: RuntimeWarning: divide by zero encountered in divide
  sii_hb = sii_total / hb4861_flux
/Users/Igniz/Desktop/ICRAR/further/SFR+Z.py:2253: RuntimeWarning: divide by zero encountered in divide
  o3s2_ratio = np.log10(oiii_hb / sii_hb)
/Users/Igniz/Desktop/ICRAR/further/SFR+Z.py:2253: RuntimeWarning: invalid value encountered in divide
  o3s2_ratio = np.log10(oiii_hb / sii_hb)
/Users/Igniz/Desktop/ICRAR/further/SFR+Z.py:2253: RuntimeWarning: divide by zero encountered in log10
  o3s2_ratio = np.log10(oiii_hb / sii_hb)
Calculating all 6 C20 metallicities for NGC4567_8...
Combined C20 metallicity: median = 8.748, range = (8.044, 8.904)
Combined C20 dominant-weight method usage: O3N2=83420, O3S2=0, RS32=21186, R3=235020, N2=31, S2=153334
Warning: Galaxy NGC4567_8 not found in MAUVE_Inclination.dat
No inclination data found for NGC4567_8, using ba_factor = 1.0
/Users/Igniz/Desktop/ICRAR/further/SFR+Z.py:2961: RuntimeWarning: divide by zero encountered in divide
  logN2  = np.log10(NII6583_FLUX_corr / HA6562_FLUX_corr)        # [N II]/Hα
/Users/Igniz/Desktop/ICRAR/further/SFR+Z.py:2961: RuntimeWarning: divide by zero encountered in log10
  logN2  = np.log10(NII6583_FLUX_corr / HA6562_FLUX_corr)        # [N II]/Hα
/Users/Igniz/Desktop/ICRAR/further/SFR+Z.py:2962: RuntimeWarning: divide by zero encountered in divide
  logS2  = np.log10((SII6716_FLUX_corr+SII6730_FLUX_corr) / HA6562_FLUX_corr)   # Σ[S II]/Hα
/Users/Igniz/Desktop/ICRAR/further/SFR+Z.py:2962: RuntimeWarning: divide by zero encountered in log10
  logS2  = np.log10((SII6716_FLUX_corr+SII6730_FLUX_corr) / HA6562_FLUX_corr)   # Σ[S II]/Hα
/Users/Igniz/Desktop/ICRAR/further/SFR+Z.py:2963: RuntimeWarning: divide by zero encountered in divide
  logO3  = np.log10(OIII5006_FLUX_corr / HB4861_FLUX_corr)       # [O III]/Hβ
/Users/Igniz/Desktop/ICRAR/further/SFR+Z.py:2963: RuntimeWarning: invalid value encountered in divide
  logO3  = np.log10(OIII5006_FLUX_corr / HB4861_FLUX_corr)       # [O III]/Hβ
/Users/Igniz/Desktop/ICRAR/further/SFR+Z.py:2963: RuntimeWarning: divide by zero encountered in log10
  logO3  = np.log10(OIII5006_FLUX_corr / HB4861_FLUX_corr)       # [O III]/Hβ
/Users/Igniz/Desktop/ICRAR/further/SFR+Z.py:3049: RuntimeWarning: invalid value encountered in add
  mask_N2_right, mask_S2_right = apply_bpt_masks(logN2=logN2+logN2_err, logS2=logS2+logS2_err, logO3=logO3)
/Users/Igniz/Desktop/ICRAR/further/SFR+Z.py:3051: RuntimeWarning: invalid value encountered in add
  mask_N2_up, mask_S2_up = apply_bpt_masks(logN2=logN2, logS2=logS2, logO3=logO3+logO3_err)
Loaded SII density lookup table: /Users/Igniz/Desktop/ICRAR/further/pyneb_sii_6716_6731_density_lookup_te8000_13000_step1000_ne20_100000_n4096.npz
PyNeb Te-method valid-pixel counts:
  NE_SII finite pixels: 332278
  NE_SII fixed at 20 cm^-3: 159629/332278 (48.0%)
  NE_SII exact high-density fallback pixels: 0
  NE_SII_ALL finite pixels: 508484
  Te(NII) HII pixels: 3788
  Te(NII) SF pixels: 4134
  Brazzini+2024 direct HII pixels: 0
  Brazzini+2024 direct SF pixels: 0
  NII+OII7325 semi-direct HII pixels: 160
  NII+OII7325 semi-direct SF pixels: 215
  Kreckel+2025 NII-only HII pixels: 624
  Kreckel+2025 NII-only SF pixels: 676
Integrated PyNeb Te-method values:
  SF:
    NE_SII: 21.78 +/- 0.11 cm^-3 (n_pix=285945, fixed20=0, exact_high_density=0)
    Te(NII): 15713.3 +/- 37.6 K (n_pix=4733)
    O_H_BR24_DIRECT: nan dex (n_pix=0)
    O_H_NII_OII7325: 8.0749 +/- 0.0282 dex (n_pix=225)
    O_H_NII_K25: nan dex (n_pix=4733)
  HII:
    NE_SII: 23.15 +/- 0.11 cm^-3 (n_pix=230639, fixed20=0, exact_high_density=0)
    Te(NII): 15530.1 +/- 43.8 K (n_pix=4274)
    O_H_BR24_DIRECT: nan dex (n_pix=0)
    O_H_NII_OII7325: 8.0316 +/- 0.0365 dex (n_pix=170)
    O_H_NII_K25: nan dex (n_pix=4274)
Further file written ➜ /Users/Igniz/Desktop/ICRAR/further/v3tk_v7.6.8/NGC4567_8/NGC4567_8_gas_BIN_maps_further.fits
--------------------------------------------------------------
Total non-nan spaxels: 508484
Number of pixels with Halpha not detected: 75675
Number of pixels with Halpha detected, Hbeta not detected: 109010
Number of pixels with Halpha detected, Hbeta detected, NII not detected, OIII not detected and unclassified1: 0
Number of pixels with Halpha detected, Hbeta detected, NII not detected, OIII detected and unclassified1: 0
Number of pixels with Halpha detected, Hbeta detected, NII detected, OIII not detected and unclassified1: 1903
Number of pixels with Halpha detected, Hbeta detected, NII detected, OIII detected and unclassified1: 7460
Number of pixels with Halpha detected, Hbeta detected, SII not detected, OIII not detected and unclassified1: 225
Number of pixels with Halpha detected, Hbeta detected, SII not detected, OIII detected and unclassified1: 170
Number of pixels with Halpha detected, Hbeta detected, SII detected, OIII not detected and unclassified1: 1678
Number of pixels with Halpha detected, Hbeta detected, SII detected, OIII detected and unclassified1: 7290
--------------------------------------------------------------
Total Halpha luminosity map sum (detections + upper-limit substitutions): 6.24e+41 erg/s
Total corrected Halpha luminosity from SF region: 6.13e+41 erg/s
Total Halpha SFR map sum (detections + upper-limit substitutions): 3.11 M☉/yr or in log10 scale: 0.49 log(M☉/yr)
Total Halpha SFR from SF region: 3.05 M☉/yr or in log10 scale: 0.48 log(M☉/yr)
Total Halpha SFR from HII region: 2.90 M☉/yr or in log10 scale: 0.46 log(M☉/yr)
--------------------------------------------------------------
[O/H] D16 SF: Total metallicity in SF region:  8.783478833723214
[O/H] PG16 SF: Total metallicity in SF region:  8.548256297222299
[O/H] N2S2-N06 SF: Total metallicity in SF region:  9.083760887562681
[O/H] O3N2-M13 SF: Total metallicity in SF region:  8.577823488281973
[O/H] N2-M13 SF: Total metallicity in SF region:  8.517833665989484
[O/H] O3N2-PP04 SF: Total metallicity in SF region:  8.797025776870242
[O/H] N2-PP04 SF: Total metallicity in SF region:  8.64287826046846
[O/H] O3N2-C20 SF: Total metallicity in SF region:  8.78832698513696
[O/H] O3S2-C20 SF: Total metallicity in SF region:  8.84305800022654
[O/H] RS32-C20 SF: Total metallicity in SF region:  8.800795001603845
[O/H] R3-C20 SF: Total metallicity in SF region:  8.796482143613519
[O/H] N2-C20 SF: Total metallicity in SF region:  8.69107729899975
[O/H] S2-C20 SF: Total metallicity in SF region:  8.825626034589423
[O/H] Combined-C20 SF: Total metallicity in SF region:  8.797616806019377 (weighted 6 methods; dominant S2)
--------------------------------------------------------------
[O/H] D16 HII: Total metallicity in HII region:  8.779722184766776
[O/H] PG16 HII: Total metallicity in HII region:  8.543315541309044
[O/H] N2S2-N06 HII: Total metallicity in HII region:  9.085093435243243
[O/H] O3N2-M13 HII: Total metallicity in HII region:  8.583175015714467
[O/H] N2-M13 HII: Total metallicity in HII region:  8.508400113220114
[O/H] O3N2-PP04 HII: Total metallicity in HII region:  8.805028060881448
[O/H] N2-PP04 HII: Total metallicity in HII region:  8.622177323710856
[O/H] O3N2-C20 HII: Total metallicity in HII region:  8.793115906666058
[O/H] O3S2-C20 HII: Total metallicity in HII region:  8.847651356932237
[O/H] RS32-C20 HII: Total metallicity in HII region:  8.811699001903223
[O/H] R3-C20 HII: Total metallicity in HII region:  8.806834264911446
[O/H] N2-C20 HII: Total metallicity in HII region:  8.677823667373541
[O/H] S2-C20 HII: Total metallicity in HII region:  8.834003155138454
[O/H] Combined-C20 HII: Total metallicity in HII region:  8.8037477290526 (weighted 6 methods; dominant S2)
--------------------------------------------------------------
[O/H] D16: Total metallicity in total region:  8.783837865472766
[O/H] PG16: Total metallicity in total region:  8.552868486070258
[O/H] N2S2-N06: Total metallicity in total region:  9.079640882548466
[O/H] O3N2-M13: Total metallicity in total region:  8.570445780865326
[O/H] N2-M13: Total metallicity in total region:  8.52767381689666
[O/H] O3N2-PP04: Total metallicity in total region:  8.785993691013573
[O/H] N2-PP04: Total metallicity in total region:  8.665175525925115
[O/H] O3N2-C20: Total metallicity in total region:  8.781691974784735
[O/H] O3S2-C20: Total metallicity in total region:  8.837270651076324
[O/H] RS32-C20: Total metallicity in total region:  8.78715503161448
[O/H] R3-C20: Total metallicity in total region:  8.783502354762275
[O/H] N2-C20: Total metallicity in total region:  8.705575526881566
[O/H] S2-C20: Total metallicity in total region:  8.814775609882199
[O/H] Combined-C20: Total metallicity in total region:  8.789523490108067 (weighted 6 methods; dominant S2)
--------------------------------------------------------------
Total runtime: 494.9 s
✅  NGC4567_8 finished in 8m35s
