Python executable: /arc/home/RongjunHuang/.conda/envs/ICRAR/bin/python
Python 3.13.3
PYTHONUNBUFFERED: 1
Product root     : /arc/home/RongjunHuang/ICRAR/further
Local fallback   : /arc/home/RongjunHuang/ICRAR/further

Shared input keyword ➜ <none>
Reading gas-line FITS ➜ /arc/home/RongjunHuang/ICRAR/further/v3tk_v7.6.8/NGC4419/NGC4419_gas_bin_maps.fits
Matched binning FITS ➜ /arc/home/RongjunHuang/ICRAR/further/v3tk_v7.6.8/NGC4419/NGC4419_spatial_binning_maps_further.fits
Spatial mask FITS ➜ /arc/home/RongjunHuang/ICRAR/further/v3tk_v7.6.8/NGC4419/NGC4419_mask.fits
Gas-line maps collapsed onto spatial BINID: 17543 bins
Available gas-line flux/error pairs:
  - HB4861
  - OIII4958
  - OIII5006
  - NII5754
  - OI6300
  - SIII6312
  - OI6363
  - NII6548
  - HA6562
  - NII6583
  - SII6716
  - SII6730
  - OII7318
  - OII7319
  - OII7329
  - OII7330
Te-method optional emission-line availability:
  - OIII4958: available
  - NII5754: available
  - SIII6312: available
  - NII6548: available
  - OII7318: available
  - OII7319: available
  - OII7329: available
  - OII7330: available
  - SIII9068: missing
Spatial mask applied: MASKFILE[MASK] table; row-major MASK == 0; keep=180547, masked=223900, finite H-alpha after mask=180547
/arc/home/RongjunHuang/ICRAR/further/SFR+Z.py:1049: RuntimeWarning: divide by zero encountered in divide
  BD = HA6562_FLUX / HB4861_FLUX
--------------------------------------------------------------
Extinction law for k(λ)=A(λ)/E(B−V): calzetti
k(Hβ 4861Å)  = 4.5981   at λ=0.4861 µm
k(Hα 6562Å)  = 3.3264   at λ=0.6562 µm
k([OIII]5006)= 4.4647   at λ=0.5006 µm
k([NII]6583) = 3.3130   at λ=0.6583 µm
k([SII]6716) = 3.2298   at λ=0.6716 µm
k([SII]6730) = 3.2212   at λ=0.6730 µm
k(OIII4958) = 4.5083   at λ=0.4958 µm
k(NII5754) = 3.8531   at λ=0.5755 µm
k(OI6300) = 3.5017   at λ=0.6300 µm
k(SIII6312) = 3.4934   at λ=0.6312 µm
k(OI6363) = 3.4582   at λ=0.6363 µm
k(NII6548) = 3.3355   at λ=0.6548 µm
k(OII7318) = 2.8906   at λ=0.7319 µm
k(OII7319) = 2.8901   at λ=0.7320 µm
k(OII7329) = 2.8854   at λ=0.7329 µm
k(OII7330) = 2.8844   at λ=0.7331 µm
k(SIII9068) = 2.1615   at λ=0.9069 µm (line missing; NaN placeholder)
--------------------------------------------------------------
/arc/home/RongjunHuang/ICRAR/further/SFR+Z.py:1929: RuntimeWarning: divide by zero encountered in divide
  y = np.log10(NII6583_FLUX_corr / (SII6716_FLUX_corr + SII6730_FLUX_corr)) + 0.264*np.log10(NII6583_FLUX_corr / HA6562_FLUX_corr)
/arc/home/RongjunHuang/ICRAR/further/SFR+Z.py:1929: RuntimeWarning: divide by zero encountered in log10
  y = np.log10(NII6583_FLUX_corr / (SII6716_FLUX_corr + SII6730_FLUX_corr)) + 0.264*np.log10(NII6583_FLUX_corr / HA6562_FLUX_corr)
/arc/home/RongjunHuang/ICRAR/further/SFR+Z.py:1940: RuntimeWarning: divide by zero encountered in divide
  N2 = NII_scaled / HB4861_FLUX_corr   # N2 = I([N II]λ6548 + λ6584)/I(Hβ)
/arc/home/RongjunHuang/ICRAR/further/SFR+Z.py:1941: RuntimeWarning: divide by zero encountered in divide
  S2 = (SII6716_FLUX_corr + SII6730_FLUX_corr) / HB4861_FLUX_corr  # S2 = I([S II]λ6717 + λ6731)/I(Hβ)
/arc/home/RongjunHuang/ICRAR/further/SFR+Z.py:1942: RuntimeWarning: divide by zero encountered in divide
  R3 = OIII_scaled / HB4861_FLUX_corr  # R3 = I([O III]λ4959 + λ5007)/I(Hβ) (same value as R2 in this case)
/arc/home/RongjunHuang/ICRAR/further/SFR+Z.py:1944: RuntimeWarning: divide by zero encountered in divide
  log_R3_S2 = np.log10(R3/S2)
/arc/home/RongjunHuang/ICRAR/further/SFR+Z.py:1944: RuntimeWarning: invalid value encountered in divide
  log_R3_S2 = np.log10(R3/S2)
/arc/home/RongjunHuang/ICRAR/further/SFR+Z.py:1944: RuntimeWarning: divide by zero encountered in log10
  log_R3_S2 = np.log10(R3/S2)
/arc/home/RongjunHuang/ICRAR/further/SFR+Z.py:1945: RuntimeWarning: divide by zero encountered in log10
  log_N2 = np.log10(N2)
/arc/home/RongjunHuang/ICRAR/further/SFR+Z.py:1946: RuntimeWarning: divide by zero encountered in log10
  log_S2 = np.log10(S2)
/arc/home/RongjunHuang/ICRAR/further/SFR+Z.py:1969: RuntimeWarning: invalid value encountered in add
  O_H_PG16[upper_mask] = (a1_upper + a2_upper * log_R3_S2[upper_mask] + a3_upper * log_N2[upper_mask] +
/arc/home/RongjunHuang/ICRAR/further/SFR+Z.py:1972: RuntimeWarning: invalid value encountered in add
  O_H_PG16[lower_mask] = (a1_lower + a2_lower * log_R3_S2[lower_mask] + a3_lower * log_N2[lower_mask] +
/arc/home/RongjunHuang/ICRAR/further/SFR+Z.py:1994: RuntimeWarning: divide by zero encountered in divide
  n2s2_ratio = np.log10(nii6583_flux / sii_total)
/arc/home/RongjunHuang/ICRAR/further/SFR+Z.py:1994: RuntimeWarning: divide by zero encountered in log10
  n2s2_ratio = np.log10(nii6583_flux / sii_total)
/arc/home/RongjunHuang/ICRAR/further/SFR+Z.py:2039: RuntimeWarning: divide by zero encountered in divide
  oiii_hb = oiii5006_flux / hb4861_flux
/arc/home/RongjunHuang/ICRAR/further/SFR+Z.py:2041: RuntimeWarning: divide by zero encountered in divide
  o3n2_ratio = np.log10(oiii_hb / nii_ha)
/arc/home/RongjunHuang/ICRAR/further/SFR+Z.py:2041: RuntimeWarning: divide by zero encountered in log10
  o3n2_ratio = np.log10(oiii_hb / nii_ha)
/arc/home/RongjunHuang/ICRAR/further/SFR+Z.py:2063: RuntimeWarning: divide by zero encountered in log10
  n2_ratio = np.log10(nii6583_flux / ha6562_flux)
/arc/home/RongjunHuang/ICRAR/further/SFR+Z.py:2086: RuntimeWarning: divide by zero encountered in divide
  oiii_hb = oiii5006_flux / hb4861_flux
/arc/home/RongjunHuang/ICRAR/further/SFR+Z.py:2088: RuntimeWarning: divide by zero encountered in divide
  o3n2_ratio = np.log10(oiii_hb / nii_ha)
/arc/home/RongjunHuang/ICRAR/further/SFR+Z.py:2088: RuntimeWarning: divide by zero encountered in log10
  o3n2_ratio = np.log10(oiii_hb / nii_ha)
/arc/home/RongjunHuang/ICRAR/further/SFR+Z.py:2110: RuntimeWarning: divide by zero encountered in log10
  n2_ratio = np.log10(nii6583_flux / ha6562_flux)
/arc/home/RongjunHuang/ICRAR/further/SFR+Z.py:2145: RuntimeWarning: divide by zero encountered in divide
  oiii_hb = oiii5006_flux / hb4861_flux
/arc/home/RongjunHuang/ICRAR/further/SFR+Z.py:2147: RuntimeWarning: divide by zero encountered in divide
  o3n2_ratio = np.log10(oiii_hb / nii_ha)
/arc/home/RongjunHuang/ICRAR/further/SFR+Z.py:2147: RuntimeWarning: divide by zero encountered in log10
  o3n2_ratio = np.log10(oiii_hb / nii_ha)
/arc/home/RongjunHuang/ICRAR/further/SFR+Z.py:2247: RuntimeWarning: divide by zero encountered in divide
  oiii_hb = oiii5006_flux / hb4861_flux
/arc/home/RongjunHuang/ICRAR/further/SFR+Z.py:2250: RuntimeWarning: divide by zero encountered in divide
  sii_hb = sii_total / hb4861_flux
/arc/home/RongjunHuang/ICRAR/further/SFR+Z.py:2253: RuntimeWarning: divide by zero encountered in divide
  o3s2_ratio = np.log10(oiii_hb / sii_hb)
/arc/home/RongjunHuang/ICRAR/further/SFR+Z.py:2253: RuntimeWarning: invalid value encountered in divide
  o3s2_ratio = np.log10(oiii_hb / sii_hb)
/arc/home/RongjunHuang/ICRAR/further/SFR+Z.py:2253: RuntimeWarning: divide by zero encountered in log10
  o3s2_ratio = np.log10(oiii_hb / sii_hb)
Calculating all 6 C20 metallicities for NGC4419...
Combined C20 metallicity: median = 8.643, range = (8.226, 8.885)
Combined C20 dominant-weight method usage: O3N2=108755, O3S2=0, RS32=2717, R3=53950, N2=0, S2=13369
Galaxy NGC4419 inclination: 74.0° (cos θ = 0.276)
Inclination correction ENABLED: applying b/a = 0.336 (adopting intrinsic thickness q₀ = 0.2 for disc galaxy)
/arc/home/RongjunHuang/ICRAR/further/SFR+Z.py:2961: RuntimeWarning: divide by zero encountered in log10
  logN2  = np.log10(NII6583_FLUX_corr / HA6562_FLUX_corr)        # [N II]/Hα
/arc/home/RongjunHuang/ICRAR/further/SFR+Z.py:2962: RuntimeWarning: divide by zero encountered in log10
  logS2  = np.log10((SII6716_FLUX_corr+SII6730_FLUX_corr) / HA6562_FLUX_corr)   # Σ[S II]/Hα
/arc/home/RongjunHuang/ICRAR/further/SFR+Z.py:2963: RuntimeWarning: divide by zero encountered in divide
  logO3  = np.log10(OIII5006_FLUX_corr / HB4861_FLUX_corr)       # [O III]/Hβ
/arc/home/RongjunHuang/ICRAR/further/SFR+Z.py:2963: RuntimeWarning: divide by zero encountered in log10
  logO3  = np.log10(OIII5006_FLUX_corr / HB4861_FLUX_corr)       # [O III]/Hβ
/arc/home/RongjunHuang/ICRAR/further/SFR+Z.py:3049: RuntimeWarning: invalid value encountered in add
  mask_N2_right, mask_S2_right = apply_bpt_masks(logN2=logN2+logN2_err, logS2=logS2+logS2_err, logO3=logO3)
/arc/home/RongjunHuang/ICRAR/further/SFR+Z.py:3051: RuntimeWarning: invalid value encountered in add
  mask_N2_up, mask_S2_up = apply_bpt_masks(logN2=logN2, logS2=logS2, logO3=logO3+logO3_err)
Loaded SII density lookup table: /arc/home/RongjunHuang/ICRAR/further/pyneb_sii_6716_6731_density_lookup_te8000_13000_step1000_ne20_100000_n4096.npz
PyNeb Te-method valid-pixel counts:
  NE_SII finite pixels: 65085
  NE_SII fixed at 20 cm^-3: 29503/65085 (45.3%)
  NE_SII exact high-density fallback pixels: 0
  NE_SII_ALL finite pixels: 180547
  Te(NII) HII pixels: 364
  Te(NII) SF pixels: 631
  Brazzini+2024 direct HII pixels: 0
  Brazzini+2024 direct SF pixels: 0
  NII+OII7325 semi-direct HII pixels: 10
  NII+OII7325 semi-direct SF pixels: 26
  Kreckel+2025 NII-only HII pixels: 31
  Kreckel+2025 NII-only SF pixels: 67
Integrated PyNeb Te-method values:
  SF:
    NE_SII: 108.22 +/- 0.90 cm^-3 (n_pix=15071, fixed20=0, exact_high_density=0)
    Te(NII): 14869.8 +/- 87.2 K (n_pix=1334)
    O_H_BR24_DIRECT: nan dex (n_pix=0)
    O_H_NII_OII7325: 7.9603 +/- 0.0780 dex (n_pix=34)
    O_H_NII_K25: nan dex (n_pix=1334)
  HII:
    NE_SII: 26.48 +/- 0.98 cm^-3 (n_pix=6285, fixed20=0, exact_high_density=0)
    Te(NII): 20728.1 +/- 224.5 K (n_pix=539)
    O_H_BR24_DIRECT: nan dex (n_pix=0)
    O_H_NII_OII7325: 6.8848 +/- 0.0840 dex (n_pix=13)
    O_H_NII_K25: nan dex (n_pix=539)
Further file written ➜ /arc/home/RongjunHuang/ICRAR/further/v3tk_v7.6.8/NGC4419/NGC4419_gas_bin_maps_further.fits
--------------------------------------------------------------
Total non-nan spaxels: 180547
Number of pixels with Halpha not detected: 32070
Number of pixels with Halpha detected, Hbeta not detected: 78168
Number of pixels with Halpha detected, Hbeta detected, NII not detected, OIII not detected and unclassified1: 0
Number of pixels with Halpha detected, Hbeta detected, NII not detected, OIII detected and unclassified1: 59
Number of pixels with Halpha detected, Hbeta detected, NII detected, OIII not detected and unclassified1: 6534
Number of pixels with Halpha detected, Hbeta detected, NII detected, OIII detected and unclassified1: 24432
Number of pixels with Halpha detected, Hbeta detected, SII not detected, OIII not detected and unclassified1: 4458
Number of pixels with Halpha detected, Hbeta detected, SII not detected, OIII detected and unclassified1: 5207
Number of pixels with Halpha detected, Hbeta detected, SII detected, OIII not detected and unclassified1: 2076
Number of pixels with Halpha detected, Hbeta detected, SII detected, OIII detected and unclassified1: 19284
--------------------------------------------------------------
Total Halpha luminosity map sum (detections + upper-limit substitutions): 1.10e+41 erg/s
Total corrected Halpha luminosity from SF region: 5.92e+40 erg/s
Total Halpha SFR map sum (detections + upper-limit substitutions): 0.55 M☉/yr or in log10 scale: -0.26 log(M☉/yr)
Total Halpha SFR from SF region: 0.30 M☉/yr or in log10 scale: -0.53 log(M☉/yr)
Total Halpha SFR from HII region: 0.11 M☉/yr or in log10 scale: -0.95 log(M☉/yr)
--------------------------------------------------------------
[O/H] D16 SF: Total metallicity in SF region:  8.927406328503823
[O/H] PG16 SF: Total metallicity in SF region:  8.641306880418552
[O/H] N2S2-N06 SF: Total metallicity in SF region:  9.152757411085403
[O/H] O3N2-M13 SF: Total metallicity in SF region:  8.5506210011248
[O/H] N2-M13 SF: Total metallicity in SF region:  8.596039777132962
[O/H] O3N2-PP04 SF: Total metallicity in SF region:  8.75634916056045
[O/H] N2-PP04 SF: Total metallicity in SF region:  8.841458972029255
[O/H] O3N2-C20 SF: Total metallicity in SF region:  8.763668927449077
[O/H] O3S2-C20 SF: Total metallicity in SF region:  8.7987284228905
[O/H] RS32-C20 SF: Total metallicity in SF region:  8.733437021773945
[O/H] R3-C20 SF: Total metallicity in SF region:  8.723625536385443
[O/H] N2-C20 SF: Total metallicity in SF region:  nan
[O/H] S2-C20 SF: Total metallicity in SF region:  8.790978172125568
[O/H] Combined-C20 SF: Total metallicity in SF region:  8.760811171771662 (weighted 5 methods; dominant S2)
--------------------------------------------------------------
[O/H] D16 HII: Total metallicity in HII region:  8.875104234551356
[O/H] PG16 HII: Total metallicity in HII region:  8.583102878599238
[O/H] N2S2-N06 HII: Total metallicity in HII region:  9.145990719050525
[O/H] O3N2-M13 HII: Total metallicity in HII region:  8.572225775290855
[O/H] N2-M13 HII: Total metallicity in HII region:  8.527250273033317
[O/H] O3N2-PP04 HII: Total metallicity in HII region:  8.788655364920906
[O/H] N2-PP04 HII: Total metallicity in HII region:  8.664200747196457
[O/H] O3N2-C20 HII: Total metallicity in HII region:  8.783296304086074
[O/H] O3S2-C20 HII: Total metallicity in HII region:  8.821266492844826
[O/H] RS32-C20 HII: Total metallicity in HII region:  8.803775619938046
[O/H] R3-C20 HII: Total metallicity in HII region:  8.78567260431765
[O/H] N2-C20 HII: Total metallicity in HII region:  8.704935034729814
[O/H] S2-C20 HII: Total metallicity in HII region:  8.848068349006548
[O/H] Combined-C20 HII: Total metallicity in HII region:  8.80127860547089 (weighted 6 methods; dominant S2)
--------------------------------------------------------------
[O/H] D16: Total metallicity in total region:  9.00878361859102
[O/H] PG16: Total metallicity in total region:  8.795325203223864
[O/H] N2S2-N06: Total metallicity in total region:  9.157914085906276
[O/H] O3N2-M13: Total metallicity in total region:  8.513874191609512
[O/H] N2-M13: Total metallicity in total region:  nan
[O/H] O3N2-PP04: Total metallicity in total region:  8.701400660350672
[O/H] N2-PP04: Total metallicity in total region:  nan
[O/H] O3N2-C20: Total metallicity in total region:  8.729473891492823
[O/H] O3S2-C20: Total metallicity in total region:  8.761026663927083
[O/H] RS32-C20: Total metallicity in total region:  8.588349533502436
[O/H] R3-C20: Total metallicity in total region:  8.598756770522026
[O/H] N2-C20: Total metallicity in total region:  nan
[O/H] S2-C20: Total metallicity in total region:  nan
[O/H] Combined-C20: Total metallicity in total region:  8.648052440804634 (weighted 4 methods; dominant R3)
--------------------------------------------------------------
Total runtime: 606.3 s
✅  NGC4419 finished in 10m18s
