Python executable: /arc/home/RongjunHuang/.conda/envs/ICRAR/bin/python
Python 3.13.3
PYTHONUNBUFFERED: 1
Product root     : /arc/home/RongjunHuang/ICRAR/further
Local fallback   : /arc/home/RongjunHuang/ICRAR/further

Shared input keyword ➜ <none>
Reading gas-line FITS ➜ /arc/home/RongjunHuang/ICRAR/further/v3tk_v7.6.8/NGC4396/NGC4396_gas_bin_maps.fits
Matched binning FITS ➜ /arc/home/RongjunHuang/ICRAR/further/v3tk_v7.6.8/NGC4396/NGC4396_spatial_binning_maps_further.fits
Spatial mask FITS ➜ /arc/home/RongjunHuang/ICRAR/further/v3tk_v7.6.8/NGC4396/NGC4396_mask.fits
Available gas-line flux/error pairs:
  - HB4861
  - OIII4958
  - OIII5006
  - NII5754
  - OI6300
  - SIII6312
  - OI6363
  - NII6548
  - HA6562
  - NII6583
  - SII6716
  - SII6730
  - OII7318
  - OII7319
  - OII7329
  - OII7330
Te-method optional emission-line availability:
  - OIII4958: available
  - NII5754: available
  - SIII6312: available
  - NII6548: available
  - OII7318: available
  - OII7319: available
  - OII7329: available
  - OII7330: available
  - SIII9068: missing
Spatial mask applied: MASKFILE[MASK] table; row-major MASK == 0; keep=261296, masked=405369, finite H-alpha after mask=261296
--------------------------------------------------------------
Extinction law for k(λ)=A(λ)/E(B−V): calzetti
k(Hβ 4861Å)  = 4.5981   at λ=0.4861 µm
k(Hα 6562Å)  = 3.3264   at λ=0.6562 µm
k([OIII]5006)= 4.4647   at λ=0.5006 µm
k([NII]6583) = 3.3130   at λ=0.6583 µm
k([SII]6716) = 3.2298   at λ=0.6716 µm
k([SII]6730) = 3.2212   at λ=0.6730 µm
k(OIII4958) = 4.5083   at λ=0.4958 µm
k(NII5754) = 3.8531   at λ=0.5755 µm
k(OI6300) = 3.5017   at λ=0.6300 µm
k(SIII6312) = 3.4934   at λ=0.6312 µm
k(OI6363) = 3.4582   at λ=0.6363 µm
k(NII6548) = 3.3355   at λ=0.6548 µm
k(OII7318) = 2.8906   at λ=0.7319 µm
k(OII7319) = 2.8901   at λ=0.7320 µm
k(OII7329) = 2.8854   at λ=0.7329 µm
k(OII7330) = 2.8844   at λ=0.7331 µm
k(SIII9068) = 2.1615   at λ=0.9069 µm (line missing; NaN placeholder)
--------------------------------------------------------------
/arc/home/RongjunHuang/ICRAR/further/SFR+Z.py:1842: RuntimeWarning: divide by zero encountered in log10
  y = np.log10(NII6583_FLUX_corr / (SII6716_FLUX_corr + SII6730_FLUX_corr)) + 0.264*np.log10(NII6583_FLUX_corr / HA6562_FLUX_corr)
/arc/home/RongjunHuang/ICRAR/further/SFR+Z.py:1857: RuntimeWarning: divide by zero encountered in log10
  log_R3_S2 = np.log10(R3/S2)
/arc/home/RongjunHuang/ICRAR/further/SFR+Z.py:1858: RuntimeWarning: divide by zero encountered in log10
  log_N2 = np.log10(N2)
/arc/home/RongjunHuang/ICRAR/further/SFR+Z.py:1882: RuntimeWarning: invalid value encountered in add
  O_H_PG16[upper_mask] = (a1_upper + a2_upper * log_R3_S2[upper_mask] + a3_upper * log_N2[upper_mask] +
/arc/home/RongjunHuang/ICRAR/further/SFR+Z.py:1885: RuntimeWarning: invalid value encountered in add
  O_H_PG16[lower_mask] = (a1_lower + a2_lower * log_R3_S2[lower_mask] + a3_lower * log_N2[lower_mask] +
/arc/home/RongjunHuang/ICRAR/further/SFR+Z.py:1907: RuntimeWarning: divide by zero encountered in log10
  n2s2_ratio = np.log10(nii6583_flux / sii_total)
/arc/home/RongjunHuang/ICRAR/further/SFR+Z.py:1954: RuntimeWarning: divide by zero encountered in divide
  o3n2_ratio = np.log10(oiii_hb / nii_ha)
/arc/home/RongjunHuang/ICRAR/further/SFR+Z.py:1954: RuntimeWarning: divide by zero encountered in log10
  o3n2_ratio = np.log10(oiii_hb / nii_ha)
/arc/home/RongjunHuang/ICRAR/further/SFR+Z.py:1976: RuntimeWarning: divide by zero encountered in log10
  n2_ratio = np.log10(nii6583_flux / ha6562_flux)
/arc/home/RongjunHuang/ICRAR/further/SFR+Z.py:2001: RuntimeWarning: divide by zero encountered in divide
  o3n2_ratio = np.log10(oiii_hb / nii_ha)
/arc/home/RongjunHuang/ICRAR/further/SFR+Z.py:2001: RuntimeWarning: divide by zero encountered in log10
  o3n2_ratio = np.log10(oiii_hb / nii_ha)
/arc/home/RongjunHuang/ICRAR/further/SFR+Z.py:2023: RuntimeWarning: divide by zero encountered in log10
  n2_ratio = np.log10(nii6583_flux / ha6562_flux)
/arc/home/RongjunHuang/ICRAR/further/SFR+Z.py:2060: RuntimeWarning: divide by zero encountered in divide
  o3n2_ratio = np.log10(oiii_hb / nii_ha)
/arc/home/RongjunHuang/ICRAR/further/SFR+Z.py:2060: RuntimeWarning: divide by zero encountered in log10
  o3n2_ratio = np.log10(oiii_hb / nii_ha)
/arc/home/RongjunHuang/ICRAR/further/SFR+Z.py:2166: RuntimeWarning: divide by zero encountered in log10
  o3s2_ratio = np.log10(oiii_hb / sii_hb)
Calculating all 6 C20 metallicities for NGC4396...
Combined C20 metallicity: median = 8.667, range = (8.378, 8.855)
Combined C20 dominant-weight method usage: O3N2=2729, O3S2=2982, RS32=8241, R3=218630, N2=9596, S2=19118
Galaxy NGC4396 inclination: 83.0° (cos θ = 0.122)
Inclination correction ENABLED: applying b/a = 0.233 (adopting intrinsic thickness q₀ = 0.2 for disc galaxy)
/arc/home/RongjunHuang/ICRAR/further/SFR+Z.py:2874: RuntimeWarning: divide by zero encountered in log10
  logN2  = np.log10(NII6583_FLUX_corr / HA6562_FLUX_corr)        # [N II]/Hα
/arc/home/RongjunHuang/ICRAR/further/SFR+Z.py:2876: RuntimeWarning: divide by zero encountered in log10
  logO3  = np.log10(OIII5006_FLUX_corr / HB4861_FLUX_corr)       # [O III]/Hβ
/arc/home/RongjunHuang/ICRAR/further/SFR+Z.py:2962: RuntimeWarning: invalid value encountered in add
  mask_N2_right, mask_S2_right = apply_bpt_masks(logN2=logN2+logN2_err, logS2=logS2+logS2_err, logO3=logO3)
/arc/home/RongjunHuang/ICRAR/further/SFR+Z.py:2964: RuntimeWarning: invalid value encountered in add
  mask_N2_up, mask_S2_up = apply_bpt_masks(logN2=logN2, logS2=logS2, logO3=logO3+logO3_err)
Loaded SII density lookup table: /arc/home/RongjunHuang/ICRAR/further/pyneb_sii_6716_6731_density_lookup_te8000_13000_step1000_ne20_100000_n4096.npz
PyNeb Te-method valid-pixel counts:
  NE_SII finite pixels: 117607
  NE_SII fixed at 20 cm^-3: 45848/117607 (39.0%)
  NE_SII exact high-density fallback pixels: 0
  NE_SII_ALL finite pixels: 261296
  Te(NII) HII pixels: 41
  Te(NII) SF pixels: 41
  Brazzini+2024 direct HII pixels: 0
  Brazzini+2024 direct SF pixels: 0
  NII+OII7325 semi-direct HII pixels: 41
  NII+OII7325 semi-direct SF pixels: 41
  Kreckel+2025 NII-only HII pixels: 13
  Kreckel+2025 NII-only SF pixels: 13
Integrated PyNeb Te-method values:
  SF:
    NE_SII: 20.00 +/- 0.00 cm^-3 (n_pix=80772, fixed20=0, exact_high_density=0)
    Te(NII): 15249.2 +/- 225.4 K (n_pix=41)
    O_H_BR24_DIRECT: nan dex (n_pix=0)
    O_H_NII_OII7325: 7.2939 +/- 0.0338 dex (n_pix=41)
    O_H_NII_K25: nan dex (n_pix=41)
  HII:
    NE_SII: 20.00 +/- 0.00 cm^-3 (n_pix=80772, fixed20=0, exact_high_density=0)
    Te(NII): 15249.2 +/- 225.4 K (n_pix=41)
    O_H_BR24_DIRECT: nan dex (n_pix=0)
    O_H_NII_OII7325: 7.2939 +/- 0.0338 dex (n_pix=41)
    O_H_NII_K25: nan dex (n_pix=41)
Further file written ➜ /arc/home/RongjunHuang/ICRAR/further/v3tk_v7.6.8/NGC4396/NGC4396_gas_bin_maps_further.fits
--------------------------------------------------------------
Total non-nan spaxels: 261296
Number of pixels with Halpha not detected: 81007
Number of pixels with Halpha detected, Hbeta not detected: 62483
Number of pixels with Halpha detected, Hbeta detected, NII not detected, OIII not detected and unclassified1: 0
Number of pixels with Halpha detected, Hbeta detected, NII not detected, OIII detected and unclassified1: 0
Number of pixels with Halpha detected, Hbeta detected, NII detected, OIII not detected and unclassified1: 20
Number of pixels with Halpha detected, Hbeta detected, NII detected, OIII detected and unclassified1: 0
Number of pixels with Halpha detected, Hbeta detected, SII not detected, OIII not detected and unclassified1: 0
Number of pixels with Halpha detected, Hbeta detected, SII not detected, OIII detected and unclassified1: 0
Number of pixels with Halpha detected, Hbeta detected, SII detected, OIII not detected and unclassified1: 20
Number of pixels with Halpha detected, Hbeta detected, SII detected, OIII detected and unclassified1: 0
--------------------------------------------------------------
Total Halpha luminosity map sum (detections + upper-limit substitutions): 5.84e+40 erg/s
Total corrected Halpha luminosity from SF region: 5.30e+40 erg/s
Total Halpha SFR map sum (detections + upper-limit substitutions): 0.29 M☉/yr or in log10 scale: -0.54 log(M☉/yr)
Total Halpha SFR from SF region: 0.26 M☉/yr or in log10 scale: -0.58 log(M☉/yr)
Total Halpha SFR from HII region: 0.26 M☉/yr or in log10 scale: -0.58 log(M☉/yr)
--------------------------------------------------------------
[O/H] D16 SF: Total metallicity in SF region:  8.215599636445237
[O/H] PG16 SF: Total metallicity in SF region:  8.272673471558662
[O/H] N2S2-N06 SF: Total metallicity in SF region:  8.531098062066773
[O/H] O3N2-M13 SF: Total metallicity in SF region:  8.381771265625032
[O/H] N2-M13 SF: Total metallicity in SF region:  8.396484502875143
[O/H] O3N2-PP04 SF: Total metallicity in SF region:  8.503863574766404
[O/H] N2-PP04 SF: Total metallicity in SF region:  8.421227190986578
[O/H] O3N2-C20 SF: Total metallicity in SF region:  8.596505470792845
[O/H] O3S2-C20 SF: Total metallicity in SF region:  8.756497097798032
[O/H] RS32-C20 SF: Total metallicity in SF region:  8.619013093433916
[O/H] R3-C20 SF: Total metallicity in SF region:  8.619188265280885
[O/H] N2-C20 SF: Total metallicity in SF region:  8.543558168546081
[O/H] S2-C20 SF: Total metallicity in SF region:  nan
[O/H] Combined-C20 SF: Total metallicity in SF region:  8.620624437253914 (weighted 5 methods; dominant R3)
--------------------------------------------------------------
[O/H] D16 HII: Total metallicity in HII region:  8.215599636445237
[O/H] PG16 HII: Total metallicity in HII region:  8.272673471558662
[O/H] N2S2-N06 HII: Total metallicity in HII region:  8.531098062066773
[O/H] O3N2-M13 HII: Total metallicity in HII region:  8.381771265625032
[O/H] N2-M13 HII: Total metallicity in HII region:  8.396484502875143
[O/H] O3N2-PP04 HII: Total metallicity in HII region:  8.503863574766404
[O/H] N2-PP04 HII: Total metallicity in HII region:  8.421227190986578
[O/H] O3N2-C20 HII: Total metallicity in HII region:  8.596505470792845
[O/H] O3S2-C20 HII: Total metallicity in HII region:  8.756497097798032
[O/H] RS32-C20 HII: Total metallicity in HII region:  8.619013093433916
[O/H] R3-C20 HII: Total metallicity in HII region:  8.619188265280885
[O/H] N2-C20 HII: Total metallicity in HII region:  8.543558168546081
[O/H] S2-C20 HII: Total metallicity in HII region:  nan
[O/H] Combined-C20 HII: Total metallicity in HII region:  8.620624437253914 (weighted 5 methods; dominant R3)
--------------------------------------------------------------
[O/H] D16: Total metallicity in total region:  8.189972268707363
[O/H] PG16: Total metallicity in total region:  8.26197442506889
[O/H] N2S2-N06: Total metallicity in total region:  8.481625230118038
[O/H] O3N2-M13: Total metallicity in total region:  8.38230870046486
[O/H] N2-M13: Total metallicity in total region:  8.399379306261565
[O/H] O3N2-PP04: Total metallicity in total region:  8.50466721564839
[O/H] N2-PP04: Total metallicity in total region:  8.425508991620037
[O/H] O3N2-C20: Total metallicity in total region:  8.597083833345378
[O/H] O3S2-C20: Total metallicity in total region:  8.762849562983602
[O/H] RS32-C20: Total metallicity in total region:  8.613214864937188
[O/H] R3-C20: Total metallicity in total region:  8.617957603128351
[O/H] N2-C20: Total metallicity in total region:  8.54676390941827
[O/H] S2-C20: Total metallicity in total region:  nan
[O/H] Combined-C20: Total metallicity in total region:  8.620264078828518 (weighted 5 methods; dominant R3)
--------------------------------------------------------------
Total runtime: 175.1 s
✅  NGC4396 finished in 3m2s
