Python executable: /opt/miniconda3/envs/ICRAR/bin/python
Python 3.13.3
PYTHONUNBUFFERED: 1
Product root     : /Users/Igniz/Desktop/ICRAR/further
Local fallback   : /Users/Igniz/Desktop/ICRAR/further

Shared input keyword ➜ <none>
Reading gas-line FITS ➜ /Users/Igniz/Desktop/ICRAR/further/v3tk_v7.6.8/NGC4580/NGC4580_gas_BIN_maps.fits
Matched binning FITS ➜ /Users/Igniz/Desktop/ICRAR/further/v3tk_v7.6.8/NGC4580/NGC4580_spatial_binning_maps_further.fits
Spatial mask FITS ➜ /Users/Igniz/Desktop/ICRAR/further/v3tk_v7.6.8/NGC4580/NGC4580_mask.fits
Available gas-line flux/error pairs:
  - HB4861
  - OIII4958
  - OIII5006
  - NII5754
  - OI6300
  - SIII6312
  - OI6363
  - NII6548
  - HA6562
  - NII6583
  - SII6716
  - SII6730
  - OII7318
  - OII7319
  - OII7329
  - OII7330
Te-method optional emission-line availability:
  - OIII4958: available
  - NII5754: available
  - SIII6312: available
  - NII6548: available
  - OII7318: available
  - OII7319: available
  - OII7329: available
  - OII7330: available
  - SIII9068: missing
Spatial mask applied: MASKFILE[MASK] table; row-major MASK == 0; keep=179950, masked=220543, finite H-alpha after mask=179950
/Users/Igniz/Desktop/ICRAR/further/SFR+Z.py:924: RuntimeWarning: divide by zero encountered in divide
  BD = HA6562_FLUX / HB4861_FLUX
--------------------------------------------------------------
Extinction law for k(λ)=A(λ)/E(B−V): calzetti
k(Hβ 4861Å)  = 4.5981   at λ=0.4861 µm
k(Hα 6562Å)  = 3.3264   at λ=0.6562 µm
k([OIII]5006)= 4.4647   at λ=0.5006 µm
k([NII]6583) = 3.3130   at λ=0.6583 µm
k([SII]6716) = 3.2298   at λ=0.6716 µm
k([SII]6730) = 3.2212   at λ=0.6730 µm
k(OIII4958) = 4.5083   at λ=0.4958 µm
k(NII5754) = 3.8531   at λ=0.5755 µm
k(OI6300) = 3.5017   at λ=0.6300 µm
k(SIII6312) = 3.4934   at λ=0.6312 µm
k(OI6363) = 3.4582   at λ=0.6363 µm
k(NII6548) = 3.3355   at λ=0.6548 µm
k(OII7318) = 2.8906   at λ=0.7319 µm
k(OII7319) = 2.8901   at λ=0.7320 µm
k(OII7329) = 2.8854   at λ=0.7329 µm
k(OII7330) = 2.8844   at λ=0.7331 µm
k(SIII9068) = 2.1615   at λ=0.9069 µm (line missing; NaN placeholder)
--------------------------------------------------------------
/Users/Igniz/Desktop/ICRAR/further/SFR+Z.py:1804: RuntimeWarning: divide by zero encountered in divide
  y = np.log10(NII6583_FLUX_corr / (SII6716_FLUX_corr + SII6730_FLUX_corr)) + 0.264*np.log10(NII6583_FLUX_corr / HA6562_FLUX_corr)
/Users/Igniz/Desktop/ICRAR/further/SFR+Z.py:1804: RuntimeWarning: invalid value encountered in divide
  y = np.log10(NII6583_FLUX_corr / (SII6716_FLUX_corr + SII6730_FLUX_corr)) + 0.264*np.log10(NII6583_FLUX_corr / HA6562_FLUX_corr)
/Users/Igniz/Desktop/ICRAR/further/SFR+Z.py:1804: RuntimeWarning: divide by zero encountered in log10
  y = np.log10(NII6583_FLUX_corr / (SII6716_FLUX_corr + SII6730_FLUX_corr)) + 0.264*np.log10(NII6583_FLUX_corr / HA6562_FLUX_corr)
/Users/Igniz/Desktop/ICRAR/further/SFR+Z.py:1815: RuntimeWarning: divide by zero encountered in divide
  N2 = NII_scaled / HB4861_FLUX_corr   # N2 = I([N II]λ6548 + λ6584)/I(Hβ)
/Users/Igniz/Desktop/ICRAR/further/SFR+Z.py:1815: RuntimeWarning: invalid value encountered in divide
  N2 = NII_scaled / HB4861_FLUX_corr   # N2 = I([N II]λ6548 + λ6584)/I(Hβ)
/Users/Igniz/Desktop/ICRAR/further/SFR+Z.py:1816: RuntimeWarning: divide by zero encountered in divide
  S2 = (SII6716_FLUX_corr + SII6730_FLUX_corr) / HB4861_FLUX_corr  # S2 = I([S II]λ6717 + λ6731)/I(Hβ)
/Users/Igniz/Desktop/ICRAR/further/SFR+Z.py:1816: RuntimeWarning: invalid value encountered in divide
  S2 = (SII6716_FLUX_corr + SII6730_FLUX_corr) / HB4861_FLUX_corr  # S2 = I([S II]λ6717 + λ6731)/I(Hβ)
/Users/Igniz/Desktop/ICRAR/further/SFR+Z.py:1817: RuntimeWarning: divide by zero encountered in divide
  R3 = OIII_scaled / HB4861_FLUX_corr  # R3 = I([O III]λ4959 + λ5007)/I(Hβ) (same value as R2 in this case)
/Users/Igniz/Desktop/ICRAR/further/SFR+Z.py:1817: RuntimeWarning: invalid value encountered in divide
  R3 = OIII_scaled / HB4861_FLUX_corr  # R3 = I([O III]λ4959 + λ5007)/I(Hβ) (same value as R2 in this case)
/Users/Igniz/Desktop/ICRAR/further/SFR+Z.py:1819: RuntimeWarning: divide by zero encountered in divide
  log_R3_S2 = np.log10(R3/S2)
/Users/Igniz/Desktop/ICRAR/further/SFR+Z.py:1819: RuntimeWarning: invalid value encountered in divide
  log_R3_S2 = np.log10(R3/S2)
/Users/Igniz/Desktop/ICRAR/further/SFR+Z.py:1819: RuntimeWarning: divide by zero encountered in log10
  log_R3_S2 = np.log10(R3/S2)
/Users/Igniz/Desktop/ICRAR/further/SFR+Z.py:1820: RuntimeWarning: divide by zero encountered in log10
  log_N2 = np.log10(N2)
/Users/Igniz/Desktop/ICRAR/further/SFR+Z.py:1821: RuntimeWarning: divide by zero encountered in log10
  log_S2 = np.log10(S2)
/Users/Igniz/Desktop/ICRAR/further/SFR+Z.py:1844: RuntimeWarning: invalid value encountered in add
  O_H_PG16[upper_mask] = (a1_upper + a2_upper * log_R3_S2[upper_mask] + a3_upper * log_N2[upper_mask] +
/Users/Igniz/Desktop/ICRAR/further/SFR+Z.py:1847: RuntimeWarning: invalid value encountered in add
  O_H_PG16[lower_mask] = (a1_lower + a2_lower * log_R3_S2[lower_mask] + a3_lower * log_N2[lower_mask] +
/Users/Igniz/Desktop/ICRAR/further/SFR+Z.py:1869: RuntimeWarning: divide by zero encountered in divide
  n2s2_ratio = np.log10(nii6583_flux / sii_total)
/Users/Igniz/Desktop/ICRAR/further/SFR+Z.py:1869: RuntimeWarning: invalid value encountered in divide
  n2s2_ratio = np.log10(nii6583_flux / sii_total)
/Users/Igniz/Desktop/ICRAR/further/SFR+Z.py:1869: RuntimeWarning: divide by zero encountered in log10
  n2s2_ratio = np.log10(nii6583_flux / sii_total)
/Users/Igniz/Desktop/ICRAR/further/SFR+Z.py:1914: RuntimeWarning: divide by zero encountered in divide
  oiii_hb = oiii5006_flux / hb4861_flux
/Users/Igniz/Desktop/ICRAR/further/SFR+Z.py:1914: RuntimeWarning: invalid value encountered in divide
  oiii_hb = oiii5006_flux / hb4861_flux
/Users/Igniz/Desktop/ICRAR/further/SFR+Z.py:1916: RuntimeWarning: divide by zero encountered in divide
  o3n2_ratio = np.log10(oiii_hb / nii_ha)
/Users/Igniz/Desktop/ICRAR/further/SFR+Z.py:1916: RuntimeWarning: divide by zero encountered in log10
  o3n2_ratio = np.log10(oiii_hb / nii_ha)
/Users/Igniz/Desktop/ICRAR/further/SFR+Z.py:1938: RuntimeWarning: divide by zero encountered in log10
  n2_ratio = np.log10(nii6583_flux / ha6562_flux)
/Users/Igniz/Desktop/ICRAR/further/SFR+Z.py:1961: RuntimeWarning: divide by zero encountered in divide
  oiii_hb = oiii5006_flux / hb4861_flux
/Users/Igniz/Desktop/ICRAR/further/SFR+Z.py:1961: RuntimeWarning: invalid value encountered in divide
  oiii_hb = oiii5006_flux / hb4861_flux
/Users/Igniz/Desktop/ICRAR/further/SFR+Z.py:1963: RuntimeWarning: divide by zero encountered in divide
  o3n2_ratio = np.log10(oiii_hb / nii_ha)
/Users/Igniz/Desktop/ICRAR/further/SFR+Z.py:1963: RuntimeWarning: divide by zero encountered in log10
  o3n2_ratio = np.log10(oiii_hb / nii_ha)
/Users/Igniz/Desktop/ICRAR/further/SFR+Z.py:1985: RuntimeWarning: divide by zero encountered in log10
  n2_ratio = np.log10(nii6583_flux / ha6562_flux)
/Users/Igniz/Desktop/ICRAR/further/SFR+Z.py:2020: RuntimeWarning: divide by zero encountered in divide
  oiii_hb = oiii5006_flux / hb4861_flux
/Users/Igniz/Desktop/ICRAR/further/SFR+Z.py:2020: RuntimeWarning: invalid value encountered in divide
  oiii_hb = oiii5006_flux / hb4861_flux
/Users/Igniz/Desktop/ICRAR/further/SFR+Z.py:2022: RuntimeWarning: divide by zero encountered in divide
  o3n2_ratio = np.log10(oiii_hb / nii_ha)
/Users/Igniz/Desktop/ICRAR/further/SFR+Z.py:2022: RuntimeWarning: divide by zero encountered in log10
  o3n2_ratio = np.log10(oiii_hb / nii_ha)
/Users/Igniz/Desktop/ICRAR/further/SFR+Z.py:2122: RuntimeWarning: divide by zero encountered in divide
  oiii_hb = oiii5006_flux / hb4861_flux
/Users/Igniz/Desktop/ICRAR/further/SFR+Z.py:2122: RuntimeWarning: invalid value encountered in divide
  oiii_hb = oiii5006_flux / hb4861_flux
/Users/Igniz/Desktop/ICRAR/further/SFR+Z.py:2125: RuntimeWarning: divide by zero encountered in divide
  sii_hb = sii_total / hb4861_flux
/Users/Igniz/Desktop/ICRAR/further/SFR+Z.py:2125: RuntimeWarning: invalid value encountered in divide
  sii_hb = sii_total / hb4861_flux
/Users/Igniz/Desktop/ICRAR/further/SFR+Z.py:2128: RuntimeWarning: divide by zero encountered in divide
  o3s2_ratio = np.log10(oiii_hb / sii_hb)
/Users/Igniz/Desktop/ICRAR/further/SFR+Z.py:2128: RuntimeWarning: invalid value encountered in divide
  o3s2_ratio = np.log10(oiii_hb / sii_hb)
/Users/Igniz/Desktop/ICRAR/further/SFR+Z.py:2128: RuntimeWarning: divide by zero encountered in log10
  o3s2_ratio = np.log10(oiii_hb / sii_hb)
Calculating all 6 C20 metallicities for NGC4580...
Combined C20 metallicity: median = 8.659, range = (8.338, 8.940)
Combined C20 dominant-weight method usage: O3N2=93991, O3S2=983, RS32=959, R3=36319, N2=265, S2=43623
Galaxy NGC4580 inclination: 46.0° (cos θ = 0.695)
Inclination correction ENABLED: applying b/a = 0.709 (adopting intrinsic thickness q₀ = 0.2 for disc galaxy)
/Users/Igniz/Desktop/ICRAR/further/SFR+Z.py:2836: RuntimeWarning: divide by zero encountered in log10
  logN2  = np.log10(NII6583_FLUX_corr / HA6562_FLUX_corr)        # [N II]/Hα
/Users/Igniz/Desktop/ICRAR/further/SFR+Z.py:2837: RuntimeWarning: divide by zero encountered in log10
  logS2  = np.log10((SII6716_FLUX_corr+SII6730_FLUX_corr) / HA6562_FLUX_corr)   # Σ[S II]/Hα
/Users/Igniz/Desktop/ICRAR/further/SFR+Z.py:2838: RuntimeWarning: divide by zero encountered in divide
  logO3  = np.log10(OIII5006_FLUX_corr / HB4861_FLUX_corr)       # [O III]/Hβ
/Users/Igniz/Desktop/ICRAR/further/SFR+Z.py:2838: RuntimeWarning: invalid value encountered in divide
  logO3  = np.log10(OIII5006_FLUX_corr / HB4861_FLUX_corr)       # [O III]/Hβ
/Users/Igniz/Desktop/ICRAR/further/SFR+Z.py:2838: RuntimeWarning: divide by zero encountered in log10
  logO3  = np.log10(OIII5006_FLUX_corr / HB4861_FLUX_corr)       # [O III]/Hβ
/Users/Igniz/Desktop/ICRAR/further/SFR+Z.py:2924: RuntimeWarning: invalid value encountered in add
  mask_N2_right, mask_S2_right = apply_bpt_masks(logN2=logN2+logN2_err, logS2=logS2+logS2_err, logO3=logO3)
/Users/Igniz/Desktop/ICRAR/further/SFR+Z.py:2926: RuntimeWarning: invalid value encountered in add
  mask_N2_up, mask_S2_up = apply_bpt_masks(logN2=logN2, logS2=logS2, logO3=logO3+logO3_err)
Loaded SII density lookup table: /Users/Igniz/Desktop/ICRAR/further/pyneb_sii_6716_6731_density_lookup_te8000_13000_step1000_ne20_100000_n4096.npz
PyNeb Te-method valid-pixel counts:
  NE_SII finite pixels: 33680
  NE_SII fixed at 20 cm^-3: 15728/33680 (46.7%)
  NE_SII exact high-density fallback pixels: 0
  NE_SII_ALL finite pixels: 179950
  Te(NII) HII pixels: 132
  Te(NII) SF pixels: 192
  Brazzini+2024 direct HII pixels: 0
  Brazzini+2024 direct SF pixels: 0
  NII+OII7325 semi-direct HII pixels: 0
  NII+OII7325 semi-direct SF pixels: 7
  Kreckel+2025 NII-only HII pixels: 5
  Kreckel+2025 NII-only SF pixels: 12
Integrated PyNeb Te-method values:
  SF:
    NE_SII: 20.00 +/- 0.00 cm^-3 (n_pix=30431, fixed20=0, exact_high_density=0)
    Te(NII): nan K (n_pix=824)
    O_H_BR24_DIRECT: nan dex (n_pix=0)
    O_H_NII_OII7325: 7.5834 +/- 0.0650 dex (n_pix=7)
    O_H_NII_K25: nan dex (n_pix=824)
  HII:
    NE_SII: 20.00 +/- 0.00 cm^-3 (n_pix=23720, fixed20=0, exact_high_density=0)
    Te(NII): nan K (n_pix=531)
    O_H_BR24_DIRECT: nan dex (n_pix=0)
    O_H_NII_OII7325: nan dex (n_pix=0)
    O_H_NII_K25: nan dex (n_pix=531)
Further file written ➜ /Users/Igniz/Desktop/ICRAR/further/v3tk_v7.6.8/NGC4580/NGC4580_gas_BIN_maps_further.fits
--------------------------------------------------------------
Total non-nan spaxels: 179950
Number of pixels with Halpha not detected: 92464
Number of pixels with Halpha detected, Hbeta not detected: 44881
Number of pixels with Halpha detected, Hbeta detected, NII not detected, OIII not detected and unclassified1: 0
Number of pixels with Halpha detected, Hbeta detected, NII not detected, OIII detected and unclassified1: 0
Number of pixels with Halpha detected, Hbeta detected, NII detected, OIII not detected and unclassified1: 1789
Number of pixels with Halpha detected, Hbeta detected, NII detected, OIII detected and unclassified1: 5379
Number of pixels with Halpha detected, Hbeta detected, SII not detected, OIII not detected and unclassified1: 1595
Number of pixels with Halpha detected, Hbeta detected, SII not detected, OIII detected and unclassified1: 3414
Number of pixels with Halpha detected, Hbeta detected, SII detected, OIII not detected and unclassified1: 194
Number of pixels with Halpha detected, Hbeta detected, SII detected, OIII detected and unclassified1: 1965
--------------------------------------------------------------
Total Halpha luminosity map sum (detections + upper-limit substitutions): 3.53e+40 erg/s
Total corrected Halpha luminosity from SF region: 3.26e+40 erg/s
Total Halpha SFR map sum (detections + upper-limit substitutions): 0.18 M☉/yr or in log10 scale: -0.76 log(M☉/yr)
Total Halpha SFR from SF region: 0.16 M☉/yr or in log10 scale: -0.79 log(M☉/yr)
Total Halpha SFR from HII region: 0.15 M☉/yr or in log10 scale: -0.83 log(M☉/yr)
--------------------------------------------------------------
[O/H] D16 SF: Total metallicity in SF region:  8.853490103519455
[O/H] PG16 SF: Total metallicity in SF region:  8.560935709045106
[O/H] N2S2-N06 SF: Total metallicity in SF region:  9.14577239250257
[O/H] O3N2-M13 SF: Total metallicity in SF region:  8.548908905195683
[O/H] N2-M13 SF: Total metallicity in SF region:  8.491831676731064
[O/H] O3N2-PP04 SF: Total metallicity in SF region:  8.75378901711504
[O/H] N2-PP04 SF: Total metallicity in SF region:  8.587368905054257
[O/H] O3N2-C20 SF: Total metallicity in SF region:  8.762098857944544
[O/H] O3S2-C20 SF: Total metallicity in SF region:  8.799080046742422
[O/H] RS32-C20 SF: Total metallicity in SF region:  8.809154211181895
[O/H] R3-C20 SF: Total metallicity in SF region:  8.778045272775303
[O/H] N2-C20 SF: Total metallicity in SF region:  8.65572194852518
[O/H] S2-C20 SF: Total metallicity in SF region:  8.871349022603637
[O/H] Combined-C20 SF: Total metallicity in SF region:  8.797443360056134 (weighted 6 methods; dominant S2)
--------------------------------------------------------------
[O/H] D16 HII: Total metallicity in HII region:  8.82859818265739
[O/H] PG16 HII: Total metallicity in HII region:  8.547736385881144
[O/H] N2S2-N06 HII: Total metallicity in HII region:  9.138698013373354
[O/H] O3N2-M13 HII: Total metallicity in HII region:  8.55625714290207
[O/H] N2-M13 HII: Total metallicity in HII region:  8.467053136896974
[O/H] O3N2-PP04 HII: Total metallicity in HII region:  8.764777036115245
[O/H] N2-PP04 HII: Total metallicity in HII region:  8.538827482492087
[O/H] O3N2-C20 HII: Total metallicity in HII region:  8.76882210409546
[O/H] O3S2-C20 HII: Total metallicity in HII region:  8.808141706903413
[O/H] RS32-C20 HII: Total metallicity in HII region:  8.831791249219338
[O/H] R3-C20 HII: Total metallicity in HII region:  8.798579888696016
[O/H] N2-C20 HII: Total metallicity in HII region:  8.624688845856948
[O/H] S2-C20 HII: Total metallicity in HII region:  8.88327228145116
[O/H] Combined-C20 HII: Total metallicity in HII region:  8.807520993255803 (weighted 6 methods; dominant S2)
--------------------------------------------------------------
[O/H] D16: Total metallicity in total region:  8.945050844939763
[O/H] PG16: Total metallicity in total region:  8.613099980417864
[O/H] N2S2-N06: Total metallicity in total region:  9.18137967764735
[O/H] O3N2-M13: Total metallicity in total region:  8.518596985342617
[O/H] N2-M13: Total metallicity in total region:  8.553085150215326
[O/H] O3N2-PP04: Total metallicity in total region:  8.708462781820737
[O/H] N2-PP04: Total metallicity in total region:  8.726211747308874
[O/H] O3N2-C20: Total metallicity in total region:  8.73392856070416
[O/H] O3S2-C20: Total metallicity in total region:  8.758588525691337
[O/H] RS32-C20: Total metallicity in total region:  8.737956049948043
[O/H] R3-C20: Total metallicity in total region:  8.708466026358245
[O/H] N2-C20: Total metallicity in total region:  8.977879529146046
[O/H] S2-C20: Total metallicity in total region:  8.84610029938455
[O/H] Combined-C20: Total metallicity in total region:  8.790086322461613 (weighted 6 methods; dominant S2)
--------------------------------------------------------------
Total runtime: 144.5 s
✅  NGC4580 finished in 2m44s
