Python executable: /arc/home/RongjunHuang/.conda/envs/ICRAR/bin/python
Python 3.13.3
PYTHONUNBUFFERED: 1
Product root     : /arc/home/RongjunHuang/ICRAR/further
Local fallback   : /arc/home/RongjunHuang/ICRAR/further

Shared input keyword ➜ <none>
Reading gas-line FITS ➜ /arc/home/RongjunHuang/ICRAR/further/v3tk_v7.6.8/NGC4450/NGC4450_gas_bin_maps.fits
Matched binning FITS ➜ /arc/home/RongjunHuang/ICRAR/further/v3tk_v7.6.8/NGC4450/NGC4450_spatial_binning_maps_further.fits
Spatial mask FITS ➜ /arc/home/RongjunHuang/ICRAR/further/v3tk_v7.6.8/NGC4450/NGC4450_mask.fits
Gas-line maps collapsed onto spatial BINID: 36627 bins
Available gas-line flux/error pairs:
  - HB4861
  - OIII4958
  - OIII5006
  - NII5754
  - OI6300
  - SIII6312
  - OI6363
  - NII6548
  - HA6562
  - NII6583
  - SII6716
  - SII6730
  - OII7318
  - OII7319
  - OII7329
  - OII7330
Te-method optional emission-line availability:
  - OIII4958: available
  - NII5754: available
  - SIII6312: available
  - NII6548: available
  - OII7318: available
  - OII7319: available
  - OII7329: available
  - OII7330: available
  - SIII9068: missing
Spatial mask applied: MASKFILE[MASK] table; row-major MASK == 0; keep=500713, masked=21221, finite H-alpha after mask=500713
/arc/home/RongjunHuang/ICRAR/further/SFR+Z.py:1049: RuntimeWarning: divide by zero encountered in divide
  BD = HA6562_FLUX / HB4861_FLUX
--------------------------------------------------------------
Extinction law for k(λ)=A(λ)/E(B−V): calzetti
k(Hβ 4861Å)  = 4.5981   at λ=0.4861 µm
k(Hα 6562Å)  = 3.3264   at λ=0.6562 µm
k([OIII]5006)= 4.4647   at λ=0.5006 µm
k([NII]6583) = 3.3130   at λ=0.6583 µm
k([SII]6716) = 3.2298   at λ=0.6716 µm
k([SII]6730) = 3.2212   at λ=0.6730 µm
k(OIII4958) = 4.5083   at λ=0.4958 µm
k(NII5754) = 3.8531   at λ=0.5755 µm
k(OI6300) = 3.5017   at λ=0.6300 µm
k(SIII6312) = 3.4934   at λ=0.6312 µm
k(OI6363) = 3.4582   at λ=0.6363 µm
k(NII6548) = 3.3355   at λ=0.6548 µm
k(OII7318) = 2.8906   at λ=0.7319 µm
k(OII7319) = 2.8901   at λ=0.7320 µm
k(OII7329) = 2.8854   at λ=0.7329 µm
k(OII7330) = 2.8844   at λ=0.7331 µm
k(SIII9068) = 2.1615   at λ=0.9069 µm (line missing; NaN placeholder)
--------------------------------------------------------------
/arc/home/RongjunHuang/ICRAR/further/SFR+Z.py:1929: RuntimeWarning: divide by zero encountered in divide
  y = np.log10(NII6583_FLUX_corr / (SII6716_FLUX_corr + SII6730_FLUX_corr)) + 0.264*np.log10(NII6583_FLUX_corr / HA6562_FLUX_corr)
/arc/home/RongjunHuang/ICRAR/further/SFR+Z.py:1940: RuntimeWarning: divide by zero encountered in divide
  N2 = NII_scaled / HB4861_FLUX_corr   # N2 = I([N II]λ6548 + λ6584)/I(Hβ)
/arc/home/RongjunHuang/ICRAR/further/SFR+Z.py:1941: RuntimeWarning: divide by zero encountered in divide
  S2 = (SII6716_FLUX_corr + SII6730_FLUX_corr) / HB4861_FLUX_corr  # S2 = I([S II]λ6717 + λ6731)/I(Hβ)
/arc/home/RongjunHuang/ICRAR/further/SFR+Z.py:1942: RuntimeWarning: divide by zero encountered in divide
  R3 = OIII_scaled / HB4861_FLUX_corr  # R3 = I([O III]λ4959 + λ5007)/I(Hβ) (same value as R2 in this case)
/arc/home/RongjunHuang/ICRAR/further/SFR+Z.py:1944: RuntimeWarning: divide by zero encountered in divide
  log_R3_S2 = np.log10(R3/S2)
/arc/home/RongjunHuang/ICRAR/further/SFR+Z.py:1944: RuntimeWarning: invalid value encountered in divide
  log_R3_S2 = np.log10(R3/S2)
/arc/home/RongjunHuang/ICRAR/further/SFR+Z.py:1944: RuntimeWarning: divide by zero encountered in log10
  log_R3_S2 = np.log10(R3/S2)
/arc/home/RongjunHuang/ICRAR/further/SFR+Z.py:1946: RuntimeWarning: divide by zero encountered in log10
  log_S2 = np.log10(S2)
/arc/home/RongjunHuang/ICRAR/further/SFR+Z.py:1969: RuntimeWarning: invalid value encountered in add
  O_H_PG16[upper_mask] = (a1_upper + a2_upper * log_R3_S2[upper_mask] + a3_upper * log_N2[upper_mask] +
/arc/home/RongjunHuang/ICRAR/further/SFR+Z.py:1994: RuntimeWarning: divide by zero encountered in divide
  n2s2_ratio = np.log10(nii6583_flux / sii_total)
/arc/home/RongjunHuang/ICRAR/further/SFR+Z.py:2039: RuntimeWarning: divide by zero encountered in divide
  oiii_hb = oiii5006_flux / hb4861_flux
/arc/home/RongjunHuang/ICRAR/further/SFR+Z.py:2041: RuntimeWarning: divide by zero encountered in log10
  o3n2_ratio = np.log10(oiii_hb / nii_ha)
/arc/home/RongjunHuang/ICRAR/further/SFR+Z.py:2086: RuntimeWarning: divide by zero encountered in divide
  oiii_hb = oiii5006_flux / hb4861_flux
/arc/home/RongjunHuang/ICRAR/further/SFR+Z.py:2088: RuntimeWarning: divide by zero encountered in log10
  o3n2_ratio = np.log10(oiii_hb / nii_ha)
/arc/home/RongjunHuang/ICRAR/further/SFR+Z.py:2145: RuntimeWarning: divide by zero encountered in divide
  oiii_hb = oiii5006_flux / hb4861_flux
/arc/home/RongjunHuang/ICRAR/further/SFR+Z.py:2147: RuntimeWarning: divide by zero encountered in log10
  o3n2_ratio = np.log10(oiii_hb / nii_ha)
/arc/home/RongjunHuang/ICRAR/further/SFR+Z.py:2247: RuntimeWarning: divide by zero encountered in divide
  oiii_hb = oiii5006_flux / hb4861_flux
/arc/home/RongjunHuang/ICRAR/further/SFR+Z.py:2250: RuntimeWarning: divide by zero encountered in divide
  sii_hb = sii_total / hb4861_flux
/arc/home/RongjunHuang/ICRAR/further/SFR+Z.py:2253: RuntimeWarning: divide by zero encountered in divide
  o3s2_ratio = np.log10(oiii_hb / sii_hb)
/arc/home/RongjunHuang/ICRAR/further/SFR+Z.py:2253: RuntimeWarning: invalid value encountered in divide
  o3s2_ratio = np.log10(oiii_hb / sii_hb)
/arc/home/RongjunHuang/ICRAR/further/SFR+Z.py:2253: RuntimeWarning: divide by zero encountered in log10
  o3s2_ratio = np.log10(oiii_hb / sii_hb)
Calculating all 6 C20 metallicities for NGC4450...
Combined C20 metallicity: median = 8.648, range = (8.017, 8.884)
Combined C20 dominant-weight method usage: O3N2=334469, O3S2=0, RS32=16733, R3=129369, N2=28, S2=12242
Galaxy NGC4450 inclination: 51.0° (cos θ = 0.629)
Inclination correction ENABLED: applying b/a = 0.648 (adopting intrinsic thickness q₀ = 0.2 for disc galaxy)
/arc/home/RongjunHuang/ICRAR/further/SFR+Z.py:2962: RuntimeWarning: divide by zero encountered in log10
  logS2  = np.log10((SII6716_FLUX_corr+SII6730_FLUX_corr) / HA6562_FLUX_corr)   # Σ[S II]/Hα
/arc/home/RongjunHuang/ICRAR/further/SFR+Z.py:2963: RuntimeWarning: divide by zero encountered in divide
  logO3  = np.log10(OIII5006_FLUX_corr / HB4861_FLUX_corr)       # [O III]/Hβ
/arc/home/RongjunHuang/ICRAR/further/SFR+Z.py:2963: RuntimeWarning: divide by zero encountered in log10
  logO3  = np.log10(OIII5006_FLUX_corr / HB4861_FLUX_corr)       # [O III]/Hβ
/arc/home/RongjunHuang/ICRAR/further/SFR+Z.py:3049: RuntimeWarning: invalid value encountered in add
  mask_N2_right, mask_S2_right = apply_bpt_masks(logN2=logN2+logN2_err, logS2=logS2+logS2_err, logO3=logO3)
/arc/home/RongjunHuang/ICRAR/further/SFR+Z.py:3051: RuntimeWarning: invalid value encountered in add
  mask_N2_up, mask_S2_up = apply_bpt_masks(logN2=logN2, logS2=logS2, logO3=logO3+logO3_err)
Loaded SII density lookup table: /arc/home/RongjunHuang/ICRAR/further/pyneb_sii_6716_6731_density_lookup_te8000_13000_step1000_ne20_100000_n4096.npz
PyNeb Te-method valid-pixel counts:
  NE_SII finite pixels: 176345
  NE_SII fixed at 20 cm^-3: 97904/176345 (55.5%)
  NE_SII exact high-density fallback pixels: 0
  NE_SII_ALL finite pixels: 500713
  Te(NII) HII pixels: 94
  Te(NII) SF pixels: 105
  Brazzini+2024 direct HII pixels: 0
  Brazzini+2024 direct SF pixels: 0
  NII+OII7325 semi-direct HII pixels: 6
  NII+OII7325 semi-direct SF pixels: 6
  Kreckel+2025 NII-only HII pixels: 34
  Kreckel+2025 NII-only SF pixels: 34
Integrated PyNeb Te-method values:
  SF:
    NE_SII: 20.00 +/- 0.00 cm^-3 (n_pix=27714, fixed20=1, exact_high_density=0)
    Te(NII): 17982.8 +/- 242.2 K (n_pix=225)
    O_H_BR24_DIRECT: nan dex (n_pix=0)
    O_H_NII_OII7325: 7.5825 +/- 0.0865 dex (n_pix=6)
    O_H_NII_K25: nan dex (n_pix=225)
  HII:
    NE_SII: 20.00 +/- 0.00 cm^-3 (n_pix=17191, fixed20=1, exact_high_density=0)
    Te(NII): 15097.6 +/- 206.7 K (n_pix=146)
    O_H_BR24_DIRECT: nan dex (n_pix=0)
    O_H_NII_OII7325: 7.5825 +/- 0.0865 dex (n_pix=6)
    O_H_NII_K25: nan dex (n_pix=146)
Further file written ➜ /arc/home/RongjunHuang/ICRAR/further/v3tk_v7.6.8/NGC4450/NGC4450_gas_bin_maps_further.fits
--------------------------------------------------------------
Total non-nan spaxels: 500713
Number of pixels with Halpha not detected: 84221
Number of pixels with Halpha detected, Hbeta not detected: 270105
Number of pixels with Halpha detected, Hbeta detected, NII not detected, OIII not detected and unclassified1: 0
Number of pixels with Halpha detected, Hbeta detected, NII not detected, OIII detected and unclassified1: 0
Number of pixels with Halpha detected, Hbeta detected, NII detected, OIII not detected and unclassified1: 5301
Number of pixels with Halpha detected, Hbeta detected, NII detected, OIII detected and unclassified1: 60325
Number of pixels with Halpha detected, Hbeta detected, SII not detected, OIII not detected and unclassified1: 2461
Number of pixels with Halpha detected, Hbeta detected, SII not detected, OIII detected and unclassified1: 6904
Number of pixels with Halpha detected, Hbeta detected, SII detected, OIII not detected and unclassified1: 2840
Number of pixels with Halpha detected, Hbeta detected, SII detected, OIII detected and unclassified1: 53421
--------------------------------------------------------------
Total Halpha luminosity map sum (detections + upper-limit substitutions): 3.92e+40 erg/s
Total corrected Halpha luminosity from SF region: 1.66e+40 erg/s
Total Halpha SFR map sum (detections + upper-limit substitutions): 0.20 M☉/yr or in log10 scale: -0.71 log(M☉/yr)
Total Halpha SFR from SF region: 0.08 M☉/yr or in log10 scale: -1.08 log(M☉/yr)
Total Halpha SFR from HII region: 0.07 M☉/yr or in log10 scale: -1.14 log(M☉/yr)
--------------------------------------------------------------
[O/H] D16 SF: Total metallicity in SF region:  8.743030166647928
[O/H] PG16 SF: Total metallicity in SF region:  8.552693536535173
[O/H] N2S2-N06 SF: Total metallicity in SF region:  9.036202470448504
[O/H] O3N2-M13 SF: Total metallicity in SF region:  8.563475149786825
[O/H] N2-M13 SF: Total metallicity in SF region:  8.551852062064524
[O/H] O3N2-PP04 SF: Total metallicity in SF region:  8.775570317438245
[O/H] N2-PP04 SF: Total metallicity in SF region:  8.723131659450331
[O/H] O3N2-C20 SF: Total metallicity in SF region:  8.775387453310358
[O/H] O3S2-C20 SF: Total metallicity in SF region:  8.84151157096199
[O/H] RS32-C20 SF: Total metallicity in SF region:  8.753518414736988
[O/H] R3-C20 SF: Total metallicity in SF region:  8.763132439062726
[O/H] N2-C20 SF: Total metallicity in SF region:  8.745574164716722
[O/H] S2-C20 SF: Total metallicity in SF region:  8.755832152282485
[O/H] Combined-C20 SF: Total metallicity in SF region:  8.765996981964298 (weighted 6 methods; dominant S2)
--------------------------------------------------------------
[O/H] D16 HII: Total metallicity in HII region:  8.743659901984167
[O/H] PG16 HII: Total metallicity in HII region:  8.543443312403557
[O/H] N2S2-N06 HII: Total metallicity in HII region:  9.043048654016175
[O/H] O3N2-M13 HII: Total metallicity in HII region:  8.5789016360871
[O/H] N2-M13 HII: Total metallicity in HII region:  8.53839936363921
[O/H] O3N2-PP04 HII: Total metallicity in HII region:  8.798637960504076
[O/H] N2-PP04 HII: Total metallicity in HII region:  8.69031941466434
[O/H] O3N2-C20 HII: Total metallicity in HII region:  8.789293391747531
[O/H] O3S2-C20 HII: Total metallicity in HII region:  8.854056918751187
[O/H] RS32-C20 HII: Total metallicity in HII region:  8.776730407190174
[O/H] R3-C20 HII: Total metallicity in HII region:  8.787326848531443
[O/H] N2-C20 HII: Total metallicity in HII region:  8.722388389809085
[O/H] S2-C20 HII: Total metallicity in HII region:  8.780727832815925
[O/H] Combined-C20 HII: Total metallicity in HII region:  8.782852303250385 (weighted 6 methods; dominant S2)
--------------------------------------------------------------
[O/H] D16: Total metallicity in total region:  8.80225345811109
[O/H] PG16: Total metallicity in total region:  8.759719720815557
[O/H] N2S2-N06: Total metallicity in total region:  9.011955462140849
[O/H] O3N2-M13: Total metallicity in total region:  8.494246017666994
[O/H] N2-M13: Total metallicity in total region:  nan
[O/H] O3N2-PP04: Total metallicity in total region:  8.67205011987588
[O/H] N2-PP04: Total metallicity in total region:  nan
[O/H] O3N2-C20: Total metallicity in total region:  8.710761598506277
[O/H] O3S2-C20: Total metallicity in total region:  8.781423931612801
[O/H] RS32-C20: Total metallicity in total region:  8.533263522750905
[O/H] R3-C20: Total metallicity in total region:  8.570743154535524
[O/H] N2-C20: Total metallicity in total region:  nan
[O/H] S2-C20: Total metallicity in total region:  nan
[O/H] Combined-C20: Total metallicity in total region:  8.621661437998386 (weighted 4 methods; dominant R3)
--------------------------------------------------------------
Total runtime: 1832.1 s
✅  NGC4450 finished in 30m41s
