Python executable: /opt/miniconda3/envs/ICRAR/bin/python
Python 3.13.3
PYTHONUNBUFFERED: 1
Product root     : /Users/Igniz/Desktop/ICRAR/further
Local fallback   : /Users/Igniz/Desktop/ICRAR/further

Shared input keyword ➜ <none>
Reading gas-line FITS ➜ /Users/Igniz/Desktop/ICRAR/further/v3tk_v7.6.8/NGC4394/NGC4394_gas_BIN_maps.fits
Matched binning FITS ➜ /Users/Igniz/Desktop/ICRAR/further/v3tk_v7.6.8/NGC4394/NGC4394_spatial_binning_maps_further.fits
Spatial mask FITS ➜ /Users/Igniz/Desktop/ICRAR/further/v3tk_v7.6.8/NGC4394/NGC4394_mask.fits
Available gas-line flux/error pairs:
  - HB4861
  - OIII4958
  - OIII5006
  - NII5754
  - OI6300
  - SIII6312
  - OI6363
  - NII6548
  - HA6562
  - NII6583
  - SII6716
  - SII6730
  - OII7318
  - OII7319
  - OII7329
  - OII7330
Te-method optional emission-line availability:
  - OIII4958: available
  - NII5754: available
  - SIII6312: available
  - NII6548: available
  - OII7318: available
  - OII7319: available
  - OII7329: available
  - OII7330: available
  - SIII9068: missing
Spatial mask applied: MASKFILE[MASK] table; row-major MASK == 0; keep=179299, masked=224429, finite H-alpha after mask=179299
/Users/Igniz/Desktop/ICRAR/further/SFR+Z.py:924: RuntimeWarning: divide by zero encountered in divide
  BD = HA6562_FLUX / HB4861_FLUX
--------------------------------------------------------------
Extinction law for k(λ)=A(λ)/E(B−V): calzetti
k(Hβ 4861Å)  = 4.5981   at λ=0.4861 µm
k(Hα 6562Å)  = 3.3264   at λ=0.6562 µm
k([OIII]5006)= 4.4647   at λ=0.5006 µm
k([NII]6583) = 3.3130   at λ=0.6583 µm
k([SII]6716) = 3.2298   at λ=0.6716 µm
k([SII]6730) = 3.2212   at λ=0.6730 µm
k(OIII4958) = 4.5083   at λ=0.4958 µm
k(NII5754) = 3.8531   at λ=0.5755 µm
k(OI6300) = 3.5017   at λ=0.6300 µm
k(SIII6312) = 3.4934   at λ=0.6312 µm
k(OI6363) = 3.4582   at λ=0.6363 µm
k(NII6548) = 3.3355   at λ=0.6548 µm
k(OII7318) = 2.8906   at λ=0.7319 µm
k(OII7319) = 2.8901   at λ=0.7320 µm
k(OII7329) = 2.8854   at λ=0.7329 µm
k(OII7330) = 2.8844   at λ=0.7331 µm
k(SIII9068) = 2.1615   at λ=0.9069 µm (line missing; NaN placeholder)
--------------------------------------------------------------
/Users/Igniz/Desktop/ICRAR/further/SFR+Z.py:1804: RuntimeWarning: divide by zero encountered in divide
  y = np.log10(NII6583_FLUX_corr / (SII6716_FLUX_corr + SII6730_FLUX_corr)) + 0.264*np.log10(NII6583_FLUX_corr / HA6562_FLUX_corr)
/Users/Igniz/Desktop/ICRAR/further/SFR+Z.py:1815: RuntimeWarning: divide by zero encountered in divide
  N2 = NII_scaled / HB4861_FLUX_corr   # N2 = I([N II]λ6548 + λ6584)/I(Hβ)
/Users/Igniz/Desktop/ICRAR/further/SFR+Z.py:1816: RuntimeWarning: divide by zero encountered in divide
  S2 = (SII6716_FLUX_corr + SII6730_FLUX_corr) / HB4861_FLUX_corr  # S2 = I([S II]λ6717 + λ6731)/I(Hβ)
/Users/Igniz/Desktop/ICRAR/further/SFR+Z.py:1816: RuntimeWarning: invalid value encountered in divide
  S2 = (SII6716_FLUX_corr + SII6730_FLUX_corr) / HB4861_FLUX_corr  # S2 = I([S II]λ6717 + λ6731)/I(Hβ)
/Users/Igniz/Desktop/ICRAR/further/SFR+Z.py:1817: RuntimeWarning: divide by zero encountered in divide
  R3 = OIII_scaled / HB4861_FLUX_corr  # R3 = I([O III]λ4959 + λ5007)/I(Hβ) (same value as R2 in this case)
/Users/Igniz/Desktop/ICRAR/further/SFR+Z.py:1817: RuntimeWarning: invalid value encountered in divide
  R3 = OIII_scaled / HB4861_FLUX_corr  # R3 = I([O III]λ4959 + λ5007)/I(Hβ) (same value as R2 in this case)
/Users/Igniz/Desktop/ICRAR/further/SFR+Z.py:1819: RuntimeWarning: divide by zero encountered in divide
  log_R3_S2 = np.log10(R3/S2)
/Users/Igniz/Desktop/ICRAR/further/SFR+Z.py:1819: RuntimeWarning: invalid value encountered in divide
  log_R3_S2 = np.log10(R3/S2)
/Users/Igniz/Desktop/ICRAR/further/SFR+Z.py:1819: RuntimeWarning: divide by zero encountered in log10
  log_R3_S2 = np.log10(R3/S2)
/Users/Igniz/Desktop/ICRAR/further/SFR+Z.py:1821: RuntimeWarning: divide by zero encountered in log10
  log_S2 = np.log10(S2)
/Users/Igniz/Desktop/ICRAR/further/SFR+Z.py:1844: RuntimeWarning: invalid value encountered in add
  O_H_PG16[upper_mask] = (a1_upper + a2_upper * log_R3_S2[upper_mask] + a3_upper * log_N2[upper_mask] +
/Users/Igniz/Desktop/ICRAR/further/SFR+Z.py:1869: RuntimeWarning: divide by zero encountered in divide
  n2s2_ratio = np.log10(nii6583_flux / sii_total)
/Users/Igniz/Desktop/ICRAR/further/SFR+Z.py:1914: RuntimeWarning: divide by zero encountered in divide
  oiii_hb = oiii5006_flux / hb4861_flux
/Users/Igniz/Desktop/ICRAR/further/SFR+Z.py:1914: RuntimeWarning: invalid value encountered in divide
  oiii_hb = oiii5006_flux / hb4861_flux
/Users/Igniz/Desktop/ICRAR/further/SFR+Z.py:1916: RuntimeWarning: divide by zero encountered in log10
  o3n2_ratio = np.log10(oiii_hb / nii_ha)
/Users/Igniz/Desktop/ICRAR/further/SFR+Z.py:1961: RuntimeWarning: divide by zero encountered in divide
  oiii_hb = oiii5006_flux / hb4861_flux
/Users/Igniz/Desktop/ICRAR/further/SFR+Z.py:1961: RuntimeWarning: invalid value encountered in divide
  oiii_hb = oiii5006_flux / hb4861_flux
/Users/Igniz/Desktop/ICRAR/further/SFR+Z.py:1963: RuntimeWarning: divide by zero encountered in log10
  o3n2_ratio = np.log10(oiii_hb / nii_ha)
/Users/Igniz/Desktop/ICRAR/further/SFR+Z.py:2020: RuntimeWarning: divide by zero encountered in divide
  oiii_hb = oiii5006_flux / hb4861_flux
/Users/Igniz/Desktop/ICRAR/further/SFR+Z.py:2020: RuntimeWarning: invalid value encountered in divide
  oiii_hb = oiii5006_flux / hb4861_flux
/Users/Igniz/Desktop/ICRAR/further/SFR+Z.py:2022: RuntimeWarning: divide by zero encountered in log10
  o3n2_ratio = np.log10(oiii_hb / nii_ha)
/Users/Igniz/Desktop/ICRAR/further/SFR+Z.py:2122: RuntimeWarning: divide by zero encountered in divide
  oiii_hb = oiii5006_flux / hb4861_flux
/Users/Igniz/Desktop/ICRAR/further/SFR+Z.py:2122: RuntimeWarning: invalid value encountered in divide
  oiii_hb = oiii5006_flux / hb4861_flux
/Users/Igniz/Desktop/ICRAR/further/SFR+Z.py:2125: RuntimeWarning: divide by zero encountered in divide
  sii_hb = sii_total / hb4861_flux
/Users/Igniz/Desktop/ICRAR/further/SFR+Z.py:2125: RuntimeWarning: invalid value encountered in divide
  sii_hb = sii_total / hb4861_flux
/Users/Igniz/Desktop/ICRAR/further/SFR+Z.py:2128: RuntimeWarning: divide by zero encountered in divide
  o3s2_ratio = np.log10(oiii_hb / sii_hb)
/Users/Igniz/Desktop/ICRAR/further/SFR+Z.py:2128: RuntimeWarning: invalid value encountered in divide
  o3s2_ratio = np.log10(oiii_hb / sii_hb)
/Users/Igniz/Desktop/ICRAR/further/SFR+Z.py:2128: RuntimeWarning: divide by zero encountered in log10
  o3s2_ratio = np.log10(oiii_hb / sii_hb)
Calculating all 6 C20 metallicities for NGC4394...
Combined C20 metallicity: median = 8.696, range = (8.002, 8.942)
Combined C20 dominant-weight method usage: O3N2=73097, O3S2=10, RS32=9709, R3=65647, N2=113, S2=26389
Galaxy NGC4394 inclination: 32.0° (cos θ = 0.848)
Inclination correction ENABLED: applying b/a = 0.855 (adopting intrinsic thickness q₀ = 0.2 for disc galaxy)
/Users/Igniz/Desktop/ICRAR/further/SFR+Z.py:2837: RuntimeWarning: divide by zero encountered in log10
  logS2  = np.log10((SII6716_FLUX_corr+SII6730_FLUX_corr) / HA6562_FLUX_corr)   # Σ[S II]/Hα
/Users/Igniz/Desktop/ICRAR/further/SFR+Z.py:2838: RuntimeWarning: divide by zero encountered in divide
  logO3  = np.log10(OIII5006_FLUX_corr / HB4861_FLUX_corr)       # [O III]/Hβ
/Users/Igniz/Desktop/ICRAR/further/SFR+Z.py:2838: RuntimeWarning: invalid value encountered in divide
  logO3  = np.log10(OIII5006_FLUX_corr / HB4861_FLUX_corr)       # [O III]/Hβ
/Users/Igniz/Desktop/ICRAR/further/SFR+Z.py:2838: RuntimeWarning: divide by zero encountered in log10
  logO3  = np.log10(OIII5006_FLUX_corr / HB4861_FLUX_corr)       # [O III]/Hβ
/Users/Igniz/Desktop/ICRAR/further/SFR+Z.py:2924: RuntimeWarning: invalid value encountered in add
  mask_N2_right, mask_S2_right = apply_bpt_masks(logN2=logN2+logN2_err, logS2=logS2+logS2_err, logO3=logO3)
/Users/Igniz/Desktop/ICRAR/further/SFR+Z.py:2926: RuntimeWarning: invalid value encountered in add
  mask_N2_up, mask_S2_up = apply_bpt_masks(logN2=logN2, logS2=logS2, logO3=logO3+logO3_err)
Loaded SII density lookup table: /Users/Igniz/Desktop/ICRAR/further/pyneb_sii_6716_6731_density_lookup_te8000_13000_step1000_ne20_100000_n4096.npz
PyNeb Te-method valid-pixel counts:
  NE_SII finite pixels: 49814
  NE_SII fixed at 20 cm^-3: 22755/49814 (45.7%)
  NE_SII exact high-density fallback pixels: 7
  NE_SII_ALL finite pixels: 179299
  Te(NII) HII pixels: 0
  Te(NII) SF pixels: 0
  Brazzini+2024 direct HII pixels: 0
  Brazzini+2024 direct SF pixels: 0
  NII+OII7325 semi-direct HII pixels: 0
  NII+OII7325 semi-direct SF pixels: 0
  Kreckel+2025 NII-only HII pixels: 0
  Kreckel+2025 NII-only SF pixels: 0
Integrated PyNeb Te-method values:
  SF:
    NE_SII: 20.00 +/- 0.00 cm^-3 (n_pix=32519, fixed20=0, exact_high_density=0)
    Te(NII): nan K (n_pix=3)
    O_H_BR24_DIRECT: nan dex (n_pix=0)
    O_H_NII_OII7325: nan dex (n_pix=0)
    O_H_NII_K25: nan dex (n_pix=3)
  HII:
    NE_SII: 20.00 +/- 0.00 cm^-3 (n_pix=27158, fixed20=0, exact_high_density=0)
    Te(NII): nan K (n_pix=3)
    O_H_BR24_DIRECT: nan dex (n_pix=0)
    O_H_NII_OII7325: nan dex (n_pix=0)
    O_H_NII_K25: nan dex (n_pix=3)
Further file written ➜ /Users/Igniz/Desktop/ICRAR/further/v3tk_v7.6.8/NGC4394/NGC4394_gas_BIN_maps_further.fits
--------------------------------------------------------------
Total non-nan spaxels: 179299
Number of pixels with Halpha not detected: 4678
Number of pixels with Halpha detected, Hbeta not detected: 95895
Number of pixels with Halpha detected, Hbeta detected, NII not detected, OIII not detected and unclassified1: 28
Number of pixels with Halpha detected, Hbeta detected, NII not detected, OIII detected and unclassified1: 2
Number of pixels with Halpha detected, Hbeta detected, NII detected, OIII not detected and unclassified1: 2175
Number of pixels with Halpha detected, Hbeta detected, NII detected, OIII detected and unclassified1: 11984
Number of pixels with Halpha detected, Hbeta detected, SII not detected, OIII not detected and unclassified1: 1765
Number of pixels with Halpha detected, Hbeta detected, SII not detected, OIII detected and unclassified1: 6742
Number of pixels with Halpha detected, Hbeta detected, SII detected, OIII not detected and unclassified1: 438
Number of pixels with Halpha detected, Hbeta detected, SII detected, OIII detected and unclassified1: 5244
--------------------------------------------------------------
Total Halpha luminosity map sum (detections + upper-limit substitutions): 1.39e+40 erg/s
Total corrected Halpha luminosity from SF region: 9.78e+39 erg/s
Total Halpha SFR map sum (detections + upper-limit substitutions): 0.07 M☉/yr or in log10 scale: -1.16 log(M☉/yr)
Total Halpha SFR from SF region: 0.05 M☉/yr or in log10 scale: -1.31 log(M☉/yr)
Total Halpha SFR from HII region: 0.04 M☉/yr or in log10 scale: -1.36 log(M☉/yr)
--------------------------------------------------------------
[O/H] D16 SF: Total metallicity in SF region:  8.752811949403226
[O/H] PG16 SF: Total metallicity in SF region:  8.54850575762723
[O/H] N2S2-N06 SF: Total metallicity in SF region:  9.049141930909784
[O/H] O3N2-M13 SF: Total metallicity in SF region:  8.57670948222878
[O/H] N2-M13 SF: Total metallicity in SF region:  8.541155933595464
[O/H] O3N2-PP04 SF: Total metallicity in SF region:  8.795359973426216
[O/H] N2-PP04 SF: Total metallicity in SF region:  8.69692604110132
[O/H] O3N2-C20 SF: Total metallicity in SF region:  8.787327581978598
[O/H] O3S2-C20 SF: Total metallicity in SF region:  8.85059046249499
[O/H] RS32-C20 SF: Total metallicity in SF region:  8.774582671920543
[O/H] R3-C20 SF: Total metallicity in SF region:  8.783522973455325
[O/H] N2-C20 SF: Total metallicity in SF region:  8.726920876953379
[O/H] S2-C20 SF: Total metallicity in SF region:  8.781592928081272
[O/H] Combined-C20 SF: Total metallicity in SF region:  8.781848799631618 (weighted 6 methods; dominant S2)
--------------------------------------------------------------
[O/H] D16 HII: Total metallicity in HII region:  8.747738843812238
[O/H] PG16 HII: Total metallicity in HII region:  8.539016445712948
[O/H] N2S2-N06 HII: Total metallicity in HII region:  9.051098969002053
[O/H] O3N2-M13 HII: Total metallicity in HII region:  8.592986492830176
[O/H] N2-M13 HII: Total metallicity in HII region:  8.528185997532017
[O/H] O3N2-PP04 HII: Total metallicity in HII region:  8.819699428531106
[O/H] N2-PP04 HII: Total metallicity in HII region:  8.666356125273538
[O/H] O3N2-C20 HII: Total metallicity in HII region:  8.801844656248825
[O/H] O3S2-C20 HII: Total metallicity in HII region:  8.864940045187716
[O/H] RS32-C20 HII: Total metallicity in HII region:  8.79558335545134
[O/H] R3-C20 HII: Total metallicity in HII region:  8.807516084458403
[O/H] N2-C20 HII: Total metallicity in HII region:  8.7063522154863
[O/H] S2-C20 HII: Total metallicity in HII region:  8.797855295883998
[O/H] Combined-C20 HII: Total metallicity in HII region:  8.79626985388039 (weighted 6 methods; dominant S2)
--------------------------------------------------------------
[O/H] D16: Total metallicity in total region:  8.841182819737599
[O/H] PG16: Total metallicity in total region:  8.67704904010925
[O/H] N2S2-N06: Total metallicity in total region:  9.072378102845091
[O/H] O3N2-M13: Total metallicity in total region:  8.495737414652776
[O/H] N2-M13: Total metallicity in total region:  8.641196815643601
[O/H] O3N2-PP04: Total metallicity in total region:  8.67428024620976
[O/H] N2-PP04: Total metallicity in total region:  nan
[O/H] O3N2-C20: Total metallicity in total region:  8.712194863682832
[O/H] O3S2-C20: Total metallicity in total region:  8.767305981681599
[O/H] RS32-C20: Total metallicity in total region:  8.613121492619845
[O/H] R3-C20: Total metallicity in total region:  8.620127339656781
[O/H] N2-C20: Total metallicity in total region:  nan
[O/H] S2-C20: Total metallicity in total region:  nan
[O/H] Combined-C20: Total metallicity in total region:  8.659735438511866 (weighted 4 methods; dominant R3)
--------------------------------------------------------------
Total runtime: 382.7 s
✅  NGC4394 finished in 6m39s
