Python executable: /arc/home/RongjunHuang/.conda/envs/ICRAR/bin/python
Python 3.13.3
PYTHONUNBUFFERED: 1
Product root     : /arc/home/RongjunHuang/ICRAR/further
Local fallback   : /arc/home/RongjunHuang/ICRAR/further

Matplotlib is building the font cache; this may take a moment.
Shared input keyword ➜ <none>
Reading gas-line FITS ➜ /arc/home/RongjunHuang/ICRAR/further/v3tk_v7.6.8/NGC4254/NGC4254_gas_bin_maps.fits
Matched binning FITS ➜ /arc/home/RongjunHuang/ICRAR/further/v3tk_v7.6.8/NGC4254/NGC4254_spatial_binning_maps_further.fits
Spatial mask FITS ➜ /arc/home/RongjunHuang/ICRAR/further/v3tk_v7.6.8/NGC4254/NGC4254_mask.fits
Gas-line maps collapsed onto spatial BINID: 40568 bins
Available gas-line flux/error pairs:
  - HB4861
  - OIII4958
  - OIII5006
  - NII5754
  - OI6300
  - SIII6312
  - OI6363
  - NII6548
  - HA6562
  - NII6583
  - SII6716
  - SII6730
  - OII7318
  - OII7319
  - OII7329
  - OII7330
Te-method optional emission-line availability:
  - OIII4958: available
  - NII5754: available
  - SIII6312: available
  - NII6548: available
  - OII7318: available
  - OII7319: available
  - OII7329: available
  - OII7330: available
  - SIII9068: missing
Spatial mask applied: MASKFILE[MASK] table; row-major MASK == 0; keep=1042458, masked=161822, finite H-alpha after mask=1042458
/arc/home/RongjunHuang/ICRAR/further/SFR+Z.py:1049: RuntimeWarning: divide by zero encountered in divide
  BD = HA6562_FLUX / HB4861_FLUX
/arc/home/RongjunHuang/ICRAR/further/SFR+Z.py:1049: RuntimeWarning: invalid value encountered in divide
  BD = HA6562_FLUX / HB4861_FLUX
--------------------------------------------------------------
Extinction law for k(λ)=A(λ)/E(B−V): calzetti
k(Hβ 4861Å)  = 4.5981   at λ=0.4861 µm
k(Hα 6562Å)  = 3.3264   at λ=0.6562 µm
k([OIII]5006)= 4.4647   at λ=0.5006 µm
k([NII]6583) = 3.3130   at λ=0.6583 µm
k([SII]6716) = 3.2298   at λ=0.6716 µm
k([SII]6730) = 3.2212   at λ=0.6730 µm
k(OIII4958) = 4.5083   at λ=0.4958 µm
k(NII5754) = 3.8531   at λ=0.5755 µm
k(OI6300) = 3.5017   at λ=0.6300 µm
k(SIII6312) = 3.4934   at λ=0.6312 µm
k(OI6363) = 3.4582   at λ=0.6363 µm
k(NII6548) = 3.3355   at λ=0.6548 µm
k(OII7318) = 2.8906   at λ=0.7319 µm
k(OII7319) = 2.8901   at λ=0.7320 µm
k(OII7329) = 2.8854   at λ=0.7329 µm
k(OII7330) = 2.8844   at λ=0.7331 µm
k(SIII9068) = 2.1615   at λ=0.9069 µm (line missing; NaN placeholder)
--------------------------------------------------------------
/arc/home/RongjunHuang/ICRAR/further/SFR+Z.py:1929: RuntimeWarning: divide by zero encountered in divide
  y = np.log10(NII6583_FLUX_corr / (SII6716_FLUX_corr + SII6730_FLUX_corr)) + 0.264*np.log10(NII6583_FLUX_corr / HA6562_FLUX_corr)
/arc/home/RongjunHuang/ICRAR/further/SFR+Z.py:1929: RuntimeWarning: invalid value encountered in divide
  y = np.log10(NII6583_FLUX_corr / (SII6716_FLUX_corr + SII6730_FLUX_corr)) + 0.264*np.log10(NII6583_FLUX_corr / HA6562_FLUX_corr)
/arc/home/RongjunHuang/ICRAR/further/SFR+Z.py:1929: RuntimeWarning: divide by zero encountered in log10
  y = np.log10(NII6583_FLUX_corr / (SII6716_FLUX_corr + SII6730_FLUX_corr)) + 0.264*np.log10(NII6583_FLUX_corr / HA6562_FLUX_corr)
/arc/home/RongjunHuang/ICRAR/further/SFR+Z.py:1940: RuntimeWarning: divide by zero encountered in divide
  N2 = NII_scaled / HB4861_FLUX_corr   # N2 = I([N II]λ6548 + λ6584)/I(Hβ)
/arc/home/RongjunHuang/ICRAR/further/SFR+Z.py:1940: RuntimeWarning: invalid value encountered in divide
  N2 = NII_scaled / HB4861_FLUX_corr   # N2 = I([N II]λ6548 + λ6584)/I(Hβ)
/arc/home/RongjunHuang/ICRAR/further/SFR+Z.py:1941: RuntimeWarning: divide by zero encountered in divide
  S2 = (SII6716_FLUX_corr + SII6730_FLUX_corr) / HB4861_FLUX_corr  # S2 = I([S II]λ6717 + λ6731)/I(Hβ)
/arc/home/RongjunHuang/ICRAR/further/SFR+Z.py:1941: RuntimeWarning: invalid value encountered in divide
  S2 = (SII6716_FLUX_corr + SII6730_FLUX_corr) / HB4861_FLUX_corr  # S2 = I([S II]λ6717 + λ6731)/I(Hβ)
/arc/home/RongjunHuang/ICRAR/further/SFR+Z.py:1942: RuntimeWarning: divide by zero encountered in divide
  R3 = OIII_scaled / HB4861_FLUX_corr  # R3 = I([O III]λ4959 + λ5007)/I(Hβ) (same value as R2 in this case)
/arc/home/RongjunHuang/ICRAR/further/SFR+Z.py:1942: RuntimeWarning: invalid value encountered in divide
  R3 = OIII_scaled / HB4861_FLUX_corr  # R3 = I([O III]λ4959 + λ5007)/I(Hβ) (same value as R2 in this case)
/arc/home/RongjunHuang/ICRAR/further/SFR+Z.py:1944: RuntimeWarning: divide by zero encountered in divide
  log_R3_S2 = np.log10(R3/S2)
/arc/home/RongjunHuang/ICRAR/further/SFR+Z.py:1944: RuntimeWarning: invalid value encountered in divide
  log_R3_S2 = np.log10(R3/S2)
/arc/home/RongjunHuang/ICRAR/further/SFR+Z.py:1944: RuntimeWarning: divide by zero encountered in log10
  log_R3_S2 = np.log10(R3/S2)
/arc/home/RongjunHuang/ICRAR/further/SFR+Z.py:1945: RuntimeWarning: divide by zero encountered in log10
  log_N2 = np.log10(N2)
/arc/home/RongjunHuang/ICRAR/further/SFR+Z.py:1946: RuntimeWarning: divide by zero encountered in log10
  log_S2 = np.log10(S2)
/arc/home/RongjunHuang/ICRAR/further/SFR+Z.py:1972: RuntimeWarning: invalid value encountered in add
  O_H_PG16[lower_mask] = (a1_lower + a2_lower * log_R3_S2[lower_mask] + a3_lower * log_N2[lower_mask] +
/arc/home/RongjunHuang/ICRAR/further/SFR+Z.py:1994: RuntimeWarning: divide by zero encountered in divide
  n2s2_ratio = np.log10(nii6583_flux / sii_total)
/arc/home/RongjunHuang/ICRAR/further/SFR+Z.py:1994: RuntimeWarning: invalid value encountered in divide
  n2s2_ratio = np.log10(nii6583_flux / sii_total)
/arc/home/RongjunHuang/ICRAR/further/SFR+Z.py:1994: RuntimeWarning: divide by zero encountered in log10
  n2s2_ratio = np.log10(nii6583_flux / sii_total)
/arc/home/RongjunHuang/ICRAR/further/SFR+Z.py:2039: RuntimeWarning: divide by zero encountered in divide
  oiii_hb = oiii5006_flux / hb4861_flux
/arc/home/RongjunHuang/ICRAR/further/SFR+Z.py:2039: RuntimeWarning: invalid value encountered in divide
  oiii_hb = oiii5006_flux / hb4861_flux
/arc/home/RongjunHuang/ICRAR/further/SFR+Z.py:2040: RuntimeWarning: divide by zero encountered in divide
  nii_ha = nii6583_flux / ha6562_flux
/arc/home/RongjunHuang/ICRAR/further/SFR+Z.py:2041: RuntimeWarning: divide by zero encountered in divide
  o3n2_ratio = np.log10(oiii_hb / nii_ha)
/arc/home/RongjunHuang/ICRAR/further/SFR+Z.py:2041: RuntimeWarning: divide by zero encountered in log10
  o3n2_ratio = np.log10(oiii_hb / nii_ha)
/arc/home/RongjunHuang/ICRAR/further/SFR+Z.py:2063: RuntimeWarning: divide by zero encountered in divide
  n2_ratio = np.log10(nii6583_flux / ha6562_flux)
/arc/home/RongjunHuang/ICRAR/further/SFR+Z.py:2063: RuntimeWarning: divide by zero encountered in log10
  n2_ratio = np.log10(nii6583_flux / ha6562_flux)
/arc/home/RongjunHuang/ICRAR/further/SFR+Z.py:2086: RuntimeWarning: divide by zero encountered in divide
  oiii_hb = oiii5006_flux / hb4861_flux
/arc/home/RongjunHuang/ICRAR/further/SFR+Z.py:2086: RuntimeWarning: invalid value encountered in divide
  oiii_hb = oiii5006_flux / hb4861_flux
/arc/home/RongjunHuang/ICRAR/further/SFR+Z.py:2087: RuntimeWarning: divide by zero encountered in divide
  nii_ha = nii6583_flux / ha6562_flux
/arc/home/RongjunHuang/ICRAR/further/SFR+Z.py:2088: RuntimeWarning: divide by zero encountered in divide
  o3n2_ratio = np.log10(oiii_hb / nii_ha)
/arc/home/RongjunHuang/ICRAR/further/SFR+Z.py:2088: RuntimeWarning: divide by zero encountered in log10
  o3n2_ratio = np.log10(oiii_hb / nii_ha)
/arc/home/RongjunHuang/ICRAR/further/SFR+Z.py:2110: RuntimeWarning: divide by zero encountered in divide
  n2_ratio = np.log10(nii6583_flux / ha6562_flux)
/arc/home/RongjunHuang/ICRAR/further/SFR+Z.py:2110: RuntimeWarning: divide by zero encountered in log10
  n2_ratio = np.log10(nii6583_flux / ha6562_flux)
/arc/home/RongjunHuang/ICRAR/further/SFR+Z.py:2145: RuntimeWarning: divide by zero encountered in divide
  oiii_hb = oiii5006_flux / hb4861_flux
/arc/home/RongjunHuang/ICRAR/further/SFR+Z.py:2145: RuntimeWarning: invalid value encountered in divide
  oiii_hb = oiii5006_flux / hb4861_flux
/arc/home/RongjunHuang/ICRAR/further/SFR+Z.py:2146: RuntimeWarning: divide by zero encountered in divide
  nii_ha = nii6583_flux / ha6562_flux
/arc/home/RongjunHuang/ICRAR/further/SFR+Z.py:2147: RuntimeWarning: divide by zero encountered in divide
  o3n2_ratio = np.log10(oiii_hb / nii_ha)
/arc/home/RongjunHuang/ICRAR/further/SFR+Z.py:2147: RuntimeWarning: divide by zero encountered in log10
  o3n2_ratio = np.log10(oiii_hb / nii_ha)
/arc/home/RongjunHuang/ICRAR/further/SFR+Z.py:2247: RuntimeWarning: divide by zero encountered in divide
  oiii_hb = oiii5006_flux / hb4861_flux
/arc/home/RongjunHuang/ICRAR/further/SFR+Z.py:2247: RuntimeWarning: invalid value encountered in divide
  oiii_hb = oiii5006_flux / hb4861_flux
/arc/home/RongjunHuang/ICRAR/further/SFR+Z.py:2250: RuntimeWarning: divide by zero encountered in divide
  sii_hb = sii_total / hb4861_flux
/arc/home/RongjunHuang/ICRAR/further/SFR+Z.py:2250: RuntimeWarning: invalid value encountered in divide
  sii_hb = sii_total / hb4861_flux
/arc/home/RongjunHuang/ICRAR/further/SFR+Z.py:2253: RuntimeWarning: divide by zero encountered in divide
  o3s2_ratio = np.log10(oiii_hb / sii_hb)
/arc/home/RongjunHuang/ICRAR/further/SFR+Z.py:2253: RuntimeWarning: invalid value encountered in divide
  o3s2_ratio = np.log10(oiii_hb / sii_hb)
/arc/home/RongjunHuang/ICRAR/further/SFR+Z.py:2253: RuntimeWarning: divide by zero encountered in log10
  o3s2_ratio = np.log10(oiii_hb / sii_hb)
Calculating all 6 C20 metallicities for NGC4254...
Combined C20 metallicity: median = 8.744, range = (8.392, 8.911)
Combined C20 dominant-weight method usage: O3N2=302, O3S2=0, RS32=368, R3=658821, N2=0, S2=382857
Galaxy NGC4254 inclination: 39.0° (cos θ = 0.777)
Inclination correction ENABLED: applying b/a = 0.787 (adopting intrinsic thickness q₀ = 0.2 for disc galaxy)
/arc/home/RongjunHuang/ICRAR/further/SFR+Z.py:2961: RuntimeWarning: divide by zero encountered in divide
  logN2  = np.log10(NII6583_FLUX_corr / HA6562_FLUX_corr)        # [N II]/Hα
/arc/home/RongjunHuang/ICRAR/further/SFR+Z.py:2961: RuntimeWarning: divide by zero encountered in log10
  logN2  = np.log10(NII6583_FLUX_corr / HA6562_FLUX_corr)        # [N II]/Hα
/arc/home/RongjunHuang/ICRAR/further/SFR+Z.py:2962: RuntimeWarning: divide by zero encountered in divide
  logS2  = np.log10((SII6716_FLUX_corr+SII6730_FLUX_corr) / HA6562_FLUX_corr)   # Σ[S II]/Hα
/arc/home/RongjunHuang/ICRAR/further/SFR+Z.py:2962: RuntimeWarning: invalid value encountered in divide
  logS2  = np.log10((SII6716_FLUX_corr+SII6730_FLUX_corr) / HA6562_FLUX_corr)   # Σ[S II]/Hα
/arc/home/RongjunHuang/ICRAR/further/SFR+Z.py:2962: RuntimeWarning: divide by zero encountered in log10
  logS2  = np.log10((SII6716_FLUX_corr+SII6730_FLUX_corr) / HA6562_FLUX_corr)   # Σ[S II]/Hα
/arc/home/RongjunHuang/ICRAR/further/SFR+Z.py:2963: RuntimeWarning: divide by zero encountered in divide
  logO3  = np.log10(OIII5006_FLUX_corr / HB4861_FLUX_corr)       # [O III]/Hβ
/arc/home/RongjunHuang/ICRAR/further/SFR+Z.py:2963: RuntimeWarning: invalid value encountered in divide
  logO3  = np.log10(OIII5006_FLUX_corr / HB4861_FLUX_corr)       # [O III]/Hβ
/arc/home/RongjunHuang/ICRAR/further/SFR+Z.py:2963: RuntimeWarning: divide by zero encountered in log10
  logO3  = np.log10(OIII5006_FLUX_corr / HB4861_FLUX_corr)       # [O III]/Hβ
/arc/home/RongjunHuang/ICRAR/further/SFR+Z.py:3049: RuntimeWarning: invalid value encountered in add
  mask_N2_right, mask_S2_right = apply_bpt_masks(logN2=logN2+logN2_err, logS2=logS2+logS2_err, logO3=logO3)
/arc/home/RongjunHuang/ICRAR/further/SFR+Z.py:3051: RuntimeWarning: invalid value encountered in add
  mask_N2_up, mask_S2_up = apply_bpt_masks(logN2=logN2, logS2=logS2, logO3=logO3+logO3_err)
Loaded SII density lookup table: /arc/home/RongjunHuang/ICRAR/further/pyneb_sii_6716_6731_density_lookup_te8000_13000_step1000_ne20_100000_n4096.npz
PyNeb Te-method valid-pixel counts:
  NE_SII finite pixels: 830318
  NE_SII fixed at 20 cm^-3: 357646/830318 (43.1%)
  NE_SII exact high-density fallback pixels: 0
  NE_SII_ALL finite pixels: 1042458
  Te(NII) HII pixels: 3470
  Te(NII) SF pixels: 5026
  Brazzini+2024 direct HII pixels: 0
  Brazzini+2024 direct SF pixels: 0
  NII+OII7325 semi-direct HII pixels: 3
  NII+OII7325 semi-direct SF pixels: 6
  Kreckel+2025 NII-only HII pixels: 2302
  Kreckel+2025 NII-only SF pixels: 2917
Integrated PyNeb Te-method values:
  SF:
    NE_SII: 23.17 +/- 0.04 cm^-3 (n_pix=791567, fixed20=0, exact_high_density=0)
    Te(NII): 11633.0 +/- 15.2 K (n_pix=5026)
    O_H_BR24_DIRECT: nan dex (n_pix=0)
    O_H_NII_OII7325: 8.6519 +/- 0.1085 dex (n_pix=6)
    O_H_NII_K25: 8.2957 +/- 0.2214 dex (n_pix=5026)
  HII:
    NE_SII: 23.93 +/- 0.04 cm^-3 (n_pix=655362, fixed20=0, exact_high_density=0)
    Te(NII): 11289.5 +/- 17.2 K (n_pix=3470)
    O_H_BR24_DIRECT: nan dex (n_pix=0)
    O_H_NII_OII7325: 8.0956 +/- 0.1662 dex (n_pix=3)
    O_H_NII_K25: 8.3366 +/- 0.2179 dex (n_pix=3470)
Further file written ➜ /arc/home/RongjunHuang/ICRAR/further/v3tk_v7.6.8/NGC4254/NGC4254_gas_bin_maps_further.fits
--------------------------------------------------------------
Total non-nan spaxels: 1042458
Number of pixels with Halpha not detected: 26054
Number of pixels with Halpha detected, Hbeta not detected: 155595
Number of pixels with Halpha detected, Hbeta detected, NII not detected, OIII not detected and unclassified1: 2
Number of pixels with Halpha detected, Hbeta detected, NII not detected, OIII detected and unclassified1: 60
Number of pixels with Halpha detected, Hbeta detected, NII detected, OIII not detected and unclassified1: 366
Number of pixels with Halpha detected, Hbeta detected, NII detected, OIII detected and unclassified1: 3812
Number of pixels with Halpha detected, Hbeta detected, SII not detected, OIII not detected and unclassified1: 65
Number of pixels with Halpha detected, Hbeta detected, SII not detected, OIII detected and unclassified1: 60
Number of pixels with Halpha detected, Hbeta detected, SII detected, OIII not detected and unclassified1: 303
Number of pixels with Halpha detected, Hbeta detected, SII detected, OIII detected and unclassified1: 3812
--------------------------------------------------------------
Total Halpha luminosity map sum (detections + upper-limit substitutions): 2.59e+42 erg/s
Total corrected Halpha luminosity from SF region: 1.28e+42 erg/s
Total Halpha SFR map sum (detections + upper-limit substitutions): 12.91 M☉/yr or in log10 scale: 1.11 log(M☉/yr)
Total Halpha SFR from SF region: 6.36 M☉/yr or in log10 scale: 0.80 log(M☉/yr)
Total Halpha SFR from HII region: 6.12 M☉/yr or in log10 scale: 0.79 log(M☉/yr)
--------------------------------------------------------------
[O/H] D16 SF: Total metallicity in SF region:  8.769652987751403
[O/H] PG16 SF: Total metallicity in SF region:  8.544000277011063
[O/H] N2S2-N06 SF: Total metallicity in SF region:  9.07253218128577
[O/H] O3N2-M13 SF: Total metallicity in SF region:  8.546984328225301
[O/H] N2-M13 SF: Total metallicity in SF region:  8.51913458717483
[O/H] O3N2-PP04 SF: Total metallicity in SF region:  8.750911145009798
[O/H] N2-PP04 SF: Total metallicity in SF region:  8.64578445134321
[O/H] O3N2-C20 SF: Total metallicity in SF region:  8.760331307935573
[O/H] O3S2-C20 SF: Total metallicity in SF region:  8.817077209893709
[O/H] RS32-C20 SF: Total metallicity in SF region:  8.772842271796382
[O/H] R3-C20 SF: Total metallicity in SF region:  8.761603991832555
[O/H] N2-C20 SF: Total metallicity in SF region:  8.692951229590998
[O/H] S2-C20 SF: Total metallicity in SF region:  8.818745189221827
[O/H] Combined-C20 SF: Total metallicity in SF region:  8.777692243998331 (weighted 6 methods; dominant S2)
--------------------------------------------------------------
[O/H] D16 HII: Total metallicity in HII region:  8.767290239959848
[O/H] PG16 HII: Total metallicity in HII region:  8.540208991258535
[O/H] N2S2-N06 HII: Total metallicity in HII region:  9.073466470090029
[O/H] O3N2-M13 HII: Total metallicity in HII region:  8.548338971417278
[O/H] N2-M13 HII: Total metallicity in HII region:  8.51300187257516
[O/H] O3N2-PP04 HII: Total metallicity in HII region:  8.75293677968939
[O/H] N2-PP04 HII: Total metallicity in HII region:  8.632193912227619
[O/H] O3N2-C20 HII: Total metallicity in HII region:  8.761575715463836
[O/H] O3S2-C20 HII: Total metallicity in HII region:  8.818120421609247
[O/H] RS32-C20 HII: Total metallicity in HII region:  8.778812163487272
[O/H] R3-C20 HII: Total metallicity in HII region:  8.766389213771276
[O/H] N2-C20 HII: Total metallicity in HII region:  8.684218703974505
[O/H] S2-C20 HII: Total metallicity in HII region:  8.824580281180053
[O/H] Combined-C20 HII: Total metallicity in HII region:  8.780760228539606 (weighted 6 methods; dominant S2)
--------------------------------------------------------------
[O/H] D16: Total metallicity in total region:  8.767169536933983
[O/H] PG16: Total metallicity in total region:  8.543931054622401
[O/H] N2S2-N06: Total metallicity in total region:  9.06992483308752
[O/H] O3N2-M13: Total metallicity in total region:  8.544904526708383
[O/H] N2-M13: Total metallicity in total region:  8.52062623837876
[O/H] O3N2-PP04: Total metallicity in total region:  8.747801161433097
[O/H] N2-PP04: Total metallicity in total region:  8.649132237525341
[O/H] O3N2-C20: Total metallicity in total region:  8.758418059097547
[O/H] O3S2-C20: Total metallicity in total region:  8.815773405435232
[O/H] RS32-C20: Total metallicity in total region:  8.769359699632684
[O/H] R3-C20: Total metallicity in total region:  8.758420106343296
[O/H] N2-C20: Total metallicity in total region:  8.695115032168244
[O/H] S2-C20: Total metallicity in total region:  8.816019931781655
[O/H] Combined-C20: Total metallicity in total region:  8.775490917666138 (weighted 6 methods; dominant S2)
--------------------------------------------------------------
Total runtime: 895.8 s
✅  NGC4254 finished in 15m14s
