Python executable: /arc/home/RongjunHuang/.conda/envs/ICRAR/bin/python
Python 3.13.3
PYTHONUNBUFFERED: 1
CANFAR base root : arc/projects/mauve/cubes/v3tk
Local fallback   : /arc/home/RongjunHuang/ICRAR/v7.6.8_test/v3tk_v7.6.8_VELSCALE40_use/NGC4383
MASS_DISABLE_STAT: 0
MASS_NCPUS       : 16
MASS_ROW_BLOCK_SIZE: default


=== Using the following files ===
Primary root : /arc/home/RongjunHuang/ICRAR/v7.6.8_test/v3tk_v7.6.8_VELSCALE40_use/NGC4383/arc/projects/mauve/cubes/v3tk
Fallback root: /arc/home/RongjunHuang/ICRAR/v7.6.8_test/v3tk_v7.6.8_VELSCALE40_use/NGC4383
Input keyword: <none>
Cube         : /arc/home/RongjunHuang/ICRAR/v7.6.8_test/v3tk_v7.6.8_VELSCALE40_use/NGC4383/NGC4383_DATACUBE_FINAL_WCS_Pall_mad_red_v3tk.fits
Binning map  : /arc/home/RongjunHuang/ICRAR/v7.6.8_test/v3tk_v7.6.8_VELSCALE40_use/NGC4383/NGC4383_spatial_binning_maps.fits
SFH map      : /arc/home/RongjunHuang/ICRAR/v7.6.8_test/v3tk_v7.6.8_VELSCALE40_use/NGC4383/NGC4383_sfh_maps.fits
Weights      : /arc/home/RongjunHuang/ICRAR/v7.6.8_test/v3tk_v7.6.8_VELSCALE40_use/NGC4383/NGC4383_sfh_weights.fits
Photometry   : /arc/home/RongjunHuang/ICRAR/v7.6.8_test/v3tk_v7.6.8_VELSCALE40_use/NGC4383/BaSTI+Chabrier.dat
Output       : NGC4383_spatial_binning_maps_extended.fits 

Thread control: forcing 16 BLAS/OpenMP threads
Vectorized processing row-block size: 16
Loading: /arc/home/RongjunHuang/ICRAR/v7.6.8_test/v3tk_v7.6.8_VELSCALE40_use/NGC4383/NGC4383_spatial_binning_maps.fits
Filename: /arc/home/RongjunHuang/ICRAR/v7.6.8_test/v3tk_v7.6.8_VELSCALE40_use/NGC4383/NGC4383_spatial_binning_maps.fits
No.    Name      Ver    Type      Cards   Dimensions   Format
  0  PRIMARY       1 PrimaryHDU       4   ()      
  1  BINID         1 ImageHDU        26   (633, 705)   float64   
  2  FLUX          1 ImageHDU        26   (633, 705)   float64   
  3  SNR           1 ImageHDU        26   (633, 705)   float64   
  4  SNRBIN        1 ImageHDU        26   (633, 705)   float64   
  5  XBIN          1 ImageHDU        26   (633, 705)   float64   
  6  YBIN          1 ImageHDU        26   (633, 705)   float64   
None
Loading: /arc/home/RongjunHuang/ICRAR/v7.6.8_test/v3tk_v7.6.8_VELSCALE40_use/NGC4383/NGC4383_sfh_weights.fits
Filename: /arc/home/RongjunHuang/ICRAR/v7.6.8_test/v3tk_v7.6.8_VELSCALE40_use/NGC4383/NGC4383_sfh_weights.fits
No.    Name      Ver    Type      Cards   Dimensions   Format
  0  PRIMARY       1 PrimaryHDU      27   ()      
  1  WEIGHTS       1 BinTableHDU     31   8738R x 1C   [477D]   
  2  GRID          1 BinTableHDU     35   477R x 3C   [D, D, D]   
None
Loaded 636 out of 636 rows of data from BaSTI+Chabrier.dat
Warning: Exact light_norm_to_r conversion is unavailable because the original SSP template library could not be resolved. Falling back to 'light_v_to_r'.
Template-library resolution detail: No valid SSP template mean-flux measurements were found in /arc/home/RongjunHuang/ICRAR/v7.6.8_test/v3tk_v7.6.8_VELSCALE40_use/NGC4383/EMILES_baseFe_safe for the normalization window [4800.0, 9100.0] Angstrom.
Raw SFH weight-sum [min, p16, p50, p84, max] = [1.0000e+00, 1.0000e+00, 1.0000e+00, 1.0000e+00, 1.0000e+00]
Normalized SFH weight-sum check [min, max] = [1.000000, 1.000000]
/arc/home/RongjunHuang/ICRAR/v7.6.8_test/v3tk_v7.6.8_VELSCALE40_use/NGC4383/Mass.py:1025: RuntimeWarning: All-NaN slice encountered
  f"{np.nanmedian(light_norm_to_r):.4f}, "
Composite ML_R candidates [median] (light_r, light_norm_to_r, light_v_to_r, mass_harmonic) = [1.2233, nan, 1.2910, 0.4801]
Template-library LIGHT normalization for ML_R: /arc/home/RongjunHuang/ICRAR/v7.6.8_test/v3tk_v7.6.8_VELSCALE40_use/NGC4383/EMILES_baseFe_safe (LMIN=4800.0, LMAX=9100.0 Angstrom)
Selected SFH-weight interpretation for ML_R: light_v_to_r
BINID range check for ML_R mapping: max BINID=8737, n_weight_rows=8738
Loading: /arc/home/RongjunHuang/ICRAR/v7.6.8_test/v3tk_v7.6.8_VELSCALE40_use/NGC4383/NGC4383_DATACUBE_FINAL_WCS_Pall_mad_red_v3tk.fits
Using STAT variance extension for photometric error propagation.
Cube dimensions (nz, ny, nx): 3761, 705, 633
Approx. DATA footprint: 6.25 GiB
Approx. STAT footprint: 6.25 GiB
Building exact speclite linear operator for AB maggies...
  Linear-operator chunk 1/8 (wave bins 0:512, elapsed 0.0s)
  Linear-operator chunk 2/8 (wave bins 512:1024, elapsed 0.0s)
  Linear-operator chunk 3/8 (wave bins 1024:1536, elapsed 0.1s)
  Linear-operator chunk 4/8 (wave bins 1536:2048, elapsed 0.1s)
  Linear-operator chunk 5/8 (wave bins 2048:2560, elapsed 0.1s)
  Linear-operator chunk 6/8 (wave bins 2560:3072, elapsed 0.1s)
  Linear-operator chunk 7/8 (wave bins 3072:3584, elapsed 0.1s)
  Linear-operator chunk 8/8 (wave bins 3584:3761, elapsed 0.1s)
Using contiguous filter-support slice: [641:3441] (2800 bins).
Photometric propagation method: exact discrete first-order Jacobian through speclite AB-maggies operator (support bins=2800/3761).
STAT assumption: independent spectral-bin variances (no covariance provided by cube).
Computing AB maggies with vectorized blocks... (estimated support-slice stream volume: 9.31 GiB, DATA+STAT)
Processed rows 0:16/705 (  2.3%, block 1/45, block 140.80s, elapsed 2.35 min, ETA 103.25 min)
Processed rows 16:32/705 (  4.5%, block 2/45, block 0.53s, elapsed 2.36 min, ETA 50.64 min)
Processed rows 32:48/705 (  6.8%, block 3/45, block 0.52s, elapsed 2.36 min, ETA 33.10 min)
Processed rows 48:64/705 (  9.1%, block 4/45, block 0.54s, elapsed 2.37 min, ETA 24.32 min)
Processed rows 64:80/705 ( 11.3%, block 5/45, block 0.52s, elapsed 2.38 min, ETA 19.05 min)
Processed rows 80:96/705 ( 13.6%, block 6/45, block 0.51s, elapsed 2.39 min, ETA 15.54 min)
Processed rows 96:112/705 ( 15.9%, block 7/45, block 0.54s, elapsed 2.40 min, ETA 13.02 min)
Processed rows 112:128/705 ( 18.2%, block 8/45, block 0.72s, elapsed 2.41 min, ETA 11.15 min)
Processed rows 128:144/705 ( 20.4%, block 9/45, block 0.51s, elapsed 2.42 min, ETA 9.68 min)
Processed rows 144:160/705 ( 22.7%, block 10/45, block 0.52s, elapsed 2.43 min, ETA 8.50 min)
Processed rows 160:176/705 ( 25.0%, block 11/45, block 0.51s, elapsed 2.44 min, ETA 7.53 min)
Processed rows 176:192/705 ( 27.2%, block 12/45, block 0.52s, elapsed 2.45 min, ETA 6.73 min)
Processed rows 192:208/705 ( 29.5%, block 13/45, block 0.55s, elapsed 2.45 min, ETA 6.04 min)
Processed rows 208:224/705 ( 31.8%, block 14/45, block 0.54s, elapsed 2.46 min, ETA 5.46 min)
Processed rows 224:240/705 ( 34.0%, block 15/45, block 0.55s, elapsed 2.47 min, ETA 4.95 min)
Processed rows 240:256/705 ( 36.3%, block 16/45, block 0.56s, elapsed 2.48 min, ETA 4.50 min)
Processed rows 256:272/705 ( 38.6%, block 17/45, block 0.53s, elapsed 2.49 min, ETA 4.10 min)
Processed rows 272:288/705 ( 40.9%, block 18/45, block 0.53s, elapsed 2.50 min, ETA 3.75 min)
Processed rows 288:304/705 ( 43.1%, block 19/45, block 0.53s, elapsed 2.51 min, ETA 3.43 min)
Processed rows 304:320/705 ( 45.4%, block 20/45, block 0.52s, elapsed 2.52 min, ETA 3.15 min)
Processed rows 320:336/705 ( 47.7%, block 21/45, block 0.55s, elapsed 2.53 min, ETA 2.89 min)
Processed rows 336:352/705 ( 49.9%, block 22/45, block 0.54s, elapsed 2.54 min, ETA 2.65 min)
Processed rows 352:368/705 ( 52.2%, block 23/45, block 0.54s, elapsed 2.54 min, ETA 2.43 min)
Processed rows 368:384/705 ( 54.5%, block 24/45, block 0.54s, elapsed 2.55 min, ETA 2.23 min)
Processed rows 384:400/705 ( 56.7%, block 25/45, block 0.55s, elapsed 2.56 min, ETA 2.05 min)
Processed rows 400:416/705 ( 59.0%, block 26/45, block 0.54s, elapsed 2.57 min, ETA 1.88 min)
Processed rows 416:432/705 ( 61.3%, block 27/45, block 0.53s, elapsed 2.58 min, ETA 1.72 min)
Processed rows 432:448/705 ( 63.5%, block 28/45, block 0.52s, elapsed 2.59 min, ETA 1.57 min)
Processed rows 448:464/705 ( 65.8%, block 29/45, block 0.53s, elapsed 2.60 min, ETA 1.43 min)
Processed rows 464:480/705 ( 68.1%, block 30/45, block 0.55s, elapsed 2.61 min, ETA 1.30 min)
Processed rows 480:496/705 ( 70.4%, block 31/45, block 0.54s, elapsed 2.62 min, ETA 1.18 min)
Processed rows 496:512/705 ( 72.6%, block 32/45, block 0.57s, elapsed 2.63 min, ETA 1.07 min)
Processed rows 512:528/705 ( 74.9%, block 33/45, block 0.55s, elapsed 2.63 min, ETA 0.96 min)
Processed rows 528:544/705 ( 77.2%, block 34/45, block 0.54s, elapsed 2.64 min, ETA 0.86 min)
Processed rows 544:560/705 ( 79.4%, block 35/45, block 0.51s, elapsed 2.65 min, ETA 0.76 min)
Processed rows 560:576/705 ( 81.7%, block 36/45, block 0.48s, elapsed 2.66 min, ETA 0.67 min)
Processed rows 576:592/705 ( 84.0%, block 37/45, block 0.49s, elapsed 2.67 min, ETA 0.58 min)
Processed rows 592:608/705 ( 86.2%, block 38/45, block 0.50s, elapsed 2.68 min, ETA 0.49 min)
Processed rows 608:624/705 ( 88.5%, block 39/45, block 0.50s, elapsed 2.69 min, ETA 0.41 min)
Processed rows 624:640/705 ( 90.8%, block 40/45, block 0.51s, elapsed 2.69 min, ETA 0.34 min)
Processed rows 640:656/705 ( 93.0%, block 41/45, block 0.51s, elapsed 2.70 min, ETA 0.26 min)
Processed rows 656:672/705 ( 95.3%, block 42/45, block 0.52s, elapsed 2.71 min, ETA 0.19 min)
Processed rows 672:688/705 ( 97.6%, block 43/45, block 0.52s, elapsed 2.72 min, ETA 0.13 min)
Processed rows 688:704/705 ( 99.9%, block 44/45, block 0.52s, elapsed 2.73 min, ETA 0.06 min)
Processed rows 704:705/705 (100.0%, block 45/45, block 0.04s, elapsed 2.73 min, ETA 0.00 min)
AB maggies vectorized pass completed in 2.73 min
Estimated effective streaming throughput: 58.2 MiB/s over support-slice read volume
Filter-support fraction [p16, p50, p84] = [0.000000, 1.000000, 1.000000]
Strict all-finite support pixels vs accepted relaxed-support pixels = 228,433 vs 228,982 (threshold=0.9900)
/arc/home/RongjunHuang/ICRAR/v7.6.8_test/v3tk_v7.6.8_VELSCALE40_use/NGC4383/Mass.py:1272: RuntimeWarning: invalid value encountered in log10
  m_r_map = np.where(maggies_map > 0, -2.5 * np.log10(maggies_map), np.nan).astype(np.float32)
Finite binned flux-error bins: 8738/8738 (STAT=8738, sample=8738)
Finite binned magnitude-error bins: 8738/8738
Median binned relative flux error : 5.5540e-04
Binned magnitude error min/max   : 1.9680e-04 .. 8.5785e-04 mag
Binned magnitude error [p16, p50, p84] = [5.1569e-04, 6.0302e-04, 6.5806e-04] mag
Warning: No EBV error extension found; EBV uncertainty term will be omitted.
R-band magnitude calculation completed!
Filter used: bessell-R
Magnitude range: 18.61 to 27.84
Distance modulus: 31.09 mag
Total R-band magnitude (uncorrected) : 11.842 mag (AB)
Total R-band magnitude (corrected)   : 11.445 mag (AB)
Total R-band luminosity              : 9.701 log10(L☉)
Total stellar mass (R)               : 9.798 log10(M☉)
Integrated stellar M/L_R             : 1.2494 M☉/L☉
Median LOGMSTAR_ERR      : 2.4291e-04 dex
LOGMSTAR_ERR [p16, p50, p84] = [2.2541e-04, 2.4291e-04, 2.6328e-04] dex
LOGMSTAR_ERR min/max     : 7.8718e-05 .. 3.4314e-04 dex
Error budget note (LOGMSTAR): includes photometric+extinction propagation; excludes M/L model, distance, and inclination/area systematic uncertainties.
Saved extended file to /arc/home/RongjunHuang/ICRAR/v7.6.8_test/v3tk_v7.6.8_VELSCALE40_use/NGC4383/NGC4383_spatial_binning_maps_extended.fits
M/L_R layer saved ➜ /arc/home/RongjunHuang/ICRAR/v7.6.8_test/v3tk_v7.6.8_VELSCALE40_use/NGC4383/NGC4383_spatial_binning_maps_extended.fits
Stellar-mass layer saved ➜ /arc/home/RongjunHuang/ICRAR/v7.6.8_test/v3tk_v7.6.8_VELSCALE40_use/NGC4383/NGC4383_spatial_binning_maps_extended.fits
Galaxy NGC4383 inclination: 56.0° (cos θ = 0.559)
Inclination correction ENABLED: applying b/a = 0.583 (adopting intrinsic thickness q₀ = 0.2 for disc galaxy)
Median LOGMASS_SURFACE_DENSITY_ERR: 2.4291e-04 dex
LOGMASS_SURFACE_DENSITY_ERR [p16, p50, p84] = [2.2541e-04, 2.4291e-04, 2.6328e-04] dex
LOGMASS_SURFACE_DENSITY_ERR min/max: 7.8718e-05 .. 3.4314e-04 dex
Consistency check |LOGMSTAR_ERR - LOGMASS_SURFACE_DENSITY_ERR| median=2.7105e-20 dex, max=1.0842e-19 dex
Stellar mass surface density layer saved ➜ /arc/home/RongjunHuang/ICRAR/v7.6.8_test/v3tk_v7.6.8_VELSCALE40_use/NGC4383/NGC4383_spatial_binning_maps_extended.fits
r-band magnitude layer saved ➜ /arc/home/RongjunHuang/ICRAR/v7.6.8_test/v3tk_v7.6.8_VELSCALE40_use/NGC4383/NGC4383_spatial_binning_maps_extended.fits
r-band uncorrected magnitude layer saved ➜ /arc/home/RongjunHuang/ICRAR/v7.6.8_test/v3tk_v7.6.8_VELSCALE40_use/NGC4383/NGC4383_spatial_binning_maps_extended.fits
✅  NGC4383 finished in 3m38s
