Python executable: /arc/home/RongjunHuang/.conda/envs/ICRAR/bin/python
Python 3.13.3
PYTHONUNBUFFERED: 1
Product root     : /arc/projects/mauve/products
Product subdir   : v3tk_v7.6.8
Cube root        : /arc/projects/mauve/cubes/v3tk
PHANGS cube root : <none>
PHANGS VOS dir   : vos:phangs/RELEASES/PHANGS-MUSE/DR1.0/DATACUBES
PHANGS stage root: /scratch
Local fallback   : /arc/home/RongjunHuang/ICRAR/further
MASS_DISABLE_STAT: 0
MASS_NCPUS       : 16
MASS_ROW_BLOCK_SIZE: default


=== Using the following files ===
Product root : /arc/projects/mauve/products
Product subdir: v3tk_v7.6.8
Cube root    : /arc/projects/mauve/cubes/v3tk
Fallback root: /arc/home/RongjunHuang/ICRAR/further
Input keyword: <none>
Cube         : /arc/projects/mauve/cubes/v3tk/NGC4380_DATACUBE_FINAL_WCS_Pall_mad_red_v3tk.fits.gz
Binning map  : /arc/projects/mauve/products/v3tk_v7.6.8/NGC4380/NGC4380_spatial_binning_maps.fits
SFH map      : /arc/projects/mauve/products/v3tk_v7.6.8/NGC4380/NGC4380_sfh_maps.fits
Weights      : /arc/projects/mauve/products/v3tk_v7.6.8/NGC4380/NGC4380_sfh_weights.fits
Photometry   : /arc/home/RongjunHuang/ICRAR/further/BaSTI+Chabrier.dat
Output       : /arc/projects/mauve/products/v3tk_v7.6.8/NGC4380/NGC4380_spatial_binning_maps_further.fits 

Thread control: forcing 16 BLAS/OpenMP threads
Vectorized processing row-block size: 16
Loading: /arc/projects/mauve/products/v3tk_v7.6.8/NGC4380/NGC4380_spatial_binning_maps.fits
Filename: /arc/projects/mauve/products/v3tk_v7.6.8/NGC4380/NGC4380_spatial_binning_maps.fits
No.    Name      Ver    Type      Cards   Dimensions   Format
  0  PRIMARY       1 PrimaryHDU       4   ()      
  1  BINID         1 ImageHDU        26   (967, 1044)   float64   
  2  FLUX          1 ImageHDU        26   (967, 1044)   float64   
  3  SNR           1 ImageHDU        26   (967, 1044)   float64   
  4  SNRBIN        1 ImageHDU        26   (967, 1044)   float64   
  5  XBIN          1 ImageHDU        26   (967, 1044)   float64   
  6  YBIN          1 ImageHDU        26   (967, 1044)   float64   
None
Loading: /arc/projects/mauve/products/v3tk_v7.6.8/NGC4380/NGC4380_sfh_weights.fits
Filename: /arc/projects/mauve/products/v3tk_v7.6.8/NGC4380/NGC4380_sfh_weights.fits
No.    Name      Ver    Type      Cards   Dimensions   Format
  0  PRIMARY       1 PrimaryHDU      27   ()      
  1  WEIGHTS       1 BinTableHDU     31   8706R x 1C   [477D]   
  2  GRID          1 BinTableHDU     35   477R x 3C   [D, D, D]   
None
Loaded 636 out of 636 rows of data from BaSTI+Chabrier.dat
Raw SFH weight-sum [min, p16, p50, p84, max] = [1.0000e+00, 1.0000e+00, 1.0000e+00, 1.0000e+00, 1.0000e+00]
Normalized SFH weight-sum check [min, max] = [1.000000, 1.000000]
Composite ML_R candidates [median] (light_r, light_norm_to_r, light_v_to_r, mass_harmonic) = [2.1086, 2.1176, 2.2188, 0.7660]
Template-library LIGHT normalization for ML_R: /arc/home/RongjunHuang/ICRAR/further/EMILES_baseFe_safe (LMIN=4800.0, LMAX=8900.0 Angstrom)
Selected SFH-weight interpretation for ML_R: light_norm_to_r
BINID range check for ML_R mapping: max BINID=8705, n_weight_rows=8706
Loading: /arc/projects/mauve/cubes/v3tk/NGC4380_DATACUBE_FINAL_WCS_Pall_mad_red_v3tk.fits.gz
Using STAT variance extension for photometric error propagation.
Cube dimensions (nz, ny, nx): 3761, 1044, 967
Approx. DATA footprint: 14.14 GiB
Approx. STAT footprint: 14.14 GiB
Building exact speclite linear operator for AB maggies...
  Linear-operator chunk 1/8 (wave bins 0:512, elapsed 0.0s)
  Linear-operator chunk 2/8 (wave bins 512:1024, elapsed 0.0s)
  Linear-operator chunk 3/8 (wave bins 1024:1536, elapsed 0.0s)
  Linear-operator chunk 4/8 (wave bins 1536:2048, elapsed 0.0s)
  Linear-operator chunk 5/8 (wave bins 2048:2560, elapsed 0.1s)
  Linear-operator chunk 6/8 (wave bins 2560:3072, elapsed 0.1s)
  Linear-operator chunk 7/8 (wave bins 3072:3584, elapsed 0.1s)
  Linear-operator chunk 8/8 (wave bins 3584:3761, elapsed 0.1s)
Using contiguous filter-support slice: [641:3441] (2800 bins).
Photometric propagation method: exact discrete first-order Jacobian through speclite AB-maggies operator (support bins=2800/3761).
STAT assumption: independent spectral-bin variances (no covariance provided by cube).
Computing AB maggies with vectorized blocks... (estimated support-slice stream volume: 21.06 GiB, DATA+STAT)
Processed rows 0:16/1044 (  1.5%, block 1/66, block 0.54s, elapsed 0.01 min, ETA 0.58 min)
Processed rows 16:32/1044 (  3.1%, block 2/66, block 0.55s, elapsed 0.02 min, ETA 0.58 min)
Processed rows 32:48/1044 (  4.6%, block 3/66, block 0.56s, elapsed 0.03 min, ETA 0.58 min)
Processed rows 48:64/1044 (  6.1%, block 4/66, block 0.56s, elapsed 0.04 min, ETA 0.57 min)
Processed rows 64:80/1044 (  7.7%, block 5/66, block 0.55s, elapsed 0.05 min, ETA 0.56 min)
Processed rows 80:96/1044 (  9.2%, block 6/66, block 0.57s, elapsed 0.06 min, ETA 0.55 min)
Processed rows 96:112/1044 ( 10.7%, block 7/66, block 0.57s, elapsed 0.06 min, ETA 0.55 min)
Processed rows 112:128/1044 ( 12.3%, block 8/66, block 0.56s, elapsed 0.07 min, ETA 0.54 min)
Processed rows 128:144/1044 ( 13.8%, block 9/66, block 0.59s, elapsed 0.08 min, ETA 0.53 min)
Processed rows 144:160/1044 ( 15.3%, block 10/66, block 0.56s, elapsed 0.09 min, ETA 0.52 min)
Processed rows 160:176/1044 ( 16.9%, block 11/66, block 0.56s, elapsed 0.10 min, ETA 0.51 min)
Processed rows 176:192/1044 ( 18.4%, block 12/66, block 0.56s, elapsed 0.11 min, ETA 0.50 min)
Processed rows 192:208/1044 ( 19.9%, block 13/66, block 0.55s, elapsed 0.12 min, ETA 0.49 min)
Processed rows 208:224/1044 ( 21.5%, block 14/66, block 0.55s, elapsed 0.13 min, ETA 0.48 min)
Processed rows 224:240/1044 ( 23.0%, block 15/66, block 0.56s, elapsed 0.14 min, ETA 0.47 min)
Processed rows 240:256/1044 ( 24.5%, block 16/66, block 0.55s, elapsed 0.15 min, ETA 0.47 min)
Processed rows 256:272/1044 ( 26.1%, block 17/66, block 0.55s, elapsed 0.16 min, ETA 0.46 min)
Processed rows 272:288/1044 ( 27.6%, block 18/66, block 0.56s, elapsed 0.17 min, ETA 0.45 min)
Processed rows 288:304/1044 ( 29.1%, block 19/66, block 0.56s, elapsed 0.18 min, ETA 0.44 min)
Processed rows 304:320/1044 ( 30.7%, block 20/66, block 0.57s, elapsed 0.19 min, ETA 0.43 min)
Processed rows 320:336/1044 ( 32.2%, block 21/66, block 0.57s, elapsed 0.20 min, ETA 0.42 min)
Processed rows 336:352/1044 ( 33.7%, block 22/66, block 0.57s, elapsed 0.21 min, ETA 0.41 min)
Processed rows 352:368/1044 ( 35.2%, block 23/66, block 0.56s, elapsed 0.21 min, ETA 0.40 min)
Processed rows 368:384/1044 ( 36.8%, block 24/66, block 0.56s, elapsed 0.22 min, ETA 0.39 min)
Processed rows 384:400/1044 ( 38.3%, block 25/66, block 0.57s, elapsed 0.23 min, ETA 0.38 min)
Processed rows 400:416/1044 ( 39.8%, block 26/66, block 0.53s, elapsed 0.24 min, ETA 0.37 min)
Processed rows 416:432/1044 ( 41.4%, block 27/66, block 0.55s, elapsed 0.25 min, ETA 0.36 min)
Processed rows 432:448/1044 ( 42.9%, block 28/66, block 0.56s, elapsed 0.26 min, ETA 0.35 min)
Processed rows 448:464/1044 ( 44.4%, block 29/66, block 0.57s, elapsed 0.27 min, ETA 0.34 min)
Processed rows 464:480/1044 ( 46.0%, block 30/66, block 0.56s, elapsed 0.28 min, ETA 0.34 min)
Processed rows 480:496/1044 ( 47.5%, block 31/66, block 0.57s, elapsed 0.29 min, ETA 0.33 min)
Processed rows 496:512/1044 ( 49.0%, block 32/66, block 0.56s, elapsed 0.30 min, ETA 0.32 min)
Processed rows 512:528/1044 ( 50.6%, block 33/66, block 0.57s, elapsed 0.31 min, ETA 0.31 min)
Processed rows 528:544/1044 ( 52.1%, block 34/66, block 0.56s, elapsed 0.32 min, ETA 0.30 min)
Processed rows 544:560/1044 ( 53.6%, block 35/66, block 0.55s, elapsed 0.33 min, ETA 0.29 min)
Processed rows 560:576/1044 ( 55.2%, block 36/66, block 0.56s, elapsed 0.34 min, ETA 0.28 min)
Processed rows 576:592/1044 ( 56.7%, block 37/66, block 0.57s, elapsed 0.35 min, ETA 0.27 min)
Processed rows 592:608/1044 ( 58.2%, block 38/66, block 0.58s, elapsed 0.36 min, ETA 0.26 min)
Processed rows 608:624/1044 ( 59.8%, block 39/66, block 0.57s, elapsed 0.36 min, ETA 0.25 min)
Processed rows 624:640/1044 ( 61.3%, block 40/66, block 0.56s, elapsed 0.37 min, ETA 0.24 min)
Processed rows 640:656/1044 ( 62.8%, block 41/66, block 0.57s, elapsed 0.38 min, ETA 0.23 min)
Processed rows 656:672/1044 ( 64.4%, block 42/66, block 0.57s, elapsed 0.39 min, ETA 0.22 min)
Processed rows 672:688/1044 ( 65.9%, block 43/66, block 0.57s, elapsed 0.40 min, ETA 0.22 min)
Processed rows 688:704/1044 ( 67.4%, block 44/66, block 0.57s, elapsed 0.41 min, ETA 0.21 min)
Processed rows 704:720/1044 ( 69.0%, block 45/66, block 0.57s, elapsed 0.42 min, ETA 0.20 min)
Processed rows 720:736/1044 ( 70.5%, block 46/66, block 0.58s, elapsed 0.43 min, ETA 0.19 min)
Processed rows 736:752/1044 ( 72.0%, block 47/66, block 0.56s, elapsed 0.44 min, ETA 0.18 min)
Processed rows 752:768/1044 ( 73.6%, block 48/66, block 0.57s, elapsed 0.45 min, ETA 0.17 min)
Processed rows 768:784/1044 ( 75.1%, block 49/66, block 0.56s, elapsed 0.46 min, ETA 0.16 min)
Processed rows 784:800/1044 ( 76.6%, block 50/66, block 0.57s, elapsed 0.47 min, ETA 0.15 min)
Processed rows 800:816/1044 ( 78.2%, block 51/66, block 0.57s, elapsed 0.48 min, ETA 0.14 min)
Processed rows 816:832/1044 ( 79.7%, block 52/66, block 0.56s, elapsed 0.49 min, ETA 0.13 min)
Processed rows 832:848/1044 ( 81.2%, block 53/66, block 0.58s, elapsed 0.50 min, ETA 0.12 min)
Processed rows 848:864/1044 ( 82.8%, block 54/66, block 0.57s, elapsed 0.51 min, ETA 0.11 min)
Processed rows 864:880/1044 ( 84.3%, block 55/66, block 0.57s, elapsed 0.52 min, ETA 0.10 min)
Processed rows 880:896/1044 ( 85.8%, block 56/66, block 0.58s, elapsed 0.53 min, ETA 0.09 min)
Processed rows 896:912/1044 ( 87.4%, block 57/66, block 0.57s, elapsed 0.54 min, ETA 0.08 min)
Processed rows 912:928/1044 ( 88.9%, block 58/66, block 0.58s, elapsed 0.55 min, ETA 0.08 min)
Processed rows 928:944/1044 ( 90.4%, block 59/66, block 0.58s, elapsed 0.55 min, ETA 0.07 min)
Processed rows 944:960/1044 ( 92.0%, block 60/66, block 0.58s, elapsed 0.56 min, ETA 0.06 min)
Processed rows 960:976/1044 ( 93.5%, block 61/66, block 0.58s, elapsed 0.57 min, ETA 0.05 min)
Processed rows 976:992/1044 ( 95.0%, block 62/66, block 0.58s, elapsed 0.58 min, ETA 0.04 min)
Processed rows 992:1008/1044 ( 96.6%, block 63/66, block 0.57s, elapsed 0.59 min, ETA 0.03 min)
Processed rows 1008:1024/1044 ( 98.1%, block 64/66, block 0.58s, elapsed 0.60 min, ETA 0.02 min)
Processed rows 1024:1040/1044 ( 99.6%, block 65/66, block 0.58s, elapsed 0.61 min, ETA 0.01 min)
Processed rows 1040:1044/1044 (100.0%, block 66/66, block 0.14s, elapsed 0.61 min, ETA 0.00 min)
AB maggies vectorized pass completed in 0.61 min
Estimated effective streaming throughput: 584.6 MiB/s over support-slice read volume
Filter-support fraction [p16, p50, p84] = [0.000000, 0.801474, 1.000000]
Strict all-finite support pixels vs accepted relaxed-support pixels = 503,278 vs 504,416 (threshold=0.9000)
/arc/home/RongjunHuang/ICRAR/further/Mass.py:1396: RuntimeWarning: invalid value encountered in log10
  m_r_map = np.where(maggies_map > 0, -2.5 * np.log10(maggies_map), np.nan).astype(np.float32)
Finite binned flux-error bins: 8706/8706 (STAT=8706, sample=8706)
Finite binned magnitude-error bins: 8706/8706
Median binned relative flux error : 6.0888e-04
Binned magnitude error min/max   : 2.8118e-04 .. 9.1002e-04 mag
Binned magnitude error [p16, p50, p84] = [6.1256e-04, 6.6108e-04, 7.0937e-04] mag
Warning: No EBV error extension found; EBV uncertainty term will be omitted.
R-band magnitude calculation completed!
Filter used: bessell-R
Magnitude range: 20.06 to 28.01
Distance modulus: 31.09 mag
Total R-band magnitude (uncorrected) : 11.234 mag (AB)
Total R-band magnitude (corrected)   : 10.969 mag (AB)
Total R-band luminosity              : 9.891 log10(L☉)
Total stellar mass (R)               : 10.206 log10(M☉)
Integrated stellar M/L_R             : 2.0652 M☉/L☉
Median LOGMSTAR_ERR      : 2.6934e-04 dex
LOGMSTAR_ERR [p16, p50, p84] = [2.5005e-04, 2.6934e-04, 2.8881e-04] dex
LOGMSTAR_ERR min/max     : 1.1247e-04 .. 3.6401e-04 dex
Error budget note (LOGMSTAR): includes photometric+extinction propagation; excludes M/L model, distance, and inclination/area systematic uncertainties.
Saved further file to /arc/projects/mauve/products/v3tk_v7.6.8/NGC4380/NGC4380_spatial_binning_maps_further.fits
M/L_R layer saved ➜ /arc/projects/mauve/products/v3tk_v7.6.8/NGC4380/NGC4380_spatial_binning_maps_further.fits
Stellar-mass layer saved ➜ /arc/projects/mauve/products/v3tk_v7.6.8/NGC4380/NGC4380_spatial_binning_maps_further.fits
Galaxy NGC4380 inclination: 61.0° (cos θ = 0.485)
Inclination correction ENABLED: applying b/a = 0.515 (adopting intrinsic thickness q₀ = 0.2 for disc galaxy)
Median LOGMASS_SURFACE_DENSITY_ERR: 2.6934e-04 dex
LOGMASS_SURFACE_DENSITY_ERR [p16, p50, p84] = [2.5005e-04, 2.6934e-04, 2.8881e-04] dex
LOGMASS_SURFACE_DENSITY_ERR min/max: 1.1247e-04 .. 3.6401e-04 dex
Consistency check |LOGMSTAR_ERR - LOGMASS_SURFACE_DENSITY_ERR| median=0.0000e+00 dex, max=1.0842e-19 dex
Stellar mass surface density layer saved ➜ /arc/projects/mauve/products/v3tk_v7.6.8/NGC4380/NGC4380_spatial_binning_maps_further.fits
r-band magnitude layer saved ➜ /arc/projects/mauve/products/v3tk_v7.6.8/NGC4380/NGC4380_spatial_binning_maps_further.fits
r-band uncorrected magnitude layer saved ➜ /arc/projects/mauve/products/v3tk_v7.6.8/NGC4380/NGC4380_spatial_binning_maps_further.fits
✅  NGC4380 finished in 5m21s
