Python executable: /arc/home/RongjunHuang/.conda/envs/ICRAR/bin/python
Python 3.13.3
PYTHONUNBUFFERED: 1
Product root     : /arc/projects/mauve/products
Product subdir   : v3tk_v7.6.8
Cube root        : /arc/projects/mauve/cubes/v3tk
PHANGS cube root : <none>
PHANGS VOS dir   : vos:phangs/RELEASES/PHANGS-MUSE/DR1.0/DATACUBES
PHANGS stage root: /scratch
Local fallback   : /arc/home/RongjunHuang/ICRAR/further
MASS_DISABLE_STAT: 0
MASS_NCPUS       : 16
MASS_ROW_BLOCK_SIZE: default


=== Using the following files ===
Product root : /arc/projects/mauve/products
Product subdir: v3tk_v7.6.8
Cube root    : /arc/projects/mauve/cubes/v3tk
Fallback root: /arc/home/RongjunHuang/ICRAR/further
Input keyword: <none>
Cube         : /arc/projects/mauve/cubes/v3tk/NGC4222_DATACUBE_FINAL_WCS_Pall_mad_red_v3tk.fits.gz
Binning map  : /arc/projects/mauve/products/v3tk_v7.6.8/NGC4222/NGC4222_spatial_binning_maps.fits
SFH map      : /arc/projects/mauve/products/v3tk_v7.6.8/NGC4222/NGC4222_sfh_maps.fits
Weights      : /arc/projects/mauve/products/v3tk_v7.6.8/NGC4222/NGC4222_sfh_weights.fits
Photometry   : /arc/home/RongjunHuang/ICRAR/further/BaSTI+Chabrier.dat
Output       : /arc/projects/mauve/products/v3tk_v7.6.8/NGC4222/NGC4222_spatial_binning_maps_further.fits 

Thread control: forcing 16 BLAS/OpenMP threads
Vectorized processing row-block size: 16
Loading: /arc/projects/mauve/products/v3tk_v7.6.8/NGC4222/NGC4222_spatial_binning_maps.fits
Filename: /arc/projects/mauve/products/v3tk_v7.6.8/NGC4222/NGC4222_spatial_binning_maps.fits
No.    Name      Ver    Type      Cards   Dimensions   Format
  0  PRIMARY       1 PrimaryHDU       4   ()      
  1  BINID         1 ImageHDU        26   (890, 748)   float64   
  2  FLUX          1 ImageHDU        26   (890, 748)   float64   
  3  SNR           1 ImageHDU        26   (890, 748)   float64   
  4  SNRBIN        1 ImageHDU        26   (890, 748)   float64   
  5  XBIN          1 ImageHDU        26   (890, 748)   float64   
  6  YBIN          1 ImageHDU        26   (890, 748)   float64   
None
Loading: /arc/projects/mauve/products/v3tk_v7.6.8/NGC4222/NGC4222_sfh_weights.fits
Filename: /arc/projects/mauve/products/v3tk_v7.6.8/NGC4222/NGC4222_sfh_weights.fits
No.    Name      Ver    Type      Cards   Dimensions   Format
  0  PRIMARY       1 PrimaryHDU      27   ()      
  1  WEIGHTS       1 BinTableHDU     31   1620R x 1C   [477D]   
  2  GRID          1 BinTableHDU     35   477R x 3C   [D, D, D]   
None
Loaded 636 out of 636 rows of data from BaSTI+Chabrier.dat
Raw SFH weight-sum [min, p16, p50, p84, max] = [1.0000e+00, 1.0000e+00, 1.0000e+00, 1.0000e+00, 1.0000e+00]
Normalized SFH weight-sum check [min, max] = [1.000000, 1.000000]
Composite ML_R candidates [median] (light_r, light_norm_to_r, light_v_to_r, mass_harmonic) = [1.3080, 1.3140, 1.3979, 0.2759]
Template-library LIGHT normalization for ML_R: /arc/home/RongjunHuang/ICRAR/further/EMILES_baseFe_safe (LMIN=4800.0, LMAX=8900.0 Angstrom)
Selected SFH-weight interpretation for ML_R: light_norm_to_r
BINID range check for ML_R mapping: max BINID=1619, n_weight_rows=1620
Loading: /arc/projects/mauve/cubes/v3tk/NGC4222_DATACUBE_FINAL_WCS_Pall_mad_red_v3tk.fits.gz
Using STAT variance extension for photometric error propagation.
Cube dimensions (nz, ny, nx): 3761, 748, 890
Approx. DATA footprint: 9.33 GiB
Approx. STAT footprint: 9.33 GiB
Building exact speclite linear operator for AB maggies...
  Linear-operator chunk 1/8 (wave bins 0:512, elapsed 0.0s)
  Linear-operator chunk 2/8 (wave bins 512:1024, elapsed 0.1s)
  Linear-operator chunk 3/8 (wave bins 1024:1536, elapsed 0.1s)
  Linear-operator chunk 4/8 (wave bins 1536:2048, elapsed 0.1s)
  Linear-operator chunk 5/8 (wave bins 2048:2560, elapsed 0.1s)
  Linear-operator chunk 6/8 (wave bins 2560:3072, elapsed 0.2s)
  Linear-operator chunk 7/8 (wave bins 3072:3584, elapsed 0.2s)
  Linear-operator chunk 8/8 (wave bins 3584:3761, elapsed 0.2s)
Using contiguous filter-support slice: [641:3441] (2800 bins).
Photometric propagation method: exact discrete first-order Jacobian through speclite AB-maggies operator (support bins=2800/3761).
STAT assumption: independent spectral-bin variances (no covariance provided by cube).
Computing AB maggies with vectorized blocks... (estimated support-slice stream volume: 13.89 GiB, DATA+STAT)
Processed rows 0:16/748 (  2.1%, block 1/47, block 0.55s, elapsed 0.01 min, ETA 0.43 min)
Processed rows 16:32/748 (  4.3%, block 2/47, block 0.55s, elapsed 0.02 min, ETA 0.42 min)
Processed rows 32:48/748 (  6.4%, block 3/47, block 0.56s, elapsed 0.03 min, ETA 0.41 min)
Processed rows 48:64/748 (  8.6%, block 4/47, block 0.56s, elapsed 0.04 min, ETA 0.40 min)
Processed rows 64:80/748 ( 10.7%, block 5/47, block 0.56s, elapsed 0.05 min, ETA 0.39 min)
Processed rows 80:96/748 ( 12.8%, block 6/47, block 0.56s, elapsed 0.06 min, ETA 0.38 min)
Processed rows 96:112/748 ( 15.0%, block 7/47, block 0.56s, elapsed 0.07 min, ETA 0.37 min)
Processed rows 112:128/748 ( 17.1%, block 8/47, block 0.56s, elapsed 0.07 min, ETA 0.36 min)
Processed rows 128:144/748 ( 19.3%, block 9/47, block 0.57s, elapsed 0.08 min, ETA 0.35 min)
Processed rows 144:160/748 ( 21.4%, block 10/47, block 0.57s, elapsed 0.09 min, ETA 0.35 min)
Processed rows 160:176/748 ( 23.5%, block 11/47, block 0.56s, elapsed 0.10 min, ETA 0.34 min)
Processed rows 176:192/748 ( 25.7%, block 12/47, block 0.57s, elapsed 0.11 min, ETA 0.33 min)
Processed rows 192:208/748 ( 27.8%, block 13/47, block 0.57s, elapsed 0.12 min, ETA 0.32 min)
Processed rows 208:224/748 ( 29.9%, block 14/47, block 0.57s, elapsed 0.13 min, ETA 0.31 min)
Processed rows 224:240/748 ( 32.1%, block 15/47, block 0.57s, elapsed 0.14 min, ETA 0.30 min)
Processed rows 240:256/748 ( 34.2%, block 16/47, block 0.57s, elapsed 0.15 min, ETA 0.29 min)
Processed rows 256:272/748 ( 36.4%, block 17/47, block 0.57s, elapsed 0.16 min, ETA 0.28 min)
Processed rows 272:288/748 ( 38.5%, block 18/47, block 0.57s, elapsed 0.17 min, ETA 0.27 min)
Processed rows 288:304/748 ( 40.6%, block 19/47, block 0.57s, elapsed 0.18 min, ETA 0.26 min)
Processed rows 304:320/748 ( 42.8%, block 20/47, block 0.56s, elapsed 0.19 min, ETA 0.25 min)
Processed rows 320:336/748 ( 44.9%, block 21/47, block 0.56s, elapsed 0.20 min, ETA 0.24 min)
Processed rows 336:352/748 ( 47.1%, block 22/47, block 0.56s, elapsed 0.21 min, ETA 0.23 min)
Processed rows 352:368/748 ( 49.2%, block 23/47, block 0.56s, elapsed 0.22 min, ETA 0.23 min)
Processed rows 368:384/748 ( 51.3%, block 24/47, block 0.57s, elapsed 0.23 min, ETA 0.22 min)
Processed rows 384:400/748 ( 53.5%, block 25/47, block 0.57s, elapsed 0.23 min, ETA 0.21 min)
Processed rows 400:416/748 ( 55.6%, block 26/47, block 0.57s, elapsed 0.24 min, ETA 0.20 min)
Processed rows 416:432/748 ( 57.8%, block 27/47, block 0.58s, elapsed 0.25 min, ETA 0.19 min)
Processed rows 432:448/748 ( 59.9%, block 28/47, block 0.57s, elapsed 0.26 min, ETA 0.18 min)
Processed rows 448:464/748 ( 62.0%, block 29/47, block 0.57s, elapsed 0.27 min, ETA 0.17 min)
Processed rows 464:480/748 ( 64.2%, block 30/47, block 0.57s, elapsed 0.28 min, ETA 0.16 min)
Processed rows 480:496/748 ( 66.3%, block 31/47, block 0.57s, elapsed 0.29 min, ETA 0.15 min)
Processed rows 496:512/748 ( 68.4%, block 32/47, block 0.57s, elapsed 0.30 min, ETA 0.14 min)
Processed rows 512:528/748 ( 70.6%, block 33/47, block 0.57s, elapsed 0.31 min, ETA 0.13 min)
Processed rows 528:544/748 ( 72.7%, block 34/47, block 0.57s, elapsed 0.32 min, ETA 0.12 min)
Processed rows 544:560/748 ( 74.9%, block 35/47, block 0.57s, elapsed 0.33 min, ETA 0.11 min)
Processed rows 560:576/748 ( 77.0%, block 36/47, block 0.57s, elapsed 0.34 min, ETA 0.10 min)
Processed rows 576:592/748 ( 79.1%, block 37/47, block 0.57s, elapsed 0.35 min, ETA 0.09 min)
Processed rows 592:608/748 ( 81.3%, block 38/47, block 0.57s, elapsed 0.36 min, ETA 0.08 min)
Processed rows 608:624/748 ( 83.4%, block 39/47, block 0.57s, elapsed 0.37 min, ETA 0.08 min)
Processed rows 624:640/748 ( 85.6%, block 40/47, block 0.57s, elapsed 0.38 min, ETA 0.07 min)
Processed rows 640:656/748 ( 87.7%, block 41/47, block 0.57s, elapsed 0.39 min, ETA 0.06 min)
Processed rows 656:672/748 ( 89.8%, block 42/47, block 0.57s, elapsed 0.40 min, ETA 0.05 min)
Processed rows 672:688/748 ( 92.0%, block 43/47, block 0.56s, elapsed 0.41 min, ETA 0.04 min)
Processed rows 688:704/748 ( 94.1%, block 44/47, block 0.57s, elapsed 0.42 min, ETA 0.03 min)
Processed rows 704:720/748 ( 96.3%, block 45/47, block 0.57s, elapsed 0.42 min, ETA 0.02 min)
Processed rows 720:736/748 ( 98.4%, block 46/47, block 0.57s, elapsed 0.43 min, ETA 0.01 min)
Processed rows 736:748/748 (100.0%, block 47/47, block 0.42s, elapsed 0.44 min, ETA 0.00 min)
AB maggies vectorized pass completed in 0.44 min
Estimated effective streaming throughput: 537.2 MiB/s over support-slice read volume
Filter-support fraction [p16, p50, p84] = [0.000000, 0.000000, 1.000000]
Strict all-finite support pixels vs accepted relaxed-support pixels = 267,933 vs 269,113 (threshold=0.9000)
/arc/home/RongjunHuang/ICRAR/further/Mass.py:1396: RuntimeWarning: invalid value encountered in log10
  m_r_map = np.where(maggies_map > 0, -2.5 * np.log10(maggies_map), np.nan).astype(np.float32)
Finite binned flux-error bins: 1620/1620 (STAT=1620, sample=1620)
Finite binned magnitude-error bins: 1620/1620
Median binned relative flux error : 5.7643e-04
Binned magnitude error min/max   : 5.1696e-04 .. 8.1166e-04 mag
Binned magnitude error [p16, p50, p84] = [5.9201e-04, 6.2585e-04, 6.6130e-04] mag
Warning: No EBV error extension found; EBV uncertainty term will be omitted.
R-band magnitude calculation completed!
Filter used: bessell-R
Magnitude range: 22.04 to 27.98
Distance modulus: 31.09 mag
Total R-band magnitude (uncorrected) : 12.595 mag (AB)
Total R-band magnitude (corrected)   : 11.920 mag (AB)
Total R-band luminosity              : 9.511 log10(L☉)
Total stellar mass (R)               : 9.553 log10(M☉)
Integrated stellar M/L_R             : 1.1012 M☉/L☉
Median LOGMSTAR_ERR      : 2.6788e-04 dex
LOGMSTAR_ERR [p16, p50, p84] = [2.4638e-04, 2.6788e-04, 2.8389e-04] dex
LOGMSTAR_ERR min/max     : 2.0679e-04 .. 3.2466e-04 dex
Error budget note (LOGMSTAR): includes photometric+extinction propagation; excludes M/L model, distance, and inclination/area systematic uncertainties.
Saved further file to /arc/projects/mauve/products/v3tk_v7.6.8/NGC4222/NGC4222_spatial_binning_maps_further.fits
M/L_R layer saved ➜ /arc/projects/mauve/products/v3tk_v7.6.8/NGC4222/NGC4222_spatial_binning_maps_further.fits
Stellar-mass layer saved ➜ /arc/projects/mauve/products/v3tk_v7.6.8/NGC4222/NGC4222_spatial_binning_maps_further.fits
Galaxy NGC4222 inclination: 90.0° (cos θ = 0.000)
Inclination correction ENABLED: applying b/a = 0.200 (adopting intrinsic thickness q₀ = 0.2 for disc galaxy)
Median LOGMASS_SURFACE_DENSITY_ERR: 2.6788e-04 dex
LOGMASS_SURFACE_DENSITY_ERR [p16, p50, p84] = [2.4638e-04, 2.6788e-04, 2.8389e-04] dex
LOGMASS_SURFACE_DENSITY_ERR min/max: 2.0679e-04 .. 3.2466e-04 dex
Consistency check |LOGMSTAR_ERR - LOGMASS_SURFACE_DENSITY_ERR| median=0.0000e+00 dex, max=1.0842e-19 dex
Stellar mass surface density layer saved ➜ /arc/projects/mauve/products/v3tk_v7.6.8/NGC4222/NGC4222_spatial_binning_maps_further.fits
r-band magnitude layer saved ➜ /arc/projects/mauve/products/v3tk_v7.6.8/NGC4222/NGC4222_spatial_binning_maps_further.fits
r-band uncorrected magnitude layer saved ➜ /arc/projects/mauve/products/v3tk_v7.6.8/NGC4222/NGC4222_spatial_binning_maps_further.fits
✅  NGC4222 finished in 5m50s
