Python executable: /arc/home/RongjunHuang/.conda/envs/ICRAR/bin/python
Python 3.13.3
PYTHONUNBUFFERED: 1
Product root     : /arc/projects/mauve/products
Product subdir   : v3tk_v7.6.8
Cube root        : /arc/projects/mauve/cubes/v3tk
PHANGS cube root : <none>
PHANGS VOS dir   : vos:phangs/RELEASES/PHANGS-MUSE/DR1.0/DATACUBES
PHANGS stage root: /scratch
Local fallback   : /arc/home/RongjunHuang/ICRAR/further
MASS_DISABLE_STAT: 0
MASS_NCPUS       : 16
MASS_ROW_BLOCK_SIZE: default


=== Using the following files ===
Product root : /arc/projects/mauve/products
Product subdir: v3tk_v7.6.8
Cube root    : /arc/projects/mauve/cubes/v3tk
Fallback root: /arc/home/RongjunHuang/ICRAR/further
Input keyword: <none>
Cube         : /arc/projects/mauve/cubes/v3tk/NGC4607_DATACUBE_FINAL_WCS_Pall_mad_red_v3tk.fits.gz
Binning map  : /arc/projects/mauve/products/v3tk_v7.6.8/NGC4607/NGC4607_spatial_binning_maps.fits
SFH map      : /arc/projects/mauve/products/v3tk_v7.6.8/NGC4607/NGC4607_sfh_maps.fits
Weights      : /arc/projects/mauve/products/v3tk_v7.6.8/NGC4607/NGC4607_sfh_weights.fits
Photometry   : /arc/home/RongjunHuang/ICRAR/further/BaSTI+Chabrier.dat
Output       : /arc/projects/mauve/products/v3tk_v7.6.8/NGC4607/NGC4607_spatial_binning_maps_further.fits 

Thread control: forcing 16 BLAS/OpenMP threads
Vectorized processing row-block size: 16
Loading: /arc/projects/mauve/products/v3tk_v7.6.8/NGC4607/NGC4607_spatial_binning_maps.fits
Filename: /arc/projects/mauve/products/v3tk_v7.6.8/NGC4607/NGC4607_spatial_binning_maps.fits
No.    Name      Ver    Type      Cards   Dimensions   Format
  0  PRIMARY       1 PrimaryHDU       4   ()      
  1  BINID         1 ImageHDU        26   (315, 598)   float64   
  2  FLUX          1 ImageHDU        26   (315, 598)   float64   
  3  SNR           1 ImageHDU        26   (315, 598)   float64   
  4  SNRBIN        1 ImageHDU        26   (315, 598)   float64   
  5  XBIN          1 ImageHDU        26   (315, 598)   float64   
  6  YBIN          1 ImageHDU        26   (315, 598)   float64   
None
Loading: /arc/projects/mauve/products/v3tk_v7.6.8/NGC4607/NGC4607_sfh_weights.fits
Filename: /arc/projects/mauve/products/v3tk_v7.6.8/NGC4607/NGC4607_sfh_weights.fits
No.    Name      Ver    Type      Cards   Dimensions   Format
  0  PRIMARY       1 PrimaryHDU      27   ()      
  1  WEIGHTS       1 BinTableHDU     31   2122R x 1C   [477D]   
  2  GRID          1 BinTableHDU     35   477R x 3C   [D, D, D]   
None
Loaded 636 out of 636 rows of data from BaSTI+Chabrier.dat
Raw SFH weight-sum [min, p16, p50, p84, max] = [1.0000e+00, 1.0000e+00, 1.0000e+00, 1.0000e+00, 1.0000e+00]
Normalized SFH weight-sum check [min, max] = [1.000000, 1.000000]
Composite ML_R candidates [median] (light_r, light_norm_to_r, light_v_to_r, mass_harmonic) = [1.1848, 1.1877, 1.2435, 0.3455]
Template-library LIGHT normalization for ML_R: /arc/home/RongjunHuang/ICRAR/further/EMILES_baseFe_safe (LMIN=4800.0, LMAX=8900.0 Angstrom)
Selected SFH-weight interpretation for ML_R: light_norm_to_r
BINID range check for ML_R mapping: max BINID=2121, n_weight_rows=2122
Loading: /arc/projects/mauve/cubes/v3tk/NGC4607_DATACUBE_FINAL_WCS_Pall_mad_red_v3tk.fits.gz
Using STAT variance extension for photometric error propagation.
Cube dimensions (nz, ny, nx): 3761, 598, 315
Approx. DATA footprint: 2.64 GiB
Approx. STAT footprint: 2.64 GiB
Building exact speclite linear operator for AB maggies...
  Linear-operator chunk 1/8 (wave bins 0:512, elapsed 0.0s)
  Linear-operator chunk 2/8 (wave bins 512:1024, elapsed 0.0s)
  Linear-operator chunk 3/8 (wave bins 1024:1536, elapsed 0.1s)
  Linear-operator chunk 4/8 (wave bins 1536:2048, elapsed 0.1s)
  Linear-operator chunk 5/8 (wave bins 2048:2560, elapsed 0.1s)
  Linear-operator chunk 6/8 (wave bins 2560:3072, elapsed 0.1s)
  Linear-operator chunk 7/8 (wave bins 3072:3584, elapsed 0.1s)
  Linear-operator chunk 8/8 (wave bins 3584:3761, elapsed 0.1s)
Using contiguous filter-support slice: [641:3441] (2800 bins).
Photometric propagation method: exact discrete first-order Jacobian through speclite AB-maggies operator (support bins=2800/3761).
STAT assumption: independent spectral-bin variances (no covariance provided by cube).
Computing AB maggies with vectorized blocks... (estimated support-slice stream volume: 3.93 GiB, DATA+STAT)
Processed rows 0:16/598 (  2.7%, block 1/38, block 0.25s, elapsed 0.00 min, ETA 0.15 min)
Processed rows 16:32/598 (  5.4%, block 2/38, block 0.20s, elapsed 0.01 min, ETA 0.13 min)
Processed rows 32:48/598 (  8.0%, block 3/38, block 0.20s, elapsed 0.01 min, ETA 0.13 min)
Processed rows 48:64/598 ( 10.7%, block 4/38, block 0.21s, elapsed 0.01 min, ETA 0.12 min)
Processed rows 64:80/598 ( 13.4%, block 5/38, block 0.21s, elapsed 0.02 min, ETA 0.12 min)
Processed rows 80:96/598 ( 16.1%, block 6/38, block 0.21s, elapsed 0.02 min, ETA 0.11 min)
Processed rows 96:112/598 ( 18.7%, block 7/38, block 0.20s, elapsed 0.02 min, ETA 0.11 min)
Processed rows 112:128/598 ( 21.4%, block 8/38, block 0.21s, elapsed 0.03 min, ETA 0.11 min)
Processed rows 128:144/598 ( 24.1%, block 9/38, block 0.20s, elapsed 0.03 min, ETA 0.10 min)
Processed rows 144:160/598 ( 26.8%, block 10/38, block 0.20s, elapsed 0.03 min, ETA 0.10 min)
Processed rows 160:176/598 ( 29.4%, block 11/38, block 0.20s, elapsed 0.04 min, ETA 0.09 min)
Processed rows 176:192/598 ( 32.1%, block 12/38, block 0.21s, elapsed 0.04 min, ETA 0.09 min)
Processed rows 192:208/598 ( 34.8%, block 13/38, block 0.21s, elapsed 0.05 min, ETA 0.09 min)
Processed rows 208:224/598 ( 37.5%, block 14/38, block 0.21s, elapsed 0.05 min, ETA 0.08 min)
Processed rows 224:240/598 ( 40.1%, block 15/38, block 0.20s, elapsed 0.05 min, ETA 0.08 min)
Processed rows 240:256/598 ( 42.8%, block 16/38, block 0.20s, elapsed 0.06 min, ETA 0.08 min)
Processed rows 256:272/598 ( 45.5%, block 17/38, block 0.20s, elapsed 0.06 min, ETA 0.07 min)
Processed rows 272:288/598 ( 48.2%, block 18/38, block 0.20s, elapsed 0.06 min, ETA 0.07 min)
Processed rows 288:304/598 ( 50.8%, block 19/38, block 0.21s, elapsed 0.07 min, ETA 0.07 min)
Processed rows 304:320/598 ( 53.5%, block 20/38, block 0.20s, elapsed 0.07 min, ETA 0.06 min)
Processed rows 320:336/598 ( 56.2%, block 21/38, block 0.21s, elapsed 0.07 min, ETA 0.06 min)
Processed rows 336:352/598 ( 58.9%, block 22/38, block 0.20s, elapsed 0.08 min, ETA 0.06 min)
Processed rows 352:368/598 ( 61.5%, block 23/38, block 0.22s, elapsed 0.08 min, ETA 0.05 min)
Processed rows 368:384/598 ( 64.2%, block 24/38, block 0.19s, elapsed 0.08 min, ETA 0.05 min)
Processed rows 384:400/598 ( 66.9%, block 25/38, block 0.20s, elapsed 0.09 min, ETA 0.04 min)
Processed rows 400:416/598 ( 69.6%, block 26/38, block 0.21s, elapsed 0.09 min, ETA 0.04 min)
Processed rows 416:432/598 ( 72.2%, block 27/38, block 0.19s, elapsed 0.09 min, ETA 0.04 min)
Processed rows 432:448/598 ( 74.9%, block 28/38, block 0.20s, elapsed 0.10 min, ETA 0.03 min)
Processed rows 448:464/598 ( 77.6%, block 29/38, block 0.22s, elapsed 0.10 min, ETA 0.03 min)
Processed rows 464:480/598 ( 80.3%, block 30/38, block 0.20s, elapsed 0.10 min, ETA 0.03 min)
Processed rows 480:496/598 ( 82.9%, block 31/38, block 0.20s, elapsed 0.11 min, ETA 0.02 min)
Processed rows 496:512/598 ( 85.6%, block 32/38, block 0.21s, elapsed 0.11 min, ETA 0.02 min)
Processed rows 512:528/598 ( 88.3%, block 33/38, block 0.20s, elapsed 0.11 min, ETA 0.02 min)
Processed rows 528:544/598 ( 91.0%, block 34/38, block 0.22s, elapsed 0.12 min, ETA 0.01 min)
Processed rows 544:560/598 ( 93.6%, block 35/38, block 0.21s, elapsed 0.12 min, ETA 0.01 min)
Processed rows 560:576/598 ( 96.3%, block 36/38, block 0.21s, elapsed 0.12 min, ETA 0.01 min)
Processed rows 576:592/598 ( 99.0%, block 37/38, block 0.21s, elapsed 0.13 min, ETA 0.00 min)
Processed rows 592:598/598 (100.0%, block 38/38, block 0.07s, elapsed 0.13 min, ETA 0.00 min)
AB maggies vectorized pass completed in 0.13 min
Estimated effective streaming throughput: 522.8 MiB/s over support-slice read volume
Filter-support fraction [p16, p50, p84] = [1.000000, 1.000000, 1.000000]
Strict all-finite support pixels vs accepted relaxed-support pixels = 179,252 vs 180,126 (threshold=0.9000)
/arc/home/RongjunHuang/ICRAR/further/Mass.py:1396: RuntimeWarning: invalid value encountered in log10
  m_r_map = np.where(maggies_map > 0, -2.5 * np.log10(maggies_map), np.nan).astype(np.float32)
Finite binned flux-error bins: 2122/2122 (STAT=2122, sample=2122)
Finite binned magnitude-error bins: 2122/2122
Median binned relative flux error : 5.9730e-04
Binned magnitude error min/max   : 4.6998e-04 .. 8.1727e-04 mag
Binned magnitude error [p16, p50, p84] = [6.0702e-04, 6.4851e-04, 6.9100e-04] mag
Warning: No EBV error extension found; EBV uncertainty term will be omitted.
R-band magnitude calculation completed!
Filter used: bessell-R
Magnitude range: 21.10 to 28.02
Distance modulus: 31.09 mag
Total R-band magnitude (uncorrected) : 12.663 mag (AB)
Total R-band magnitude (corrected)   : 11.720 mag (AB)
Total R-band luminosity              : 9.591 log10(L☉)
Total stellar mass (R)               : 9.655 log10(M☉)
Integrated stellar M/L_R             : 1.1598 M☉/L☉
Median LOGMSTAR_ERR      : 2.6931e-04 dex
LOGMSTAR_ERR [p16, p50, p84] = [2.4902e-04, 2.6931e-04, 2.8580e-04] dex
LOGMSTAR_ERR min/max     : 1.8799e-04 .. 3.2691e-04 dex
Error budget note (LOGMSTAR): includes photometric+extinction propagation; excludes M/L model, distance, and inclination/area systematic uncertainties.
Saved further file to /arc/projects/mauve/products/v3tk_v7.6.8/NGC4607/NGC4607_spatial_binning_maps_further.fits
M/L_R layer saved ➜ /arc/projects/mauve/products/v3tk_v7.6.8/NGC4607/NGC4607_spatial_binning_maps_further.fits
Stellar-mass layer saved ➜ /arc/projects/mauve/products/v3tk_v7.6.8/NGC4607/NGC4607_spatial_binning_maps_further.fits
Galaxy NGC4607 inclination: 90.0° (cos θ = 0.000)
Inclination correction ENABLED: applying b/a = 0.200 (adopting intrinsic thickness q₀ = 0.2 for disc galaxy)
Median LOGMASS_SURFACE_DENSITY_ERR: 2.6931e-04 dex
LOGMASS_SURFACE_DENSITY_ERR [p16, p50, p84] = [2.4902e-04, 2.6931e-04, 2.8580e-04] dex
LOGMASS_SURFACE_DENSITY_ERR min/max: 1.8799e-04 .. 3.2691e-04 dex
Consistency check |LOGMSTAR_ERR - LOGMASS_SURFACE_DENSITY_ERR| median=0.0000e+00 dex, max=1.0842e-19 dex
Stellar mass surface density layer saved ➜ /arc/projects/mauve/products/v3tk_v7.6.8/NGC4607/NGC4607_spatial_binning_maps_further.fits
r-band magnitude layer saved ➜ /arc/projects/mauve/products/v3tk_v7.6.8/NGC4607/NGC4607_spatial_binning_maps_further.fits
r-band uncorrected magnitude layer saved ➜ /arc/projects/mauve/products/v3tk_v7.6.8/NGC4607/NGC4607_spatial_binning_maps_further.fits
✅  NGC4607 finished in 1m36s
