Python executable: /arc/home/RongjunHuang/.conda/envs/ICRAR/bin/python
Python 3.13.3
PYTHONUNBUFFERED: 1
Product root     : /arc/projects/mauve/products
Product subdir   : v3tk_v7.6.8
Cube root        : /arc/projects/mauve/cubes/v3tk
PHANGS cube root : <none>
PHANGS VOS dir   : vos:phangs/RELEASES/PHANGS-MUSE/DR1.0/DATACUBES
PHANGS stage root: /scratch
Local fallback   : /arc/home/RongjunHuang/ICRAR/further
MASS_DISABLE_STAT: 0
MASS_NCPUS       : 16
MASS_ROW_BLOCK_SIZE: default


=== Using the following files ===
Product root : /arc/projects/mauve/products
Product subdir: v3tk_v7.6.8
Cube root    : /arc/projects/mauve/cubes/v3tk
Fallback root: /arc/home/RongjunHuang/ICRAR/further
Input keyword: <none>
Cube         : /arc/projects/mauve/cubes/v3tk/NGC4424_DATACUBE_FINAL_WCS_Pall_mad_red_v3tk.fits.gz
Binning map  : /arc/projects/mauve/products/v3tk_v7.6.8/NGC4424/NGC4424_spatial_binning_maps.fits
SFH map      : /arc/projects/mauve/products/v3tk_v7.6.8/NGC4424/NGC4424_sfh_maps.fits
Weights      : /arc/projects/mauve/products/v3tk_v7.6.8/NGC4424/NGC4424_sfh_weights.fits
Photometry   : /arc/home/RongjunHuang/ICRAR/further/BaSTI+Chabrier.dat
Output       : /arc/projects/mauve/products/v3tk_v7.6.8/NGC4424/NGC4424_spatial_binning_maps_further.fits 

Thread control: forcing 16 BLAS/OpenMP threads
Vectorized processing row-block size: 16
Loading: /arc/projects/mauve/products/v3tk_v7.6.8/NGC4424/NGC4424_spatial_binning_maps.fits
Filename: /arc/projects/mauve/products/v3tk_v7.6.8/NGC4424/NGC4424_spatial_binning_maps.fits
No.    Name      Ver    Type      Cards   Dimensions   Format
  0  PRIMARY       1 PrimaryHDU       4   ()      
  1  BINID         1 ImageHDU        26   (572, 335)   float64   
  2  FLUX          1 ImageHDU        26   (572, 335)   float64   
  3  SNR           1 ImageHDU        26   (572, 335)   float64   
  4  SNRBIN        1 ImageHDU        26   (572, 335)   float64   
  5  XBIN          1 ImageHDU        26   (572, 335)   float64   
  6  YBIN          1 ImageHDU        26   (572, 335)   float64   
None
Loading: /arc/projects/mauve/products/v3tk_v7.6.8/NGC4424/NGC4424_sfh_weights.fits
Filename: /arc/projects/mauve/products/v3tk_v7.6.8/NGC4424/NGC4424_sfh_weights.fits
No.    Name      Ver    Type      Cards   Dimensions   Format
  0  PRIMARY       1 PrimaryHDU      27   ()      
  1  WEIGHTS       1 BinTableHDU     31   6123R x 1C   [477D]   
  2  GRID          1 BinTableHDU     35   477R x 3C   [D, D, D]   
None
Loaded 636 out of 636 rows of data from BaSTI+Chabrier.dat
Raw SFH weight-sum [min, p16, p50, p84, max] = [1.0000e+00, 1.0000e+00, 1.0000e+00, 1.0000e+00, 1.0000e+00]
Normalized SFH weight-sum check [min, max] = [1.000000, 1.000000]
Composite ML_R candidates [median] (light_r, light_norm_to_r, light_v_to_r, mass_harmonic) = [0.9139, 0.9189, 0.9805, 0.4064]
Template-library LIGHT normalization for ML_R: /arc/home/RongjunHuang/ICRAR/further/EMILES_baseFe_safe (LMIN=4800.0, LMAX=8900.0 Angstrom)
Selected SFH-weight interpretation for ML_R: light_norm_to_r
BINID range check for ML_R mapping: max BINID=6122, n_weight_rows=6123
Loading: /arc/projects/mauve/cubes/v3tk/NGC4424_DATACUBE_FINAL_WCS_Pall_mad_red_v3tk.fits.gz
Using STAT variance extension for photometric error propagation.
Cube dimensions (nz, ny, nx): 3761, 335, 572
Approx. DATA footprint: 2.68 GiB
Approx. STAT footprint: 2.68 GiB
Building exact speclite linear operator for AB maggies...
  Linear-operator chunk 1/8 (wave bins 0:512, elapsed 0.0s)
  Linear-operator chunk 2/8 (wave bins 512:1024, elapsed 0.0s)
  Linear-operator chunk 3/8 (wave bins 1024:1536, elapsed 0.0s)
  Linear-operator chunk 4/8 (wave bins 1536:2048, elapsed 0.1s)
  Linear-operator chunk 5/8 (wave bins 2048:2560, elapsed 0.1s)
  Linear-operator chunk 6/8 (wave bins 2560:3072, elapsed 0.1s)
  Linear-operator chunk 7/8 (wave bins 3072:3584, elapsed 0.1s)
  Linear-operator chunk 8/8 (wave bins 3584:3761, elapsed 0.1s)
Using contiguous filter-support slice: [641:3441] (2800 bins).
Photometric propagation method: exact discrete first-order Jacobian through speclite AB-maggies operator (support bins=2800/3761).
STAT assumption: independent spectral-bin variances (no covariance provided by cube).
Computing AB maggies with vectorized blocks... (estimated support-slice stream volume: 4.00 GiB, DATA+STAT)
Processed rows 0:16/335 (  4.8%, block 1/21, block 0.41s, elapsed 0.01 min, ETA 0.14 min)
Processed rows 16:32/335 (  9.6%, block 2/21, block 0.35s, elapsed 0.01 min, ETA 0.12 min)
Processed rows 32:48/335 ( 14.3%, block 3/21, block 0.35s, elapsed 0.02 min, ETA 0.11 min)
Processed rows 48:64/335 ( 19.1%, block 4/21, block 0.36s, elapsed 0.02 min, ETA 0.10 min)
Processed rows 64:80/335 ( 23.9%, block 5/21, block 0.35s, elapsed 0.03 min, ETA 0.10 min)
Processed rows 80:96/335 ( 28.7%, block 6/21, block 0.35s, elapsed 0.04 min, ETA 0.09 min)
Processed rows 96:112/335 ( 33.4%, block 7/21, block 0.35s, elapsed 0.04 min, ETA 0.08 min)
Processed rows 112:128/335 ( 38.2%, block 8/21, block 0.35s, elapsed 0.05 min, ETA 0.08 min)
Processed rows 128:144/335 ( 43.0%, block 9/21, block 0.35s, elapsed 0.05 min, ETA 0.07 min)
Processed rows 144:160/335 ( 47.8%, block 10/21, block 0.35s, elapsed 0.06 min, ETA 0.07 min)
Processed rows 160:176/335 ( 52.5%, block 11/21, block 0.35s, elapsed 0.07 min, ETA 0.06 min)
Processed rows 176:192/335 ( 57.3%, block 12/21, block 0.35s, elapsed 0.07 min, ETA 0.05 min)
Processed rows 192:208/335 ( 62.1%, block 13/21, block 0.35s, elapsed 0.08 min, ETA 0.05 min)
Processed rows 208:224/335 ( 66.9%, block 14/21, block 0.35s, elapsed 0.08 min, ETA 0.04 min)
Processed rows 224:240/335 ( 71.6%, block 15/21, block 0.35s, elapsed 0.09 min, ETA 0.04 min)
Processed rows 240:256/335 ( 76.4%, block 16/21, block 0.36s, elapsed 0.09 min, ETA 0.03 min)
Processed rows 256:272/335 ( 81.2%, block 17/21, block 0.35s, elapsed 0.10 min, ETA 0.02 min)
Processed rows 272:288/335 ( 86.0%, block 18/21, block 0.36s, elapsed 0.11 min, ETA 0.02 min)
Processed rows 288:304/335 ( 90.7%, block 19/21, block 0.35s, elapsed 0.11 min, ETA 0.01 min)
Processed rows 304:320/335 ( 95.5%, block 20/21, block 0.35s, elapsed 0.12 min, ETA 0.01 min)
Processed rows 320:335/335 (100.0%, block 21/21, block 0.33s, elapsed 0.12 min, ETA 0.00 min)
AB maggies vectorized pass completed in 0.12 min
Estimated effective streaming throughput: 550.5 MiB/s over support-slice read volume
Filter-support fraction [p16, p50, p84] = [1.000000, 1.000000, 1.000000]
Strict all-finite support pixels vs accepted relaxed-support pixels = 174,344 vs 175,623 (threshold=0.9000)
Finite binned flux-error bins: 6123/6123 (STAT=6123, sample=6123)
Finite binned magnitude-error bins: 6123/6123
Median binned relative flux error : 5.7923e-04
Binned magnitude error min/max   : 4.2179e-04 .. 8.6553e-04 mag
Binned magnitude error [p16, p50, p84] = [5.8442e-04, 6.2890e-04, 6.7146e-04] mag
Warning: No EBV error extension found; EBV uncertainty term will be omitted.
R-band magnitude calculation completed!
Filter used: bessell-R
Magnitude range: 20.19 to 26.09
Distance modulus: 31.09 mag
Total R-band magnitude (uncorrected) : 11.640 mag (AB)
Total R-band magnitude (corrected)   : 11.349 mag (AB)
Total R-band luminosity              : 9.739 log10(L☉)
Total stellar mass (R)               : 9.751 log10(M☉)
Integrated stellar M/L_R             : 1.0270 M☉/L☉
Median LOGMSTAR_ERR      : 2.5244e-04 dex
LOGMSTAR_ERR [p16, p50, p84] = [2.3762e-04, 2.5244e-04, 2.6882e-04] dex
LOGMSTAR_ERR min/max     : 1.6871e-04 .. 3.4621e-04 dex
Error budget note (LOGMSTAR): includes photometric+extinction propagation; excludes M/L model, distance, and inclination/area systematic uncertainties.
Saved further file to /arc/projects/mauve/products/v3tk_v7.6.8/NGC4424/NGC4424_spatial_binning_maps_further.fits
M/L_R layer saved ➜ /arc/projects/mauve/products/v3tk_v7.6.8/NGC4424/NGC4424_spatial_binning_maps_further.fits
Stellar-mass layer saved ➜ /arc/projects/mauve/products/v3tk_v7.6.8/NGC4424/NGC4424_spatial_binning_maps_further.fits
Galaxy NGC4424 inclination: 61.0° (cos θ = 0.485)
Inclination correction ENABLED: applying b/a = 0.515 (adopting intrinsic thickness q₀ = 0.2 for disc galaxy)
Median LOGMASS_SURFACE_DENSITY_ERR: 2.5244e-04 dex
LOGMASS_SURFACE_DENSITY_ERR [p16, p50, p84] = [2.3762e-04, 2.5244e-04, 2.6882e-04] dex
LOGMASS_SURFACE_DENSITY_ERR min/max: 1.6871e-04 .. 3.4621e-04 dex
Consistency check |LOGMSTAR_ERR - LOGMASS_SURFACE_DENSITY_ERR| median=0.0000e+00 dex, max=1.0842e-19 dex
Stellar mass surface density layer saved ➜ /arc/projects/mauve/products/v3tk_v7.6.8/NGC4424/NGC4424_spatial_binning_maps_further.fits
r-band magnitude layer saved ➜ /arc/projects/mauve/products/v3tk_v7.6.8/NGC4424/NGC4424_spatial_binning_maps_further.fits
r-band uncorrected magnitude layer saved ➜ /arc/projects/mauve/products/v3tk_v7.6.8/NGC4424/NGC4424_spatial_binning_maps_further.fits
✅  NGC4424 finished in 2m27s
