Python executable: /arc/home/RongjunHuang/.conda/envs/ICRAR/bin/python
Python 3.13.3
PYTHONUNBUFFERED: 1
Product root     : /arc/projects/mauve/products
Product subdir   : v3tk_v7.6.8
Cube root        : /arc/projects/mauve/cubes/v3tk
PHANGS cube root : <none>
PHANGS VOS dir   : vos:phangs/RELEASES/PHANGS-MUSE/DR1.0/DATACUBES
PHANGS stage root: /scratch
Local fallback   : /arc/home/RongjunHuang/ICRAR/further
MASS_DISABLE_STAT: 0
MASS_NCPUS       : 16
MASS_ROW_BLOCK_SIZE: default


=== Using the following files ===
Product root : /arc/projects/mauve/products
Product subdir: v3tk_v7.6.8
Cube root    : /arc/projects/mauve/cubes/v3tk
Fallback root: /arc/home/RongjunHuang/ICRAR/further
Input keyword: <none>
Cube         : /arc/projects/mauve/cubes/v3tk/NGC4567_8_DATACUBE_FINAL_WCS_Pall_mad_red_v3tk.fits.gz
Binning map  : /arc/projects/mauve/products/v3tk_v7.6.8/NGC4567_8/NGC4567_8_spatial_binning_maps.fits
SFH map      : /arc/projects/mauve/products/v3tk_v7.6.8/NGC4567_8/NGC4567_8_sfh_maps.fits
Weights      : /arc/projects/mauve/products/v3tk_v7.6.8/NGC4567_8/NGC4567_8_sfh_weights.fits
Photometry   : /arc/home/RongjunHuang/ICRAR/further/BaSTI+Chabrier.dat
Output       : /arc/projects/mauve/products/v3tk_v7.6.8/NGC4567_8/NGC4567_8_spatial_binning_maps_further.fits 

Thread control: forcing 16 BLAS/OpenMP threads
Vectorized processing row-block size: 16
Loading: /arc/projects/mauve/products/v3tk_v7.6.8/NGC4567_8/NGC4567_8_spatial_binning_maps.fits
Filename: /arc/projects/mauve/products/v3tk_v7.6.8/NGC4567_8/NGC4567_8_spatial_binning_maps.fits
No.    Name      Ver    Type      Cards   Dimensions   Format
  0  PRIMARY       1 PrimaryHDU       4   ()      
  1  BINID         1 ImageHDU        26   (971, 1059)   float64   
  2  FLUX          1 ImageHDU        26   (971, 1059)   float64   
  3  SNR           1 ImageHDU        26   (971, 1059)   float64   
  4  SNRBIN        1 ImageHDU        26   (971, 1059)   float64   
  5  XBIN          1 ImageHDU        26   (971, 1059)   float64   
  6  YBIN          1 ImageHDU        26   (971, 1059)   float64   
None
Loading: /arc/projects/mauve/products/v3tk_v7.6.8/NGC4567_8/NGC4567_8_sfh_weights.fits
Filename: /arc/projects/mauve/products/v3tk_v7.6.8/NGC4567_8/NGC4567_8_sfh_weights.fits
No.    Name      Ver    Type      Cards   Dimensions   Format
  0  PRIMARY       1 PrimaryHDU      27   ()      
  1  WEIGHTS       1 BinTableHDU     31   31846R x 1C   [477D]   
  2  GRID          1 BinTableHDU     35   477R x 3C   [D, D, D]   
None
Loaded 636 out of 636 rows of data from BaSTI+Chabrier.dat
Raw SFH weight-sum [min, p16, p50, p84, max] = [1.0000e+00, 1.0000e+00, 1.0000e+00, 1.0000e+00, 1.0000e+00]
Normalized SFH weight-sum check [min, max] = [1.000000, 1.000000]
Composite ML_R candidates [median] (light_r, light_norm_to_r, light_v_to_r, mass_harmonic) = [0.9811, 0.9907, 1.0716, 0.3250]
Template-library LIGHT normalization for ML_R: /arc/home/RongjunHuang/ICRAR/further/EMILES_baseFe_safe (LMIN=4800.0, LMAX=8900.0 Angstrom)
Selected SFH-weight interpretation for ML_R: light_norm_to_r
BINID range check for ML_R mapping: max BINID=31845, n_weight_rows=31846
Loading: /arc/projects/mauve/cubes/v3tk/NGC4567_8_DATACUBE_FINAL_WCS_Pall_mad_red_v3tk.fits.gz
Using STAT variance extension for photometric error propagation.
Cube dimensions (nz, ny, nx): 3761, 1059, 971
Approx. DATA footprint: 14.41 GiB
Approx. STAT footprint: 14.41 GiB
Building exact speclite linear operator for AB maggies...
  Linear-operator chunk 1/8 (wave bins 0:512, elapsed 0.0s)
  Linear-operator chunk 2/8 (wave bins 512:1024, elapsed 0.0s)
  Linear-operator chunk 3/8 (wave bins 1024:1536, elapsed 0.1s)
  Linear-operator chunk 4/8 (wave bins 1536:2048, elapsed 0.1s)
  Linear-operator chunk 5/8 (wave bins 2048:2560, elapsed 0.1s)
  Linear-operator chunk 6/8 (wave bins 2560:3072, elapsed 0.1s)
  Linear-operator chunk 7/8 (wave bins 3072:3584, elapsed 0.1s)
  Linear-operator chunk 8/8 (wave bins 3584:3761, elapsed 0.1s)
Using contiguous filter-support slice: [641:3441] (2800 bins).
Photometric propagation method: exact discrete first-order Jacobian through speclite AB-maggies operator (support bins=2800/3761).
STAT assumption: independent spectral-bin variances (no covariance provided by cube).
Computing AB maggies with vectorized blocks... (estimated support-slice stream volume: 21.45 GiB, DATA+STAT)
Processed rows 0:16/1059 (  1.5%, block 1/67, block 0.59s, elapsed 0.01 min, ETA 0.64 min)
Processed rows 16:32/1059 (  3.0%, block 2/67, block 0.60s, elapsed 0.02 min, ETA 0.64 min)
Processed rows 32:48/1059 (  4.5%, block 3/67, block 0.60s, elapsed 0.03 min, ETA 0.63 min)
Processed rows 48:64/1059 (  6.0%, block 4/67, block 0.61s, elapsed 0.04 min, ETA 0.63 min)
Processed rows 64:80/1059 (  7.6%, block 5/67, block 0.60s, elapsed 0.05 min, ETA 0.62 min)
Processed rows 80:96/1059 (  9.1%, block 6/67, block 0.61s, elapsed 0.06 min, ETA 0.61 min)
Processed rows 96:112/1059 ( 10.6%, block 7/67, block 0.60s, elapsed 0.07 min, ETA 0.60 min)
Processed rows 112:128/1059 ( 12.1%, block 8/67, block 0.60s, elapsed 0.08 min, ETA 0.59 min)
Processed rows 128:144/1059 ( 13.6%, block 9/67, block 0.60s, elapsed 0.09 min, ETA 0.58 min)
Processed rows 144:160/1059 ( 15.1%, block 10/67, block 0.60s, elapsed 0.10 min, ETA 0.57 min)
Processed rows 160:176/1059 ( 16.6%, block 11/67, block 0.60s, elapsed 0.11 min, ETA 0.56 min)
Processed rows 176:192/1059 ( 18.1%, block 12/67, block 0.60s, elapsed 0.12 min, ETA 0.55 min)
Processed rows 192:208/1059 ( 19.6%, block 13/67, block 0.60s, elapsed 0.13 min, ETA 0.54 min)
Processed rows 208:224/1059 ( 21.2%, block 14/67, block 0.60s, elapsed 0.14 min, ETA 0.53 min)
Processed rows 224:240/1059 ( 22.7%, block 15/67, block 0.60s, elapsed 0.15 min, ETA 0.52 min)
Processed rows 240:256/1059 ( 24.2%, block 16/67, block 0.61s, elapsed 0.16 min, ETA 0.51 min)
Processed rows 256:272/1059 ( 25.7%, block 17/67, block 0.61s, elapsed 0.17 min, ETA 0.50 min)
Processed rows 272:288/1059 ( 27.2%, block 18/67, block 0.60s, elapsed 0.18 min, ETA 0.49 min)
Processed rows 288:304/1059 ( 28.7%, block 19/67, block 0.60s, elapsed 0.19 min, ETA 0.48 min)
Processed rows 304:320/1059 ( 30.2%, block 20/67, block 0.60s, elapsed 0.20 min, ETA 0.47 min)
Processed rows 320:336/1059 ( 31.7%, block 21/67, block 0.61s, elapsed 0.21 min, ETA 0.46 min)
Processed rows 336:352/1059 ( 33.2%, block 22/67, block 0.61s, elapsed 0.22 min, ETA 0.45 min)
Processed rows 352:368/1059 ( 34.7%, block 23/67, block 0.60s, elapsed 0.23 min, ETA 0.44 min)
Processed rows 368:384/1059 ( 36.3%, block 24/67, block 0.60s, elapsed 0.24 min, ETA 0.43 min)
Processed rows 384:400/1059 ( 37.8%, block 25/67, block 0.60s, elapsed 0.25 min, ETA 0.42 min)
Processed rows 400:416/1059 ( 39.3%, block 26/67, block 0.60s, elapsed 0.26 min, ETA 0.41 min)
Processed rows 416:432/1059 ( 40.8%, block 27/67, block 0.61s, elapsed 0.27 min, ETA 0.40 min)
Processed rows 432:448/1059 ( 42.3%, block 28/67, block 0.60s, elapsed 0.28 min, ETA 0.39 min)
Processed rows 448:464/1059 ( 43.8%, block 29/67, block 0.60s, elapsed 0.29 min, ETA 0.38 min)
Processed rows 464:480/1059 ( 45.3%, block 30/67, block 0.59s, elapsed 0.30 min, ETA 0.37 min)
Processed rows 480:496/1059 ( 46.8%, block 31/67, block 0.59s, elapsed 0.31 min, ETA 0.36 min)
Processed rows 496:512/1059 ( 48.3%, block 32/67, block 0.58s, elapsed 0.32 min, ETA 0.35 min)
Processed rows 512:528/1059 ( 49.9%, block 33/67, block 0.59s, elapsed 0.33 min, ETA 0.34 min)
Processed rows 528:544/1059 ( 51.4%, block 34/67, block 0.59s, elapsed 0.34 min, ETA 0.33 min)
Processed rows 544:560/1059 ( 52.9%, block 35/67, block 0.58s, elapsed 0.35 min, ETA 0.32 min)
Processed rows 560:576/1059 ( 54.4%, block 36/67, block 0.58s, elapsed 0.36 min, ETA 0.31 min)
Processed rows 576:592/1059 ( 55.9%, block 37/67, block 0.58s, elapsed 0.37 min, ETA 0.30 min)
Processed rows 592:608/1059 ( 57.4%, block 38/67, block 0.59s, elapsed 0.38 min, ETA 0.29 min)
Processed rows 608:624/1059 ( 58.9%, block 39/67, block 0.59s, elapsed 0.39 min, ETA 0.28 min)
Processed rows 624:640/1059 ( 60.4%, block 40/67, block 0.59s, elapsed 0.40 min, ETA 0.27 min)
Processed rows 640:656/1059 ( 61.9%, block 41/67, block 0.59s, elapsed 0.41 min, ETA 0.26 min)
Processed rows 656:672/1059 ( 63.5%, block 42/67, block 0.58s, elapsed 0.42 min, ETA 0.25 min)
Processed rows 672:688/1059 ( 65.0%, block 43/67, block 0.58s, elapsed 0.43 min, ETA 0.24 min)
Processed rows 688:704/1059 ( 66.5%, block 44/67, block 0.60s, elapsed 0.44 min, ETA 0.23 min)
Processed rows 704:720/1059 ( 68.0%, block 45/67, block 0.59s, elapsed 0.45 min, ETA 0.22 min)
Processed rows 720:736/1059 ( 69.5%, block 46/67, block 0.59s, elapsed 0.46 min, ETA 0.21 min)
Processed rows 736:752/1059 ( 71.0%, block 47/67, block 0.59s, elapsed 0.47 min, ETA 0.20 min)
Processed rows 752:768/1059 ( 72.5%, block 48/67, block 0.59s, elapsed 0.48 min, ETA 0.19 min)
Processed rows 768:784/1059 ( 74.0%, block 49/67, block 0.59s, elapsed 0.49 min, ETA 0.18 min)
Processed rows 784:800/1059 ( 75.5%, block 50/67, block 0.59s, elapsed 0.50 min, ETA 0.17 min)
Processed rows 800:816/1059 ( 77.1%, block 51/67, block 0.59s, elapsed 0.51 min, ETA 0.16 min)
Processed rows 816:832/1059 ( 78.6%, block 52/67, block 0.59s, elapsed 0.52 min, ETA 0.15 min)
Processed rows 832:848/1059 ( 80.1%, block 53/67, block 0.59s, elapsed 0.53 min, ETA 0.14 min)
Processed rows 848:864/1059 ( 81.6%, block 54/67, block 0.60s, elapsed 0.54 min, ETA 0.13 min)
Processed rows 864:880/1059 ( 83.1%, block 55/67, block 0.60s, elapsed 0.55 min, ETA 0.12 min)
Processed rows 880:896/1059 ( 84.6%, block 56/67, block 0.60s, elapsed 0.56 min, ETA 0.11 min)
Processed rows 896:912/1059 ( 86.1%, block 57/67, block 0.60s, elapsed 0.57 min, ETA 0.10 min)
Processed rows 912:928/1059 ( 87.6%, block 58/67, block 0.60s, elapsed 0.58 min, ETA 0.09 min)
Processed rows 928:944/1059 ( 89.1%, block 59/67, block 0.60s, elapsed 0.59 min, ETA 0.08 min)
Processed rows 944:960/1059 ( 90.7%, block 60/67, block 0.61s, elapsed 0.60 min, ETA 0.07 min)
Processed rows 960:976/1059 ( 92.2%, block 61/67, block 0.60s, elapsed 0.61 min, ETA 0.06 min)
Processed rows 976:992/1059 ( 93.7%, block 62/67, block 0.60s, elapsed 0.62 min, ETA 0.05 min)
Processed rows 992:1008/1059 ( 95.2%, block 63/67, block 0.60s, elapsed 0.63 min, ETA 0.04 min)
Processed rows 1008:1024/1059 ( 96.7%, block 64/67, block 0.61s, elapsed 0.64 min, ETA 0.03 min)
Processed rows 1024:1040/1059 ( 98.2%, block 65/67, block 0.61s, elapsed 0.65 min, ETA 0.02 min)
Processed rows 1040:1056/1059 ( 99.7%, block 66/67, block 0.61s, elapsed 0.66 min, ETA 0.01 min)
Processed rows 1056:1059/1059 (100.0%, block 67/67, block 0.12s, elapsed 0.66 min, ETA 0.00 min)
AB maggies vectorized pass completed in 0.66 min
Estimated effective streaming throughput: 555.6 MiB/s over support-slice read volume
Filter-support fraction [p16, p50, p84] = [0.000000, 0.673158, 1.000000]
Strict all-finite support pixels vs accepted relaxed-support pixels = 511,701 vs 513,179 (threshold=0.9000)
Finite binned flux-error bins: 31846/31846 (STAT=31846, sample=31846)
Finite binned magnitude-error bins: 31846/31846
Median binned relative flux error : 6.1003e-04
Binned magnitude error min/max   : 3.1176e-04 .. 9.6907e-04 mag
Binned magnitude error [p16, p50, p84] = [6.1845e-04, 6.6233e-04, 7.1103e-04] mag
Warning: No EBV error extension found; EBV uncertainty term will be omitted.
R-band magnitude calculation completed!
Filter used: bessell-R
Magnitude range: 18.13 to 26.61
Distance modulus: 31.09 mag
Total R-band magnitude (uncorrected) : 10.184 mag (AB)
Total R-band magnitude (corrected)   : 9.590 mag (AB)
Total R-band luminosity              : 10.443 log10(L☉)
Total stellar mass (R)               : 10.448 log10(M☉)
Integrated stellar M/L_R             : 1.0107 M☉/L☉
Median LOGMSTAR_ERR      : 2.6739e-04 dex
LOGMSTAR_ERR [p16, p50, p84] = [2.4816e-04, 2.6739e-04, 2.9347e-04] dex
LOGMSTAR_ERR min/max     : 1.2470e-04 .. 3.8763e-04 dex
Error budget note (LOGMSTAR): includes photometric+extinction propagation; excludes M/L model, distance, and inclination/area systematic uncertainties.
Saved further file to /arc/projects/mauve/products/v3tk_v7.6.8/NGC4567_8/NGC4567_8_spatial_binning_maps_further.fits
M/L_R layer saved ➜ /arc/projects/mauve/products/v3tk_v7.6.8/NGC4567_8/NGC4567_8_spatial_binning_maps_further.fits
Stellar-mass layer saved ➜ /arc/projects/mauve/products/v3tk_v7.6.8/NGC4567_8/NGC4567_8_spatial_binning_maps_further.fits
Warning: Galaxy NGC4567_8 not found in /arc/home/RongjunHuang/ICRAR/further/MAUVE_Inclination.dat
No inclination data found for NGC4567_8, using ba_factor = 1.0
Median LOGMASS_SURFACE_DENSITY_ERR: 2.6739e-04 dex
LOGMASS_SURFACE_DENSITY_ERR [p16, p50, p84] = [2.4816e-04, 2.6739e-04, 2.9347e-04] dex
LOGMASS_SURFACE_DENSITY_ERR min/max: 1.2470e-04 .. 3.8763e-04 dex
Consistency check |LOGMSTAR_ERR - LOGMASS_SURFACE_DENSITY_ERR| median=0.0000e+00 dex, max=1.0842e-19 dex
Stellar mass surface density layer saved ➜ /arc/projects/mauve/products/v3tk_v7.6.8/NGC4567_8/NGC4567_8_spatial_binning_maps_further.fits
r-band magnitude layer saved ➜ /arc/projects/mauve/products/v3tk_v7.6.8/NGC4567_8/NGC4567_8_spatial_binning_maps_further.fits
r-band uncorrected magnitude layer saved ➜ /arc/projects/mauve/products/v3tk_v7.6.8/NGC4567_8/NGC4567_8_spatial_binning_maps_further.fits
✅  NGC4567_8 finished in 5m44s
