Python executable: /arc/home/RongjunHuang/.conda/envs/ICRAR/bin/python
Python 3.13.3
PYTHONUNBUFFERED: 1
Product root     : /arc/projects/mauve/products
Product subdir   : v3tk_v7.6.8
Cube root        : /arc/projects/mauve/cubes/v3tk
PHANGS cube root : <none>
PHANGS VOS dir   : vos:phangs/RELEASES/PHANGS-MUSE/DR1.0/DATACUBES
PHANGS stage root: /scratch
Local fallback   : /arc/home/RongjunHuang/ICRAR/further
MASS_DISABLE_STAT: 0
MASS_NCPUS       : 16
MASS_ROW_BLOCK_SIZE: default


=== Using the following files ===
Product root : /arc/projects/mauve/products
Product subdir: v3tk_v7.6.8
Cube root    : /arc/projects/mauve/cubes/v3tk
Fallback root: /arc/home/RongjunHuang/ICRAR/further
Input keyword: <none>
Cube         : /arc/projects/mauve/cubes/v3tk/NGC4606_DATACUBE_FINAL_WCS_Pall_mad_red_v3tk.fits.gz
Binning map  : /arc/projects/mauve/products/v3tk_v7.6.8/NGC4606/NGC4606_spatial_binning_maps.fits
SFH map      : /arc/projects/mauve/products/v3tk_v7.6.8/NGC4606/NGC4606_sfh_maps.fits
Weights      : /arc/projects/mauve/products/v3tk_v7.6.8/NGC4606/NGC4606_sfh_weights.fits
Photometry   : /arc/home/RongjunHuang/ICRAR/further/BaSTI+Chabrier.dat
Output       : /arc/projects/mauve/products/v3tk_v7.6.8/NGC4606/NGC4606_spatial_binning_maps_further.fits 

Thread control: forcing 16 BLAS/OpenMP threads
Vectorized processing row-block size: 16
Loading: /arc/projects/mauve/products/v3tk_v7.6.8/NGC4606/NGC4606_spatial_binning_maps.fits
Filename: /arc/projects/mauve/products/v3tk_v7.6.8/NGC4606/NGC4606_spatial_binning_maps.fits
No.    Name      Ver    Type      Cards   Dimensions   Format
  0  PRIMARY       1 PrimaryHDU       4   ()      
  1  BINID         1 ImageHDU        26   (434, 435)   float64   
  2  FLUX          1 ImageHDU        26   (434, 435)   float64   
  3  SNR           1 ImageHDU        26   (434, 435)   float64   
  4  SNRBIN        1 ImageHDU        26   (434, 435)   float64   
  5  XBIN          1 ImageHDU        26   (434, 435)   float64   
  6  YBIN          1 ImageHDU        26   (434, 435)   float64   
None
Loading: /arc/projects/mauve/products/v3tk_v7.6.8/NGC4606/NGC4606_sfh_weights.fits
Filename: /arc/projects/mauve/products/v3tk_v7.6.8/NGC4606/NGC4606_sfh_weights.fits
No.    Name      Ver    Type      Cards   Dimensions   Format
  0  PRIMARY       1 PrimaryHDU      27   ()      
  1  WEIGHTS       1 BinTableHDU     31   4705R x 1C   [477D]   
  2  GRID          1 BinTableHDU     35   477R x 3C   [D, D, D]   
None
Loaded 636 out of 636 rows of data from BaSTI+Chabrier.dat
Raw SFH weight-sum [min, p16, p50, p84, max] = [1.0000e+00, 1.0000e+00, 1.0000e+00, 1.0000e+00, 1.0000e+00]
Normalized SFH weight-sum check [min, max] = [1.000000, 1.000000]
Composite ML_R candidates [median] (light_r, light_norm_to_r, light_v_to_r, mass_harmonic) = [1.2429, 1.2458, 1.3320, 0.4852]
Template-library LIGHT normalization for ML_R: /arc/home/RongjunHuang/ICRAR/further/EMILES_baseFe_safe (LMIN=4800.0, LMAX=8900.0 Angstrom)
Selected SFH-weight interpretation for ML_R: light_norm_to_r
BINID range check for ML_R mapping: max BINID=4704, n_weight_rows=4705
Loading: /arc/projects/mauve/cubes/v3tk/NGC4606_DATACUBE_FINAL_WCS_Pall_mad_red_v3tk.fits.gz
Using STAT variance extension for photometric error propagation.
Cube dimensions (nz, ny, nx): 3761, 435, 434
Approx. DATA footprint: 2.65 GiB
Approx. STAT footprint: 2.65 GiB
Building exact speclite linear operator for AB maggies...
  Linear-operator chunk 1/8 (wave bins 0:512, elapsed 0.0s)
  Linear-operator chunk 2/8 (wave bins 512:1024, elapsed 0.0s)
  Linear-operator chunk 3/8 (wave bins 1024:1536, elapsed 0.1s)
  Linear-operator chunk 4/8 (wave bins 1536:2048, elapsed 0.1s)
  Linear-operator chunk 5/8 (wave bins 2048:2560, elapsed 0.1s)
  Linear-operator chunk 6/8 (wave bins 2560:3072, elapsed 0.1s)
  Linear-operator chunk 7/8 (wave bins 3072:3584, elapsed 0.1s)
  Linear-operator chunk 8/8 (wave bins 3584:3761, elapsed 0.1s)
Using contiguous filter-support slice: [641:3441] (2800 bins).
Photometric propagation method: exact discrete first-order Jacobian through speclite AB-maggies operator (support bins=2800/3761).
STAT assumption: independent spectral-bin variances (no covariance provided by cube).
Computing AB maggies with vectorized blocks... (estimated support-slice stream volume: 3.94 GiB, DATA+STAT)
Processed rows 0:16/435 (  3.7%, block 1/28, block 0.29s, elapsed 0.00 min, ETA 0.13 min)
Processed rows 16:32/435 (  7.4%, block 2/28, block 0.28s, elapsed 0.01 min, ETA 0.12 min)
Processed rows 32:48/435 ( 11.0%, block 3/28, block 0.30s, elapsed 0.01 min, ETA 0.12 min)
Processed rows 48:64/435 ( 14.7%, block 4/28, block 0.29s, elapsed 0.02 min, ETA 0.12 min)
Processed rows 64:80/435 ( 18.4%, block 5/28, block 0.30s, elapsed 0.02 min, ETA 0.11 min)
Processed rows 80:96/435 ( 22.1%, block 6/28, block 0.29s, elapsed 0.03 min, ETA 0.11 min)
Processed rows 96:112/435 ( 25.7%, block 7/28, block 0.29s, elapsed 0.03 min, ETA 0.10 min)
Processed rows 112:128/435 ( 29.4%, block 8/28, block 0.29s, elapsed 0.04 min, ETA 0.10 min)
Processed rows 128:144/435 ( 33.1%, block 9/28, block 0.29s, elapsed 0.04 min, ETA 0.09 min)
Processed rows 144:160/435 ( 36.8%, block 10/28, block 0.29s, elapsed 0.05 min, ETA 0.09 min)
Processed rows 160:176/435 ( 40.5%, block 11/28, block 0.29s, elapsed 0.05 min, ETA 0.08 min)
Processed rows 176:192/435 ( 44.1%, block 12/28, block 0.29s, elapsed 0.06 min, ETA 0.08 min)
Processed rows 192:208/435 ( 47.8%, block 13/28, block 0.29s, elapsed 0.06 min, ETA 0.07 min)
Processed rows 208:224/435 ( 51.5%, block 14/28, block 0.30s, elapsed 0.07 min, ETA 0.07 min)
Processed rows 224:240/435 ( 55.2%, block 15/28, block 0.30s, elapsed 0.07 min, ETA 0.06 min)
Processed rows 240:256/435 ( 58.9%, block 16/28, block 0.30s, elapsed 0.08 min, ETA 0.06 min)
Processed rows 256:272/435 ( 62.5%, block 17/28, block 0.30s, elapsed 0.08 min, ETA 0.05 min)
Processed rows 272:288/435 ( 66.2%, block 18/28, block 0.30s, elapsed 0.09 min, ETA 0.05 min)
Processed rows 288:304/435 ( 69.9%, block 19/28, block 0.30s, elapsed 0.09 min, ETA 0.04 min)
Processed rows 304:320/435 ( 73.6%, block 20/28, block 0.29s, elapsed 0.10 min, ETA 0.04 min)
Processed rows 320:336/435 ( 77.2%, block 21/28, block 0.29s, elapsed 0.10 min, ETA 0.03 min)
Processed rows 336:352/435 ( 80.9%, block 22/28, block 0.29s, elapsed 0.11 min, ETA 0.03 min)
Processed rows 352:368/435 ( 84.6%, block 23/28, block 0.29s, elapsed 0.11 min, ETA 0.02 min)
Processed rows 368:384/435 ( 88.3%, block 24/28, block 0.29s, elapsed 0.12 min, ETA 0.02 min)
Processed rows 384:400/435 ( 92.0%, block 25/28, block 0.29s, elapsed 0.12 min, ETA 0.01 min)
Processed rows 400:416/435 ( 95.6%, block 26/28, block 0.29s, elapsed 0.13 min, ETA 0.01 min)
Processed rows 416:432/435 ( 99.3%, block 27/28, block 0.29s, elapsed 0.13 min, ETA 0.00 min)
Processed rows 432:435/435 (100.0%, block 28/28, block 0.05s, elapsed 0.13 min, ETA 0.00 min)
AB maggies vectorized pass completed in 0.13 min
Estimated effective streaming throughput: 505.2 MiB/s over support-slice read volume
Filter-support fraction [p16, p50, p84] = [0.000000, 1.000000, 1.000000]
Strict all-finite support pixels vs accepted relaxed-support pixels = 95,419 vs 96,010 (threshold=0.9000)
Finite binned flux-error bins: 4705/4705 (STAT=4705, sample=4705)
Finite binned magnitude-error bins: 4705/4705
Median binned relative flux error : 5.7819e-04
Binned magnitude error min/max   : 4.9383e-04 .. 8.6315e-04 mag
Binned magnitude error [p16, p50, p84] = [5.9387e-04, 6.2776e-04, 6.5765e-04] mag
Warning: No EBV error extension found; EBV uncertainty term will be omitted.
R-band magnitude calculation completed!
Filter used: bessell-R
Magnitude range: 20.43 to 26.61
Distance modulus: 31.09 mag
Total R-band magnitude (uncorrected) : 12.096 mag (AB)
Total R-band magnitude (corrected)   : 11.806 mag (AB)
Total R-band luminosity              : 9.557 log10(L☉)
Total stellar mass (R)               : 9.661 log10(M☉)
Integrated stellar M/L_R             : 1.2711 M☉/L☉
Median LOGMSTAR_ERR      : 2.4898e-04 dex
LOGMSTAR_ERR [p16, p50, p84] = [2.3512e-04, 2.4898e-04, 2.6113e-04] dex
LOGMSTAR_ERR min/max     : 1.9753e-04 .. 3.4526e-04 dex
Error budget note (LOGMSTAR): includes photometric+extinction propagation; excludes M/L model, distance, and inclination/area systematic uncertainties.
Saved further file to /arc/projects/mauve/products/v3tk_v7.6.8/NGC4606/NGC4606_spatial_binning_maps_further.fits
M/L_R layer saved ➜ /arc/projects/mauve/products/v3tk_v7.6.8/NGC4606/NGC4606_spatial_binning_maps_further.fits
Stellar-mass layer saved ➜ /arc/projects/mauve/products/v3tk_v7.6.8/NGC4606/NGC4606_spatial_binning_maps_further.fits
Galaxy NGC4606 inclination: 69.0° (cos θ = 0.358)
Inclination correction ENABLED: applying b/a = 0.404 (adopting intrinsic thickness q₀ = 0.2 for disc galaxy)
Median LOGMASS_SURFACE_DENSITY_ERR: 2.4898e-04 dex
LOGMASS_SURFACE_DENSITY_ERR [p16, p50, p84] = [2.3512e-04, 2.4898e-04, 2.6113e-04] dex
LOGMASS_SURFACE_DENSITY_ERR min/max: 1.9753e-04 .. 3.4526e-04 dex
Consistency check |LOGMSTAR_ERR - LOGMASS_SURFACE_DENSITY_ERR| median=2.7105e-20 dex, max=1.0842e-19 dex
Stellar mass surface density layer saved ➜ /arc/projects/mauve/products/v3tk_v7.6.8/NGC4606/NGC4606_spatial_binning_maps_further.fits
r-band magnitude layer saved ➜ /arc/projects/mauve/products/v3tk_v7.6.8/NGC4606/NGC4606_spatial_binning_maps_further.fits
r-band uncorrected magnitude layer saved ➜ /arc/projects/mauve/products/v3tk_v7.6.8/NGC4606/NGC4606_spatial_binning_maps_further.fits
✅  NGC4606 finished in 1m17s
