Python executable: /arc/home/RongjunHuang/.conda/envs/ICRAR/bin/python
Python 3.13.3
PYTHONUNBUFFERED: 1
Product root     : /arc/projects/mauve/products
Product subdir   : v3tk_v7.6.8
Cube root        : /arc/projects/mauve/cubes/v3tk
PHANGS cube root : <none>
PHANGS VOS dir   : vos:phangs/RELEASES/PHANGS-MUSE/DR1.0/DATACUBES
PHANGS stage root: /scratch
Local fallback   : /arc/home/RongjunHuang/ICRAR/further
MASS_DISABLE_STAT: 0
MASS_NCPUS       : 16
MASS_ROW_BLOCK_SIZE: default


=== Using the following files ===
Product root : /arc/projects/mauve/products
Product subdir: v3tk_v7.6.8
Cube root    : /arc/projects/mauve/cubes/v3tk
Fallback root: /arc/home/RongjunHuang/ICRAR/further
Input keyword: <none>
Cube         : /arc/projects/mauve/cubes/v3tk/NGC4654_DATACUBE_FINAL_WCS_Pall_mad_red_v3tk.fits.gz
Binning map  : /arc/projects/mauve/products/v3tk_v7.6.8/NGC4654/NGC4654_spatial_binning_maps.fits
SFH map      : /arc/projects/mauve/products/v3tk_v7.6.8/NGC4654/NGC4654_sfh_maps.fits
Weights      : /arc/projects/mauve/products/v3tk_v7.6.8/NGC4654/NGC4654_sfh_weights.fits
Photometry   : /arc/home/RongjunHuang/ICRAR/further/BaSTI+Chabrier.dat
Output       : /arc/projects/mauve/products/v3tk_v7.6.8/NGC4654/NGC4654_spatial_binning_maps_further.fits 

Thread control: forcing 16 BLAS/OpenMP threads
Vectorized processing row-block size: 16
Loading: /arc/projects/mauve/products/v3tk_v7.6.8/NGC4654/NGC4654_spatial_binning_maps.fits
Filename: /arc/projects/mauve/products/v3tk_v7.6.8/NGC4654/NGC4654_spatial_binning_maps.fits
No.    Name      Ver    Type      Cards   Dimensions   Format
  0  PRIMARY       1 PrimaryHDU       4   ()      
  1  BINID         1 ImageHDU        26   (1278, 1013)   float64   
  2  FLUX          1 ImageHDU        26   (1278, 1013)   float64   
  3  SNR           1 ImageHDU        26   (1278, 1013)   float64   
  4  SNRBIN        1 ImageHDU        26   (1278, 1013)   float64   
  5  XBIN          1 ImageHDU        26   (1278, 1013)   float64   
  6  YBIN          1 ImageHDU        26   (1278, 1013)   float64   
None
Loading: /arc/projects/mauve/products/v3tk_v7.6.8/NGC4654/NGC4654_sfh_weights.fits
Filename: /arc/projects/mauve/products/v3tk_v7.6.8/NGC4654/NGC4654_sfh_weights.fits
No.    Name      Ver    Type      Cards   Dimensions   Format
  0  PRIMARY       1 PrimaryHDU      27   ()      
  1  WEIGHTS       1 BinTableHDU     31   24011R x 1C   [477D]   
  2  GRID          1 BinTableHDU     35   477R x 3C   [D, D, D]   
None
Loaded 636 out of 636 rows of data from BaSTI+Chabrier.dat
Raw SFH weight-sum [min, p16, p50, p84, max] = [1.0000e+00, 1.0000e+00, 1.0000e+00, 1.0000e+00, 1.0000e+00]
Normalized SFH weight-sum check [min, max] = [1.000000, 1.000000]
Composite ML_R candidates [median] (light_r, light_norm_to_r, light_v_to_r, mass_harmonic) = [0.8651, 0.8733, 0.9497, 0.2486]
Template-library LIGHT normalization for ML_R: /arc/home/RongjunHuang/ICRAR/further/EMILES_baseFe_safe (LMIN=4800.0, LMAX=8900.0 Angstrom)
Selected SFH-weight interpretation for ML_R: light_norm_to_r
BINID range check for ML_R mapping: max BINID=24010, n_weight_rows=24011
Loading: /arc/projects/mauve/cubes/v3tk/NGC4654_DATACUBE_FINAL_WCS_Pall_mad_red_v3tk.fits.gz
Using STAT variance extension for photometric error propagation.
Cube dimensions (nz, ny, nx): 3761, 1013, 1278
Approx. DATA footprint: 18.14 GiB
Approx. STAT footprint: 18.14 GiB
Building exact speclite linear operator for AB maggies...
  Linear-operator chunk 1/8 (wave bins 0:512, elapsed 0.0s)
  Linear-operator chunk 2/8 (wave bins 512:1024, elapsed 0.0s)
  Linear-operator chunk 3/8 (wave bins 1024:1536, elapsed 0.0s)
  Linear-operator chunk 4/8 (wave bins 1536:2048, elapsed 0.1s)
  Linear-operator chunk 5/8 (wave bins 2048:2560, elapsed 0.1s)
  Linear-operator chunk 6/8 (wave bins 2560:3072, elapsed 0.1s)
  Linear-operator chunk 7/8 (wave bins 3072:3584, elapsed 0.1s)
  Linear-operator chunk 8/8 (wave bins 3584:3761, elapsed 0.1s)
Using contiguous filter-support slice: [641:3441] (2800 bins).
Photometric propagation method: exact discrete first-order Jacobian through speclite AB-maggies operator (support bins=2800/3761).
STAT assumption: independent spectral-bin variances (no covariance provided by cube).
Computing AB maggies with vectorized blocks... (estimated support-slice stream volume: 27.01 GiB, DATA+STAT)
Processed rows 0:16/1013 (  1.6%, block 1/64, block 0.80s, elapsed 0.01 min, ETA 0.84 min)
Processed rows 16:32/1013 (  3.2%, block 2/64, block 0.82s, elapsed 0.03 min, ETA 0.84 min)
Processed rows 32:48/1013 (  4.7%, block 3/64, block 0.82s, elapsed 0.04 min, ETA 0.83 min)
Processed rows 48:64/1013 (  6.3%, block 4/64, block 0.82s, elapsed 0.05 min, ETA 0.82 min)
Processed rows 64:80/1013 (  7.9%, block 5/64, block 0.81s, elapsed 0.07 min, ETA 0.80 min)
Processed rows 80:96/1013 (  9.5%, block 6/64, block 0.82s, elapsed 0.08 min, ETA 0.79 min)
Processed rows 96:112/1013 ( 11.1%, block 7/64, block 0.81s, elapsed 0.10 min, ETA 0.78 min)
Processed rows 112:128/1013 ( 12.6%, block 8/64, block 0.82s, elapsed 0.11 min, ETA 0.76 min)
Processed rows 128:144/1013 ( 14.2%, block 9/64, block 0.82s, elapsed 0.12 min, ETA 0.75 min)
Processed rows 144:160/1013 ( 15.8%, block 10/64, block 0.81s, elapsed 0.14 min, ETA 0.73 min)
Processed rows 160:176/1013 ( 17.4%, block 11/64, block 0.82s, elapsed 0.15 min, ETA 0.72 min)
Processed rows 176:192/1013 ( 19.0%, block 12/64, block 0.82s, elapsed 0.16 min, ETA 0.71 min)
Processed rows 192:208/1013 ( 20.5%, block 13/64, block 0.81s, elapsed 0.18 min, ETA 0.69 min)
Processed rows 208:224/1013 ( 22.1%, block 14/64, block 0.82s, elapsed 0.19 min, ETA 0.68 min)
Processed rows 224:240/1013 ( 23.7%, block 15/64, block 0.82s, elapsed 0.20 min, ETA 0.67 min)
Processed rows 240:256/1013 ( 25.3%, block 16/64, block 0.82s, elapsed 0.22 min, ETA 0.65 min)
Processed rows 256:272/1013 ( 26.9%, block 17/64, block 0.82s, elapsed 0.23 min, ETA 0.64 min)
Processed rows 272:288/1013 ( 28.4%, block 18/64, block 0.82s, elapsed 0.25 min, ETA 0.63 min)
Processed rows 288:304/1013 ( 30.0%, block 19/64, block 0.82s, elapsed 0.26 min, ETA 0.61 min)
Processed rows 304:320/1013 ( 31.6%, block 20/64, block 0.82s, elapsed 0.27 min, ETA 0.60 min)
Processed rows 320:336/1013 ( 33.2%, block 21/64, block 0.81s, elapsed 0.29 min, ETA 0.59 min)
Processed rows 336:352/1013 ( 34.7%, block 22/64, block 0.82s, elapsed 0.30 min, ETA 0.57 min)
Processed rows 352:368/1013 ( 36.3%, block 23/64, block 0.82s, elapsed 0.31 min, ETA 0.56 min)
Processed rows 368:384/1013 ( 37.9%, block 24/64, block 0.82s, elapsed 0.33 min, ETA 0.54 min)
Processed rows 384:400/1013 ( 39.5%, block 25/64, block 0.82s, elapsed 0.34 min, ETA 0.53 min)
Processed rows 400:416/1013 ( 41.1%, block 26/64, block 0.82s, elapsed 0.35 min, ETA 0.52 min)
Processed rows 416:432/1013 ( 42.6%, block 27/64, block 0.82s, elapsed 0.37 min, ETA 0.50 min)
Processed rows 432:448/1013 ( 44.2%, block 28/64, block 0.82s, elapsed 0.38 min, ETA 0.49 min)
Processed rows 448:464/1013 ( 45.8%, block 29/64, block 0.82s, elapsed 0.40 min, ETA 0.48 min)
Processed rows 464:480/1013 ( 47.4%, block 30/64, block 0.83s, elapsed 0.41 min, ETA 0.46 min)
Processed rows 480:496/1013 ( 49.0%, block 31/64, block 0.82s, elapsed 0.42 min, ETA 0.45 min)
Processed rows 496:512/1013 ( 50.5%, block 32/64, block 0.82s, elapsed 0.44 min, ETA 0.44 min)
Processed rows 512:528/1013 ( 52.1%, block 33/64, block 0.82s, elapsed 0.45 min, ETA 0.42 min)
Processed rows 528:544/1013 ( 53.7%, block 34/64, block 0.82s, elapsed 0.46 min, ETA 0.41 min)
Processed rows 544:560/1013 ( 55.3%, block 35/64, block 0.82s, elapsed 0.48 min, ETA 0.40 min)
Processed rows 560:576/1013 ( 56.9%, block 36/64, block 0.82s, elapsed 0.49 min, ETA 0.38 min)
Processed rows 576:592/1013 ( 58.4%, block 37/64, block 0.82s, elapsed 0.50 min, ETA 0.37 min)
Processed rows 592:608/1013 ( 60.0%, block 38/64, block 0.82s, elapsed 0.52 min, ETA 0.35 min)
Processed rows 608:624/1013 ( 61.6%, block 39/64, block 0.82s, elapsed 0.53 min, ETA 0.34 min)
Processed rows 624:640/1013 ( 63.2%, block 40/64, block 0.82s, elapsed 0.55 min, ETA 0.33 min)
Processed rows 640:656/1013 ( 64.8%, block 41/64, block 0.82s, elapsed 0.56 min, ETA 0.31 min)
Processed rows 656:672/1013 ( 66.3%, block 42/64, block 0.82s, elapsed 0.57 min, ETA 0.30 min)
Processed rows 672:688/1013 ( 67.9%, block 43/64, block 0.82s, elapsed 0.59 min, ETA 0.29 min)
Processed rows 688:704/1013 ( 69.5%, block 44/64, block 0.82s, elapsed 0.60 min, ETA 0.27 min)
Processed rows 704:720/1013 ( 71.1%, block 45/64, block 0.82s, elapsed 0.61 min, ETA 0.26 min)
Processed rows 720:736/1013 ( 72.7%, block 46/64, block 0.82s, elapsed 0.63 min, ETA 0.25 min)
Processed rows 736:752/1013 ( 74.2%, block 47/64, block 0.82s, elapsed 0.64 min, ETA 0.23 min)
Processed rows 752:768/1013 ( 75.8%, block 48/64, block 0.82s, elapsed 0.66 min, ETA 0.22 min)
Processed rows 768:784/1013 ( 77.4%, block 49/64, block 0.81s, elapsed 0.67 min, ETA 0.20 min)
Processed rows 784:800/1013 ( 79.0%, block 50/64, block 0.81s, elapsed 0.68 min, ETA 0.19 min)
Processed rows 800:816/1013 ( 80.6%, block 51/64, block 0.82s, elapsed 0.70 min, ETA 0.18 min)
Processed rows 816:832/1013 ( 82.1%, block 52/64, block 0.82s, elapsed 0.71 min, ETA 0.16 min)
Processed rows 832:848/1013 ( 83.7%, block 53/64, block 0.82s, elapsed 0.72 min, ETA 0.15 min)
Processed rows 848:864/1013 ( 85.3%, block 54/64, block 0.82s, elapsed 0.74 min, ETA 0.14 min)
Processed rows 864:880/1013 ( 86.9%, block 55/64, block 0.82s, elapsed 0.75 min, ETA 0.12 min)
Processed rows 880:896/1013 ( 88.5%, block 56/64, block 0.81s, elapsed 0.76 min, ETA 0.11 min)
Processed rows 896:912/1013 ( 90.0%, block 57/64, block 0.81s, elapsed 0.78 min, ETA 0.10 min)
Processed rows 912:928/1013 ( 91.6%, block 58/64, block 0.82s, elapsed 0.79 min, ETA 0.08 min)
Processed rows 928:944/1013 ( 93.2%, block 59/64, block 0.82s, elapsed 0.80 min, ETA 0.07 min)
Processed rows 944:960/1013 ( 94.8%, block 60/64, block 0.81s, elapsed 0.82 min, ETA 0.05 min)
Processed rows 960:976/1013 ( 96.3%, block 61/64, block 0.82s, elapsed 0.83 min, ETA 0.04 min)
Processed rows 976:992/1013 ( 97.9%, block 62/64, block 0.82s, elapsed 0.85 min, ETA 0.03 min)
Processed rows 992:1008/1013 ( 99.5%, block 63/64, block 0.81s, elapsed 0.86 min, ETA 0.01 min)
Processed rows 1008:1013/1013 (100.0%, block 64/64, block 0.26s, elapsed 0.86 min, ETA 0.00 min)
AB maggies vectorized pass completed in 0.86 min
Estimated effective streaming throughput: 533.8 MiB/s over support-slice read volume
Filter-support fraction [p16, p50, p84] = [0.000000, 1.000000, 1.000000]
Strict all-finite support pixels vs accepted relaxed-support pixels = 663,194 vs 664,835 (threshold=0.9000)
/arc/home/RongjunHuang/ICRAR/further/Mass.py:1396: RuntimeWarning: invalid value encountered in log10
  m_r_map = np.where(maggies_map > 0, -2.5 * np.log10(maggies_map), np.nan).astype(np.float32)
Finite binned flux-error bins: 24011/24011 (STAT=24011, sample=24011)
Finite binned magnitude-error bins: 24011/24011
Median binned relative flux error : 5.9934e-04
Binned magnitude error min/max   : 3.0293e-04 .. 1.3689e-03 mag
Binned magnitude error [p16, p50, p84] = [5.9920e-04, 6.5073e-04, 7.1980e-04] mag
Warning: No EBV error extension found; EBV uncertainty term will be omitted.
R-band magnitude calculation completed!
Filter used: bessell-R
Magnitude range: 19.44 to 27.40
Distance modulus: 31.09 mag
Total R-band magnitude (uncorrected) : 10.373 mag (AB)
Total R-band magnitude (corrected)   : 9.945 mag (AB)
Total R-band luminosity              : 10.301 log10(L☉)
Total stellar mass (R)               : 10.249 log10(M☉)
Integrated stellar M/L_R             : 0.8866 M☉/L☉
Median LOGMSTAR_ERR      : 2.6801e-04 dex
LOGMSTAR_ERR [p16, p50, p84] = [2.4314e-04, 2.6801e-04, 3.0083e-04] dex
LOGMSTAR_ERR min/max     : 1.2117e-04 .. 5.4758e-04 dex
Error budget note (LOGMSTAR): includes photometric+extinction propagation; excludes M/L model, distance, and inclination/area systematic uncertainties.
Saved further file to /arc/projects/mauve/products/v3tk_v7.6.8/NGC4654/NGC4654_spatial_binning_maps_further.fits
M/L_R layer saved ➜ /arc/projects/mauve/products/v3tk_v7.6.8/NGC4654/NGC4654_spatial_binning_maps_further.fits
Stellar-mass layer saved ➜ /arc/projects/mauve/products/v3tk_v7.6.8/NGC4654/NGC4654_spatial_binning_maps_further.fits
Galaxy NGC4654 inclination: 61.0° (cos θ = 0.485)
Inclination correction ENABLED: applying b/a = 0.515 (adopting intrinsic thickness q₀ = 0.2 for disc galaxy)
Median LOGMASS_SURFACE_DENSITY_ERR: 2.6801e-04 dex
LOGMASS_SURFACE_DENSITY_ERR [p16, p50, p84] = [2.4314e-04, 2.6801e-04, 3.0083e-04] dex
LOGMASS_SURFACE_DENSITY_ERR min/max: 1.2117e-04 .. 5.4758e-04 dex
Consistency check |LOGMSTAR_ERR - LOGMASS_SURFACE_DENSITY_ERR| median=0.0000e+00 dex, max=1.6263e-19 dex
Stellar mass surface density layer saved ➜ /arc/projects/mauve/products/v3tk_v7.6.8/NGC4654/NGC4654_spatial_binning_maps_further.fits
r-band magnitude layer saved ➜ /arc/projects/mauve/products/v3tk_v7.6.8/NGC4654/NGC4654_spatial_binning_maps_further.fits
r-band uncorrected magnitude layer saved ➜ /arc/projects/mauve/products/v3tk_v7.6.8/NGC4654/NGC4654_spatial_binning_maps_further.fits
✅  NGC4654 finished in 10m18s
