Python executable: /arc/home/RongjunHuang/.conda/envs/ICRAR/bin/python
Python 3.13.3
PYTHONUNBUFFERED: 1
Product root     : /arc/projects/mauve/products
Product subdir   : v3tk_v7.6.8
Local fallback   : /arc/home/RongjunHuang/ICRAR/further

Shared input keyword ➜ <none>
Reading gas-line FITS ➜ /arc/projects/mauve/products/v3tk_v7.6.8/IC3392/IC3392_gas_bin_maps.fits
Matched binning FITS ➜ /arc/projects/mauve/products/v3tk_v7.6.8/IC3392/IC3392_spatial_binning_maps_further.fits
Spatial mask FITS ➜ /arc/projects/mauve/products/v3tk_v7.6.8/IC3392/IC3392_mask.fits
Gas-line maps collapsed onto spatial BINID: 4062 bins
Available gas-line flux/error pairs:
  - HB4861
  - OIII4958
  - OIII5006
  - NII5754
  - OI6300
  - SIII6312
  - OI6363
  - NII6548
  - HA6562
  - NII6583
  - SII6716
  - SII6730
  - OII7318
  - OII7319
  - OII7329
  - OII7330
Te-method optional emission-line availability:
  - OIII4958: available
  - NII5754: available
  - SIII6312: available
  - NII6548: available
  - OII7318: available
  - OII7319: available
  - OII7329: available
  - OII7330: available
  - SIII9068: missing
Spatial mask applied: MASKFILE[MASK] table; row-major MASK == 0; keep=94575, masked=96831, finite H-alpha after mask=94575
/arc/home/RongjunHuang/ICRAR/further/SFR+Z.py:1194: RuntimeWarning: divide by zero encountered in divide
  BD = HA6562_FLUX / HB4861_FLUX
--------------------------------------------------------------
Extinction law for k(λ)=A(λ)/E(B−V): calzetti
k(Hβ 4861Å)  = 4.5981   at λ=0.4861 µm
k(Hα 6562Å)  = 3.3264   at λ=0.6562 µm
k([OIII]5006)= 4.4647   at λ=0.5006 µm
k([NII]6583) = 3.3130   at λ=0.6583 µm
k([SII]6716) = 3.2298   at λ=0.6716 µm
k([SII]6730) = 3.2212   at λ=0.6730 µm
k(OIII4958) = 4.5083   at λ=0.4958 µm
k(NII5754) = 3.8531   at λ=0.5755 µm
k(OI6300) = 3.5017   at λ=0.6300 µm
k(SIII6312) = 3.4934   at λ=0.6312 µm
k(OI6363) = 3.4582   at λ=0.6363 µm
k(NII6548) = 3.3355   at λ=0.6548 µm
k(OII7318) = 2.8906   at λ=0.7319 µm
k(OII7319) = 2.8901   at λ=0.7320 µm
k(OII7329) = 2.8854   at λ=0.7329 µm
k(OII7330) = 2.8844   at λ=0.7331 µm
k(SIII9068) = 2.1615   at λ=0.9069 µm (line missing; NaN placeholder)
--------------------------------------------------------------
/arc/home/RongjunHuang/ICRAR/further/SFR+Z.py:2085: RuntimeWarning: divide by zero encountered in divide
  N2 = NII_scaled / HB4861_FLUX_corr   # N2 = I([N II]λ6548 + λ6584)/I(Hβ)
/arc/home/RongjunHuang/ICRAR/further/SFR+Z.py:2086: RuntimeWarning: divide by zero encountered in divide
  S2 = (SII6716_FLUX_corr + SII6730_FLUX_corr) / HB4861_FLUX_corr  # S2 = I([S II]λ6717 + λ6731)/I(Hβ)
/arc/home/RongjunHuang/ICRAR/further/SFR+Z.py:2087: RuntimeWarning: divide by zero encountered in divide
  R3 = OIII_scaled / HB4861_FLUX_corr  # R3 = I([O III]λ4959 + λ5007)/I(Hβ) (same value as R2 in this case)
/arc/home/RongjunHuang/ICRAR/further/SFR+Z.py:2089: RuntimeWarning: invalid value encountered in divide
  log_R3_S2 = np.log10(R3/S2)
/arc/home/RongjunHuang/ICRAR/further/SFR+Z.py:2089: RuntimeWarning: divide by zero encountered in log10
  log_R3_S2 = np.log10(R3/S2)
/arc/home/RongjunHuang/ICRAR/further/SFR+Z.py:2114: RuntimeWarning: invalid value encountered in add
  O_H_PG16[upper_mask] = (a1_upper + a2_upper * log_R3_S2[upper_mask] + a3_upper * log_N2[upper_mask] +
/arc/home/RongjunHuang/ICRAR/further/SFR+Z.py:2184: RuntimeWarning: divide by zero encountered in divide
  oiii_hb = oiii5006_flux / hb4861_flux
/arc/home/RongjunHuang/ICRAR/further/SFR+Z.py:2186: RuntimeWarning: divide by zero encountered in log10
  o3n2_ratio = np.log10(oiii_hb / nii_ha)
/arc/home/RongjunHuang/ICRAR/further/SFR+Z.py:2231: RuntimeWarning: divide by zero encountered in divide
  oiii_hb = oiii5006_flux / hb4861_flux
/arc/home/RongjunHuang/ICRAR/further/SFR+Z.py:2233: RuntimeWarning: divide by zero encountered in log10
  o3n2_ratio = np.log10(oiii_hb / nii_ha)
/arc/home/RongjunHuang/ICRAR/further/SFR+Z.py:2290: RuntimeWarning: divide by zero encountered in divide
  oiii_hb = oiii5006_flux / hb4861_flux
/arc/home/RongjunHuang/ICRAR/further/SFR+Z.py:2292: RuntimeWarning: divide by zero encountered in log10
  o3n2_ratio = np.log10(oiii_hb / nii_ha)
/arc/home/RongjunHuang/ICRAR/further/SFR+Z.py:2392: RuntimeWarning: divide by zero encountered in divide
  oiii_hb = oiii5006_flux / hb4861_flux
/arc/home/RongjunHuang/ICRAR/further/SFR+Z.py:2395: RuntimeWarning: divide by zero encountered in divide
  sii_hb = sii_total / hb4861_flux
/arc/home/RongjunHuang/ICRAR/further/SFR+Z.py:2398: RuntimeWarning: invalid value encountered in divide
  o3s2_ratio = np.log10(oiii_hb / sii_hb)
/arc/home/RongjunHuang/ICRAR/further/SFR+Z.py:2398: RuntimeWarning: divide by zero encountered in log10
  o3s2_ratio = np.log10(oiii_hb / sii_hb)
Calculating all 6 C20 metallicities for IC3392...
Combined C20 metallicity: median = 8.667, range = (8.036, 8.884)
Combined C20 dominant-weight method usage: O3N2=46470, O3S2=0, RS32=2071, R3=19729, N2=0, S2=24278
Galaxy IC3392 inclination: 68.0° (cos θ = 0.375)
Inclination correction ENABLED: applying b/a = 0.418 (adopting intrinsic thickness q₀ = 0.2 for disc galaxy)
/arc/home/RongjunHuang/ICRAR/further/SFR+Z.py:3108: RuntimeWarning: divide by zero encountered in divide
  logO3  = np.log10(OIII5006_FLUX_corr / HB4861_FLUX_corr)       # [O III]/Hβ
/arc/home/RongjunHuang/ICRAR/further/SFR+Z.py:3108: RuntimeWarning: divide by zero encountered in log10
  logO3  = np.log10(OIII5006_FLUX_corr / HB4861_FLUX_corr)       # [O III]/Hβ
/arc/home/RongjunHuang/ICRAR/further/SFR+Z.py:3196: RuntimeWarning: invalid value encountered in add
  mask_N2_up, mask_S2_up = apply_bpt_masks(logN2=logN2, logS2=logS2, logO3=logO3+logO3_err)
--------------------------------------------------------------
HII-region model-grid inference
Common six-line corrected-input aperture: 18029 pixels in 2679 unique spatial bins; no extra S/N cut
Python interpreter: /arc/home/RongjunHuang/.conda/envs/ICRAR/bin/python
pyqz/NebulaBayes compatibility layer: model_grid_compat.py
pyqz 0.8.4.0: diagnostic=[NII]/[SII]+;[OIII]/[SII]+; Pk=5.0; struct=pp; kappa=inf; sampling=2; srs=800; KDE=multiv; seed=20260823; nproc=1
pyqz runtime overlay: /tmp/pyqz084-runtime-cfvzvkxq/pyqz/__init__.py
pyqz grid identity: MAPPINGS V HII Region Grid: QZ pp_GCZO_Pk50_kinf
pyqz bins: 1/2679 spectra complete (BINID 0, 0.3 s)
pyqz bins: 267/2679 spectra complete (BINID 268, 67.1 s)
pyqz bins: 534/2679 spectra complete (BINID 586, 131.5 s)
pyqz bins: 801/2679 spectra complete (BINID 1178, 196.1 s)
pyqz bins: 1068/2679 spectra complete (BINID 1481, 260.3 s)
pyqz bins: 1335/2679 spectra complete (BINID 1770, 317.8 s)
pyqz bins: 1602/2679 spectra complete (BINID 2089, 377.7 s)
pyqz bins: 1869/2679 spectra complete (BINID 2394, 438.4 s)
pyqz bins: 2136/2679 spectra complete (BINID 2696, 503.7 s)
pyqz bins: 2403/2679 spectra complete (BINID 3025, 572.8 s)
pyqz bins: 2670/2679 spectra complete (BINID 3767, 639.0 s)
pyqz bins: 2679/2679 spectra complete (BINID 3818, 643.3 s)
pyqz bins: no per-spectrum exceptions
Initialising NebulaBayes (v0.9.9) model...
INFO Initialising NebulaBayes (v0.9.9) model...
Loading input grid data...
INFO Loading input grid data...
Building flux arrays for the model grids...
INFO Building flux arrays for the model grids...
Resampling model emission line flux grids to shape (40, 20, 160) using linear interpolation...
INFO Resampling model emission line flux grids to shape (40, 20, 160) using linear interpolation...
    Interpolating for Hbeta...
INFO     Interpolating for Hbeta...
    Interpolating for OIII5007...
INFO     Interpolating for OIII5007...
    Interpolating for Halpha...
INFO     Interpolating for Halpha...
    Interpolating for NII6583...
INFO     Interpolating for NII6583...
    Interpolating for SII6716...
INFO     Interpolating for SII6716...
    Interpolating for SII6731...
INFO     Interpolating for SII6731...
Interpolated flux grid size is 1.02MB for 1 line and 6.14MB total for all 6 lines
DEBUG Interpolated flux grid size is 1.02MB for 1 line and 6.14MB total for all 6 lines
NebulaBayes 0.9.9: grid=/arc/home/RongjunHuang/.conda/envs/ICRAR/lib/python3.13/site-packages/NebulaBayes/grids/NB_HII_grid.fits.gz; parameters=['log U', 'log P/k', '12 + log O/H']; shape=(40, 20, 160); order=1; grid_error=0.1; norm=Hbeta; deredden=False; prior=Uniform
NebulaBayes bins: 1/2679 spectra complete (BINID 0, 0.0 s)
NebulaBayes bins: 267/2679 spectra complete (BINID 268, 4.3 s)
NebulaBayes bins: 534/2679 spectra complete (BINID 586, 8.5 s)
NebulaBayes bins: 801/2679 spectra complete (BINID 1178, 12.8 s)
NebulaBayes bins: 1068/2679 spectra complete (BINID 1481, 17.0 s)
NebulaBayes bins: 1335/2679 spectra complete (BINID 1770, 21.3 s)
NebulaBayes bins: 1602/2679 spectra complete (BINID 2089, 25.5 s)
NebulaBayes bins: 1869/2679 spectra complete (BINID 2394, 29.8 s)
NebulaBayes bins: 2136/2679 spectra complete (BINID 2696, 34.0 s)
NebulaBayes bins: 2403/2679 spectra complete (BINID 3025, 38.3 s)
NebulaBayes bins: 2670/2679 spectra complete (BINID 3767, 42.5 s)
NebulaBayes bins: 2679/2679 spectra complete (BINID 3818, 42.6 s)
NebulaBayes bins: no per-spectrum exceptions
JY22/Peng2026: ratios=N2,S2,R3; posterior means with marginal equal-tailed p16/p84; full raw-flux ratio covariance; error inflation=1.0
JY22 grid: /arc/home/RongjunHuang/ICRAR/further/Peng2026/photoionization_models/photoionization_grid_interpolated.fits; sha256=d7a219b60c9a1ea8b29339988c84b1832028b28b3c417d1c3c58b420831eb38a; requested logU=(-4.0, -0.5); retained logU=(-4.0, -0.5384615384615388); solar O/H=8.69
JY22 bins: 1/2679 spectra complete (BINID 0, 0.0 s)
JY22 bins: 267/2679 spectra complete (BINID 268, 0.1 s)
JY22 bins: 534/2679 spectra complete (BINID 586, 0.1 s)
JY22 bins: 801/2679 spectra complete (BINID 1178, 0.2 s)
JY22 bins: 1068/2679 spectra complete (BINID 1481, 0.2 s)
JY22 bins: 1335/2679 spectra complete (BINID 1770, 0.3 s)
JY22 bins: 1602/2679 spectra complete (BINID 2089, 0.3 s)
JY22 bins: 1869/2679 spectra complete (BINID 2394, 0.4 s)
JY22 bins: 2136/2679 spectra complete (BINID 2696, 0.5 s)
JY22 bins: 2403/2679 spectra complete (BINID 3025, 0.5 s)
JY22 bins: 2670/2679 spectra complete (BINID 3767, 0.6 s)
JY22 bins: 2679/2679 spectra complete (BINID 3818, 0.6 s)
JY22 bins: no per-spectrum exceptions
pyqz integrated HII: 1 per-spectrum exception(s)
  BINID(s) 0: UnboundLocalError: cannot access local variable 'path' where it is not associated with a value
/tmp/pyqz084-runtime-cfvzvkxq/pyqz/pyqz.py:849: RuntimeWarning: invalid value encountered in divide
  gridZ/= peak_val
pyqz integrated SF: no per-spectrum exceptions
NebulaBayes integrated: no per-spectrum exceptions
JY22 integrated: no per-spectrum exceptions
Integrated HII/SF model-grid results (common six-line raw aperture)
  HII: 14845 pixels, 2404 bins; integrated E(B-V)=0.47443+/-0.00021
    pyqz: O/H=nan+/-nan; LogQ=nan+/-nan; logU=nan+/-nan; flag=-99; off-grid=nan%; valid=0 (uncertainties: 0.61 KDE contour)
    NebulaBayes: O/H=8.89490 [8.85258, 8.92311]; logU=-2.87179 [-2.97436, -2.82051]; log(P/k)=4.20000 [-inf, 5.58947]; chi2_red=1.839e+04; nlocalmax=2; flag=12; valid=1
    JY22: O/H=9.09764 [9.09764, 9.09764]; logU=-0.66667 [-0.66667, -0.66667]; chi2_min=4.39e+05; E(B-V)=0.47443; flag=0; valid=1 (posterior means; marginal equal-tailed p16/p84)
  SF: 18029 pixels, 2679 bins; integrated E(B-V)=0.47133+/-0.00020
    pyqz: O/H=nan+/-nan; LogQ=nan+/-nan; logU=nan+/-nan; flag=1234; off-grid=0.00%; valid=0 (uncertainties: 0.61 KDE contour)
    NebulaBayes: O/H=8.86669 [8.82436, 8.90901]; logU=-2.92308 [-2.97436, -2.82051]; log(P/k)=4.20000 [-inf, 5.58947]; chi2_red=1.517e+04; nlocalmax=2; flag=12; valid=1
    JY22: O/H=9.09764 [9.09764, 9.09764]; logU=-0.79487 [-0.79487, -0.79487]; chi2_min=2.853e+05; E(B-V)=0.47133; flag=0; valid=1 (posterior means; marginal equal-tailed p16/p84)
Model covariance note: JY22 uses the full first-order N2/S2/R3 covariance from raw line errors and the shared Balmer correction; pyqz/NebulaBayes independent-error APIs do not represent the analogous shared covariance.
--------------------------------------------------------------
Loaded SII density lookup table: /arc/home/RongjunHuang/ICRAR/further/pyneb_sii_6716_6731_density_lookup_te8000_13000_step1000_ne20_100000_n4096.npz
DEBUG Creating converter from 3 to 5
PyNeb Te-method valid-pixel counts:
  NE_SII finite pixels: 22573
  NE_SII fixed at 20 cm^-3: 12537/22573 (55.5%)
  NE_SII exact high-density fallback pixels: 0
  NE_SII_ALL finite pixels: 94575
  Te(NII) HII pixels: 256
  Te(NII) SF pixels: 269
  Brazzini+2024 direct HII pixels: 0
  Brazzini+2024 direct SF pixels: 0
  NII+OII7325 semi-direct HII pixels: 11
  NII+OII7325 semi-direct SF pixels: 11
  Kreckel+2025 NII-only HII pixels: 0
  Kreckel+2025 NII-only SF pixels: 0
Integrated PyNeb Te-method values:
  SF:
    NE_SII: 20.00 +/- 0.00 cm^-3 (n_pix=17551, fixed20=1, exact_high_density=0)
    Te(NII): 26300.4 +/- 400.1 K (n_pix=458)
    O_H_BR24_DIRECT: nan dex (n_pix=0)
    O_H_NII_OII7325: 6.9170 +/- 0.0442 dex (n_pix=29)
    O_H_NII_K25: nan dex (n_pix=458)
  HII:
    NE_SII: 20.00 +/- 0.00 cm^-3 (n_pix=14771, fixed20=1, exact_high_density=0)
    Te(NII): 26403.4 +/- 424.3 K (n_pix=425)
    O_H_BR24_DIRECT: nan dex (n_pix=0)
    O_H_NII_OII7325: 6.9170 +/- 0.0442 dex (n_pix=29)
    O_H_NII_K25: nan dex (n_pix=425)
Further file written ➜ /arc/projects/mauve/products/v3tk_v7.6.8/IC3392/IC3392_gas_bin_maps_further.fits
--------------------------------------------------------------
Total non-nan spaxels: 94575
Number of pixels with Halpha not detected: 34030
Number of pixels with Halpha detected, Hbeta not detected: 37453
Number of pixels with Halpha detected, Hbeta detected, NII not detected, OIII not detected and unclassified1: 0
Number of pixels with Halpha detected, Hbeta detected, NII not detected, OIII detected and unclassified1: 0
Number of pixels with Halpha detected, Hbeta detected, NII detected, OIII not detected and unclassified1: 1333
Number of pixels with Halpha detected, Hbeta detected, NII detected, OIII detected and unclassified1: 3186
Number of pixels with Halpha detected, Hbeta detected, SII not detected, OIII not detected and unclassified1: 697
Number of pixels with Halpha detected, Hbeta detected, SII not detected, OIII detected and unclassified1: 1277
Number of pixels with Halpha detected, Hbeta detected, SII detected, OIII not detected and unclassified1: 636
Number of pixels with Halpha detected, Hbeta detected, SII detected, OIII detected and unclassified1: 1909
--------------------------------------------------------------
Total Halpha luminosity map sum (detections + upper-limit substitutions): 3.26e+40 erg/s
Total corrected Halpha luminosity from SF region: 3.13e+40 erg/s
Total Halpha SFR map sum (detections + upper-limit substitutions): 0.16 M☉/yr or in log10 scale: -0.79 log(M☉/yr)
Total Halpha SFR from SF region: 0.16 M☉/yr or in log10 scale: -0.81 log(M☉/yr)
Total Halpha SFR from HII region: 0.15 M☉/yr or in log10 scale: -0.83 log(M☉/yr)
--------------------------------------------------------------
[O/H] D16 SF: Total metallicity in SF region:  8.788803302944443
[O/H] PG16 SF: Total metallicity in SF region:  8.54272322259498
[O/H] N2S2-N06 SF: Total metallicity in SF region:  9.095924451280561
[O/H] O3N2-M13 SF: Total metallicity in SF region:  8.56320744202506
[O/H] N2-M13 SF: Total metallicity in SF region:  8.499439257230621
[O/H] O3N2-PP04 SF: Total metallicity in SF region:  8.775170006766446
[O/H] N2-PP04 SF: Total metallicity in SF region:  8.603110492397942
[O/H] O3N2-C20 SF: Total metallicity in SF region:  8.775144629652642
[O/H] O3S2-C20 SF: Total metallicity in SF region:  8.826317881511105
[O/H] RS32-C20 SF: Total metallicity in SF region:  8.805752448598698
[O/H] R3-C20 SF: Total metallicity in SF region:  8.789891315662349
[O/H] N2-C20 SF: Total metallicity in SF region:  8.665706946042201
[O/H] S2-C20 SF: Total metallicity in SF region:  8.84572548334439
[O/H] Combined-C20 SF: Total metallicity in SF region:  8.797049957217508 (weighted 6 methods; dominant S2)
--------------------------------------------------------------
[O/H] D16 HII: Total metallicity in HII region:  8.783555202039693
[O/H] PG16 HII: Total metallicity in HII region:  8.53843963848821
[O/H] N2S2-N06 HII: Total metallicity in HII region:  9.095585016696479
[O/H] O3N2-M13 HII: Total metallicity in HII region:  8.567559868350145
[O/H] N2-M13 HII: Total metallicity in HII region:  8.491226947188334
[O/H] O3N2-PP04 HII: Total metallicity in HII region:  8.781678307813301
[O/H] N2-PP04 HII: Total metallicity in HII region:  8.586134886257524
[O/H] O3N2-C20 HII: Total metallicity in HII region:  8.779086069373554
[O/H] O3S2-C20 HII: Total metallicity in HII region:  8.830483984689106
[O/H] RS32-C20 HII: Total metallicity in HII region:  8.814967219610722
[O/H] R3-C20 HII: Total metallicity in HII region:  8.7986926671153
[O/H] N2-C20 HII: Total metallicity in HII region:  8.654938848583596
[O/H] S2-C20 HII: Total metallicity in HII region:  8.851436905269468
[O/H] Combined-C20 HII: Total metallicity in HII region:  8.801896973681385 (weighted 6 methods; dominant S2)
--------------------------------------------------------------
[O/H] D16: Total metallicity in total region:  8.82313818390818
[O/H] PG16: Total metallicity in total region:  8.571654422595918
[O/H] N2S2-N06: Total metallicity in total region:  9.104759072050784
[O/H] O3N2-M13: Total metallicity in total region:  8.525999787558648
[O/H] N2-M13: Total metallicity in total region:  8.537638354636284
[O/H] O3N2-PP04: Total metallicity in total region:  8.719532392611063
[O/H] N2-PP04: Total metallicity in total region:  8.688506004433142
[O/H] O3N2-C20: Total metallicity in total region:  8.740874832953047
[O/H] O3S2-C20: Total metallicity in total region:  8.788343707478592
[O/H] RS32-C20: Total metallicity in total region:  8.744888283132006
[O/H] R3-C20: Total metallicity in total region:  8.726610460555019
[O/H] N2-C20: Total metallicity in total region:  8.721153894224857
[O/H] S2-C20: Total metallicity in total region:  8.819379657981914
[O/H] Combined-C20: Total metallicity in total region:  8.763617478157425 (weighted 6 methods; dominant S2)
--------------------------------------------------------------
Total runtime: 776.8 s
✅  IC3392 finished in 13m1s
