Python executable: /arc/home/RongjunHuang/.conda/envs/ICRAR/bin/python
Python 3.13.3
PYTHONUNBUFFERED: 1
Product root     : /arc/projects/mauve/products
Product subdir   : v3tk_v7.6.8
Local fallback   : /arc/home/RongjunHuang/ICRAR/further

Shared input keyword ➜ <none>
Reading gas-line FITS ➜ /arc/projects/mauve/products/v3tk_v7.6.8/NGC4522/NGC4522_gas_bin_maps.fits
Matched binning FITS ➜ /arc/projects/mauve/products/v3tk_v7.6.8/NGC4522/NGC4522_spatial_binning_maps_further.fits
Spatial mask FITS ➜ /arc/projects/mauve/products/v3tk_v7.6.8/NGC4522/NGC4522_mask.fits
Gas-line maps collapsed onto spatial BINID: 2593 bins
Available gas-line flux/error pairs:
  - HB4861
  - OIII4958
  - OIII5006
  - NII5754
  - OI6300
  - SIII6312
  - OI6363
  - NII6548
  - HA6562
  - NII6583
  - SII6716
  - SII6730
  - OII7318
  - OII7319
  - OII7329
  - OII7330
Te-method optional emission-line availability:
  - OIII4958: available
  - NII5754: available
  - SIII6312: available
  - NII6548: available
  - OII7318: available
  - OII7319: available
  - OII7329: available
  - OII7330: available
  - SIII9068: missing
Spatial mask applied: MASKFILE[MASK] table; row-major MASK == 0; keep=177025, masked=211785, finite H-alpha after mask=177025
/arc/home/RongjunHuang/ICRAR/further/SFR+Z.py:1223: RuntimeWarning: divide by zero encountered in divide
  BD = HA6562_FLUX / HB4861_FLUX
/arc/home/RongjunHuang/ICRAR/further/SFR+Z.py:1223: RuntimeWarning: invalid value encountered in divide
  BD = HA6562_FLUX / HB4861_FLUX
--------------------------------------------------------------
Extinction law for k(λ)=A(λ)/E(B−V): calzetti
k(Hβ 4861Å)  = 4.5981   at λ=0.4861 µm
k(Hα 6562Å)  = 3.3264   at λ=0.6562 µm
k([OIII]5006)= 4.4647   at λ=0.5006 µm
k([NII]6583) = 3.3130   at λ=0.6583 µm
k([SII]6716) = 3.2298   at λ=0.6716 µm
k([SII]6730) = 3.2212   at λ=0.6730 µm
k(OIII4958) = 4.5083   at λ=0.4958 µm
k(NII5754) = 3.8531   at λ=0.5755 µm
k(OI6300) = 3.5017   at λ=0.6300 µm
k(SIII6312) = 3.4934   at λ=0.6312 µm
k(OI6363) = 3.4582   at λ=0.6363 µm
k(NII6548) = 3.3355   at λ=0.6548 µm
k(OII7318) = 2.8906   at λ=0.7319 µm
k(OII7319) = 2.8901   at λ=0.7320 µm
k(OII7329) = 2.8854   at λ=0.7329 µm
k(OII7330) = 2.8844   at λ=0.7331 µm
k(SIII9068) = 2.1615   at λ=0.9069 µm (line missing; NaN placeholder)
--------------------------------------------------------------
/arc/home/RongjunHuang/ICRAR/further/SFR+Z.py:2103: RuntimeWarning: divide by zero encountered in divide
  y = np.log10(NII6583_FLUX_corr / (SII6716_FLUX_corr + SII6730_FLUX_corr)) + 0.264*np.log10(NII6583_FLUX_corr / HA6562_FLUX_corr)
/arc/home/RongjunHuang/ICRAR/further/SFR+Z.py:2103: RuntimeWarning: invalid value encountered in divide
  y = np.log10(NII6583_FLUX_corr / (SII6716_FLUX_corr + SII6730_FLUX_corr)) + 0.264*np.log10(NII6583_FLUX_corr / HA6562_FLUX_corr)
/arc/home/RongjunHuang/ICRAR/further/SFR+Z.py:2103: RuntimeWarning: divide by zero encountered in log10
  y = np.log10(NII6583_FLUX_corr / (SII6716_FLUX_corr + SII6730_FLUX_corr)) + 0.264*np.log10(NII6583_FLUX_corr / HA6562_FLUX_corr)
/arc/home/RongjunHuang/ICRAR/further/SFR+Z.py:2114: RuntimeWarning: divide by zero encountered in divide
  N2 = NII_scaled / HB4861_FLUX_corr   # N2 = I([N II]λ6548 + λ6584)/I(Hβ)
/arc/home/RongjunHuang/ICRAR/further/SFR+Z.py:2115: RuntimeWarning: divide by zero encountered in divide
  S2 = (SII6716_FLUX_corr + SII6730_FLUX_corr) / HB4861_FLUX_corr  # S2 = I([S II]λ6717 + λ6731)/I(Hβ)
/arc/home/RongjunHuang/ICRAR/further/SFR+Z.py:2115: RuntimeWarning: invalid value encountered in divide
  S2 = (SII6716_FLUX_corr + SII6730_FLUX_corr) / HB4861_FLUX_corr  # S2 = I([S II]λ6717 + λ6731)/I(Hβ)
/arc/home/RongjunHuang/ICRAR/further/SFR+Z.py:2116: RuntimeWarning: divide by zero encountered in divide
  R3 = OIII_scaled / HB4861_FLUX_corr  # R3 = I([O III]λ4959 + λ5007)/I(Hβ) (same value as R2 in this case)
/arc/home/RongjunHuang/ICRAR/further/SFR+Z.py:2116: RuntimeWarning: invalid value encountered in divide
  R3 = OIII_scaled / HB4861_FLUX_corr  # R3 = I([O III]λ4959 + λ5007)/I(Hβ) (same value as R2 in this case)
/arc/home/RongjunHuang/ICRAR/further/SFR+Z.py:2118: RuntimeWarning: divide by zero encountered in divide
  log_R3_S2 = np.log10(R3/S2)
/arc/home/RongjunHuang/ICRAR/further/SFR+Z.py:2118: RuntimeWarning: invalid value encountered in divide
  log_R3_S2 = np.log10(R3/S2)
/arc/home/RongjunHuang/ICRAR/further/SFR+Z.py:2118: RuntimeWarning: divide by zero encountered in log10
  log_R3_S2 = np.log10(R3/S2)
/arc/home/RongjunHuang/ICRAR/further/SFR+Z.py:2119: RuntimeWarning: divide by zero encountered in log10
  log_N2 = np.log10(N2)
/arc/home/RongjunHuang/ICRAR/further/SFR+Z.py:2120: RuntimeWarning: divide by zero encountered in log10
  log_S2 = np.log10(S2)
/arc/home/RongjunHuang/ICRAR/further/SFR+Z.py:2143: RuntimeWarning: invalid value encountered in add
  O_H_PG16[upper_mask] = (a1_upper + a2_upper * log_R3_S2[upper_mask] + a3_upper * log_N2[upper_mask] +
/arc/home/RongjunHuang/ICRAR/further/SFR+Z.py:2147: RuntimeWarning: invalid value encountered in add
  (a4_lower + a5_lower * log_R3_S2[lower_mask] + a6_lower * log_N2[lower_mask]) * log_S2[lower_mask])
/arc/home/RongjunHuang/ICRAR/further/SFR+Z.py:2146: RuntimeWarning: invalid value encountered in add
  O_H_PG16[lower_mask] = (a1_lower + a2_lower * log_R3_S2[lower_mask] + a3_lower * log_N2[lower_mask] +
/arc/home/RongjunHuang/ICRAR/further/SFR+Z.py:2168: RuntimeWarning: divide by zero encountered in divide
  n2s2_ratio = np.log10(nii6583_flux / sii_total)
/arc/home/RongjunHuang/ICRAR/further/SFR+Z.py:2168: RuntimeWarning: invalid value encountered in divide
  n2s2_ratio = np.log10(nii6583_flux / sii_total)
/arc/home/RongjunHuang/ICRAR/further/SFR+Z.py:2168: RuntimeWarning: divide by zero encountered in log10
  n2s2_ratio = np.log10(nii6583_flux / sii_total)
/arc/home/RongjunHuang/ICRAR/further/SFR+Z.py:2213: RuntimeWarning: divide by zero encountered in divide
  oiii_hb = oiii5006_flux / hb4861_flux
/arc/home/RongjunHuang/ICRAR/further/SFR+Z.py:2213: RuntimeWarning: invalid value encountered in divide
  oiii_hb = oiii5006_flux / hb4861_flux
/arc/home/RongjunHuang/ICRAR/further/SFR+Z.py:2214: RuntimeWarning: divide by zero encountered in divide
  nii_ha = nii6583_flux / ha6562_flux
/arc/home/RongjunHuang/ICRAR/further/SFR+Z.py:2215: RuntimeWarning: divide by zero encountered in divide
  o3n2_ratio = np.log10(oiii_hb / nii_ha)
/arc/home/RongjunHuang/ICRAR/further/SFR+Z.py:2215: RuntimeWarning: invalid value encountered in divide
  o3n2_ratio = np.log10(oiii_hb / nii_ha)
/arc/home/RongjunHuang/ICRAR/further/SFR+Z.py:2215: RuntimeWarning: divide by zero encountered in log10
  o3n2_ratio = np.log10(oiii_hb / nii_ha)
/arc/home/RongjunHuang/ICRAR/further/SFR+Z.py:2237: RuntimeWarning: divide by zero encountered in divide
  n2_ratio = np.log10(nii6583_flux / ha6562_flux)
/arc/home/RongjunHuang/ICRAR/further/SFR+Z.py:2237: RuntimeWarning: divide by zero encountered in log10
  n2_ratio = np.log10(nii6583_flux / ha6562_flux)
/arc/home/RongjunHuang/ICRAR/further/SFR+Z.py:2260: RuntimeWarning: divide by zero encountered in divide
  oiii_hb = oiii5006_flux / hb4861_flux
/arc/home/RongjunHuang/ICRAR/further/SFR+Z.py:2260: RuntimeWarning: invalid value encountered in divide
  oiii_hb = oiii5006_flux / hb4861_flux
/arc/home/RongjunHuang/ICRAR/further/SFR+Z.py:2261: RuntimeWarning: divide by zero encountered in divide
  nii_ha = nii6583_flux / ha6562_flux
/arc/home/RongjunHuang/ICRAR/further/SFR+Z.py:2262: RuntimeWarning: divide by zero encountered in divide
  o3n2_ratio = np.log10(oiii_hb / nii_ha)
/arc/home/RongjunHuang/ICRAR/further/SFR+Z.py:2262: RuntimeWarning: invalid value encountered in divide
  o3n2_ratio = np.log10(oiii_hb / nii_ha)
/arc/home/RongjunHuang/ICRAR/further/SFR+Z.py:2262: RuntimeWarning: divide by zero encountered in log10
  o3n2_ratio = np.log10(oiii_hb / nii_ha)
/arc/home/RongjunHuang/ICRAR/further/SFR+Z.py:2284: RuntimeWarning: divide by zero encountered in divide
  n2_ratio = np.log10(nii6583_flux / ha6562_flux)
/arc/home/RongjunHuang/ICRAR/further/SFR+Z.py:2284: RuntimeWarning: divide by zero encountered in log10
  n2_ratio = np.log10(nii6583_flux / ha6562_flux)
/arc/home/RongjunHuang/ICRAR/further/SFR+Z.py:2319: RuntimeWarning: divide by zero encountered in divide
  oiii_hb = oiii5006_flux / hb4861_flux
/arc/home/RongjunHuang/ICRAR/further/SFR+Z.py:2319: RuntimeWarning: invalid value encountered in divide
  oiii_hb = oiii5006_flux / hb4861_flux
/arc/home/RongjunHuang/ICRAR/further/SFR+Z.py:2320: RuntimeWarning: divide by zero encountered in divide
  nii_ha = nii6583_flux / ha6562_flux
/arc/home/RongjunHuang/ICRAR/further/SFR+Z.py:2321: RuntimeWarning: divide by zero encountered in divide
  o3n2_ratio = np.log10(oiii_hb / nii_ha)
/arc/home/RongjunHuang/ICRAR/further/SFR+Z.py:2321: RuntimeWarning: invalid value encountered in divide
  o3n2_ratio = np.log10(oiii_hb / nii_ha)
/arc/home/RongjunHuang/ICRAR/further/SFR+Z.py:2321: RuntimeWarning: divide by zero encountered in log10
  o3n2_ratio = np.log10(oiii_hb / nii_ha)
/arc/home/RongjunHuang/ICRAR/further/SFR+Z.py:2421: RuntimeWarning: divide by zero encountered in divide
  oiii_hb = oiii5006_flux / hb4861_flux
/arc/home/RongjunHuang/ICRAR/further/SFR+Z.py:2421: RuntimeWarning: invalid value encountered in divide
  oiii_hb = oiii5006_flux / hb4861_flux
/arc/home/RongjunHuang/ICRAR/further/SFR+Z.py:2424: RuntimeWarning: divide by zero encountered in divide
  sii_hb = sii_total / hb4861_flux
/arc/home/RongjunHuang/ICRAR/further/SFR+Z.py:2424: RuntimeWarning: invalid value encountered in divide
  sii_hb = sii_total / hb4861_flux
/arc/home/RongjunHuang/ICRAR/further/SFR+Z.py:2427: RuntimeWarning: divide by zero encountered in divide
  o3s2_ratio = np.log10(oiii_hb / sii_hb)
/arc/home/RongjunHuang/ICRAR/further/SFR+Z.py:2427: RuntimeWarning: invalid value encountered in divide
  o3s2_ratio = np.log10(oiii_hb / sii_hb)
/arc/home/RongjunHuang/ICRAR/further/SFR+Z.py:2427: RuntimeWarning: divide by zero encountered in log10
  o3s2_ratio = np.log10(oiii_hb / sii_hb)
Calculating all 6 C20 metallicities for NGC4522...
Combined C20 metallicity: median = 8.688, range = (8.083, 8.950)
Combined C20 dominant-weight method usage: O3N2=19733, O3S2=609, RS32=1061, R3=125275, N2=1313, S2=6740
Galaxy NGC4522 inclination: 82.0° (cos θ = 0.139)
Inclination correction ENABLED: applying b/a = 0.242 (adopting intrinsic thickness q₀ = 0.2 for disc galaxy)
/arc/home/RongjunHuang/ICRAR/further/SFR+Z.py:3135: RuntimeWarning: divide by zero encountered in divide
  logN2  = np.log10(NII6583_FLUX_corr / HA6562_FLUX_corr)        # [N II]/Hα
/arc/home/RongjunHuang/ICRAR/further/SFR+Z.py:3135: RuntimeWarning: divide by zero encountered in log10
  logN2  = np.log10(NII6583_FLUX_corr / HA6562_FLUX_corr)        # [N II]/Hα
/arc/home/RongjunHuang/ICRAR/further/SFR+Z.py:3136: RuntimeWarning: divide by zero encountered in divide
  logS2  = np.log10((SII6716_FLUX_corr+SII6730_FLUX_corr) / HA6562_FLUX_corr)   # Σ[S II]/Hα
/arc/home/RongjunHuang/ICRAR/further/SFR+Z.py:3136: RuntimeWarning: invalid value encountered in divide
  logS2  = np.log10((SII6716_FLUX_corr+SII6730_FLUX_corr) / HA6562_FLUX_corr)   # Σ[S II]/Hα
/arc/home/RongjunHuang/ICRAR/further/SFR+Z.py:3136: RuntimeWarning: divide by zero encountered in log10
  logS2  = np.log10((SII6716_FLUX_corr+SII6730_FLUX_corr) / HA6562_FLUX_corr)   # Σ[S II]/Hα
/arc/home/RongjunHuang/ICRAR/further/SFR+Z.py:3137: RuntimeWarning: divide by zero encountered in divide
  logO3  = np.log10(OIII5006_FLUX_corr / HB4861_FLUX_corr)       # [O III]/Hβ
/arc/home/RongjunHuang/ICRAR/further/SFR+Z.py:3137: RuntimeWarning: invalid value encountered in divide
  logO3  = np.log10(OIII5006_FLUX_corr / HB4861_FLUX_corr)       # [O III]/Hβ
/arc/home/RongjunHuang/ICRAR/further/SFR+Z.py:3137: RuntimeWarning: divide by zero encountered in log10
  logO3  = np.log10(OIII5006_FLUX_corr / HB4861_FLUX_corr)       # [O III]/Hβ
/arc/home/RongjunHuang/ICRAR/further/SFR+Z.py:3223: RuntimeWarning: invalid value encountered in add
  mask_N2_right, mask_S2_right = apply_bpt_masks(logN2=logN2+logN2_err, logS2=logS2+logS2_err, logO3=logO3)
/arc/home/RongjunHuang/ICRAR/further/SFR+Z.py:3225: RuntimeWarning: invalid value encountered in add
  mask_N2_up, mask_S2_up = apply_bpt_masks(logN2=logN2, logS2=logS2, logO3=logO3+logO3_err)
--------------------------------------------------------------
HII-region model-grid inference
pyqz/NebulaBayes six-line corrected-input aperture: 49769 pixels in 1651 unique spatial bins; no extra S/N cut
JY22 six-line raw-input aperture: 49769 pixels in 1651 unique spatial bins; no extra S/N cut
Python interpreter: /arc/home/RongjunHuang/.conda/envs/ICRAR/bin/python
pyqz/NebulaBayes compatibility layer: model_grid_compat.py
pyqz 0.8.4.0: diagnostic=[NII]/[SII]+;[OIII]/[SII]+; Pk=5.0; struct=pp; kappa=inf; sampling=2; srs=800; KDE=multiv; seed=20260823; nproc=1
pyqz runtime overlay: /tmp/pyqz084-runtime-pu6e3ob3/pyqz/__init__.py
pyqz grid identity: MAPPINGS V HII Region Grid: QZ pp_GCZO_Pk50_kinf
pyqz bins: 1/1651 spectra complete (BINID 0, 0.9 s)
pyqz bins: 165/1651 spectra complete (BINID 167, 156.6 s)
pyqz bins: 330/1651 spectra complete (BINID 353, 307.2 s)
pyqz bins: 495/1651 spectra complete (BINID 559, 462.4 s)
pyqz bins: 660/1651 spectra complete (BINID 731, 619.4 s)
pyqz bins: 825/1651 spectra complete (BINID 903, 776.7 s)
pyqz bins: 990/1651 spectra complete (BINID 1086, 941.0 s)
pyqz bins: 1155/1651 spectra complete (BINID 1407, 1109.8 s)
pyqz bins: 1320/1651 spectra complete (BINID 1755, 1276.9 s)
pyqz bins: 1485/1651 spectra complete (BINID 2031, 1441.2 s)
pyqz bins: 1650/1651 spectra complete (BINID 2555, 1600.7 s)
pyqz bins: 1651/1651 spectra complete (BINID 2559, 1602.1 s)
pyqz bins: 1 per-spectrum exception(s)
  BINID(s) 2249: UnboundLocalError: cannot access local variable 'path' where it is not associated with a value
Initialising NebulaBayes (v0.9.9) model...
INFO Initialising NebulaBayes (v0.9.9) model...
Loading input grid data...
INFO Loading input grid data...
Building flux arrays for the model grids...
INFO Building flux arrays for the model grids...
Resampling model emission line flux grids to shape (40, 20, 160) using linear interpolation...
INFO Resampling model emission line flux grids to shape (40, 20, 160) using linear interpolation...
    Interpolating for Hbeta...
INFO     Interpolating for Hbeta...
    Interpolating for OIII5007...
INFO     Interpolating for OIII5007...
    Interpolating for Halpha...
INFO     Interpolating for Halpha...
    Interpolating for NII6583...
INFO     Interpolating for NII6583...
    Interpolating for SII6716...
INFO     Interpolating for SII6716...
    Interpolating for SII6731...
INFO     Interpolating for SII6731...
Interpolated flux grid size is 1.02MB for 1 line and 6.14MB total for all 6 lines
DEBUG Interpolated flux grid size is 1.02MB for 1 line and 6.14MB total for all 6 lines
NebulaBayes 0.9.9: grid=/arc/home/RongjunHuang/.conda/envs/ICRAR/lib/python3.13/site-packages/NebulaBayes/grids/NB_HII_grid.fits.gz; parameters=['log U', 'log P/k', '12 + log O/H']; shape=(40, 20, 160); order=1; grid_error=0.1; norm=Hbeta; deredden=False; prior=Uniform
NebulaBayes bins: 1/1651 spectra complete (BINID 0, 0.1 s)
NebulaBayes bins: 165/1651 spectra complete (BINID 167, 13.3 s)
NebulaBayes bins: 330/1651 spectra complete (BINID 353, 26.7 s)
NebulaBayes bins: 495/1651 spectra complete (BINID 559, 39.8 s)
NebulaBayes bins: 660/1651 spectra complete (BINID 731, 53.1 s)
NebulaBayes bins: 825/1651 spectra complete (BINID 903, 66.1 s)
NebulaBayes bins: 990/1651 spectra complete (BINID 1086, 78.6 s)
NebulaBayes bins: 1155/1651 spectra complete (BINID 1407, 90.9 s)
NebulaBayes bins: 1320/1651 spectra complete (BINID 1755, 103.3 s)
NebulaBayes bins: 1485/1651 spectra complete (BINID 2031, 116.1 s)
NebulaBayes bins: 1650/1651 spectra complete (BINID 2555, 128.9 s)
NebulaBayes bins: 1651/1651 spectra complete (BINID 2559, 129.0 s)
NebulaBayes bins: no per-spectrum exceptions
JY22/Peng2026: raw close-pair ratios=N2,S2,R3; posterior means with marginal equal-tailed p16/p84; full raw-ratio covariance; post-depletion O/H=pre-depletion-0.22; empirical chi2<=25 gross-mismatch cut; not a physical boundary; error inflation=1.0
JY22 grid: /arc/home/RongjunHuang/ICRAR/further/Peng2026/photoionization_models/photoionization_grid_interpolated.fits; sha256=d7a219b60c9a1ea8b29339988c84b1832028b28b3c417d1c3c58b420831eb38a; inference_shape=(200, 200); requested logU=(-4.0, -0.5); retained logU=(-4.0, -0.5); solar O/H=8.69
JY22 bins: 1/1651 spectra complete (BINID 0, 0.0 s)
JY22 bins: 165/1651 spectra complete (BINID 167, 1.9 s)
JY22 bins: 330/1651 spectra complete (BINID 353, 3.8 s)
JY22 bins: 495/1651 spectra complete (BINID 559, 5.7 s)
JY22 bins: 660/1651 spectra complete (BINID 731, 7.6 s)
JY22 bins: 825/1651 spectra complete (BINID 903, 9.6 s)
JY22 bins: 990/1651 spectra complete (BINID 1086, 11.5 s)
JY22 bins: 1155/1651 spectra complete (BINID 1407, 13.5 s)
JY22 bins: 1320/1651 spectra complete (BINID 1755, 15.5 s)
JY22 bins: 1485/1651 spectra complete (BINID 2031, 17.5 s)
JY22 bins: 1650/1651 spectra complete (BINID 2555, 19.5 s)
JY22 bins: 1651/1651 spectra complete (BINID 2559, 19.5 s)
JY22 bins: no per-spectrum exceptions
/tmp/pyqz084-runtime-pu6e3ob3/pyqz/pyqz.py:849: RuntimeWarning: invalid value encountered in divide
  gridZ/= peak_val
pyqz integrated HII: no per-spectrum exceptions
pyqz integrated HII: BINID 0 adaptive-local-KDE recovery: non-finite native flag=1234; adaptive local KDE 257x257
/tmp/pyqz084-runtime-pu6e3ob3/pyqz/pyqz.py:849: RuntimeWarning: invalid value encountered in divide
  gridZ/= peak_val
pyqz integrated SF: no per-spectrum exceptions
pyqz integrated SF: BINID 1 adaptive-local-KDE recovery: non-finite native flag=1234; adaptive local KDE 257x257
NebulaBayes integrated: no per-spectrum exceptions
JY22 integrated: no per-spectrum exceptions
Integrated HII/SF model-grid results (common six-line raw aperture)
  HII: 49564 pixels, 1642 bins; integrated E(B-V)=0.40399+/-0.00007
    pyqz: O/H=8.36973+/-0.00022; LogQ=6.80727+/-0.00011; logU=-3.66985+/-0.00011; flag=13; off-grid=0.00%; valid=1; method=adaptive-local-KDE recovery (uncertainties: 0.61 KDE contour)
    NebulaBayes means: O/H=8.57072 [8.52812, 8.61276]; logU=-3.39835 [-3.48718, -3.33333]; log(P/k)=5.71008 [4.89474, 6.51579]; sampled modes=(8.59865, -3.38462, 6.05263); reliable=(1, 1, 1); chi2_red=1.265e+05; nlocalmax=2; flag=0; valid=1
    JY22 gas O/H=8.68944 [8.68944, 8.68944]; pre-depletion O/H=8.90944 [8.90944, 8.90944]; logU=-1.74874 [-1.74874, -1.74874]; chi2_min=5267; residuals(N2,S2,R3)=(-0.0008, -0.0012, -0.0034); residual norm=0.0037; fit_ok=0; flag=32; valid=1 (posterior means; marginal equal-tailed p16/p84)
  SF: 49769 pixels, 1651 bins; integrated E(B-V)=0.40374+/-0.00007
    pyqz: O/H=8.36966+/-0.00022; LogQ=6.80714+/-0.00011; logU=-3.66998+/-0.00011; flag=13; off-grid=0.00%; valid=1; method=adaptive-local-KDE recovery (uncertainties: 0.61 KDE contour)
    NebulaBayes means: O/H=8.57104 [8.52812, 8.61276]; logU=-3.39822 [-3.48718, -3.33333]; log(P/k)=5.71435 [4.89474, 6.51579]; sampled modes=(8.59865, -3.38462, 6.05263); reliable=(1, 1, 1); chi2_red=1.286e+05; nlocalmax=2; flag=0; valid=1
    JY22 gas O/H=8.68944 [8.68944, 8.68944]; pre-depletion O/H=8.90944 [8.90944, 8.90944]; logU=-1.74874 [-1.74874, -1.74874]; chi2_min=2206; residuals(N2,S2,R3)=(-0.0003, -0.0006, -0.0030); residual norm=0.0031; fit_ok=0; flag=32; valid=1 (posterior means; marginal equal-tailed p16/p84)
Model covariance note: JY22 uses the full first-order N2/S2/R3 covariance from raw close-pair ratios and shared denominators; pyqz/NebulaBayes independent-error APIs do not represent the analogous shared covariance.
--------------------------------------------------------------
Loaded SII density lookup table: /arc/home/RongjunHuang/ICRAR/further/pyneb_sii_6716_6731_density_lookup_te8000_13000_step1000_ne20_100000_n4096.npz
DEBUG Creating converter from 3 to 5
PyNeb Te-method valid-pixel counts:
  NE_SII finite pixels: 81475
  NE_SII fixed at 20 cm^-3: 39192/81475 (48.1%)
  NE_SII exact high-density fallback pixels: 0
  NE_SII_ALL finite pixels: 177025
  Te(NII) HII pixels: 233
  Te(NII) SF pixels: 233
  Brazzini+2024 direct HII pixels: 0
  Brazzini+2024 direct SF pixels: 0
  NII+OII7325 semi-direct HII pixels: 123
  NII+OII7325 semi-direct SF pixels: 123
  Kreckel+2025 NII-only HII pixels: 110
  Kreckel+2025 NII-only SF pixels: 110
Integrated PyNeb Te-method values:
  SF:
    NE_SII: 20.00 +/- 0.00 cm^-3 (n_pix=45423, fixed20=0, exact_high_density=0)
    Te(NII): 9813.4 +/- 49.0 K (n_pix=271)
    O_H_BR24_DIRECT: nan dex (n_pix=0)
    O_H_NII_OII7325: 8.3920 +/- 0.0490 dex (n_pix=123)
    O_H_NII_K25: 8.5122 +/- 0.2035 dex (n_pix=271)
  HII:
    NE_SII: 20.00 +/- 0.00 cm^-3 (n_pix=45218, fixed20=0, exact_high_density=0)
    Te(NII): 9813.4 +/- 49.0 K (n_pix=271)
    O_H_BR24_DIRECT: nan dex (n_pix=0)
    O_H_NII_OII7325: 8.3920 +/- 0.0490 dex (n_pix=123)
    O_H_NII_K25: 8.5122 +/- 0.2035 dex (n_pix=271)
WARNING: VerifyWarning: Card is too long, comment will be truncated. [astropy.io.fits.card]
WARNING VerifyWarning: Card is too long, comment will be truncated.
Further file written ➜ /arc/projects/mauve/products/v3tk_v7.6.8/NGC4522/NGC4522_gas_bin_maps_further.fits
--------------------------------------------------------------
Total non-nan spaxels: 177025
Number of pixels with Halpha not detected: 51185
Number of pixels with Halpha detected, Hbeta not detected: 52743
Number of pixels with Halpha detected, Hbeta detected, NII not detected, OIII not detected and unclassified1: 35
Number of pixels with Halpha detected, Hbeta detected, NII not detected, OIII detected and unclassified1: 0
Number of pixels with Halpha detected, Hbeta detected, NII detected, OIII not detected and unclassified1: 56
Number of pixels with Halpha detected, Hbeta detected, NII detected, OIII detected and unclassified1: 266
Number of pixels with Halpha detected, Hbeta detected, SII not detected, OIII not detected and unclassified1: 62
Number of pixels with Halpha detected, Hbeta detected, SII not detected, OIII detected and unclassified1: 0
Number of pixels with Halpha detected, Hbeta detected, SII detected, OIII not detected and unclassified1: 29
Number of pixels with Halpha detected, Hbeta detected, SII detected, OIII detected and unclassified1: 266
--------------------------------------------------------------
Total Halpha luminosity map sum (detections + upper-limit substitutions): 5.06e+40 erg/s
Total corrected Halpha luminosity from SF region: 4.67e+40 erg/s
Total Halpha SFR map sum (detections + upper-limit substitutions): 0.25 M☉/yr or in log10 scale: -0.60 log(M☉/yr)
Total Halpha SFR from SF region: 0.23 M☉/yr or in log10 scale: -0.63 log(M☉/yr)
Total Halpha SFR from HII region: 0.23 M☉/yr or in log10 scale: -0.63 log(M☉/yr)
--------------------------------------------------------------
[O/H] D16 SF: Total metallicity in SF region:  8.518741025872952
[O/H] PG16 SF: Total metallicity in SF region:  8.44718650993144
[O/H] N2S2-N06 SF: Total metallicity in SF region:  8.84932910080527
[O/H] O3N2-M13 SF: Total metallicity in SF region:  8.512233134031016
[O/H] N2-M13 SF: Total metallicity in SF region:  8.510813150347063
[O/H] O3N2-PP04 SF: Total metallicity in SF region:  8.698946742476288
[O/H] N2-PP04 SF: Total metallicity in SF region:  8.627410514113395
[O/H] O3N2-C20 SF: Total metallicity in SF region:  8.72792173245848
[O/H] O3S2-C20 SF: Total metallicity in SF region:  8.83370698541807
[O/H] RS32-C20 SF: Total metallicity in SF region:  8.70536891079411
[O/H] R3-C20 SF: Total metallicity in SF region:  8.724965568635675
[O/H] N2-C20 SF: Total metallicity in SF region:  8.681161237242245
[O/H] S2-C20 SF: Total metallicity in SF region:  nan
[O/H] Combined-C20 SF: Total metallicity in SF region:  8.72783073979229 (weighted 5 methods; dominant R3)
--------------------------------------------------------------
[O/H] D16 HII: Total metallicity in HII region:  8.518673885742196
[O/H] PG16 HII: Total metallicity in HII region:  8.446997255418408
[O/H] N2S2-N06 HII: Total metallicity in HII region:  8.84941179234503
[O/H] O3N2-M13 HII: Total metallicity in HII region:  8.512202022287035
[O/H] N2-M13 HII: Total metallicity in HII region:  8.510559609650349
[O/H] O3N2-PP04 HII: Total metallicity in HII region:  8.698900220242296
[O/H] N2-PP04 HII: Total metallicity in HII region:  8.62685866677044
[O/H] O3N2-C20 HII: Total metallicity in HII region:  8.727892284703612
[O/H] O3S2-C20 HII: Total metallicity in HII region:  8.833662486478593
[O/H] RS32-C20 HII: Total metallicity in HII region:  8.70556750838225
[O/H] R3-C20 HII: Total metallicity in HII region:  8.725071609808285
[O/H] N2-C20 HII: Total metallicity in HII region:  8.680808944657436
[O/H] S2-C20 HII: Total metallicity in HII region:  nan
[O/H] Combined-C20 HII: Total metallicity in HII region:  8.72784593945555 (weighted 5 methods; dominant R3)
--------------------------------------------------------------
[O/H] D16: Total metallicity in total region:  8.504744864031862
[O/H] PG16: Total metallicity in total region:  8.455939112451357
[O/H] N2S2-N06: Total metallicity in total region:  8.823736482124682
[O/H] O3N2-M13: Total metallicity in total region:  8.502099792999454
[O/H] N2-M13: Total metallicity in total region:  8.527663397195695
[O/H] O3N2-PP04: Total metallicity in total region:  8.683794082989838
[O/H] N2-PP04: Total metallicity in total region:  8.665151528785769
[O/H] O3N2-C20: Total metallicity in total region:  8.71828785917974
[O/H] O3S2-C20: Total metallicity in total region:  8.828963891753249
[O/H] RS32-C20: Total metallicity in total region:  8.67721260548307
[O/H] R3-C20: Total metallicity in total region:  8.70243878367106
[O/H] N2-C20: Total metallicity in total region:  8.705559750692537
[O/H] S2-C20: Total metallicity in total region:  nan
[O/H] Combined-C20: Total metallicity in total region:  8.715619109808769 (weighted 5 methods; dominant R3)
--------------------------------------------------------------
Total runtime: 2100.3 s
✅  NGC4522 finished in 35m16s
