Python executable: /arc/home/RongjunHuang/.conda/envs/ICRAR/bin/python
Python 3.13.3
PYTHONUNBUFFERED: 1
Product root     : /arc/projects/mauve/products
Product subdir   : v3tk_v7.6.8
Local fallback   : /arc/home/RongjunHuang/ICRAR/further

Shared input keyword ➜ <none>
Reading gas-line FITS ➜ /arc/projects/mauve/products/v3tk_v7.6.8/NGC4694/NGC4694_gas_bin_maps.fits
Matched binning FITS ➜ /arc/projects/mauve/products/v3tk_v7.6.8/NGC4694/NGC4694_spatial_binning_maps_further.fits
Spatial mask FITS ➜ /arc/projects/mauve/products/v3tk_v7.6.8/NGC4694/NGC4694_mask.fits
Gas-line maps collapsed onto spatial BINID: 7655 bins
Available gas-line flux/error pairs:
  - HB4861
  - OIII4958
  - OIII5006
  - NII5754
  - OI6300
  - SIII6312
  - OI6363
  - NII6548
  - HA6562
  - NII6583
  - SII6716
  - SII6730
  - OII7318
  - OII7319
  - OII7329
  - OII7330
Te-method optional emission-line availability:
  - OIII4958: available
  - NII5754: available
  - SIII6312: available
  - NII6548: available
  - OII7318: available
  - OII7319: available
  - OII7329: available
  - OII7330: available
  - SIII9068: missing
Spatial mask applied: MASKFILE[MASK] table; row-major MASK == 0; keep=94538, masked=99061, finite H-alpha after mask=94538
/arc/home/RongjunHuang/ICRAR/further/SFR+Z.py:1061: RuntimeWarning: divide by zero encountered in divide
  BD = HA6562_FLUX / HB4861_FLUX
--------------------------------------------------------------
Extinction law for k(λ)=A(λ)/E(B−V): calzetti
k(Hβ 4861Å)  = 4.5981   at λ=0.4861 µm
k(Hα 6562Å)  = 3.3264   at λ=0.6562 µm
k([OIII]5006)= 4.4647   at λ=0.5006 µm
k([NII]6583) = 3.3130   at λ=0.6583 µm
k([SII]6716) = 3.2298   at λ=0.6716 µm
k([SII]6730) = 3.2212   at λ=0.6730 µm
k(OIII4958) = 4.5083   at λ=0.4958 µm
k(NII5754) = 3.8531   at λ=0.5755 µm
k(OI6300) = 3.5017   at λ=0.6300 µm
k(SIII6312) = 3.4934   at λ=0.6312 µm
k(OI6363) = 3.4582   at λ=0.6363 µm
k(NII6548) = 3.3355   at λ=0.6548 µm
k(OII7318) = 2.8906   at λ=0.7319 µm
k(OII7319) = 2.8901   at λ=0.7320 µm
k(OII7329) = 2.8854   at λ=0.7329 µm
k(OII7330) = 2.8844   at λ=0.7331 µm
k(SIII9068) = 2.1615   at λ=0.9069 µm (line missing; NaN placeholder)
--------------------------------------------------------------
/arc/home/RongjunHuang/ICRAR/further/SFR+Z.py:1941: RuntimeWarning: divide by zero encountered in log10
  y = np.log10(NII6583_FLUX_corr / (SII6716_FLUX_corr + SII6730_FLUX_corr)) + 0.264*np.log10(NII6583_FLUX_corr / HA6562_FLUX_corr)
/arc/home/RongjunHuang/ICRAR/further/SFR+Z.py:1952: RuntimeWarning: divide by zero encountered in divide
  N2 = NII_scaled / HB4861_FLUX_corr   # N2 = I([N II]λ6548 + λ6584)/I(Hβ)
/arc/home/RongjunHuang/ICRAR/further/SFR+Z.py:1953: RuntimeWarning: divide by zero encountered in divide
  S2 = (SII6716_FLUX_corr + SII6730_FLUX_corr) / HB4861_FLUX_corr  # S2 = I([S II]λ6717 + λ6731)/I(Hβ)
/arc/home/RongjunHuang/ICRAR/further/SFR+Z.py:1954: RuntimeWarning: divide by zero encountered in divide
  R3 = OIII_scaled / HB4861_FLUX_corr  # R3 = I([O III]λ4959 + λ5007)/I(Hβ) (same value as R2 in this case)
/arc/home/RongjunHuang/ICRAR/further/SFR+Z.py:1954: RuntimeWarning: invalid value encountered in divide
  R3 = OIII_scaled / HB4861_FLUX_corr  # R3 = I([O III]λ4959 + λ5007)/I(Hβ) (same value as R2 in this case)
/arc/home/RongjunHuang/ICRAR/further/SFR+Z.py:1956: RuntimeWarning: invalid value encountered in divide
  log_R3_S2 = np.log10(R3/S2)
/arc/home/RongjunHuang/ICRAR/further/SFR+Z.py:1956: RuntimeWarning: divide by zero encountered in log10
  log_R3_S2 = np.log10(R3/S2)
/arc/home/RongjunHuang/ICRAR/further/SFR+Z.py:1957: RuntimeWarning: divide by zero encountered in log10
  log_N2 = np.log10(N2)
/arc/home/RongjunHuang/ICRAR/further/SFR+Z.py:1981: RuntimeWarning: invalid value encountered in add
  O_H_PG16[upper_mask] = (a1_upper + a2_upper * log_R3_S2[upper_mask] + a3_upper * log_N2[upper_mask] +
/arc/home/RongjunHuang/ICRAR/further/SFR+Z.py:1985: RuntimeWarning: invalid value encountered in add
  (a4_lower + a5_lower * log_R3_S2[lower_mask] + a6_lower * log_N2[lower_mask]) * log_S2[lower_mask])
/arc/home/RongjunHuang/ICRAR/further/SFR+Z.py:2006: RuntimeWarning: divide by zero encountered in log10
  n2s2_ratio = np.log10(nii6583_flux / sii_total)
/arc/home/RongjunHuang/ICRAR/further/SFR+Z.py:2051: RuntimeWarning: divide by zero encountered in divide
  oiii_hb = oiii5006_flux / hb4861_flux
/arc/home/RongjunHuang/ICRAR/further/SFR+Z.py:2051: RuntimeWarning: invalid value encountered in divide
  oiii_hb = oiii5006_flux / hb4861_flux
/arc/home/RongjunHuang/ICRAR/further/SFR+Z.py:2053: RuntimeWarning: divide by zero encountered in divide
  o3n2_ratio = np.log10(oiii_hb / nii_ha)
/arc/home/RongjunHuang/ICRAR/further/SFR+Z.py:2053: RuntimeWarning: invalid value encountered in divide
  o3n2_ratio = np.log10(oiii_hb / nii_ha)
/arc/home/RongjunHuang/ICRAR/further/SFR+Z.py:2053: RuntimeWarning: divide by zero encountered in log10
  o3n2_ratio = np.log10(oiii_hb / nii_ha)
/arc/home/RongjunHuang/ICRAR/further/SFR+Z.py:2075: RuntimeWarning: divide by zero encountered in log10
  n2_ratio = np.log10(nii6583_flux / ha6562_flux)
/arc/home/RongjunHuang/ICRAR/further/SFR+Z.py:2098: RuntimeWarning: divide by zero encountered in divide
  oiii_hb = oiii5006_flux / hb4861_flux
/arc/home/RongjunHuang/ICRAR/further/SFR+Z.py:2098: RuntimeWarning: invalid value encountered in divide
  oiii_hb = oiii5006_flux / hb4861_flux
/arc/home/RongjunHuang/ICRAR/further/SFR+Z.py:2100: RuntimeWarning: divide by zero encountered in divide
  o3n2_ratio = np.log10(oiii_hb / nii_ha)
/arc/home/RongjunHuang/ICRAR/further/SFR+Z.py:2100: RuntimeWarning: invalid value encountered in divide
  o3n2_ratio = np.log10(oiii_hb / nii_ha)
/arc/home/RongjunHuang/ICRAR/further/SFR+Z.py:2100: RuntimeWarning: divide by zero encountered in log10
  o3n2_ratio = np.log10(oiii_hb / nii_ha)
/arc/home/RongjunHuang/ICRAR/further/SFR+Z.py:2122: RuntimeWarning: divide by zero encountered in log10
  n2_ratio = np.log10(nii6583_flux / ha6562_flux)
/arc/home/RongjunHuang/ICRAR/further/SFR+Z.py:2157: RuntimeWarning: divide by zero encountered in divide
  oiii_hb = oiii5006_flux / hb4861_flux
/arc/home/RongjunHuang/ICRAR/further/SFR+Z.py:2157: RuntimeWarning: invalid value encountered in divide
  oiii_hb = oiii5006_flux / hb4861_flux
/arc/home/RongjunHuang/ICRAR/further/SFR+Z.py:2159: RuntimeWarning: divide by zero encountered in divide
  o3n2_ratio = np.log10(oiii_hb / nii_ha)
/arc/home/RongjunHuang/ICRAR/further/SFR+Z.py:2159: RuntimeWarning: invalid value encountered in divide
  o3n2_ratio = np.log10(oiii_hb / nii_ha)
/arc/home/RongjunHuang/ICRAR/further/SFR+Z.py:2159: RuntimeWarning: divide by zero encountered in log10
  o3n2_ratio = np.log10(oiii_hb / nii_ha)
/arc/home/RongjunHuang/ICRAR/further/SFR+Z.py:2259: RuntimeWarning: divide by zero encountered in divide
  oiii_hb = oiii5006_flux / hb4861_flux
/arc/home/RongjunHuang/ICRAR/further/SFR+Z.py:2259: RuntimeWarning: invalid value encountered in divide
  oiii_hb = oiii5006_flux / hb4861_flux
/arc/home/RongjunHuang/ICRAR/further/SFR+Z.py:2262: RuntimeWarning: divide by zero encountered in divide
  sii_hb = sii_total / hb4861_flux
/arc/home/RongjunHuang/ICRAR/further/SFR+Z.py:2265: RuntimeWarning: invalid value encountered in divide
  o3s2_ratio = np.log10(oiii_hb / sii_hb)
/arc/home/RongjunHuang/ICRAR/further/SFR+Z.py:2265: RuntimeWarning: divide by zero encountered in log10
  o3s2_ratio = np.log10(oiii_hb / sii_hb)
Calculating all 6 C20 metallicities for NGC4694...
Combined C20 metallicity: median = 8.636, range = (8.138, 8.826)
Combined C20 dominant-weight method usage: O3N2=62576, O3S2=237, RS32=3103, R3=25790, N2=10, S2=397
Galaxy NGC4694 inclination: 62.0° (cos θ = 0.469)
Inclination correction ENABLED: applying b/a = 0.502 (adopting intrinsic thickness q₀ = 0.2 for disc galaxy)
/arc/home/RongjunHuang/ICRAR/further/SFR+Z.py:2973: RuntimeWarning: divide by zero encountered in log10
  logN2  = np.log10(NII6583_FLUX_corr / HA6562_FLUX_corr)        # [N II]/Hα
/arc/home/RongjunHuang/ICRAR/further/SFR+Z.py:2975: RuntimeWarning: divide by zero encountered in divide
  logO3  = np.log10(OIII5006_FLUX_corr / HB4861_FLUX_corr)       # [O III]/Hβ
/arc/home/RongjunHuang/ICRAR/further/SFR+Z.py:2975: RuntimeWarning: invalid value encountered in divide
  logO3  = np.log10(OIII5006_FLUX_corr / HB4861_FLUX_corr)       # [O III]/Hβ
/arc/home/RongjunHuang/ICRAR/further/SFR+Z.py:2975: RuntimeWarning: divide by zero encountered in log10
  logO3  = np.log10(OIII5006_FLUX_corr / HB4861_FLUX_corr)       # [O III]/Hβ
/arc/home/RongjunHuang/ICRAR/further/SFR+Z.py:3061: RuntimeWarning: invalid value encountered in add
  mask_N2_right, mask_S2_right = apply_bpt_masks(logN2=logN2+logN2_err, logS2=logS2+logS2_err, logO3=logO3)
/arc/home/RongjunHuang/ICRAR/further/SFR+Z.py:3063: RuntimeWarning: invalid value encountered in add
  mask_N2_up, mask_S2_up = apply_bpt_masks(logN2=logN2, logS2=logS2, logO3=logO3+logO3_err)
Loaded SII density lookup table: /arc/home/RongjunHuang/ICRAR/further/pyneb_sii_6716_6731_density_lookup_te8000_13000_step1000_ne20_100000_n4096.npz
PyNeb Te-method valid-pixel counts:
  NE_SII finite pixels: 38784
  NE_SII fixed at 20 cm^-3: 18275/38784 (47.1%)
  NE_SII exact high-density fallback pixels: 6
  NE_SII_ALL finite pixels: 94538
  Te(NII) HII pixels: 88
  Te(NII) SF pixels: 90
  Brazzini+2024 direct HII pixels: 0
  Brazzini+2024 direct SF pixels: 0
  NII+OII7325 semi-direct HII pixels: 0
  NII+OII7325 semi-direct SF pixels: 0
  Kreckel+2025 NII-only HII pixels: 15
  Kreckel+2025 NII-only SF pixels: 15
Integrated PyNeb Te-method values:
  SF:
    NE_SII: 53.85 +/- 1.20 cm^-3 (n_pix=2540, fixed20=0, exact_high_density=0)
    Te(NII): 18306.0 +/- 386.0 K (n_pix=141)
    O_H_BR24_DIRECT: nan dex (n_pix=0)
    O_H_NII_OII7325: nan dex (n_pix=0)
    O_H_NII_K25: nan dex (n_pix=141)
  HII:
    NE_SII: 55.37 +/- 1.23 cm^-3 (n_pix=2324, fixed20=0, exact_high_density=0)
    Te(NII): 18061.1 +/- 380.9 K (n_pix=135)
    O_H_BR24_DIRECT: nan dex (n_pix=0)
    O_H_NII_OII7325: nan dex (n_pix=0)
    O_H_NII_K25: nan dex (n_pix=135)
Further file written ➜ /arc/projects/mauve/products/v3tk_v7.6.8/NGC4694/NGC4694_gas_bin_maps_further.fits
--------------------------------------------------------------
Total non-nan spaxels: 94538
Number of pixels with Halpha not detected: 21206
Number of pixels with Halpha detected, Hbeta not detected: 44113
Number of pixels with Halpha detected, Hbeta detected, NII not detected, OIII not detected and unclassified1: 0
Number of pixels with Halpha detected, Hbeta detected, NII not detected, OIII detected and unclassified1: 34
Number of pixels with Halpha detected, Hbeta detected, NII detected, OIII not detected and unclassified1: 1004
Number of pixels with Halpha detected, Hbeta detected, NII detected, OIII detected and unclassified1: 12715
Number of pixels with Halpha detected, Hbeta detected, SII not detected, OIII not detected and unclassified1: 138
Number of pixels with Halpha detected, Hbeta detected, SII not detected, OIII detected and unclassified1: 816
Number of pixels with Halpha detected, Hbeta detected, SII detected, OIII not detected and unclassified1: 866
Number of pixels with Halpha detected, Hbeta detected, SII detected, OIII detected and unclassified1: 11933
--------------------------------------------------------------
Total Halpha luminosity map sum (detections + upper-limit substitutions): 1.94e+40 erg/s
Total corrected Halpha luminosity from SF region: 1.39e+40 erg/s
Total Halpha SFR map sum (detections + upper-limit substitutions): 0.10 M☉/yr or in log10 scale: -1.01 log(M☉/yr)
Total Halpha SFR from SF region: 0.07 M☉/yr or in log10 scale: -1.16 log(M☉/yr)
Total Halpha SFR from HII region: 0.07 M☉/yr or in log10 scale: -1.17 log(M☉/yr)
--------------------------------------------------------------
[O/H] D16 SF: Total metallicity in SF region:  8.604232816705345
[O/H] PG16 SF: Total metallicity in SF region:  8.493026530739357
[O/H] N2S2-N06 SF: Total metallicity in SF region:  8.924016912059379
[O/H] O3N2-M13 SF: Total metallicity in SF region:  8.522818750806817
[O/H] N2-M13 SF: Total metallicity in SF region:  8.530869223487425
[O/H] O3N2-PP04 SF: Total metallicity in SF region:  8.714775702141036
[O/H] N2-PP04 SF: Total metallicity in SF region:  8.672573825381013
[O/H] O3N2-C20 SF: Total metallicity in SF region:  8.737895352978102
[O/H] O3S2-C20 SF: Total metallicity in SF region:  8.828799791130427
[O/H] RS32-C20 SF: Total metallicity in SF region:  8.712413087827898
[O/H] R3-C20 SF: Total metallicity in SF region:  8.726554677356532
[O/H] N2-C20 SF: Total metallicity in SF region:  8.710461045099068
[O/H] S2-C20 SF: Total metallicity in SF region:  nan
[O/H] Combined-C20 SF: Total metallicity in SF region:  8.735604734899157 (weighted 5 methods; dominant R3)
--------------------------------------------------------------
[O/H] D16 HII: Total metallicity in HII region:  8.604395784188137
[O/H] PG16 HII: Total metallicity in HII region:  8.491749674146785
[O/H] N2S2-N06 HII: Total metallicity in HII region:  8.92510322786851
[O/H] O3N2-M13 HII: Total metallicity in HII region:  8.523701444613364
[O/H] N2-M13 HII: Total metallicity in HII region:  8.529170292798538
[O/H] O3N2-PP04 HII: Total metallicity in HII region:  8.716095618113442
[O/H] N2-PP04 HII: Total metallicity in HII region:  8.668630587161397
[O/H] O3N2-C20 HII: Total metallicity in HII region:  8.73872292713832
[O/H] O3S2-C20 HII: Total metallicity in HII region:  8.829399033985352
[O/H] RS32-C20 HII: Total metallicity in HII region:  8.714803939255402
[O/H] R3-C20 HII: Total metallicity in HII region:  8.728595412038462
[O/H] N2-C20 HII: Total metallicity in HII region:  8.70785158278532
[O/H] S2-C20 HII: Total metallicity in HII region:  nan
[O/H] Combined-C20 HII: Total metallicity in HII region:  8.73662630112236 (weighted 5 methods; dominant R3)
--------------------------------------------------------------
[O/H] D16: Total metallicity in total region:  8.576346692053955
[O/H] PG16: Total metallicity in total region:  8.543513282728034
[O/H] N2S2-N06: Total metallicity in total region:  8.864206600131492
[O/H] O3N2-M13: Total metallicity in total region:  8.484690761443803
[O/H] N2-M13: Total metallicity in total region:  8.586877385366478
[O/H] O3N2-PP04: Total metallicity in total region:  8.657761886271107
[O/H] N2-PP04: Total metallicity in total region:  8.815543882003087
[O/H] O3N2-C20: Total metallicity in total region:  8.701532892619683
[O/H] O3S2-C20: Total metallicity in total region:  8.80480744862313
[O/H] RS32-C20: Total metallicity in total region:  8.612068453409075
[O/H] R3-C20: Total metallicity in total region:  8.64117888600545
[O/H] N2-C20: Total metallicity in total region:  8.842682267801932
[O/H] S2-C20: Total metallicity in total region:  nan
[O/H] Combined-C20: Total metallicity in total region:  8.696051622962848 (weighted 5 methods; dominant R3)
--------------------------------------------------------------
Total runtime: 349.2 s
✅  NGC4694 finished in 5m52s
