Python executable: /arc/home/RongjunHuang/.conda/envs/ICRAR/bin/python
Python 3.13.3
PYTHONUNBUFFERED: 1
Product root     : /arc/projects/mauve/products
Product subdir   : v3tk_v7.6.8
Local fallback   : /arc/home/RongjunHuang/ICRAR/further

Shared input keyword ➜ <none>
Reading gas-line FITS ➜ /arc/projects/mauve/products/v3tk_v7.6.8/NGC4330/NGC4330_gas_bin_maps.fits
Matched binning FITS ➜ /arc/projects/mauve/products/v3tk_v7.6.8/NGC4330/NGC4330_spatial_binning_maps_further.fits
Spatial mask FITS ➜ /arc/projects/mauve/products/v3tk_v7.6.8/NGC4330/NGC4330_mask.fits
Gas-line maps collapsed onto spatial BINID: 2844 bins
Available gas-line flux/error pairs:
  - HB4861
  - OIII4958
  - OIII5006
  - NII5754
  - OI6300
  - SIII6312
  - OI6363
  - NII6548
  - HA6562
  - NII6583
  - SII6716
  - SII6730
  - OII7318
  - OII7319
  - OII7329
  - OII7330
Te-method optional emission-line availability:
  - OIII4958: available
  - NII5754: available
  - SIII6312: available
  - NII6548: available
  - OII7318: available
  - OII7319: available
  - OII7329: available
  - OII7330: available
  - SIII9068: missing
Spatial mask applied: MASKFILE[MASK] table; row-major MASK == 0; keep=260978, masked=408582, finite H-alpha after mask=260978
/arc/home/RongjunHuang/ICRAR/further/SFR+Z.py:1198: RuntimeWarning: divide by zero encountered in divide
  BD = HA6562_FLUX / HB4861_FLUX
/arc/home/RongjunHuang/ICRAR/further/SFR+Z.py:1198: RuntimeWarning: invalid value encountered in divide
  BD = HA6562_FLUX / HB4861_FLUX
--------------------------------------------------------------
Extinction law for k(λ)=A(λ)/E(B−V): calzetti
k(Hβ 4861Å)  = 4.5981   at λ=0.4861 µm
k(Hα 6562Å)  = 3.3264   at λ=0.6562 µm
k([OIII]5006)= 4.4647   at λ=0.5006 µm
k([NII]6583) = 3.3130   at λ=0.6583 µm
k([SII]6716) = 3.2298   at λ=0.6716 µm
k([SII]6730) = 3.2212   at λ=0.6730 µm
k(OIII4958) = 4.5083   at λ=0.4958 µm
k(NII5754) = 3.8531   at λ=0.5755 µm
k(OI6300) = 3.5017   at λ=0.6300 µm
k(SIII6312) = 3.4934   at λ=0.6312 µm
k(OI6363) = 3.4582   at λ=0.6363 µm
k(NII6548) = 3.3355   at λ=0.6548 µm
k(OII7318) = 2.8906   at λ=0.7319 µm
k(OII7319) = 2.8901   at λ=0.7320 µm
k(OII7329) = 2.8854   at λ=0.7329 µm
k(OII7330) = 2.8844   at λ=0.7331 µm
k(SIII9068) = 2.1615   at λ=0.9069 µm (line missing; NaN placeholder)
--------------------------------------------------------------
/arc/home/RongjunHuang/ICRAR/further/SFR+Z.py:2078: RuntimeWarning: divide by zero encountered in divide
  y = np.log10(NII6583_FLUX_corr / (SII6716_FLUX_corr + SII6730_FLUX_corr)) + 0.264*np.log10(NII6583_FLUX_corr / HA6562_FLUX_corr)
/arc/home/RongjunHuang/ICRAR/further/SFR+Z.py:2078: RuntimeWarning: invalid value encountered in divide
  y = np.log10(NII6583_FLUX_corr / (SII6716_FLUX_corr + SII6730_FLUX_corr)) + 0.264*np.log10(NII6583_FLUX_corr / HA6562_FLUX_corr)
/arc/home/RongjunHuang/ICRAR/further/SFR+Z.py:2078: RuntimeWarning: divide by zero encountered in log10
  y = np.log10(NII6583_FLUX_corr / (SII6716_FLUX_corr + SII6730_FLUX_corr)) + 0.264*np.log10(NII6583_FLUX_corr / HA6562_FLUX_corr)
/arc/home/RongjunHuang/ICRAR/further/SFR+Z.py:2089: RuntimeWarning: divide by zero encountered in divide
  N2 = NII_scaled / HB4861_FLUX_corr   # N2 = I([N II]λ6548 + λ6584)/I(Hβ)
/arc/home/RongjunHuang/ICRAR/further/SFR+Z.py:2089: RuntimeWarning: invalid value encountered in divide
  N2 = NII_scaled / HB4861_FLUX_corr   # N2 = I([N II]λ6548 + λ6584)/I(Hβ)
/arc/home/RongjunHuang/ICRAR/further/SFR+Z.py:2090: RuntimeWarning: divide by zero encountered in divide
  S2 = (SII6716_FLUX_corr + SII6730_FLUX_corr) / HB4861_FLUX_corr  # S2 = I([S II]λ6717 + λ6731)/I(Hβ)
/arc/home/RongjunHuang/ICRAR/further/SFR+Z.py:2090: RuntimeWarning: invalid value encountered in divide
  S2 = (SII6716_FLUX_corr + SII6730_FLUX_corr) / HB4861_FLUX_corr  # S2 = I([S II]λ6717 + λ6731)/I(Hβ)
/arc/home/RongjunHuang/ICRAR/further/SFR+Z.py:2091: RuntimeWarning: divide by zero encountered in divide
  R3 = OIII_scaled / HB4861_FLUX_corr  # R3 = I([O III]λ4959 + λ5007)/I(Hβ) (same value as R2 in this case)
/arc/home/RongjunHuang/ICRAR/further/SFR+Z.py:2091: RuntimeWarning: invalid value encountered in divide
  R3 = OIII_scaled / HB4861_FLUX_corr  # R3 = I([O III]λ4959 + λ5007)/I(Hβ) (same value as R2 in this case)
/arc/home/RongjunHuang/ICRAR/further/SFR+Z.py:2093: RuntimeWarning: divide by zero encountered in divide
  log_R3_S2 = np.log10(R3/S2)
/arc/home/RongjunHuang/ICRAR/further/SFR+Z.py:2093: RuntimeWarning: invalid value encountered in divide
  log_R3_S2 = np.log10(R3/S2)
/arc/home/RongjunHuang/ICRAR/further/SFR+Z.py:2093: RuntimeWarning: divide by zero encountered in log10
  log_R3_S2 = np.log10(R3/S2)
/arc/home/RongjunHuang/ICRAR/further/SFR+Z.py:2094: RuntimeWarning: divide by zero encountered in log10
  log_N2 = np.log10(N2)
/arc/home/RongjunHuang/ICRAR/further/SFR+Z.py:2095: RuntimeWarning: divide by zero encountered in log10
  log_S2 = np.log10(S2)
/arc/home/RongjunHuang/ICRAR/further/SFR+Z.py:2118: RuntimeWarning: invalid value encountered in add
  O_H_PG16[upper_mask] = (a1_upper + a2_upper * log_R3_S2[upper_mask] + a3_upper * log_N2[upper_mask] +
/arc/home/RongjunHuang/ICRAR/further/SFR+Z.py:2121: RuntimeWarning: invalid value encountered in add
  O_H_PG16[lower_mask] = (a1_lower + a2_lower * log_R3_S2[lower_mask] + a3_lower * log_N2[lower_mask] +
/arc/home/RongjunHuang/ICRAR/further/SFR+Z.py:2122: RuntimeWarning: invalid value encountered in add
  (a4_lower + a5_lower * log_R3_S2[lower_mask] + a6_lower * log_N2[lower_mask]) * log_S2[lower_mask])
/arc/home/RongjunHuang/ICRAR/further/SFR+Z.py:2143: RuntimeWarning: divide by zero encountered in divide
  n2s2_ratio = np.log10(nii6583_flux / sii_total)
/arc/home/RongjunHuang/ICRAR/further/SFR+Z.py:2143: RuntimeWarning: invalid value encountered in divide
  n2s2_ratio = np.log10(nii6583_flux / sii_total)
/arc/home/RongjunHuang/ICRAR/further/SFR+Z.py:2143: RuntimeWarning: divide by zero encountered in log10
  n2s2_ratio = np.log10(nii6583_flux / sii_total)
/arc/home/RongjunHuang/ICRAR/further/SFR+Z.py:2188: RuntimeWarning: divide by zero encountered in divide
  oiii_hb = oiii5006_flux / hb4861_flux
/arc/home/RongjunHuang/ICRAR/further/SFR+Z.py:2188: RuntimeWarning: invalid value encountered in divide
  oiii_hb = oiii5006_flux / hb4861_flux
/arc/home/RongjunHuang/ICRAR/further/SFR+Z.py:2189: RuntimeWarning: divide by zero encountered in divide
  nii_ha = nii6583_flux / ha6562_flux
/arc/home/RongjunHuang/ICRAR/further/SFR+Z.py:2189: RuntimeWarning: invalid value encountered in divide
  nii_ha = nii6583_flux / ha6562_flux
/arc/home/RongjunHuang/ICRAR/further/SFR+Z.py:2190: RuntimeWarning: divide by zero encountered in divide
  o3n2_ratio = np.log10(oiii_hb / nii_ha)
/arc/home/RongjunHuang/ICRAR/further/SFR+Z.py:2190: RuntimeWarning: invalid value encountered in divide
  o3n2_ratio = np.log10(oiii_hb / nii_ha)
/arc/home/RongjunHuang/ICRAR/further/SFR+Z.py:2190: RuntimeWarning: divide by zero encountered in log10
  o3n2_ratio = np.log10(oiii_hb / nii_ha)
/arc/home/RongjunHuang/ICRAR/further/SFR+Z.py:2212: RuntimeWarning: divide by zero encountered in divide
  n2_ratio = np.log10(nii6583_flux / ha6562_flux)
/arc/home/RongjunHuang/ICRAR/further/SFR+Z.py:2212: RuntimeWarning: invalid value encountered in divide
  n2_ratio = np.log10(nii6583_flux / ha6562_flux)
/arc/home/RongjunHuang/ICRAR/further/SFR+Z.py:2212: RuntimeWarning: divide by zero encountered in log10
  n2_ratio = np.log10(nii6583_flux / ha6562_flux)
/arc/home/RongjunHuang/ICRAR/further/SFR+Z.py:2235: RuntimeWarning: divide by zero encountered in divide
  oiii_hb = oiii5006_flux / hb4861_flux
/arc/home/RongjunHuang/ICRAR/further/SFR+Z.py:2235: RuntimeWarning: invalid value encountered in divide
  oiii_hb = oiii5006_flux / hb4861_flux
/arc/home/RongjunHuang/ICRAR/further/SFR+Z.py:2236: RuntimeWarning: divide by zero encountered in divide
  nii_ha = nii6583_flux / ha6562_flux
/arc/home/RongjunHuang/ICRAR/further/SFR+Z.py:2236: RuntimeWarning: invalid value encountered in divide
  nii_ha = nii6583_flux / ha6562_flux
/arc/home/RongjunHuang/ICRAR/further/SFR+Z.py:2237: RuntimeWarning: divide by zero encountered in divide
  o3n2_ratio = np.log10(oiii_hb / nii_ha)
/arc/home/RongjunHuang/ICRAR/further/SFR+Z.py:2237: RuntimeWarning: invalid value encountered in divide
  o3n2_ratio = np.log10(oiii_hb / nii_ha)
/arc/home/RongjunHuang/ICRAR/further/SFR+Z.py:2237: RuntimeWarning: divide by zero encountered in log10
  o3n2_ratio = np.log10(oiii_hb / nii_ha)
/arc/home/RongjunHuang/ICRAR/further/SFR+Z.py:2259: RuntimeWarning: divide by zero encountered in divide
  n2_ratio = np.log10(nii6583_flux / ha6562_flux)
/arc/home/RongjunHuang/ICRAR/further/SFR+Z.py:2259: RuntimeWarning: invalid value encountered in divide
  n2_ratio = np.log10(nii6583_flux / ha6562_flux)
/arc/home/RongjunHuang/ICRAR/further/SFR+Z.py:2259: RuntimeWarning: divide by zero encountered in log10
  n2_ratio = np.log10(nii6583_flux / ha6562_flux)
/arc/home/RongjunHuang/ICRAR/further/SFR+Z.py:2294: RuntimeWarning: divide by zero encountered in divide
  oiii_hb = oiii5006_flux / hb4861_flux
/arc/home/RongjunHuang/ICRAR/further/SFR+Z.py:2294: RuntimeWarning: invalid value encountered in divide
  oiii_hb = oiii5006_flux / hb4861_flux
/arc/home/RongjunHuang/ICRAR/further/SFR+Z.py:2295: RuntimeWarning: divide by zero encountered in divide
  nii_ha = nii6583_flux / ha6562_flux
/arc/home/RongjunHuang/ICRAR/further/SFR+Z.py:2295: RuntimeWarning: invalid value encountered in divide
  nii_ha = nii6583_flux / ha6562_flux
/arc/home/RongjunHuang/ICRAR/further/SFR+Z.py:2296: RuntimeWarning: divide by zero encountered in divide
  o3n2_ratio = np.log10(oiii_hb / nii_ha)
/arc/home/RongjunHuang/ICRAR/further/SFR+Z.py:2296: RuntimeWarning: invalid value encountered in divide
  o3n2_ratio = np.log10(oiii_hb / nii_ha)
/arc/home/RongjunHuang/ICRAR/further/SFR+Z.py:2296: RuntimeWarning: divide by zero encountered in log10
  o3n2_ratio = np.log10(oiii_hb / nii_ha)
/arc/home/RongjunHuang/ICRAR/further/SFR+Z.py:2396: RuntimeWarning: divide by zero encountered in divide
  oiii_hb = oiii5006_flux / hb4861_flux
/arc/home/RongjunHuang/ICRAR/further/SFR+Z.py:2396: RuntimeWarning: invalid value encountered in divide
  oiii_hb = oiii5006_flux / hb4861_flux
/arc/home/RongjunHuang/ICRAR/further/SFR+Z.py:2399: RuntimeWarning: divide by zero encountered in divide
  sii_hb = sii_total / hb4861_flux
/arc/home/RongjunHuang/ICRAR/further/SFR+Z.py:2399: RuntimeWarning: invalid value encountered in divide
  sii_hb = sii_total / hb4861_flux
/arc/home/RongjunHuang/ICRAR/further/SFR+Z.py:2402: RuntimeWarning: divide by zero encountered in divide
  o3s2_ratio = np.log10(oiii_hb / sii_hb)
/arc/home/RongjunHuang/ICRAR/further/SFR+Z.py:2402: RuntimeWarning: invalid value encountered in divide
  o3s2_ratio = np.log10(oiii_hb / sii_hb)
/arc/home/RongjunHuang/ICRAR/further/SFR+Z.py:2402: RuntimeWarning: divide by zero encountered in log10
  o3s2_ratio = np.log10(oiii_hb / sii_hb)
Calculating all 6 C20 metallicities for NGC4330...
Combined C20 metallicity: median = 8.672, range = (8.033, 8.980)
Combined C20 dominant-weight method usage: O3N2=19841, O3S2=959, RS32=3276, R3=155706, N2=12455, S2=9821
Galaxy NGC4330 inclination: 90.0° (cos θ = 0.000)
Inclination correction ENABLED: applying b/a = 0.200 (adopting intrinsic thickness q₀ = 0.2 for disc galaxy)
/arc/home/RongjunHuang/ICRAR/further/SFR+Z.py:3110: RuntimeWarning: divide by zero encountered in divide
  logN2  = np.log10(NII6583_FLUX_corr / HA6562_FLUX_corr)        # [N II]/Hα
/arc/home/RongjunHuang/ICRAR/further/SFR+Z.py:3110: RuntimeWarning: invalid value encountered in divide
  logN2  = np.log10(NII6583_FLUX_corr / HA6562_FLUX_corr)        # [N II]/Hα
/arc/home/RongjunHuang/ICRAR/further/SFR+Z.py:3110: RuntimeWarning: divide by zero encountered in log10
  logN2  = np.log10(NII6583_FLUX_corr / HA6562_FLUX_corr)        # [N II]/Hα
/arc/home/RongjunHuang/ICRAR/further/SFR+Z.py:3111: RuntimeWarning: divide by zero encountered in divide
  logS2  = np.log10((SII6716_FLUX_corr+SII6730_FLUX_corr) / HA6562_FLUX_corr)   # Σ[S II]/Hα
/arc/home/RongjunHuang/ICRAR/further/SFR+Z.py:3111: RuntimeWarning: invalid value encountered in divide
  logS2  = np.log10((SII6716_FLUX_corr+SII6730_FLUX_corr) / HA6562_FLUX_corr)   # Σ[S II]/Hα
/arc/home/RongjunHuang/ICRAR/further/SFR+Z.py:3111: RuntimeWarning: divide by zero encountered in log10
  logS2  = np.log10((SII6716_FLUX_corr+SII6730_FLUX_corr) / HA6562_FLUX_corr)   # Σ[S II]/Hα
/arc/home/RongjunHuang/ICRAR/further/SFR+Z.py:3112: RuntimeWarning: divide by zero encountered in divide
  logO3  = np.log10(OIII5006_FLUX_corr / HB4861_FLUX_corr)       # [O III]/Hβ
/arc/home/RongjunHuang/ICRAR/further/SFR+Z.py:3112: RuntimeWarning: invalid value encountered in divide
  logO3  = np.log10(OIII5006_FLUX_corr / HB4861_FLUX_corr)       # [O III]/Hβ
/arc/home/RongjunHuang/ICRAR/further/SFR+Z.py:3112: RuntimeWarning: divide by zero encountered in log10
  logO3  = np.log10(OIII5006_FLUX_corr / HB4861_FLUX_corr)       # [O III]/Hβ
/arc/home/RongjunHuang/ICRAR/further/SFR+Z.py:3198: RuntimeWarning: invalid value encountered in add
  mask_N2_right, mask_S2_right = apply_bpt_masks(logN2=logN2+logN2_err, logS2=logS2+logS2_err, logO3=logO3)
/arc/home/RongjunHuang/ICRAR/further/SFR+Z.py:3200: RuntimeWarning: invalid value encountered in add
  mask_N2_up, mask_S2_up = apply_bpt_masks(logN2=logN2, logS2=logS2, logO3=logO3+logO3_err)
--------------------------------------------------------------
HII-region model-grid inference
pyqz/NebulaBayes six-line corrected-input aperture: 38904 pixels in 1618 unique spatial bins; no extra S/N cut
JY22 six-line raw-input aperture: 38904 pixels in 1618 unique spatial bins; no extra S/N cut
Python interpreter: /arc/home/RongjunHuang/.conda/envs/ICRAR/bin/python
pyqz/NebulaBayes compatibility layer: model_grid_compat.py
pyqz 0.8.4.0: diagnostic=[NII]/[SII]+;[OIII]/[SII]+; Pk=5.0; struct=pp; kappa=inf; sampling=2; srs=800; KDE=multiv; seed=20260823; nproc=1
pyqz runtime overlay: /tmp/pyqz084-runtime-8vz1abpj/pyqz/__init__.py
pyqz grid identity: MAPPINGS V HII Region Grid: QZ pp_GCZO_Pk50_kinf
pyqz bins: 1/1618 spectra complete (BINID 0, 1.7 s)
pyqz bins: 161/1618 spectra complete (BINID 322, 149.1 s)
pyqz bins: 322/1618 spectra complete (BINID 512, 275.1 s)
pyqz bins: 483/1618 spectra complete (BINID 768, 415.1 s)
pyqz bins: 644/1618 spectra complete (BINID 1135, 566.4 s)
pyqz bins: 805/1618 spectra complete (BINID 1371, 723.5 s)
pyqz bins: 966/1618 spectra complete (BINID 1644, 898.4 s)
pyqz bins: 1127/1618 spectra complete (BINID 1877, 1054.1 s)
pyqz bins: 1288/1618 spectra complete (BINID 2136, 1193.3 s)
pyqz bins: 1449/1618 spectra complete (BINID 2395, 1342.3 s)
pyqz bins: 1610/1618 spectra complete (BINID 2680, 1488.4 s)
pyqz bins: 1618/1618 spectra complete (BINID 2804, 1494.8 s)
pyqz bins: no per-spectrum exceptions
Initialising NebulaBayes (v0.9.9) model...
INFO Initialising NebulaBayes (v0.9.9) model...
Loading input grid data...
INFO Loading input grid data...
Building flux arrays for the model grids...
INFO Building flux arrays for the model grids...
Resampling model emission line flux grids to shape (40, 20, 160) using linear interpolation...
INFO Resampling model emission line flux grids to shape (40, 20, 160) using linear interpolation...
    Interpolating for Hbeta...
INFO     Interpolating for Hbeta...
    Interpolating for OIII5007...
INFO     Interpolating for OIII5007...
    Interpolating for Halpha...
INFO     Interpolating for Halpha...
    Interpolating for NII6583...
INFO     Interpolating for NII6583...
    Interpolating for SII6716...
INFO     Interpolating for SII6716...
    Interpolating for SII6731...
INFO     Interpolating for SII6731...
Interpolated flux grid size is 1.02MB for 1 line and 6.14MB total for all 6 lines
DEBUG Interpolated flux grid size is 1.02MB for 1 line and 6.14MB total for all 6 lines
NebulaBayes 0.9.9: grid=/arc/home/RongjunHuang/.conda/envs/ICRAR/lib/python3.13/site-packages/NebulaBayes/grids/NB_HII_grid.fits.gz; parameters=['log U', 'log P/k', '12 + log O/H']; shape=(40, 20, 160); order=1; grid_error=0.1; norm=Hbeta; deredden=False; prior=Uniform
NebulaBayes bins: 1/1618 spectra complete (BINID 0, 0.1 s)
NebulaBayes bins: 161/1618 spectra complete (BINID 322, 11.9 s)
NebulaBayes bins: 322/1618 spectra complete (BINID 512, 24.1 s)
NebulaBayes bins: 483/1618 spectra complete (BINID 768, 36.2 s)
NebulaBayes bins: 644/1618 spectra complete (BINID 1135, 48.4 s)
NebulaBayes bins: 805/1618 spectra complete (BINID 1371, 60.6 s)
NebulaBayes bins: 966/1618 spectra complete (BINID 1644, 72.8 s)
NebulaBayes bins: 1127/1618 spectra complete (BINID 1877, 84.8 s)
NebulaBayes bins: 1288/1618 spectra complete (BINID 2136, 96.8 s)
NebulaBayes bins: 1449/1618 spectra complete (BINID 2395, 109.2 s)
NebulaBayes bins: 1610/1618 spectra complete (BINID 2680, 121.8 s)
NebulaBayes bins: 1618/1618 spectra complete (BINID 2804, 122.5 s)
NebulaBayes bins: no per-spectrum exceptions
JY22/Peng2026: raw close-pair ratios=N2,S2,R3; posterior means with marginal equal-tailed p16/p84; full raw-ratio covariance; post-depletion O/H=pre-depletion-0.22; nominal fit_ok chi2<=9; error inflation=1.0
JY22 grid: /arc/home/RongjunHuang/ICRAR/further/Peng2026/photoionization_models/photoionization_grid_interpolated.fits; sha256=d7a219b60c9a1ea8b29339988c84b1832028b28b3c417d1c3c58b420831eb38a; requested logU=(-4.0, -0.5); retained logU=(-4.0, -0.5384615384615388); solar O/H=8.69
JY22 bins: 1/1618 spectra complete (BINID 0, 0.0 s)
JY22 bins: 161/1618 spectra complete (BINID 322, 0.2 s)
JY22 bins: 322/1618 spectra complete (BINID 512, 0.3 s)
JY22 bins: 483/1618 spectra complete (BINID 768, 0.5 s)
JY22 bins: 644/1618 spectra complete (BINID 1135, 0.7 s)
JY22 bins: 805/1618 spectra complete (BINID 1371, 0.9 s)
JY22 bins: 966/1618 spectra complete (BINID 1644, 1.1 s)
JY22 bins: 1127/1618 spectra complete (BINID 1877, 1.3 s)
JY22 bins: 1288/1618 spectra complete (BINID 2136, 1.5 s)
JY22 bins: 1449/1618 spectra complete (BINID 2395, 1.7 s)
JY22 bins: 1610/1618 spectra complete (BINID 2680, 1.9 s)
JY22 bins: 1618/1618 spectra complete (BINID 2804, 1.9 s)
JY22 bins: no per-spectrum exceptions
/tmp/pyqz084-runtime-8vz1abpj/pyqz/pyqz.py:849: RuntimeWarning: invalid value encountered in divide
  gridZ/= peak_val
pyqz integrated HII: no per-spectrum exceptions
/tmp/pyqz084-runtime-8vz1abpj/pyqz/pyqz.py:849: RuntimeWarning: invalid value encountered in divide
  gridZ/= peak_val
pyqz integrated SF: no per-spectrum exceptions
NebulaBayes integrated: no per-spectrum exceptions
JY22 integrated: no per-spectrum exceptions
Integrated HII/SF model-grid results (common six-line raw aperture)
  HII: 38490 pixels, 1583 bins; integrated E(B-V)=0.37829+/-0.00008
    pyqz: O/H=nan+/-nan; LogQ=nan+/-nan; logU=nan+/-nan; flag=1234; off-grid=0.00%; valid=0 (uncertainties: 0.61 KDE contour)
    NebulaBayes means: O/H=8.56033 [8.51401, 8.59865]; logU=-3.37560 [-3.43590, -3.33333]; log(P/k)=5.80055 [5.12632, 6.51579]; sampled modes=(8.55633, -3.38462, 6.05263); reliable=(1, 1, 1); chi2_red=2.418e+05; nlocalmax=2; flag=0; valid=1
    JY22 gas O/H=8.64674 [8.64674, 8.64674]; pre-depletion O/H=8.86674 [8.86674, 8.86674]; logU=-1.82051 [-1.82051, -1.82051]; chi2_min=4.937e+05; residuals(N2,S2,R3)=(-0.0184, -0.0068, 0.0155); residual norm=0.0250; fit_ok=0; flag=32; valid=1 (posterior means; marginal equal-tailed p16/p84)
  SF: 38904 pixels, 1618 bins; integrated E(B-V)=0.37809+/-0.00008
    pyqz: O/H=nan+/-nan; LogQ=nan+/-nan; logU=nan+/-nan; flag=1234; off-grid=0.00%; valid=0 (uncertainties: 0.61 KDE contour)
    NebulaBayes means: O/H=8.56169 [8.51401, 8.59865]; logU=-3.37521 [-3.43590, -3.33333]; log(P/k)=5.80909 [5.12632, 6.51579]; sampled modes=(8.59865, -3.38462, 6.05263); reliable=(1, 1, 1); chi2_red=2.99e+05; nlocalmax=1; flag=0; valid=1
    JY22 gas O/H=8.64674 [8.64674, 8.64674]; pre-depletion O/H=8.86674 [8.86674, 8.86674]; logU=-1.82051 [-1.82051, -1.82051]; chi2_min=3.772e+05; residuals(N2,S2,R3)=(-0.0160, -0.0054, 0.0160); residual norm=0.0233; fit_ok=0; flag=32; valid=1 (posterior means; marginal equal-tailed p16/p84)
Model covariance note: JY22 uses the full first-order N2/S2/R3 covariance from raw close-pair ratios and shared denominators; pyqz/NebulaBayes independent-error APIs do not represent the analogous shared covariance.
--------------------------------------------------------------
Loaded SII density lookup table: /arc/home/RongjunHuang/ICRAR/further/pyneb_sii_6716_6731_density_lookup_te8000_13000_step1000_ne20_100000_n4096.npz
DEBUG Creating converter from 3 to 5
PyNeb Te-method valid-pixel counts:
  NE_SII finite pixels: 57995
  NE_SII fixed at 20 cm^-3: 29841/57995 (51.5%)
  NE_SII exact high-density fallback pixels: 0
  NE_SII_ALL finite pixels: 260978
  Te(NII) HII pixels: 25
  Te(NII) SF pixels: 25
  Brazzini+2024 direct HII pixels: 0
  Brazzini+2024 direct SF pixels: 0
  NII+OII7325 semi-direct HII pixels: 8
  NII+OII7325 semi-direct SF pixels: 8
  Kreckel+2025 NII-only HII pixels: 0
  Kreckel+2025 NII-only SF pixels: 0
Integrated PyNeb Te-method values:
  SF:
    NE_SII: 20.00 +/- 0.00 cm^-3 (n_pix=38491, fixed20=1, exact_high_density=0)
    Te(NII): 18756.8 +/- 607.4 K (n_pix=25)
    O_H_BR24_DIRECT: nan dex (n_pix=0)
    O_H_NII_OII7325: 7.0561 +/- 0.0494 dex (n_pix=20)
    O_H_NII_K25: nan dex (n_pix=25)
  HII:
    NE_SII: 20.00 +/- 0.00 cm^-3 (n_pix=38093, fixed20=0, exact_high_density=0)
    Te(NII): 18756.8 +/- 607.4 K (n_pix=25)
    O_H_BR24_DIRECT: nan dex (n_pix=0)
    O_H_NII_OII7325: 7.0561 +/- 0.0494 dex (n_pix=20)
    O_H_NII_K25: nan dex (n_pix=25)
Further file written ➜ /arc/projects/mauve/products/v3tk_v7.6.8/NGC4330/NGC4330_gas_bin_maps_further.fits
--------------------------------------------------------------
Total non-nan spaxels: 260978
Number of pixels with Halpha not detected: 157410
Number of pixels with Halpha detected, Hbeta not detected: 49555
Number of pixels with Halpha detected, Hbeta detected, NII not detected, OIII not detected and unclassified1: 677
Number of pixels with Halpha detected, Hbeta detected, NII not detected, OIII detected and unclassified1: 37
Number of pixels with Halpha detected, Hbeta detected, NII detected, OIII not detected and unclassified1: 125
Number of pixels with Halpha detected, Hbeta detected, NII detected, OIII detected and unclassified1: 437
Number of pixels with Halpha detected, Hbeta detected, SII not detected, OIII not detected and unclassified1: 686
Number of pixels with Halpha detected, Hbeta detected, SII not detected, OIII detected and unclassified1: 44
Number of pixels with Halpha detected, Hbeta detected, SII detected, OIII not detected and unclassified1: 116
Number of pixels with Halpha detected, Hbeta detected, SII detected, OIII detected and unclassified1: 430
--------------------------------------------------------------
Total Halpha luminosity map sum (detections + upper-limit substitutions): 3.15e+40 erg/s
Total corrected Halpha luminosity from SF region: 2.80e+40 erg/s
Total Halpha SFR map sum (detections + upper-limit substitutions): 0.16 M☉/yr or in log10 scale: -0.80 log(M☉/yr)
Total Halpha SFR from SF region: 0.14 M☉/yr or in log10 scale: -0.86 log(M☉/yr)
Total Halpha SFR from HII region: 0.14 M☉/yr or in log10 scale: -0.86 log(M☉/yr)
--------------------------------------------------------------
[O/H] D16 SF: Total metallicity in SF region:  8.447655138065375
[O/H] PG16 SF: Total metallicity in SF region:  8.408593831818004
[O/H] N2S2-N06 SF: Total metallicity in SF region:  8.784410608311974
[O/H] O3N2-M13 SF: Total metallicity in SF region:  8.48301606015946
[O/H] N2-M13 SF: Total metallicity in SF region:  8.488374710524651
[O/H] O3N2-PP04 SF: Total metallicity in SF region:  8.655257660051532
[O/H] N2-PP04 SF: Total metallicity in SF region:  8.58034854217141
[O/H] O3N2-C20 SF: Total metallicity in SF region:  8.699907152086165
[O/H] O3S2-C20 SF: Total metallicity in SF region:  8.81797621536924
[O/H] RS32-C20 SF: Total metallicity in SF region:  8.68605008586817
[O/H] R3-C20 SF: Total metallicity in SF region:  8.701300901292544
[O/H] N2-C20 SF: Total metallicity in SF region:  8.651264954122588
[O/H] S2-C20 SF: Total metallicity in SF region:  nan
[O/H] Combined-C20 SF: Total metallicity in SF region:  8.704427981543235 (weighted 5 methods; dominant R3)
--------------------------------------------------------------
[O/H] D16 HII: Total metallicity in HII region:  8.446052191167643
[O/H] PG16 HII: Total metallicity in HII region:  8.40727537241727
[O/H] N2S2-N06 HII: Total metallicity in HII region:  8.783280939555013
[O/H] O3N2-M13 HII: Total metallicity in HII region:  8.482623697071991
[O/H] N2-M13 HII: Total metallicity in HII region:  8.487259717166364
[O/H] O3N2-PP04 HII: Total metallicity in HII region:  8.654670948892697
[O/H] N2-PP04 HII: Total metallicity in HII region:  8.578101722982638
[O/H] O3N2-C20 HII: Total metallicity in HII region:  8.699525899414644
[O/H] O3S2-C20 HII: Total metallicity in HII region:  8.817800424497324
[O/H] RS32-C20 HII: Total metallicity in HII region:  8.686439331174288
[O/H] R3-C20 HII: Total metallicity in HII region:  8.701460611313175
[O/H] N2-C20 HII: Total metallicity in HII region:  8.649837321871647
[O/H] S2-C20 HII: Total metallicity in HII region:  nan
[O/H] Combined-C20 HII: Total metallicity in HII region:  8.704261503906427 (weighted 5 methods; dominant R3)
--------------------------------------------------------------
[O/H] D16: Total metallicity in total region:  8.43116069824404
[O/H] PG16: Total metallicity in total region:  8.41218361849007
[O/H] N2S2-N06: Total metallicity in total region:  8.757099310475455
[O/H] O3N2-M13: Total metallicity in total region:  8.470813062348496
[O/H] N2-M13: Total metallicity in total region:  8.499586180704638
[O/H] O3N2-PP04: Total metallicity in total region:  8.637010186689341
[O/H] N2-PP04: Total metallicity in total region:  8.60341850267158
[O/H] O3N2-C20: Total metallicity in total region:  8.687984810720627
[O/H] O3S2-C20: Total metallicity in total region:  8.811039317539064
[O/H] RS32-C20: Total metallicity in total region:  8.659548415885329
[O/H] R3-C20: Total metallicity in total region:  8.678389333324438
[O/H] N2-C20: Total metallicity in total region:  8.665902352918106
[O/H] S2-C20: Total metallicity in total region:  nan
[O/H] Combined-C20: Total metallicity in total region:  8.690325788290588 (weighted 5 methods; dominant R3)
--------------------------------------------------------------
Total runtime: 1788.8 s
✅  NGC4330 finished in 30m2s
