Python executable: /arc/home/RongjunHuang/.conda/envs/ICRAR/bin/python
Python 3.13.3
PYTHONUNBUFFERED: 1
Product root     : /arc/projects/mauve/products
Product subdir   : v3tk_v7.6.8
Local fallback   : /arc/home/RongjunHuang/ICRAR/further

Shared input keyword ➜ <none>
Reading gas-line FITS ➜ /arc/projects/mauve/products/v3tk_v7.6.8/NGC4298/NGC4298_gas_bin_maps.fits
Matched binning FITS ➜ /arc/projects/mauve/products/v3tk_v7.6.8/NGC4298/NGC4298_spatial_binning_maps_further.fits
Spatial mask FITS ➜ /arc/projects/mauve/products/v3tk_v7.6.8/NGC4298/NGC4298_mask.fits
Gas-line maps collapsed onto spatial BINID: 11953 bins
Available gas-line flux/error pairs:
  - HB4861
  - OIII4958
  - OIII5006
  - NII5754
  - OI6300
  - SIII6312
  - OI6363
  - NII6548
  - HA6562
  - NII6583
  - SII6716
  - SII6730
  - OII7318
  - OII7319
  - OII7329
  - OII7330
Te-method optional emission-line availability:
  - OIII4958: available
  - NII5754: available
  - SIII6312: available
  - NII6548: available
  - OII7318: available
  - OII7319: available
  - OII7329: available
  - OII7330: available
  - SIII9068: missing
Spatial mask applied: MASKFILE[MASK] table; row-major MASK == 0; keep=498547, masked=538243, finite H-alpha after mask=498547
/arc/home/RongjunHuang/ICRAR/further/SFR+Z.py:1211: RuntimeWarning: divide by zero encountered in divide
  BD = HA6562_FLUX / HB4861_FLUX
--------------------------------------------------------------
Extinction law for k(λ)=A(λ)/E(B−V): calzetti
k(Hβ 4861Å)  = 4.5981   at λ=0.4861 µm
k(Hα 6562Å)  = 3.3264   at λ=0.6562 µm
k([OIII]5006)= 4.4647   at λ=0.5006 µm
k([NII]6583) = 3.3130   at λ=0.6583 µm
k([SII]6716) = 3.2298   at λ=0.6716 µm
k([SII]6730) = 3.2212   at λ=0.6730 µm
k(OIII4958) = 4.5083   at λ=0.4958 µm
k(NII5754) = 3.8531   at λ=0.5755 µm
k(OI6300) = 3.5017   at λ=0.6300 µm
k(SIII6312) = 3.4934   at λ=0.6312 µm
k(OI6363) = 3.4582   at λ=0.6363 µm
k(NII6548) = 3.3355   at λ=0.6548 µm
k(OII7318) = 2.8906   at λ=0.7319 µm
k(OII7319) = 2.8901   at λ=0.7320 µm
k(OII7329) = 2.8854   at λ=0.7329 µm
k(OII7330) = 2.8844   at λ=0.7331 µm
k(SIII9068) = 2.1615   at λ=0.9069 µm (line missing; NaN placeholder)
--------------------------------------------------------------
/arc/home/RongjunHuang/ICRAR/further/SFR+Z.py:2091: RuntimeWarning: divide by zero encountered in divide
  y = np.log10(NII6583_FLUX_corr / (SII6716_FLUX_corr + SII6730_FLUX_corr)) + 0.264*np.log10(NII6583_FLUX_corr / HA6562_FLUX_corr)
/arc/home/RongjunHuang/ICRAR/further/SFR+Z.py:2091: RuntimeWarning: invalid value encountered in divide
  y = np.log10(NII6583_FLUX_corr / (SII6716_FLUX_corr + SII6730_FLUX_corr)) + 0.264*np.log10(NII6583_FLUX_corr / HA6562_FLUX_corr)
/arc/home/RongjunHuang/ICRAR/further/SFR+Z.py:2091: RuntimeWarning: divide by zero encountered in log10
  y = np.log10(NII6583_FLUX_corr / (SII6716_FLUX_corr + SII6730_FLUX_corr)) + 0.264*np.log10(NII6583_FLUX_corr / HA6562_FLUX_corr)
/arc/home/RongjunHuang/ICRAR/further/SFR+Z.py:2102: RuntimeWarning: divide by zero encountered in divide
  N2 = NII_scaled / HB4861_FLUX_corr   # N2 = I([N II]λ6548 + λ6584)/I(Hβ)
/arc/home/RongjunHuang/ICRAR/further/SFR+Z.py:2102: RuntimeWarning: invalid value encountered in divide
  N2 = NII_scaled / HB4861_FLUX_corr   # N2 = I([N II]λ6548 + λ6584)/I(Hβ)
/arc/home/RongjunHuang/ICRAR/further/SFR+Z.py:2103: RuntimeWarning: divide by zero encountered in divide
  S2 = (SII6716_FLUX_corr + SII6730_FLUX_corr) / HB4861_FLUX_corr  # S2 = I([S II]λ6717 + λ6731)/I(Hβ)
/arc/home/RongjunHuang/ICRAR/further/SFR+Z.py:2103: RuntimeWarning: invalid value encountered in divide
  S2 = (SII6716_FLUX_corr + SII6730_FLUX_corr) / HB4861_FLUX_corr  # S2 = I([S II]λ6717 + λ6731)/I(Hβ)
/arc/home/RongjunHuang/ICRAR/further/SFR+Z.py:2104: RuntimeWarning: divide by zero encountered in divide
  R3 = OIII_scaled / HB4861_FLUX_corr  # R3 = I([O III]λ4959 + λ5007)/I(Hβ) (same value as R2 in this case)
/arc/home/RongjunHuang/ICRAR/further/SFR+Z.py:2104: RuntimeWarning: invalid value encountered in divide
  R3 = OIII_scaled / HB4861_FLUX_corr  # R3 = I([O III]λ4959 + λ5007)/I(Hβ) (same value as R2 in this case)
/arc/home/RongjunHuang/ICRAR/further/SFR+Z.py:2106: RuntimeWarning: divide by zero encountered in divide
  log_R3_S2 = np.log10(R3/S2)
/arc/home/RongjunHuang/ICRAR/further/SFR+Z.py:2106: RuntimeWarning: invalid value encountered in divide
  log_R3_S2 = np.log10(R3/S2)
/arc/home/RongjunHuang/ICRAR/further/SFR+Z.py:2106: RuntimeWarning: divide by zero encountered in log10
  log_R3_S2 = np.log10(R3/S2)
/arc/home/RongjunHuang/ICRAR/further/SFR+Z.py:2107: RuntimeWarning: divide by zero encountered in log10
  log_N2 = np.log10(N2)
/arc/home/RongjunHuang/ICRAR/further/SFR+Z.py:2108: RuntimeWarning: divide by zero encountered in log10
  log_S2 = np.log10(S2)
/arc/home/RongjunHuang/ICRAR/further/SFR+Z.py:2131: RuntimeWarning: invalid value encountered in add
  O_H_PG16[upper_mask] = (a1_upper + a2_upper * log_R3_S2[upper_mask] + a3_upper * log_N2[upper_mask] +
/arc/home/RongjunHuang/ICRAR/further/SFR+Z.py:2134: RuntimeWarning: invalid value encountered in add
  O_H_PG16[lower_mask] = (a1_lower + a2_lower * log_R3_S2[lower_mask] + a3_lower * log_N2[lower_mask] +
/arc/home/RongjunHuang/ICRAR/further/SFR+Z.py:2156: RuntimeWarning: divide by zero encountered in divide
  n2s2_ratio = np.log10(nii6583_flux / sii_total)
/arc/home/RongjunHuang/ICRAR/further/SFR+Z.py:2156: RuntimeWarning: invalid value encountered in divide
  n2s2_ratio = np.log10(nii6583_flux / sii_total)
/arc/home/RongjunHuang/ICRAR/further/SFR+Z.py:2156: RuntimeWarning: divide by zero encountered in log10
  n2s2_ratio = np.log10(nii6583_flux / sii_total)
/arc/home/RongjunHuang/ICRAR/further/SFR+Z.py:2201: RuntimeWarning: divide by zero encountered in divide
  oiii_hb = oiii5006_flux / hb4861_flux
/arc/home/RongjunHuang/ICRAR/further/SFR+Z.py:2201: RuntimeWarning: invalid value encountered in divide
  oiii_hb = oiii5006_flux / hb4861_flux
/arc/home/RongjunHuang/ICRAR/further/SFR+Z.py:2202: RuntimeWarning: divide by zero encountered in divide
  nii_ha = nii6583_flux / ha6562_flux
/arc/home/RongjunHuang/ICRAR/further/SFR+Z.py:2203: RuntimeWarning: divide by zero encountered in divide
  o3n2_ratio = np.log10(oiii_hb / nii_ha)
/arc/home/RongjunHuang/ICRAR/further/SFR+Z.py:2203: RuntimeWarning: divide by zero encountered in log10
  o3n2_ratio = np.log10(oiii_hb / nii_ha)
/arc/home/RongjunHuang/ICRAR/further/SFR+Z.py:2225: RuntimeWarning: divide by zero encountered in divide
  n2_ratio = np.log10(nii6583_flux / ha6562_flux)
/arc/home/RongjunHuang/ICRAR/further/SFR+Z.py:2225: RuntimeWarning: divide by zero encountered in log10
  n2_ratio = np.log10(nii6583_flux / ha6562_flux)
/arc/home/RongjunHuang/ICRAR/further/SFR+Z.py:2248: RuntimeWarning: divide by zero encountered in divide
  oiii_hb = oiii5006_flux / hb4861_flux
/arc/home/RongjunHuang/ICRAR/further/SFR+Z.py:2248: RuntimeWarning: invalid value encountered in divide
  oiii_hb = oiii5006_flux / hb4861_flux
/arc/home/RongjunHuang/ICRAR/further/SFR+Z.py:2249: RuntimeWarning: divide by zero encountered in divide
  nii_ha = nii6583_flux / ha6562_flux
/arc/home/RongjunHuang/ICRAR/further/SFR+Z.py:2250: RuntimeWarning: divide by zero encountered in divide
  o3n2_ratio = np.log10(oiii_hb / nii_ha)
/arc/home/RongjunHuang/ICRAR/further/SFR+Z.py:2250: RuntimeWarning: divide by zero encountered in log10
  o3n2_ratio = np.log10(oiii_hb / nii_ha)
/arc/home/RongjunHuang/ICRAR/further/SFR+Z.py:2272: RuntimeWarning: divide by zero encountered in divide
  n2_ratio = np.log10(nii6583_flux / ha6562_flux)
/arc/home/RongjunHuang/ICRAR/further/SFR+Z.py:2272: RuntimeWarning: divide by zero encountered in log10
  n2_ratio = np.log10(nii6583_flux / ha6562_flux)
/arc/home/RongjunHuang/ICRAR/further/SFR+Z.py:2307: RuntimeWarning: divide by zero encountered in divide
  oiii_hb = oiii5006_flux / hb4861_flux
/arc/home/RongjunHuang/ICRAR/further/SFR+Z.py:2307: RuntimeWarning: invalid value encountered in divide
  oiii_hb = oiii5006_flux / hb4861_flux
/arc/home/RongjunHuang/ICRAR/further/SFR+Z.py:2308: RuntimeWarning: divide by zero encountered in divide
  nii_ha = nii6583_flux / ha6562_flux
/arc/home/RongjunHuang/ICRAR/further/SFR+Z.py:2309: RuntimeWarning: divide by zero encountered in divide
  o3n2_ratio = np.log10(oiii_hb / nii_ha)
/arc/home/RongjunHuang/ICRAR/further/SFR+Z.py:2309: RuntimeWarning: divide by zero encountered in log10
  o3n2_ratio = np.log10(oiii_hb / nii_ha)
/arc/home/RongjunHuang/ICRAR/further/SFR+Z.py:2409: RuntimeWarning: divide by zero encountered in divide
  oiii_hb = oiii5006_flux / hb4861_flux
/arc/home/RongjunHuang/ICRAR/further/SFR+Z.py:2409: RuntimeWarning: invalid value encountered in divide
  oiii_hb = oiii5006_flux / hb4861_flux
/arc/home/RongjunHuang/ICRAR/further/SFR+Z.py:2412: RuntimeWarning: divide by zero encountered in divide
  sii_hb = sii_total / hb4861_flux
/arc/home/RongjunHuang/ICRAR/further/SFR+Z.py:2412: RuntimeWarning: invalid value encountered in divide
  sii_hb = sii_total / hb4861_flux
/arc/home/RongjunHuang/ICRAR/further/SFR+Z.py:2415: RuntimeWarning: divide by zero encountered in divide
  o3s2_ratio = np.log10(oiii_hb / sii_hb)
/arc/home/RongjunHuang/ICRAR/further/SFR+Z.py:2415: RuntimeWarning: invalid value encountered in divide
  o3s2_ratio = np.log10(oiii_hb / sii_hb)
/arc/home/RongjunHuang/ICRAR/further/SFR+Z.py:2415: RuntimeWarning: divide by zero encountered in log10
  o3s2_ratio = np.log10(oiii_hb / sii_hb)
Calculating all 6 C20 metallicities for NGC4298...
Combined C20 metallicity: median = 8.699, range = (8.385, 8.901)
Combined C20 dominant-weight method usage: O3N2=125120, O3S2=9104, RS32=9238, R3=249320, N2=1990, S2=97349
Galaxy NGC4298 inclination: 52.0° (cos θ = 0.616)
Inclination correction ENABLED: applying b/a = 0.636 (adopting intrinsic thickness q₀ = 0.2 for disc galaxy)
/arc/home/RongjunHuang/ICRAR/further/SFR+Z.py:3123: RuntimeWarning: divide by zero encountered in divide
  logN2  = np.log10(NII6583_FLUX_corr / HA6562_FLUX_corr)        # [N II]/Hα
/arc/home/RongjunHuang/ICRAR/further/SFR+Z.py:3123: RuntimeWarning: divide by zero encountered in log10
  logN2  = np.log10(NII6583_FLUX_corr / HA6562_FLUX_corr)        # [N II]/Hα
/arc/home/RongjunHuang/ICRAR/further/SFR+Z.py:3124: RuntimeWarning: divide by zero encountered in divide
  logS2  = np.log10((SII6716_FLUX_corr+SII6730_FLUX_corr) / HA6562_FLUX_corr)   # Σ[S II]/Hα
/arc/home/RongjunHuang/ICRAR/further/SFR+Z.py:3124: RuntimeWarning: invalid value encountered in divide
  logS2  = np.log10((SII6716_FLUX_corr+SII6730_FLUX_corr) / HA6562_FLUX_corr)   # Σ[S II]/Hα
/arc/home/RongjunHuang/ICRAR/further/SFR+Z.py:3124: RuntimeWarning: divide by zero encountered in log10
  logS2  = np.log10((SII6716_FLUX_corr+SII6730_FLUX_corr) / HA6562_FLUX_corr)   # Σ[S II]/Hα
/arc/home/RongjunHuang/ICRAR/further/SFR+Z.py:3125: RuntimeWarning: divide by zero encountered in divide
  logO3  = np.log10(OIII5006_FLUX_corr / HB4861_FLUX_corr)       # [O III]/Hβ
/arc/home/RongjunHuang/ICRAR/further/SFR+Z.py:3125: RuntimeWarning: invalid value encountered in divide
  logO3  = np.log10(OIII5006_FLUX_corr / HB4861_FLUX_corr)       # [O III]/Hβ
/arc/home/RongjunHuang/ICRAR/further/SFR+Z.py:3125: RuntimeWarning: divide by zero encountered in log10
  logO3  = np.log10(OIII5006_FLUX_corr / HB4861_FLUX_corr)       # [O III]/Hβ
/arc/home/RongjunHuang/ICRAR/further/SFR+Z.py:3211: RuntimeWarning: invalid value encountered in add
  mask_N2_right, mask_S2_right = apply_bpt_masks(logN2=logN2+logN2_err, logS2=logS2+logS2_err, logO3=logO3)
/arc/home/RongjunHuang/ICRAR/further/SFR+Z.py:3213: RuntimeWarning: invalid value encountered in add
  mask_N2_up, mask_S2_up = apply_bpt_masks(logN2=logN2, logS2=logS2, logO3=logO3+logO3_err)
--------------------------------------------------------------
HII-region model-grid inference
pyqz/NebulaBayes six-line corrected-input aperture: 179538 pixels in 10555 unique spatial bins; no extra S/N cut
JY22 six-line raw-input aperture: 179538 pixels in 10555 unique spatial bins; no extra S/N cut
Python interpreter: /arc/home/RongjunHuang/.conda/envs/ICRAR/bin/python
pyqz/NebulaBayes compatibility layer: model_grid_compat.py
pyqz 0.8.4.0: diagnostic=[NII]/[SII]+;[OIII]/[SII]+; Pk=5.0; struct=pp; kappa=inf; sampling=2; srs=800; KDE=multiv; seed=20260823; nproc=1
pyqz runtime overlay: /tmp/pyqz084-runtime-by44d3c6/pyqz/__init__.py
pyqz grid identity: MAPPINGS V HII Region Grid: QZ pp_GCZO_Pk50_kinf
pyqz bins: 1/10555 spectra complete (BINID 0, 0.7 s)
pyqz bins: 1055/10555 spectra complete (BINID 1137, 1241.5 s)
pyqz bins: 2110/10555 spectra complete (BINID 2233, 2441.7 s)
pyqz bins: 3165/10555 spectra complete (BINID 3391, 3582.3 s)
pyqz bins: 4220/10555 spectra complete (BINID 4606, 4711.5 s)
pyqz bins: 5275/10555 spectra complete (BINID 5699, 5833.6 s)
pyqz bins: 6330/10555 spectra complete (BINID 6830, 7064.7 s)
pyqz bins: 7385/10555 spectra complete (BINID 7983, 8277.7 s)
pyqz bins: 8440/10555 spectra complete (BINID 9330, 9441.5 s)
pyqz bins: 9495/10555 spectra complete (BINID 10493, 10247.3 s)
pyqz bins: 10550/10555 spectra complete (BINID 11837, 10845.7 s)
pyqz bins: 10555/10555 spectra complete (BINID 11868, 10848.1 s)
pyqz bins: no per-spectrum exceptions
Initialising NebulaBayes (v0.9.9) model...
INFO Initialising NebulaBayes (v0.9.9) model...
Loading input grid data...
INFO Loading input grid data...
Building flux arrays for the model grids...
INFO Building flux arrays for the model grids...
Resampling model emission line flux grids to shape (40, 20, 160) using linear interpolation...
INFO Resampling model emission line flux grids to shape (40, 20, 160) using linear interpolation...
    Interpolating for Hbeta...
INFO     Interpolating for Hbeta...
    Interpolating for OIII5007...
INFO     Interpolating for OIII5007...
    Interpolating for Halpha...
INFO     Interpolating for Halpha...
    Interpolating for NII6583...
INFO     Interpolating for NII6583...
    Interpolating for SII6716...
INFO     Interpolating for SII6716...
    Interpolating for SII6731...
INFO     Interpolating for SII6731...
Interpolated flux grid size is 1.02MB for 1 line and 6.14MB total for all 6 lines
DEBUG Interpolated flux grid size is 1.02MB for 1 line and 6.14MB total for all 6 lines
NebulaBayes 0.9.9: grid=/arc/home/RongjunHuang/.conda/envs/ICRAR/lib/python3.13/site-packages/NebulaBayes/grids/NB_HII_grid.fits.gz; parameters=['log U', 'log P/k', '12 + log O/H']; shape=(40, 20, 160); order=1; grid_error=0.1; norm=Hbeta; deredden=False; prior=Uniform
NebulaBayes bins: 1/10555 spectra complete (BINID 0, 0.0 s)
NebulaBayes bins: 1055/10555 spectra complete (BINID 1137, 39.5 s)
NebulaBayes bins: 2110/10555 spectra complete (BINID 2233, 78.1 s)
NebulaBayes bins: 3165/10555 spectra complete (BINID 3391, 117.4 s)
NebulaBayes bins: 4220/10555 spectra complete (BINID 4606, 156.2 s)
NebulaBayes bins: 5275/10555 spectra complete (BINID 5699, 195.6 s)
NebulaBayes bins: 6330/10555 spectra complete (BINID 6830, 234.9 s)
NebulaBayes bins: 7385/10555 spectra complete (BINID 7983, 272.9 s)
NebulaBayes bins: 8440/10555 spectra complete (BINID 9330, 310.7 s)
NebulaBayes bins: 9495/10555 spectra complete (BINID 10493, 348.7 s)
NebulaBayes bins: 10550/10555 spectra complete (BINID 11837, 384.1 s)
NebulaBayes bins: 10555/10555 spectra complete (BINID 11868, 384.3 s)
NebulaBayes bins: no per-spectrum exceptions
JY22/Peng2026: raw close-pair ratios=N2,S2,R3; posterior means with marginal equal-tailed p16/p84; full raw-ratio covariance; post-depletion O/H=pre-depletion-0.22; nominal fit_ok chi2<=9; error inflation=1.0
JY22 grid: /arc/home/RongjunHuang/ICRAR/further/Peng2026/photoionization_models/photoionization_grid_interpolated.fits; sha256=d7a219b60c9a1ea8b29339988c84b1832028b28b3c417d1c3c58b420831eb38a; inference_shape=(200, 200); requested logU=(-4.0, -0.5); retained logU=(-4.0, -0.5); solar O/H=8.69
JY22 bins: 1/10555 spectra complete (BINID 0, 0.0 s)
JY22 bins: 1055/10555 spectra complete (BINID 1137, 9.5 s)
JY22 bins: 2110/10555 spectra complete (BINID 2233, 19.1 s)
JY22 bins: 3165/10555 spectra complete (BINID 3391, 28.7 s)
JY22 bins: 4220/10555 spectra complete (BINID 4606, 38.3 s)
JY22 bins: 5275/10555 spectra complete (BINID 5699, 48.0 s)
JY22 bins: 6330/10555 spectra complete (BINID 6830, 57.7 s)
JY22 bins: 7385/10555 spectra complete (BINID 7983, 67.3 s)
JY22 bins: 8440/10555 spectra complete (BINID 9330, 76.9 s)
JY22 bins: 9495/10555 spectra complete (BINID 10493, 86.6 s)
JY22 bins: 10550/10555 spectra complete (BINID 11837, 96.2 s)
JY22 bins: 10555/10555 spectra complete (BINID 11868, 96.2 s)
JY22 bins: no per-spectrum exceptions
/tmp/pyqz084-runtime-by44d3c6/pyqz/pyqz.py:849: RuntimeWarning: invalid value encountered in divide
  gridZ/= peak_val
pyqz integrated HII: no per-spectrum exceptions
/tmp/pyqz084-runtime-by44d3c6/pyqz/pyqz.py:849: RuntimeWarning: invalid value encountered in divide
  gridZ/= peak_val
pyqz integrated SF: no per-spectrum exceptions
NebulaBayes integrated: no per-spectrum exceptions
JY22 integrated: no per-spectrum exceptions
Integrated HII/SF model-grid results (common six-line raw aperture)
  HII: 160650 pixels, 9277 bins; integrated E(B-V)=0.39567+/-0.00005
    pyqz: O/H=nan+/-nan; LogQ=nan+/-nan; logU=nan+/-nan; flag=1234; off-grid=0.00%; valid=0 (uncertainties: 0.61 KDE contour)
    NebulaBayes means: O/H=8.82509 [8.78204, 8.86669]; logU=-3.03393 [-3.12821, -2.97436]; log(P/k)=4.85295 [-inf, 5.58947]; sampled modes=(8.82436, -3.02564, 4.20000); reliable=(1, 1, 0); chi2_red=4.131e+05; nlocalmax=2; flag=12; valid=1
    JY22 gas O/H=8.83424 [8.83424, 8.83424]; pre-depletion O/H=9.05424 [9.05424, 9.05424]; logU=-0.99246 [-0.99246, -0.99246]; chi2_min=8.029e+06; residuals(N2,S2,R3)=(-0.0309, 0.0105, -0.2357); residual norm=0.2380; fit_ok=0; flag=32; valid=1 (posterior means; marginal equal-tailed p16/p84)
  SF: 179538 pixels, 10555 bins; integrated E(B-V)=0.39353+/-0.00005
    pyqz: O/H=nan+/-nan; LogQ=nan+/-nan; logU=nan+/-nan; flag=1234; off-grid=0.00%; valid=0 (uncertainties: 0.61 KDE contour)
    NebulaBayes means: O/H=8.80294 [8.76794, 8.83847]; logU=-3.04820 [-3.12821, -2.97436]; log(P/k)=4.94608 [-inf, 5.58947]; sampled modes=(8.79615, -3.02564, 4.20000); reliable=(1, 1, 0); chi2_red=3.396e+05; nlocalmax=2; flag=12; valid=1
    JY22 gas O/H=8.83424 [8.83424, 8.83424]; pre-depletion O/H=9.05424 [9.05424, 9.05424]; logU=-1.06281 [-1.06281, -1.06281]; chi2_min=5.112e+06; residuals(N2,S2,R3)=(-0.0270, 0.0034, -0.1688); residual norm=0.1709; fit_ok=0; flag=32; valid=1 (posterior means; marginal equal-tailed p16/p84)
Model covariance note: JY22 uses the full first-order N2/S2/R3 covariance from raw close-pair ratios and shared denominators; pyqz/NebulaBayes independent-error APIs do not represent the analogous shared covariance.
--------------------------------------------------------------
Loaded SII density lookup table: /arc/home/RongjunHuang/ICRAR/further/pyneb_sii_6716_6731_density_lookup_te8000_13000_step1000_ne20_100000_n4096.npz
DEBUG Creating converter from 3 to 5
PyNeb Te-method valid-pixel counts:
  NE_SII finite pixels: 174767
  NE_SII fixed at 20 cm^-3: 95617/174767 (54.7%)
  NE_SII exact high-density fallback pixels: 0
  NE_SII_ALL finite pixels: 498547
  Te(NII) HII pixels: 335
  Te(NII) SF pixels: 364
  Brazzini+2024 direct HII pixels: 0
  Brazzini+2024 direct SF pixels: 0
  NII+OII7325 semi-direct HII pixels: 11
  NII+OII7325 semi-direct SF pixels: 20
  Kreckel+2025 NII-only HII pixels: 61
  Kreckel+2025 NII-only SF pixels: 61
Integrated PyNeb Te-method values:
  SF:
    NE_SII: 20.00 +/- 0.00 cm^-3 (n_pix=165537, fixed20=0, exact_high_density=0)
    Te(NII): 17124.9 +/- 119.0 K (n_pix=822)
    O_H_BR24_DIRECT: nan dex (n_pix=0)
    O_H_NII_OII7325: 7.8797 +/- 0.0819 dex (n_pix=20)
    O_H_NII_K25: nan dex (n_pix=822)
  HII:
    NE_SII: 20.00 +/- 0.00 cm^-3 (n_pix=150027, fixed20=0, exact_high_density=0)
    Te(NII): 16114.3 +/- 108.5 K (n_pix=681)
    O_H_BR24_DIRECT: nan dex (n_pix=0)
    O_H_NII_OII7325: 7.9683 +/- 0.1151 dex (n_pix=11)
    O_H_NII_K25: nan dex (n_pix=681)
Further file written ➜ /arc/projects/mauve/products/v3tk_v7.6.8/NGC4298/NGC4298_gas_bin_maps_further.fits
--------------------------------------------------------------
Total non-nan spaxels: 498547
Number of pixels with Halpha not detected: 237601
Number of pixels with Halpha detected, Hbeta not detected: 72750
Number of pixels with Halpha detected, Hbeta detected, NII not detected, OIII not detected and unclassified1: 0
Number of pixels with Halpha detected, Hbeta detected, NII not detected, OIII detected and unclassified1: 0
Number of pixels with Halpha detected, Hbeta detected, NII detected, OIII not detected and unclassified1: 607
Number of pixels with Halpha detected, Hbeta detected, NII detected, OIII detected and unclassified1: 1179
Number of pixels with Halpha detected, Hbeta detected, SII not detected, OIII not detected and unclassified1: 123
Number of pixels with Halpha detected, Hbeta detected, SII not detected, OIII detected and unclassified1: 125
Number of pixels with Halpha detected, Hbeta detected, SII detected, OIII not detected and unclassified1: 484
Number of pixels with Halpha detected, Hbeta detected, SII detected, OIII detected and unclassified1: 1054
--------------------------------------------------------------
Total Halpha luminosity map sum (detections + upper-limit substitutions): 1.39e+41 erg/s
Total corrected Halpha luminosity from SF region: 1.35e+41 erg/s
Total Halpha SFR map sum (detections + upper-limit substitutions): 0.69 M☉/yr or in log10 scale: -0.16 log(M☉/yr)
Total Halpha SFR from SF region: 0.67 M☉/yr or in log10 scale: -0.17 log(M☉/yr)
Total Halpha SFR from HII region: 0.65 M☉/yr or in log10 scale: -0.19 log(M☉/yr)
--------------------------------------------------------------
[O/H] D16 SF: Total metallicity in SF region:  8.71396970774734
[O/H] PG16 SF: Total metallicity in SF region:  8.516905237802154
[O/H] N2S2-N06 SF: Total metallicity in SF region:  9.03438653949928
[O/H] O3N2-M13 SF: Total metallicity in SF region:  8.568914482091252
[O/H] N2-M13 SF: Total metallicity in SF region:  8.505336941386318
[O/H] O3N2-PP04 SF: Total metallicity in SF region:  8.783703898454212
[O/H] N2-PP04 SF: Total metallicity in SF region:  8.615594853211672
[O/H] O3N2-C20 SF: Total metallicity in SF region:  8.7803099923308
[O/H] O3S2-C20 SF: Total metallicity in SF region:  8.846961235475838
[O/H] RS32-C20 SF: Total metallicity in SF region:  8.792229667717391
[O/H] R3-C20 SF: Total metallicity in SF region:  8.793117982909944
[O/H] N2-C20 SF: Total metallicity in SF region:  8.673634398923424
[O/H] S2-C20 SF: Total metallicity in SF region:  8.8113976555465
[O/H] Combined-C20 SF: Total metallicity in SF region:  8.788732471301113 (weighted 6 methods; dominant S2)
--------------------------------------------------------------
[O/H] D16 HII: Total metallicity in HII region:  8.710521456356108
[O/H] PG16 HII: Total metallicity in HII region:  8.513039511552568
[O/H] N2S2-N06 HII: Total metallicity in HII region:  9.034545391578948
[O/H] O3N2-M13 HII: Total metallicity in HII region:  8.57408673670502
[O/H] N2-M13 HII: Total metallicity in HII region:  8.49901342693347
[O/H] O3N2-PP04 HII: Total metallicity in HII region:  8.79143811096078
[O/H] N2-PP04 HII: Total metallicity in HII region:  8.60221864328234
[O/H] O3N2-C20 HII: Total metallicity in HII region:  8.784971207191836
[O/H] O3S2-C20 HII: Total metallicity in HII region:  8.851670831128379
[O/H] RS32-C20 HII: Total metallicity in HII region:  8.800499181841362
[O/H] R3-C20 HII: Total metallicity in HII region:  8.801810190602817
[O/H] N2-C20 HII: Total metallicity in HII region:  8.665141171600679
[O/H] S2-C20 HII: Total metallicity in HII region:  8.817343265746002
[O/H] Combined-C20 HII: Total metallicity in HII region:  8.793850977228095 (weighted 6 methods; dominant S2)
--------------------------------------------------------------
[O/H] D16: Total metallicity in total region:  8.712178808623193
[O/H] PG16: Total metallicity in total region:  8.522323900060242
[O/H] N2S2-N06: Total metallicity in total region:  9.02719849495632
[O/H] O3N2-M13: Total metallicity in total region:  8.552054585563395
[O/H] N2-M13: Total metallicity in total region:  8.517323820195703
[O/H] O3N2-PP04: Total metallicity in total region:  8.758492838225639
[O/H] N2-PP04: Total metallicity in total region:  8.641742719788578
[O/H] O3N2-C20: Total metallicity in total region:  8.764981904472394
[O/H] O3S2-C20: Total metallicity in total region:  8.833055836180783
[O/H] RS32-C20: Total metallicity in total region:  8.768955566470634
[O/H] R3-C20: Total metallicity in total region:  8.768331668046047
[O/H] N2-C20: Total metallicity in total region:  8.690346151076218
[O/H] S2-C20: Total metallicity in total region:  8.795110336650787
[O/H] Combined-C20: Total metallicity in total region:  8.773280780364967 (weighted 6 methods; dominant S2)
--------------------------------------------------------------
Total runtime: 11906.5 s
✅  NGC4298 finished in 198m39s
