Python executable: /arc/home/RongjunHuang/.conda/envs/ICRAR/bin/python
Python 3.13.3
PYTHONUNBUFFERED: 1
Product root     : /arc/projects/mauve/products
Product subdir   : v3tk_v7.6.8
Local fallback   : /arc/home/RongjunHuang/ICRAR/further

Shared input keyword ➜ <none>
Reading gas-line FITS ➜ /arc/projects/mauve/products/v3tk_v7.6.8/NGC4394/NGC4394_gas_bin_maps.fits
Matched binning FITS ➜ /arc/projects/mauve/products/v3tk_v7.6.8/NGC4394/NGC4394_spatial_binning_maps_further.fits
Spatial mask FITS ➜ /arc/projects/mauve/products/v3tk_v7.6.8/NGC4394/NGC4394_mask.fits
Gas-line maps collapsed onto spatial BINID: 13362 bins
Available gas-line flux/error pairs:
  - HB4861
  - OIII4958
  - OIII5006
  - NII5754
  - OI6300
  - SIII6312
  - OI6363
  - NII6548
  - HA6562
  - NII6583
  - SII6716
  - SII6730
  - OII7318
  - OII7319
  - OII7329
  - OII7330
Te-method optional emission-line availability:
  - OIII4958: available
  - NII5754: available
  - SIII6312: available
  - NII6548: available
  - OII7318: available
  - OII7319: available
  - OII7329: available
  - OII7330: available
  - SIII9068: missing
Spatial mask applied: MASKFILE[MASK] table; row-major MASK == 0; keep=180654, masked=223074, finite H-alpha after mask=180654
/arc/home/RongjunHuang/ICRAR/further/SFR+Z.py:1223: RuntimeWarning: divide by zero encountered in divide
  BD = HA6562_FLUX / HB4861_FLUX
--------------------------------------------------------------
Extinction law for k(λ)=A(λ)/E(B−V): calzetti
k(Hβ 4861Å)  = 4.5981   at λ=0.4861 µm
k(Hα 6562Å)  = 3.3264   at λ=0.6562 µm
k([OIII]5006)= 4.4647   at λ=0.5006 µm
k([NII]6583) = 3.3130   at λ=0.6583 µm
k([SII]6716) = 3.2298   at λ=0.6716 µm
k([SII]6730) = 3.2212   at λ=0.6730 µm
k(OIII4958) = 4.5083   at λ=0.4958 µm
k(NII5754) = 3.8531   at λ=0.5755 µm
k(OI6300) = 3.5017   at λ=0.6300 µm
k(SIII6312) = 3.4934   at λ=0.6312 µm
k(OI6363) = 3.4582   at λ=0.6363 µm
k(NII6548) = 3.3355   at λ=0.6548 µm
k(OII7318) = 2.8906   at λ=0.7319 µm
k(OII7319) = 2.8901   at λ=0.7320 µm
k(OII7329) = 2.8854   at λ=0.7329 µm
k(OII7330) = 2.8844   at λ=0.7331 µm
k(SIII9068) = 2.1615   at λ=0.9069 µm (line missing; NaN placeholder)
--------------------------------------------------------------
/arc/home/RongjunHuang/ICRAR/further/SFR+Z.py:2103: RuntimeWarning: divide by zero encountered in divide
  y = np.log10(NII6583_FLUX_corr / (SII6716_FLUX_corr + SII6730_FLUX_corr)) + 0.264*np.log10(NII6583_FLUX_corr / HA6562_FLUX_corr)
/arc/home/RongjunHuang/ICRAR/further/SFR+Z.py:2114: RuntimeWarning: divide by zero encountered in divide
  N2 = NII_scaled / HB4861_FLUX_corr   # N2 = I([N II]λ6548 + λ6584)/I(Hβ)
/arc/home/RongjunHuang/ICRAR/further/SFR+Z.py:2115: RuntimeWarning: divide by zero encountered in divide
  S2 = (SII6716_FLUX_corr + SII6730_FLUX_corr) / HB4861_FLUX_corr  # S2 = I([S II]λ6717 + λ6731)/I(Hβ)
/arc/home/RongjunHuang/ICRAR/further/SFR+Z.py:2115: RuntimeWarning: invalid value encountered in divide
  S2 = (SII6716_FLUX_corr + SII6730_FLUX_corr) / HB4861_FLUX_corr  # S2 = I([S II]λ6717 + λ6731)/I(Hβ)
/arc/home/RongjunHuang/ICRAR/further/SFR+Z.py:2116: RuntimeWarning: divide by zero encountered in divide
  R3 = OIII_scaled / HB4861_FLUX_corr  # R3 = I([O III]λ4959 + λ5007)/I(Hβ) (same value as R2 in this case)
/arc/home/RongjunHuang/ICRAR/further/SFR+Z.py:2116: RuntimeWarning: invalid value encountered in divide
  R3 = OIII_scaled / HB4861_FLUX_corr  # R3 = I([O III]λ4959 + λ5007)/I(Hβ) (same value as R2 in this case)
/arc/home/RongjunHuang/ICRAR/further/SFR+Z.py:2118: RuntimeWarning: divide by zero encountered in divide
  log_R3_S2 = np.log10(R3/S2)
/arc/home/RongjunHuang/ICRAR/further/SFR+Z.py:2118: RuntimeWarning: invalid value encountered in divide
  log_R3_S2 = np.log10(R3/S2)
/arc/home/RongjunHuang/ICRAR/further/SFR+Z.py:2118: RuntimeWarning: divide by zero encountered in log10
  log_R3_S2 = np.log10(R3/S2)
/arc/home/RongjunHuang/ICRAR/further/SFR+Z.py:2120: RuntimeWarning: divide by zero encountered in log10
  log_S2 = np.log10(S2)
/arc/home/RongjunHuang/ICRAR/further/SFR+Z.py:2143: RuntimeWarning: invalid value encountered in add
  O_H_PG16[upper_mask] = (a1_upper + a2_upper * log_R3_S2[upper_mask] + a3_upper * log_N2[upper_mask] +
/arc/home/RongjunHuang/ICRAR/further/SFR+Z.py:2168: RuntimeWarning: divide by zero encountered in divide
  n2s2_ratio = np.log10(nii6583_flux / sii_total)
/arc/home/RongjunHuang/ICRAR/further/SFR+Z.py:2213: RuntimeWarning: divide by zero encountered in divide
  oiii_hb = oiii5006_flux / hb4861_flux
/arc/home/RongjunHuang/ICRAR/further/SFR+Z.py:2213: RuntimeWarning: invalid value encountered in divide
  oiii_hb = oiii5006_flux / hb4861_flux
/arc/home/RongjunHuang/ICRAR/further/SFR+Z.py:2215: RuntimeWarning: divide by zero encountered in log10
  o3n2_ratio = np.log10(oiii_hb / nii_ha)
/arc/home/RongjunHuang/ICRAR/further/SFR+Z.py:2260: RuntimeWarning: divide by zero encountered in divide
  oiii_hb = oiii5006_flux / hb4861_flux
/arc/home/RongjunHuang/ICRAR/further/SFR+Z.py:2260: RuntimeWarning: invalid value encountered in divide
  oiii_hb = oiii5006_flux / hb4861_flux
/arc/home/RongjunHuang/ICRAR/further/SFR+Z.py:2262: RuntimeWarning: divide by zero encountered in log10
  o3n2_ratio = np.log10(oiii_hb / nii_ha)
/arc/home/RongjunHuang/ICRAR/further/SFR+Z.py:2319: RuntimeWarning: divide by zero encountered in divide
  oiii_hb = oiii5006_flux / hb4861_flux
/arc/home/RongjunHuang/ICRAR/further/SFR+Z.py:2319: RuntimeWarning: invalid value encountered in divide
  oiii_hb = oiii5006_flux / hb4861_flux
/arc/home/RongjunHuang/ICRAR/further/SFR+Z.py:2321: RuntimeWarning: divide by zero encountered in log10
  o3n2_ratio = np.log10(oiii_hb / nii_ha)
/arc/home/RongjunHuang/ICRAR/further/SFR+Z.py:2421: RuntimeWarning: divide by zero encountered in divide
  oiii_hb = oiii5006_flux / hb4861_flux
/arc/home/RongjunHuang/ICRAR/further/SFR+Z.py:2421: RuntimeWarning: invalid value encountered in divide
  oiii_hb = oiii5006_flux / hb4861_flux
/arc/home/RongjunHuang/ICRAR/further/SFR+Z.py:2424: RuntimeWarning: divide by zero encountered in divide
  sii_hb = sii_total / hb4861_flux
/arc/home/RongjunHuang/ICRAR/further/SFR+Z.py:2424: RuntimeWarning: invalid value encountered in divide
  sii_hb = sii_total / hb4861_flux
/arc/home/RongjunHuang/ICRAR/further/SFR+Z.py:2427: RuntimeWarning: divide by zero encountered in divide
  o3s2_ratio = np.log10(oiii_hb / sii_hb)
/arc/home/RongjunHuang/ICRAR/further/SFR+Z.py:2427: RuntimeWarning: invalid value encountered in divide
  o3s2_ratio = np.log10(oiii_hb / sii_hb)
/arc/home/RongjunHuang/ICRAR/further/SFR+Z.py:2427: RuntimeWarning: divide by zero encountered in log10
  o3s2_ratio = np.log10(oiii_hb / sii_hb)
Calculating all 6 C20 metallicities for NGC4394...
Combined C20 metallicity: median = 8.694, range = (8.002, 8.942)
Combined C20 dominant-weight method usage: O3N2=72640, O3S2=11, RS32=9956, R3=66331, N2=102, S2=27121
Galaxy NGC4394 inclination: 32.0° (cos θ = 0.848)
Inclination correction ENABLED: applying b/a = 0.855 (adopting intrinsic thickness q₀ = 0.2 for disc galaxy)
/arc/home/RongjunHuang/ICRAR/further/SFR+Z.py:3136: RuntimeWarning: divide by zero encountered in log10
  logS2  = np.log10((SII6716_FLUX_corr+SII6730_FLUX_corr) / HA6562_FLUX_corr)   # Σ[S II]/Hα
/arc/home/RongjunHuang/ICRAR/further/SFR+Z.py:3137: RuntimeWarning: divide by zero encountered in divide
  logO3  = np.log10(OIII5006_FLUX_corr / HB4861_FLUX_corr)       # [O III]/Hβ
/arc/home/RongjunHuang/ICRAR/further/SFR+Z.py:3137: RuntimeWarning: invalid value encountered in divide
  logO3  = np.log10(OIII5006_FLUX_corr / HB4861_FLUX_corr)       # [O III]/Hβ
/arc/home/RongjunHuang/ICRAR/further/SFR+Z.py:3137: RuntimeWarning: divide by zero encountered in log10
  logO3  = np.log10(OIII5006_FLUX_corr / HB4861_FLUX_corr)       # [O III]/Hβ
/arc/home/RongjunHuang/ICRAR/further/SFR+Z.py:3223: RuntimeWarning: invalid value encountered in add
  mask_N2_right, mask_S2_right = apply_bpt_masks(logN2=logN2+logN2_err, logS2=logS2+logS2_err, logO3=logO3)
/arc/home/RongjunHuang/ICRAR/further/SFR+Z.py:3225: RuntimeWarning: invalid value encountered in add
  mask_N2_up, mask_S2_up = apply_bpt_masks(logN2=logN2, logS2=logS2, logO3=logO3+logO3_err)
--------------------------------------------------------------
HII-region model-grid inference
pyqz/NebulaBayes six-line corrected-input aperture: 55710 pixels in 1366 unique spatial bins; no extra S/N cut
JY22 six-line raw-input aperture: 55710 pixels in 1366 unique spatial bins; no extra S/N cut
Python interpreter: /arc/home/RongjunHuang/.conda/envs/ICRAR/bin/python
pyqz/NebulaBayes compatibility layer: model_grid_compat.py
pyqz 0.8.4.0: diagnostic=[NII]/[SII]+;[OIII]/[SII]+; Pk=5.0; struct=pp; kappa=inf; sampling=2; srs=800; KDE=multiv; seed=20260823; nproc=1
pyqz runtime overlay: /tmp/pyqz084-runtime-773b3ig_/pyqz/__init__.py
pyqz grid identity: MAPPINGS V HII Region Grid: QZ pp_GCZO_Pk50_kinf
pyqz bins: 1/1366 spectra complete (BINID 1635, 2.7 s)
pyqz bins: 136/1366 spectra complete (BINID 7671, 220.2 s)
pyqz bins: 272/1366 spectra complete (BINID 8806, 412.0 s)
pyqz bins: 408/1366 spectra complete (BINID 9442, 596.9 s)
pyqz bins: 544/1366 spectra complete (BINID 9953, 756.9 s)
pyqz bins: 680/1366 spectra complete (BINID 11131, 943.5 s)
pyqz bins: 816/1366 spectra complete (BINID 12324, 1145.2 s)
pyqz bins: 952/1366 spectra complete (BINID 12704, 1332.6 s)
pyqz bins: 1088/1366 spectra complete (BINID 12883, 1478.9 s)
pyqz bins: 1224/1366 spectra complete (BINID 13079, 1575.6 s)
pyqz bins: 1360/1366 spectra complete (BINID 13339, 1706.8 s)
pyqz bins: 1366/1366 spectra complete (BINID 13361, 1711.7 s)
pyqz bins: no per-spectrum exceptions
Initialising NebulaBayes (v0.9.9) model...
INFO Initialising NebulaBayes (v0.9.9) model...
Loading input grid data...
INFO Loading input grid data...
Building flux arrays for the model grids...
INFO Building flux arrays for the model grids...
Resampling model emission line flux grids to shape (40, 20, 160) using linear interpolation...
INFO Resampling model emission line flux grids to shape (40, 20, 160) using linear interpolation...
    Interpolating for Hbeta...
INFO     Interpolating for Hbeta...
    Interpolating for OIII5007...
INFO     Interpolating for OIII5007...
    Interpolating for Halpha...
INFO     Interpolating for Halpha...
    Interpolating for NII6583...
INFO     Interpolating for NII6583...
    Interpolating for SII6716...
INFO     Interpolating for SII6716...
    Interpolating for SII6731...
INFO     Interpolating for SII6731...
Interpolated flux grid size is 1.02MB for 1 line and 6.14MB total for all 6 lines
DEBUG Interpolated flux grid size is 1.02MB for 1 line and 6.14MB total for all 6 lines
NebulaBayes 0.9.9: grid=/arc/home/RongjunHuang/.conda/envs/ICRAR/lib/python3.13/site-packages/NebulaBayes/grids/NB_HII_grid.fits.gz; parameters=['log U', 'log P/k', '12 + log O/H']; shape=(40, 20, 160); order=1; grid_error=0.1; norm=Hbeta; deredden=False; prior=Uniform
NebulaBayes bins: 1/1366 spectra complete (BINID 1635, 0.0 s)
NebulaBayes bins: 136/1366 spectra complete (BINID 7671, 8.6 s)
NebulaBayes bins: 272/1366 spectra complete (BINID 8806, 17.4 s)
NebulaBayes bins: 408/1366 spectra complete (BINID 9442, 26.4 s)
NebulaBayes bins: 544/1366 spectra complete (BINID 9953, 35.0 s)
NebulaBayes bins: 680/1366 spectra complete (BINID 11131, 43.6 s)
NebulaBayes bins: 816/1366 spectra complete (BINID 12324, 52.4 s)
NebulaBayes bins: 952/1366 spectra complete (BINID 12704, 61.0 s)
NebulaBayes bins: 1088/1366 spectra complete (BINID 12883, 69.4 s)
NebulaBayes bins: 1224/1366 spectra complete (BINID 13079, 85.0 s)
NebulaBayes bins: 1360/1366 spectra complete (BINID 13339, 103.3 s)
NebulaBayes bins: 1366/1366 spectra complete (BINID 13361, 104.1 s)
NebulaBayes bins: no per-spectrum exceptions
JY22/Peng2026: raw close-pair ratios=N2,S2,R3; posterior means with marginal equal-tailed p16/p84; full raw-ratio covariance; post-depletion O/H=pre-depletion-0.22; empirical chi2<=25 gross-mismatch cut; not a physical boundary; error inflation=1.0
JY22 grid: /arc/home/RongjunHuang/ICRAR/further/Peng2026/photoionization_models/photoionization_grid_interpolated.fits; sha256=d7a219b60c9a1ea8b29339988c84b1832028b28b3c417d1c3c58b420831eb38a; inference_shape=(200, 200); requested logU=(-4.0, -0.5); retained logU=(-4.0, -0.5); solar O/H=8.69
JY22 bins: 1/1366 spectra complete (BINID 1635, 0.0 s)
JY22 bins: 136/1366 spectra complete (BINID 7671, 2.4 s)
JY22 bins: 272/1366 spectra complete (BINID 8806, 4.8 s)
JY22 bins: 408/1366 spectra complete (BINID 9442, 7.2 s)
JY22 bins: 544/1366 spectra complete (BINID 9953, 9.1 s)
JY22 bins: 680/1366 spectra complete (BINID 11131, 10.6 s)
JY22 bins: 816/1366 spectra complete (BINID 12324, 12.0 s)
JY22 bins: 952/1366 spectra complete (BINID 12704, 13.5 s)
JY22 bins: 1088/1366 spectra complete (BINID 12883, 15.0 s)
JY22 bins: 1224/1366 spectra complete (BINID 13079, 16.4 s)
JY22 bins: 1360/1366 spectra complete (BINID 13339, 17.9 s)
JY22 bins: 1366/1366 spectra complete (BINID 13361, 18.0 s)
JY22 bins: no per-spectrum exceptions
/tmp/pyqz084-runtime-773b3ig_/pyqz/pyqz.py:849: RuntimeWarning: invalid value encountered in divide
  gridZ/= peak_val
pyqz integrated HII: no per-spectrum exceptions
pyqz integrated HII: BINID 0 adaptive-local-KDE recovery: non-finite native flag=1234; adaptive local KDE 257x257
/tmp/pyqz084-runtime-773b3ig_/pyqz/pyqz.py:849: RuntimeWarning: invalid value encountered in divide
  gridZ/= peak_val
pyqz integrated SF: no per-spectrum exceptions
pyqz integrated SF: BINID 1 adaptive-local-KDE recovery: non-finite native flag=1234; adaptive local KDE 257x257
NebulaBayes integrated: no per-spectrum exceptions
JY22 integrated: no per-spectrum exceptions
Integrated HII/SF model-grid results (common six-line raw aperture)
  HII: 42541 pixels, 994 bins; integrated E(B-V)=0.25025+/-0.00010
    pyqz: O/H=8.71014+/-0.00020; LogQ=7.03077+/-0.00024; logU=-3.44635+/-0.00024; flag=13; off-grid=0.00%; valid=1; method=adaptive-local-KDE recovery (uncertainties: 0.61 KDE contour)
    NebulaBayes means: O/H=8.80222 [8.75383, 8.85258]; logU=-3.09737 [-3.17949, -3.02564]; log(P/k)=5.00568 [4.43158, 5.58947]; sampled modes=(8.78204, -3.07692, 4.43158); reliable=(1, 1, 0); chi2_red=4.087e+04; nlocalmax=2; flag=4; valid=1
    JY22 gas O/H=8.87045 [8.87045, 8.87045]; pre-depletion O/H=9.09045 [9.09045, 9.09045]; logU=-1.20352 [-1.20352, -1.20352]; chi2_min=8.736e+04; residuals(N2,S2,R3)=(-0.0076, 0.0031, -0.0346); residual norm=0.0355; fit_ok=0; flag=32; valid=1 (posterior means; marginal equal-tailed p16/p84)
  SF: 55710 pixels, 1366 bins; integrated E(B-V)=0.24079+/-0.00010
    pyqz: O/H=8.69339+/-0.00020; LogQ=7.04618+/-0.00024; logU=-3.43094+/-0.00024; flag=13; off-grid=0.00%; valid=1; method=adaptive-local-KDE recovery (uncertainties: 0.61 KDE contour)
    NebulaBayes means: O/H=8.75093 [8.71151, 8.79615]; logU=-3.14926 [-3.23077, -3.02564]; log(P/k)=5.25119 [4.43158, 6.05263]; sampled modes=(8.75383, -3.12821, 5.58947); reliable=(1, 1, 1); chi2_red=1.096e+04; nlocalmax=2; flag=0; valid=1
    JY22 gas O/H=8.85234 [8.85234, 8.85234]; pre-depletion O/H=9.07234 [9.07234, 9.07234]; logU=-1.30905 [-1.30905, -1.30905]; chi2_min=2.855e+05; residuals(N2,S2,R3)=(0.0138, -0.0057, 0.0479); residual norm=0.0502; fit_ok=0; flag=32; valid=1 (posterior means; marginal equal-tailed p16/p84)
Model covariance note: JY22 uses the full first-order N2/S2/R3 covariance from raw close-pair ratios and shared denominators; pyqz/NebulaBayes independent-error APIs do not represent the analogous shared covariance.
--------------------------------------------------------------
Loaded SII density lookup table: /arc/home/RongjunHuang/ICRAR/further/pyneb_sii_6716_6731_density_lookup_te8000_13000_step1000_ne20_100000_n4096.npz
PyNeb Te-method valid-pixel counts:
  NE_SII finite pixels: 49619
  NE_SII fixed at 20 cm^-3: 22786/49619 (45.9%)
  NE_SII exact high-density fallback pixels: 7
  NE_SII_ALL finite pixels: 180654
  Te(NII) HII pixels: 0
  Te(NII) SF pixels: 0
  Brazzini+2024 direct HII pixels: 0
  Brazzini+2024 direct SF pixels: 0
  NII+OII7325 semi-direct HII pixels: 0
  NII+OII7325 semi-direct SF pixels: 0
  Kreckel+2025 NII-only HII pixels: 0
  Kreckel+2025 NII-only SF pixels: 0
Integrated PyNeb Te-method values:
  SF:
    NE_SII: 20.00 +/- 0.00 cm^-3 (n_pix=32327, fixed20=0, exact_high_density=0)
    Te(NII): nan K (n_pix=3)
    O_H_BR24_DIRECT: nan dex (n_pix=0)
    O_H_NII_OII7325: nan dex (n_pix=0)
    O_H_NII_K25: nan dex (n_pix=3)
  HII:
    NE_SII: 20.00 +/- 0.00 cm^-3 (n_pix=27720, fixed20=0, exact_high_density=0)
    Te(NII): nan K (n_pix=3)
    O_H_BR24_DIRECT: nan dex (n_pix=0)
    O_H_NII_OII7325: nan dex (n_pix=0)
    O_H_NII_K25: nan dex (n_pix=3)
WARNING: VerifyWarning: Card is too long, comment will be truncated. [astropy.io.fits.card]
WARNING VerifyWarning: Card is too long, comment will be truncated.
Further file written ➜ /arc/projects/mauve/products/v3tk_v7.6.8/NGC4394/NGC4394_gas_bin_maps_further.fits
--------------------------------------------------------------
Total non-nan spaxels: 180654
Number of pixels with Halpha not detected: 4954
Number of pixels with Halpha detected, Hbeta not detected: 97239
Number of pixels with Halpha detected, Hbeta detected, NII not detected, OIII not detected and unclassified1: 35
Number of pixels with Halpha detected, Hbeta detected, NII not detected, OIII detected and unclassified1: 9
Number of pixels with Halpha detected, Hbeta detected, NII detected, OIII not detected and unclassified1: 2221
Number of pixels with Halpha detected, Hbeta detected, NII detected, OIII detected and unclassified1: 12227
Number of pixels with Halpha detected, Hbeta detected, SII not detected, OIII not detected and unclassified1: 1946
Number of pixels with Halpha detected, Hbeta detected, SII not detected, OIII detected and unclassified1: 6945
Number of pixels with Halpha detected, Hbeta detected, SII detected, OIII not detected and unclassified1: 310
Number of pixels with Halpha detected, Hbeta detected, SII detected, OIII detected and unclassified1: 5291
--------------------------------------------------------------
Total Halpha luminosity map sum (detections + upper-limit substitutions): 1.39e+40 erg/s
Total corrected Halpha luminosity from SF region: 9.72e+39 erg/s
Total Halpha SFR map sum (detections + upper-limit substitutions): 0.07 M☉/yr or in log10 scale: -1.16 log(M☉/yr)
Total Halpha SFR from SF region: 0.05 M☉/yr or in log10 scale: -1.31 log(M☉/yr)
Total Halpha SFR from HII region: 0.04 M☉/yr or in log10 scale: -1.36 log(M☉/yr)
--------------------------------------------------------------
[O/H] D16 SF: Total metallicity in SF region:  8.753037878039244
[O/H] PG16 SF: Total metallicity in SF region:  8.548414623606414
[O/H] N2S2-N06 SF: Total metallicity in SF region:  9.04948350177447
[O/H] O3N2-M13 SF: Total metallicity in SF region:  8.576444500070053
[O/H] N2-M13 SF: Total metallicity in SF region:  8.54081131183228
[O/H] O3N2-PP04 SF: Total metallicity in SF region:  8.79496373842251
[O/H] N2-PP04 SF: Total metallicity in SF region:  8.696096826619288
[O/H] O3N2-C20 SF: Total metallicity in SF region:  8.787089731609376
[O/H] O3S2-C20 SF: Total metallicity in SF region:  8.850265174278963
[O/H] RS32-C20 SF: Total metallicity in SF region:  8.774734688299027
[O/H] R3-C20 SF: Total metallicity in SF region:  8.783407038597803
[O/H] N2-C20 SF: Total metallicity in SF region:  8.726348838363144
[O/H] S2-C20 SF: Total metallicity in SF region:  8.782264579087224
[O/H] Combined-C20 SF: Total metallicity in SF region:  8.781926335605174 (weighted 6 methods; dominant S2)
--------------------------------------------------------------
[O/H] D16 HII: Total metallicity in HII region:  8.74743710528691
[O/H] PG16 HII: Total metallicity in HII region:  8.538919956626803
[O/H] N2S2-N06 HII: Total metallicity in HII region:  9.050879070590915
[O/H] O3N2-M13 HII: Total metallicity in HII region:  8.59211610005317
[O/H] N2-M13 HII: Total metallicity in HII region:  8.528138667547605
[O/H] O3N2-PP04 HII: Total metallicity in HII region:  8.818397906621565
[O/H] N2-PP04 HII: Total metallicity in HII region:  8.666246943707842
[O/H] O3N2-C20 HII: Total metallicity in HII region:  8.80107296543789
[O/H] O3S2-C20 HII: Total metallicity in HII region:  8.864205175200306
[O/H] RS32-C20 HII: Total metallicity in HII region:  8.795014715953647
[O/H] R3-C20 HII: Total metallicity in HII region:  8.806621212546933
[O/H] N2-C20 HII: Total metallicity in HII region:  8.70628034279001
[O/H] S2-C20 HII: Total metallicity in HII region:  8.797772008231302
[O/H] Combined-C20 HII: Total metallicity in HII region:  8.795785000996903 (weighted 6 methods; dominant S2)
--------------------------------------------------------------
[O/H] D16: Total metallicity in total region:  8.841060770843685
[O/H] PG16: Total metallicity in total region:  8.676905853288037
[O/H] N2S2-N06: Total metallicity in total region:  9.072320989775957
[O/H] O3N2-M13: Total metallicity in total region:  8.49581824495434
[O/H] N2-M13: Total metallicity in total region:  8.641118104576964
[O/H] O3N2-PP04: Total metallicity in total region:  8.674401113950415
[O/H] N2-PP04: Total metallicity in total region:  nan
[O/H] O3N2-C20: Total metallicity in total region:  8.71227248866876
[O/H] O3S2-C20: Total metallicity in total region:  8.76740205985368
[O/H] RS32-C20: Total metallicity in total region:  8.613298942250045
[O/H] R3-C20: Total metallicity in total region:  8.62030634203554
[O/H] N2-C20: Total metallicity in total region:  nan
[O/H] S2-C20: Total metallicity in total region:  nan
[O/H] Combined-C20: Total metallicity in total region:  8.659879815936975 (weighted 4 methods; dominant R3)
--------------------------------------------------------------
Total runtime: 2846.6 s
✅  NGC4394 finished in 53m24s
