Python executable: /arc/home/RongjunHuang/.conda/envs/ICRAR/bin/python
Python 3.13.3
PYTHONUNBUFFERED: 1
Product root     : /arc/projects/mauve/products
Product subdir   : v3tk_v7.6.8
Local fallback   : /arc/home/RongjunHuang/ICRAR/further

Shared input keyword ➜ <none>
Reading gas-line FITS ➜ /arc/projects/mauve/products/v3tk_v7.6.8/NGC4450/NGC4450_gas_bin_maps.fits
Matched binning FITS ➜ /arc/projects/mauve/products/v3tk_v7.6.8/NGC4450/NGC4450_spatial_binning_maps_further.fits
Spatial mask FITS ➜ /arc/projects/mauve/products/v3tk_v7.6.8/NGC4450/NGC4450_mask.fits
Gas-line maps collapsed onto spatial BINID: 36728 bins
Available gas-line flux/error pairs:
  - HB4861
  - OIII4958
  - OIII5006
  - NII5754
  - OI6300
  - SIII6312
  - OI6363
  - NII6548
  - HA6562
  - NII6583
  - SII6716
  - SII6730
  - OII7318
  - OII7319
  - OII7329
  - OII7330
Te-method optional emission-line availability:
  - OIII4958: available
  - NII5754: available
  - SIII6312: available
  - NII6548: available
  - OII7318: available
  - OII7319: available
  - OII7329: available
  - OII7330: available
  - SIII9068: missing
Spatial mask applied: MASKFILE[MASK] table; row-major MASK == 0; keep=501469, masked=20465, finite H-alpha after mask=501469
/arc/home/RongjunHuang/ICRAR/further/SFR+Z.py:1198: RuntimeWarning: divide by zero encountered in divide
  BD = HA6562_FLUX / HB4861_FLUX
--------------------------------------------------------------
Extinction law for k(λ)=A(λ)/E(B−V): calzetti
k(Hβ 4861Å)  = 4.5981   at λ=0.4861 µm
k(Hα 6562Å)  = 3.3264   at λ=0.6562 µm
k([OIII]5006)= 4.4647   at λ=0.5006 µm
k([NII]6583) = 3.3130   at λ=0.6583 µm
k([SII]6716) = 3.2298   at λ=0.6716 µm
k([SII]6730) = 3.2212   at λ=0.6730 µm
k(OIII4958) = 4.5083   at λ=0.4958 µm
k(NII5754) = 3.8531   at λ=0.5755 µm
k(OI6300) = 3.5017   at λ=0.6300 µm
k(SIII6312) = 3.4934   at λ=0.6312 µm
k(OI6363) = 3.4582   at λ=0.6363 µm
k(NII6548) = 3.3355   at λ=0.6548 µm
k(OII7318) = 2.8906   at λ=0.7319 µm
k(OII7319) = 2.8901   at λ=0.7320 µm
k(OII7329) = 2.8854   at λ=0.7329 µm
k(OII7330) = 2.8844   at λ=0.7331 µm
k(SIII9068) = 2.1615   at λ=0.9069 µm (line missing; NaN placeholder)
--------------------------------------------------------------
/arc/home/RongjunHuang/ICRAR/further/SFR+Z.py:2078: RuntimeWarning: divide by zero encountered in divide
  y = np.log10(NII6583_FLUX_corr / (SII6716_FLUX_corr + SII6730_FLUX_corr)) + 0.264*np.log10(NII6583_FLUX_corr / HA6562_FLUX_corr)
/arc/home/RongjunHuang/ICRAR/further/SFR+Z.py:2089: RuntimeWarning: divide by zero encountered in divide
  N2 = NII_scaled / HB4861_FLUX_corr   # N2 = I([N II]λ6548 + λ6584)/I(Hβ)
/arc/home/RongjunHuang/ICRAR/further/SFR+Z.py:2090: RuntimeWarning: divide by zero encountered in divide
  S2 = (SII6716_FLUX_corr + SII6730_FLUX_corr) / HB4861_FLUX_corr  # S2 = I([S II]λ6717 + λ6731)/I(Hβ)
/arc/home/RongjunHuang/ICRAR/further/SFR+Z.py:2091: RuntimeWarning: divide by zero encountered in divide
  R3 = OIII_scaled / HB4861_FLUX_corr  # R3 = I([O III]λ4959 + λ5007)/I(Hβ) (same value as R2 in this case)
/arc/home/RongjunHuang/ICRAR/further/SFR+Z.py:2093: RuntimeWarning: divide by zero encountered in divide
  log_R3_S2 = np.log10(R3/S2)
/arc/home/RongjunHuang/ICRAR/further/SFR+Z.py:2093: RuntimeWarning: invalid value encountered in divide
  log_R3_S2 = np.log10(R3/S2)
/arc/home/RongjunHuang/ICRAR/further/SFR+Z.py:2093: RuntimeWarning: divide by zero encountered in log10
  log_R3_S2 = np.log10(R3/S2)
/arc/home/RongjunHuang/ICRAR/further/SFR+Z.py:2095: RuntimeWarning: divide by zero encountered in log10
  log_S2 = np.log10(S2)
/arc/home/RongjunHuang/ICRAR/further/SFR+Z.py:2118: RuntimeWarning: invalid value encountered in add
  O_H_PG16[upper_mask] = (a1_upper + a2_upper * log_R3_S2[upper_mask] + a3_upper * log_N2[upper_mask] +
/arc/home/RongjunHuang/ICRAR/further/SFR+Z.py:2143: RuntimeWarning: divide by zero encountered in divide
  n2s2_ratio = np.log10(nii6583_flux / sii_total)
/arc/home/RongjunHuang/ICRAR/further/SFR+Z.py:2188: RuntimeWarning: divide by zero encountered in divide
  oiii_hb = oiii5006_flux / hb4861_flux
/arc/home/RongjunHuang/ICRAR/further/SFR+Z.py:2190: RuntimeWarning: divide by zero encountered in log10
  o3n2_ratio = np.log10(oiii_hb / nii_ha)
/arc/home/RongjunHuang/ICRAR/further/SFR+Z.py:2235: RuntimeWarning: divide by zero encountered in divide
  oiii_hb = oiii5006_flux / hb4861_flux
/arc/home/RongjunHuang/ICRAR/further/SFR+Z.py:2237: RuntimeWarning: divide by zero encountered in log10
  o3n2_ratio = np.log10(oiii_hb / nii_ha)
/arc/home/RongjunHuang/ICRAR/further/SFR+Z.py:2294: RuntimeWarning: divide by zero encountered in divide
  oiii_hb = oiii5006_flux / hb4861_flux
/arc/home/RongjunHuang/ICRAR/further/SFR+Z.py:2296: RuntimeWarning: divide by zero encountered in log10
  o3n2_ratio = np.log10(oiii_hb / nii_ha)
/arc/home/RongjunHuang/ICRAR/further/SFR+Z.py:2396: RuntimeWarning: divide by zero encountered in divide
  oiii_hb = oiii5006_flux / hb4861_flux
/arc/home/RongjunHuang/ICRAR/further/SFR+Z.py:2399: RuntimeWarning: divide by zero encountered in divide
  sii_hb = sii_total / hb4861_flux
/arc/home/RongjunHuang/ICRAR/further/SFR+Z.py:2402: RuntimeWarning: divide by zero encountered in divide
  o3s2_ratio = np.log10(oiii_hb / sii_hb)
/arc/home/RongjunHuang/ICRAR/further/SFR+Z.py:2402: RuntimeWarning: invalid value encountered in divide
  o3s2_ratio = np.log10(oiii_hb / sii_hb)
/arc/home/RongjunHuang/ICRAR/further/SFR+Z.py:2402: RuntimeWarning: divide by zero encountered in log10
  o3s2_ratio = np.log10(oiii_hb / sii_hb)
Calculating all 6 C20 metallicities for NGC4450...
Combined C20 metallicity: median = 8.648, range = (8.005, 8.884)
Combined C20 dominant-weight method usage: O3N2=334030, O3S2=0, RS32=17816, R3=128484, N2=28, S2=12618
Galaxy NGC4450 inclination: 51.0° (cos θ = 0.629)
Inclination correction ENABLED: applying b/a = 0.648 (adopting intrinsic thickness q₀ = 0.2 for disc galaxy)
/arc/home/RongjunHuang/ICRAR/further/SFR+Z.py:3111: RuntimeWarning: divide by zero encountered in log10
  logS2  = np.log10((SII6716_FLUX_corr+SII6730_FLUX_corr) / HA6562_FLUX_corr)   # Σ[S II]/Hα
/arc/home/RongjunHuang/ICRAR/further/SFR+Z.py:3112: RuntimeWarning: divide by zero encountered in divide
  logO3  = np.log10(OIII5006_FLUX_corr / HB4861_FLUX_corr)       # [O III]/Hβ
/arc/home/RongjunHuang/ICRAR/further/SFR+Z.py:3112: RuntimeWarning: divide by zero encountered in log10
  logO3  = np.log10(OIII5006_FLUX_corr / HB4861_FLUX_corr)       # [O III]/Hβ
/arc/home/RongjunHuang/ICRAR/further/SFR+Z.py:3198: RuntimeWarning: invalid value encountered in add
  mask_N2_right, mask_S2_right = apply_bpt_masks(logN2=logN2+logN2_err, logS2=logS2+logS2_err, logO3=logO3)
/arc/home/RongjunHuang/ICRAR/further/SFR+Z.py:3200: RuntimeWarning: invalid value encountered in add
  mask_N2_up, mask_S2_up = apply_bpt_masks(logN2=logN2, logS2=logS2, logO3=logO3+logO3_err)
--------------------------------------------------------------
HII-region model-grid inference
pyqz/NebulaBayes six-line corrected-input aperture: 33959 pixels in 2151 unique spatial bins; no extra S/N cut
JY22 six-line raw-input aperture: 33959 pixels in 2151 unique spatial bins; no extra S/N cut
Python interpreter: /arc/home/RongjunHuang/.conda/envs/ICRAR/bin/python
pyqz/NebulaBayes compatibility layer: model_grid_compat.py
pyqz 0.8.4.0: diagnostic=[NII]/[SII]+;[OIII]/[SII]+; Pk=5.0; struct=pp; kappa=inf; sampling=2; srs=800; KDE=multiv; seed=20260823; nproc=1
pyqz runtime overlay: /tmp/pyqz084-runtime-chmwfc06/pyqz/__init__.py
pyqz grid identity: MAPPINGS V HII Region Grid: QZ pp_GCZO_Pk50_kinf
pyqz bins: 1/2151 spectra complete (BINID 1145, 2.6 s)
pyqz bins: 215/2151 spectra complete (BINID 16428, 302.6 s)
pyqz bins: 430/2151 spectra complete (BINID 22996, 596.2 s)
pyqz bins: 645/2151 spectra complete (BINID 25242, 841.5 s)
pyqz bins: 860/2151 spectra complete (BINID 26665, 1061.7 s)
pyqz bins: 1075/2151 spectra complete (BINID 27855, 1259.6 s)
pyqz bins: 1290/2151 spectra complete (BINID 29190, 1465.7 s)
pyqz bins: 1505/2151 spectra complete (BINID 30217, 1703.0 s)
pyqz bins: 1720/2151 spectra complete (BINID 31960, 1957.6 s)
pyqz bins: 1935/2151 spectra complete (BINID 35028, 2208.8 s)
pyqz bins: 2150/2151 spectra complete (BINID 36714, 2448.7 s)
pyqz bins: 2151/2151 spectra complete (BINID 36716, 2450.1 s)
pyqz bins: no per-spectrum exceptions
Initialising NebulaBayes (v0.9.9) model...
INFO Initialising NebulaBayes (v0.9.9) model...
Loading input grid data...
INFO Loading input grid data...
Building flux arrays for the model grids...
INFO Building flux arrays for the model grids...
Resampling model emission line flux grids to shape (40, 20, 160) using linear interpolation...
INFO Resampling model emission line flux grids to shape (40, 20, 160) using linear interpolation...
    Interpolating for Hbeta...
INFO     Interpolating for Hbeta...
    Interpolating for OIII5007...
INFO     Interpolating for OIII5007...
    Interpolating for Halpha...
INFO     Interpolating for Halpha...
    Interpolating for NII6583...
INFO     Interpolating for NII6583...
    Interpolating for SII6716...
INFO     Interpolating for SII6716...
    Interpolating for SII6731...
INFO     Interpolating for SII6731...
Interpolated flux grid size is 1.02MB for 1 line and 6.14MB total for all 6 lines
DEBUG Interpolated flux grid size is 1.02MB for 1 line and 6.14MB total for all 6 lines
NebulaBayes 0.9.9: grid=/arc/home/RongjunHuang/.conda/envs/ICRAR/lib/python3.13/site-packages/NebulaBayes/grids/NB_HII_grid.fits.gz; parameters=['log U', 'log P/k', '12 + log O/H']; shape=(40, 20, 160); order=1; grid_error=0.1; norm=Hbeta; deredden=False; prior=Uniform
NebulaBayes bins: 1/2151 spectra complete (BINID 1145, 0.1 s)
NebulaBayes bins: 215/2151 spectra complete (BINID 16428, 16.0 s)
NebulaBayes bins: 430/2151 spectra complete (BINID 22996, 31.7 s)
NebulaBayes bins: 645/2151 spectra complete (BINID 25242, 47.6 s)
NebulaBayes bins: 860/2151 spectra complete (BINID 26665, 63.5 s)
NebulaBayes bins: 1075/2151 spectra complete (BINID 27855, 79.8 s)
NebulaBayes bins: 1290/2151 spectra complete (BINID 29190, 95.9 s)
NebulaBayes bins: 1505/2151 spectra complete (BINID 30217, 112.1 s)
NebulaBayes bins: 1720/2151 spectra complete (BINID 31960, 128.0 s)
NebulaBayes bins: 1935/2151 spectra complete (BINID 35028, 143.7 s)
NebulaBayes bins: 2150/2151 spectra complete (BINID 36714, 159.6 s)
NebulaBayes bins: 2151/2151 spectra complete (BINID 36716, 159.6 s)
NebulaBayes bins: no per-spectrum exceptions
JY22/Peng2026: raw close-pair ratios=N2,S2,R3; posterior means with marginal equal-tailed p16/p84; full raw-ratio covariance; post-depletion O/H=pre-depletion-0.22; nominal fit_ok chi2<=9; error inflation=1.0
JY22 grid: /arc/home/RongjunHuang/ICRAR/further/Peng2026/photoionization_models/photoionization_grid_interpolated.fits; sha256=d7a219b60c9a1ea8b29339988c84b1832028b28b3c417d1c3c58b420831eb38a; requested logU=(-4.0, -0.5); retained logU=(-4.0, -0.5384615384615388); solar O/H=8.69
JY22 bins: 1/2151 spectra complete (BINID 1145, 0.0 s)
JY22 bins: 215/2151 spectra complete (BINID 16428, 0.2 s)
JY22 bins: 430/2151 spectra complete (BINID 22996, 0.5 s)
JY22 bins: 645/2151 spectra complete (BINID 25242, 0.7 s)
JY22 bins: 860/2151 spectra complete (BINID 26665, 1.0 s)
JY22 bins: 1075/2151 spectra complete (BINID 27855, 1.2 s)
JY22 bins: 1290/2151 spectra complete (BINID 29190, 1.5 s)
JY22 bins: 1505/2151 spectra complete (BINID 30217, 1.7 s)
JY22 bins: 1720/2151 spectra complete (BINID 31960, 1.9 s)
JY22 bins: 1935/2151 spectra complete (BINID 35028, 2.2 s)
JY22 bins: 2150/2151 spectra complete (BINID 36714, 2.4 s)
JY22 bins: 2151/2151 spectra complete (BINID 36716, 2.4 s)
JY22 bins: no per-spectrum exceptions
/tmp/pyqz084-runtime-chmwfc06/pyqz/pyqz.py:849: RuntimeWarning: invalid value encountered in divide
  gridZ/= peak_val
pyqz integrated HII: no per-spectrum exceptions
/tmp/pyqz084-runtime-chmwfc06/pyqz/pyqz.py:849: RuntimeWarning: invalid value encountered in divide
  gridZ/= peak_val
pyqz integrated SF: no per-spectrum exceptions
NebulaBayes integrated: no per-spectrum exceptions
JY22 integrated: no per-spectrum exceptions
Integrated HII/SF model-grid results (common six-line raw aperture)
  HII: 20485 pixels, 1408 bins; integrated E(B-V)=0.30237+/-0.00014
    pyqz: O/H=nan+/-nan; LogQ=nan+/-nan; logU=nan+/-nan; flag=1234; off-grid=0.00%; valid=0 (uncertainties: 0.61 KDE contour)
    NebulaBayes means: O/H=8.75525 [8.71151, 8.79615]; logU=-3.14927 [-3.23077, -3.02564]; log(P/k)=5.23004 [4.43158, 6.05263]; sampled modes=(8.75383, -3.12821, 5.58947); reliable=(1, 1, 1); chi2_red=8877; nlocalmax=2; flag=0; valid=1
    JY22 gas O/H=8.83146 [8.83146, 8.83146]; pre-depletion O/H=9.05146 [9.05146, 9.05146]; logU=-1.30769 [-1.30769, -1.30769]; chi2_min=2.618e+05; residuals(N2,S2,R3)=(0.0146, -0.0117, -0.0475); residual norm=0.0510; fit_ok=0; flag=32; valid=1 (posterior means; marginal equal-tailed p16/p84)
  SF: 33959 pixels, 2151 bins; integrated E(B-V)=0.28934+/-0.00013
    pyqz: O/H=nan+/-nan; LogQ=nan+/-nan; logU=nan+/-nan; flag=1234; off-grid=0.00%; valid=0 (uncertainties: 0.61 KDE contour)
    NebulaBayes means: O/H=8.69382 [8.65508, 8.72562]; logU=-3.25604 [-3.33333, -3.17949]; log(P/k)=5.30580 [4.43158, 6.05263]; sampled modes=(8.71151, -3.23077, 5.35789); reliable=(1, 1, 1); chi2_red=3372; nlocalmax=1; flag=0; valid=1
    JY22 gas O/H=8.83146 [8.83146, 8.83146]; pre-depletion O/H=9.05146 [9.05146, 9.05146]; logU=-1.43590 [-1.43590, -1.43590]; chi2_min=1.035e+06; residuals(N2,S2,R3)=(0.0278, -0.0113, 0.1124); residual norm=0.1163; fit_ok=0; flag=32; valid=1 (posterior means; marginal equal-tailed p16/p84)
Model covariance note: JY22 uses the full first-order N2/S2/R3 covariance from raw close-pair ratios and shared denominators; pyqz/NebulaBayes independent-error APIs do not represent the analogous shared covariance.
--------------------------------------------------------------
Loaded SII density lookup table: /arc/home/RongjunHuang/ICRAR/further/pyneb_sii_6716_6731_density_lookup_te8000_13000_step1000_ne20_100000_n4096.npz
PyNeb Te-method valid-pixel counts:
  NE_SII finite pixels: 176533
  NE_SII fixed at 20 cm^-3: 97442/176533 (55.2%)
  NE_SII exact high-density fallback pixels: 0
  NE_SII_ALL finite pixels: 501469
  Te(NII) HII pixels: 82
  Te(NII) SF pixels: 91
  Brazzini+2024 direct HII pixels: 0
  Brazzini+2024 direct SF pixels: 0
  NII+OII7325 semi-direct HII pixels: 0
  NII+OII7325 semi-direct SF pixels: 0
  Kreckel+2025 NII-only HII pixels: 46
  Kreckel+2025 NII-only SF pixels: 46
Integrated PyNeb Te-method values:
  SF:
    NE_SII: 20.00 +/- 0.00 cm^-3 (n_pix=27673, fixed20=1, exact_high_density=0)
    Te(NII): 17463.0 +/- 229.5 K (n_pix=216)
    O_H_BR24_DIRECT: nan dex (n_pix=0)
    O_H_NII_OII7325: nan dex (n_pix=0)
    O_H_NII_K25: nan dex (n_pix=216)
  HII:
    NE_SII: 20.00 +/- 0.00 cm^-3 (n_pix=17197, fixed20=1, exact_high_density=0)
    Te(NII): 14712.3 +/- 199.8 K (n_pix=139)
    O_H_BR24_DIRECT: nan dex (n_pix=0)
    O_H_NII_OII7325: nan dex (n_pix=0)
    O_H_NII_K25: nan dex (n_pix=139)
Further file written ➜ /arc/projects/mauve/products/v3tk_v7.6.8/NGC4450/NGC4450_gas_bin_maps_further.fits
--------------------------------------------------------------
Total non-nan spaxels: 501469
Number of pixels with Halpha not detected: 84506
Number of pixels with Halpha detected, Hbeta not detected: 270976
Number of pixels with Halpha detected, Hbeta detected, NII not detected, OIII not detected and unclassified1: 0
Number of pixels with Halpha detected, Hbeta detected, NII not detected, OIII detected and unclassified1: 0
Number of pixels with Halpha detected, Hbeta detected, NII detected, OIII not detected and unclassified1: 5069
Number of pixels with Halpha detected, Hbeta detected, NII detected, OIII detected and unclassified1: 60522
Number of pixels with Halpha detected, Hbeta detected, SII not detected, OIII not detected and unclassified1: 2228
Number of pixels with Halpha detected, Hbeta detected, SII not detected, OIII detected and unclassified1: 7244
Number of pixels with Halpha detected, Hbeta detected, SII detected, OIII not detected and unclassified1: 2841
Number of pixels with Halpha detected, Hbeta detected, SII detected, OIII detected and unclassified1: 53278
--------------------------------------------------------------
Total Halpha luminosity map sum (detections + upper-limit substitutions): 3.92e+40 erg/s
Total corrected Halpha luminosity from SF region: 1.66e+40 erg/s
Total Halpha SFR map sum (detections + upper-limit substitutions): 0.20 M☉/yr or in log10 scale: -0.71 log(M☉/yr)
Total Halpha SFR from SF region: 0.08 M☉/yr or in log10 scale: -1.08 log(M☉/yr)
Total Halpha SFR from HII region: 0.07 M☉/yr or in log10 scale: -1.14 log(M☉/yr)
--------------------------------------------------------------
[O/H] D16 SF: Total metallicity in SF region:  8.74384914673994
[O/H] PG16 SF: Total metallicity in SF region:  8.55295465849062
[O/H] N2S2-N06 SF: Total metallicity in SF region:  9.03687463918497
[O/H] O3N2-M13 SF: Total metallicity in SF region:  8.563696167790233
[O/H] N2-M13 SF: Total metallicity in SF region:  8.551845560682123
[O/H] O3N2-PP04 SF: Total metallicity in SF region:  8.775900811648949
[O/H] N2-PP04 SF: Total metallicity in SF region:  8.72311545248346
[O/H] O3N2-C20 SF: Total metallicity in SF region:  8.775587888026582
[O/H] O3S2-C20 SF: Total metallicity in SF region:  8.841555144524671
[O/H] RS32-C20 SF: Total metallicity in SF region:  8.753850736871291
[O/H] R3-C20 SF: Total metallicity in SF region:  8.763388318828401
[O/H] N2-C20 SF: Total metallicity in SF region:  8.745562220434426
[O/H] S2-C20 SF: Total metallicity in SF region:  8.756466492134473
[O/H] Combined-C20 SF: Total metallicity in SF region:  8.766322653062558 (weighted 6 methods; dominant S2)
--------------------------------------------------------------
[O/H] D16 HII: Total metallicity in HII region:  8.744586708725432
[O/H] PG16 HII: Total metallicity in HII region:  8.543728733324729
[O/H] N2S2-N06 HII: Total metallicity in HII region:  9.043834317741416
[O/H] O3N2-M13 HII: Total metallicity in HII region:  8.57915047635374
[O/H] N2-M13 HII: Total metallicity in HII region:  8.53832430012835
[O/H] O3N2-PP04 HII: Total metallicity in HII region:  8.799010058099054
[O/H] N2-PP04 HII: Total metallicity in HII region:  8.690140344384998
[O/H] O3N2-C20 HII: Total metallicity in HII region:  8.78951632640618
[O/H] O3S2-C20 HII: Total metallicity in HII region:  8.85409692439476
[O/H] RS32-C20 HII: Total metallicity in HII region:  8.77714909791023
[O/H] R3-C20 HII: Total metallicity in HII region:  8.787636676535573
[O/H] N2-C20 HII: Total metallicity in HII region:  8.722266309746125
[O/H] S2-C20 HII: Total metallicity in HII region:  8.781379323612324
[O/H] Combined-C20 HII: Total metallicity in HII region:  8.783199938754528 (weighted 6 methods; dominant S2)
--------------------------------------------------------------
[O/H] D16: Total metallicity in total region:  8.802244196211246
[O/H] PG16: Total metallicity in total region:  8.759894647261017
[O/H] N2S2-N06: Total metallicity in total region:  9.011897516868789
[O/H] O3N2-M13: Total metallicity in total region:  8.494221155847917
[O/H] N2-M13: Total metallicity in total region:  nan
[O/H] O3N2-PP04: Total metallicity in total region:  8.67201294332399
[O/H] N2-PP04: Total metallicity in total region:  nan
[O/H] O3N2-C20: Total metallicity in total region:  8.710737689503114
[O/H] O3S2-C20: Total metallicity in total region:  8.78141377177618
[O/H] RS32-C20: Total metallicity in total region:  8.533096640771161
[O/H] R3-C20: Total metallicity in total region:  8.570619088380212
[O/H] N2-C20: Total metallicity in total region:  nan
[O/H] S2-C20: Total metallicity in total region:  nan
[O/H] Combined-C20: Total metallicity in total region:  8.62156401040071 (weighted 4 methods; dominant R3)
--------------------------------------------------------------
Total runtime: 6732.4 s
✅  NGC4450 finished in 112m17s
