Python executable: /arc/home/RongjunHuang/.conda/envs/ICRAR/bin/python
Python 3.13.3
PYTHONUNBUFFERED: 1
Product root     : /arc/projects/mauve/products
Product subdir   : v3tk_v7.6.8
Local fallback   : /arc/home/RongjunHuang/ICRAR/further

Shared input keyword ➜ <none>
Reading gas-line FITS ➜ /arc/projects/mauve/products/v3tk_v7.6.8/NGC4293/NGC4293_gas_bin_maps.fits
Matched binning FITS ➜ /arc/projects/mauve/products/v3tk_v7.6.8/NGC4293/NGC4293_spatial_binning_maps_further.fits
Spatial mask FITS ➜ /arc/projects/mauve/products/v3tk_v7.6.8/NGC4293/NGC4293_mask.fits
Gas-line maps collapsed onto spatial BINID: 20517 bins
Available gas-line flux/error pairs:
  - HB4861
  - OIII4958
  - OIII5006
  - NII5754
  - OI6300
  - SIII6312
  - OI6363
  - NII6548
  - HA6562
  - NII6583
  - SII6716
  - SII6730
  - OII7318
  - OII7319
  - OII7329
  - OII7330
Te-method optional emission-line availability:
  - OIII4958: available
  - NII5754: available
  - SIII6312: available
  - NII6548: available
  - OII7318: available
  - OII7319: available
  - OII7329: available
  - OII7330: available
  - SIII9068: missing
Spatial mask applied: MASKFILE[MASK] table; row-major MASK == 0; keep=261523, masked=229513, finite H-alpha after mask=261523
/arc/home/RongjunHuang/ICRAR/further/SFR+Z.py:1223: RuntimeWarning: divide by zero encountered in divide
  BD = HA6562_FLUX / HB4861_FLUX
/arc/home/RongjunHuang/ICRAR/further/SFR+Z.py:1223: RuntimeWarning: invalid value encountered in divide
  BD = HA6562_FLUX / HB4861_FLUX
--------------------------------------------------------------
Extinction law for k(λ)=A(λ)/E(B−V): calzetti
k(Hβ 4861Å)  = 4.5981   at λ=0.4861 µm
k(Hα 6562Å)  = 3.3264   at λ=0.6562 µm
k([OIII]5006)= 4.4647   at λ=0.5006 µm
k([NII]6583) = 3.3130   at λ=0.6583 µm
k([SII]6716) = 3.2298   at λ=0.6716 µm
k([SII]6730) = 3.2212   at λ=0.6730 µm
k(OIII4958) = 4.5083   at λ=0.4958 µm
k(NII5754) = 3.8531   at λ=0.5755 µm
k(OI6300) = 3.5017   at λ=0.6300 µm
k(SIII6312) = 3.4934   at λ=0.6312 µm
k(OI6363) = 3.4582   at λ=0.6363 µm
k(NII6548) = 3.3355   at λ=0.6548 µm
k(OII7318) = 2.8906   at λ=0.7319 µm
k(OII7319) = 2.8901   at λ=0.7320 µm
k(OII7329) = 2.8854   at λ=0.7329 µm
k(OII7330) = 2.8844   at λ=0.7331 µm
k(SIII9068) = 2.1615   at λ=0.9069 µm (line missing; NaN placeholder)
--------------------------------------------------------------
/arc/home/RongjunHuang/ICRAR/further/SFR+Z.py:2103: RuntimeWarning: divide by zero encountered in divide
  y = np.log10(NII6583_FLUX_corr / (SII6716_FLUX_corr + SII6730_FLUX_corr)) + 0.264*np.log10(NII6583_FLUX_corr / HA6562_FLUX_corr)
/arc/home/RongjunHuang/ICRAR/further/SFR+Z.py:2103: RuntimeWarning: invalid value encountered in divide
  y = np.log10(NII6583_FLUX_corr / (SII6716_FLUX_corr + SII6730_FLUX_corr)) + 0.264*np.log10(NII6583_FLUX_corr / HA6562_FLUX_corr)
/arc/home/RongjunHuang/ICRAR/further/SFR+Z.py:2103: RuntimeWarning: divide by zero encountered in log10
  y = np.log10(NII6583_FLUX_corr / (SII6716_FLUX_corr + SII6730_FLUX_corr)) + 0.264*np.log10(NII6583_FLUX_corr / HA6562_FLUX_corr)
/arc/home/RongjunHuang/ICRAR/further/SFR+Z.py:2114: RuntimeWarning: divide by zero encountered in divide
  N2 = NII_scaled / HB4861_FLUX_corr   # N2 = I([N II]λ6548 + λ6584)/I(Hβ)
/arc/home/RongjunHuang/ICRAR/further/SFR+Z.py:2114: RuntimeWarning: invalid value encountered in divide
  N2 = NII_scaled / HB4861_FLUX_corr   # N2 = I([N II]λ6548 + λ6584)/I(Hβ)
/arc/home/RongjunHuang/ICRAR/further/SFR+Z.py:2115: RuntimeWarning: divide by zero encountered in divide
  S2 = (SII6716_FLUX_corr + SII6730_FLUX_corr) / HB4861_FLUX_corr  # S2 = I([S II]λ6717 + λ6731)/I(Hβ)
/arc/home/RongjunHuang/ICRAR/further/SFR+Z.py:2115: RuntimeWarning: invalid value encountered in divide
  S2 = (SII6716_FLUX_corr + SII6730_FLUX_corr) / HB4861_FLUX_corr  # S2 = I([S II]λ6717 + λ6731)/I(Hβ)
/arc/home/RongjunHuang/ICRAR/further/SFR+Z.py:2116: RuntimeWarning: divide by zero encountered in divide
  R3 = OIII_scaled / HB4861_FLUX_corr  # R3 = I([O III]λ4959 + λ5007)/I(Hβ) (same value as R2 in this case)
/arc/home/RongjunHuang/ICRAR/further/SFR+Z.py:2116: RuntimeWarning: invalid value encountered in divide
  R3 = OIII_scaled / HB4861_FLUX_corr  # R3 = I([O III]λ4959 + λ5007)/I(Hβ) (same value as R2 in this case)
/arc/home/RongjunHuang/ICRAR/further/SFR+Z.py:2118: RuntimeWarning: divide by zero encountered in divide
  log_R3_S2 = np.log10(R3/S2)
/arc/home/RongjunHuang/ICRAR/further/SFR+Z.py:2118: RuntimeWarning: invalid value encountered in divide
  log_R3_S2 = np.log10(R3/S2)
/arc/home/RongjunHuang/ICRAR/further/SFR+Z.py:2118: RuntimeWarning: divide by zero encountered in log10
  log_R3_S2 = np.log10(R3/S2)
/arc/home/RongjunHuang/ICRAR/further/SFR+Z.py:2119: RuntimeWarning: divide by zero encountered in log10
  log_N2 = np.log10(N2)
/arc/home/RongjunHuang/ICRAR/further/SFR+Z.py:2120: RuntimeWarning: divide by zero encountered in log10
  log_S2 = np.log10(S2)
/arc/home/RongjunHuang/ICRAR/further/SFR+Z.py:2143: RuntimeWarning: invalid value encountered in add
  O_H_PG16[upper_mask] = (a1_upper + a2_upper * log_R3_S2[upper_mask] + a3_upper * log_N2[upper_mask] +
/arc/home/RongjunHuang/ICRAR/further/SFR+Z.py:2146: RuntimeWarning: invalid value encountered in add
  O_H_PG16[lower_mask] = (a1_lower + a2_lower * log_R3_S2[lower_mask] + a3_lower * log_N2[lower_mask] +
/arc/home/RongjunHuang/ICRAR/further/SFR+Z.py:2168: RuntimeWarning: divide by zero encountered in divide
  n2s2_ratio = np.log10(nii6583_flux / sii_total)
/arc/home/RongjunHuang/ICRAR/further/SFR+Z.py:2168: RuntimeWarning: invalid value encountered in divide
  n2s2_ratio = np.log10(nii6583_flux / sii_total)
/arc/home/RongjunHuang/ICRAR/further/SFR+Z.py:2168: RuntimeWarning: divide by zero encountered in log10
  n2s2_ratio = np.log10(nii6583_flux / sii_total)
/arc/home/RongjunHuang/ICRAR/further/SFR+Z.py:2213: RuntimeWarning: divide by zero encountered in divide
  oiii_hb = oiii5006_flux / hb4861_flux
/arc/home/RongjunHuang/ICRAR/further/SFR+Z.py:2213: RuntimeWarning: invalid value encountered in divide
  oiii_hb = oiii5006_flux / hb4861_flux
/arc/home/RongjunHuang/ICRAR/further/SFR+Z.py:2214: RuntimeWarning: divide by zero encountered in divide
  nii_ha = nii6583_flux / ha6562_flux
/arc/home/RongjunHuang/ICRAR/further/SFR+Z.py:2214: RuntimeWarning: invalid value encountered in divide
  nii_ha = nii6583_flux / ha6562_flux
/arc/home/RongjunHuang/ICRAR/further/SFR+Z.py:2215: RuntimeWarning: divide by zero encountered in divide
  o3n2_ratio = np.log10(oiii_hb / nii_ha)
/arc/home/RongjunHuang/ICRAR/further/SFR+Z.py:2215: RuntimeWarning: invalid value encountered in divide
  o3n2_ratio = np.log10(oiii_hb / nii_ha)
/arc/home/RongjunHuang/ICRAR/further/SFR+Z.py:2215: RuntimeWarning: divide by zero encountered in log10
  o3n2_ratio = np.log10(oiii_hb / nii_ha)
/arc/home/RongjunHuang/ICRAR/further/SFR+Z.py:2237: RuntimeWarning: divide by zero encountered in divide
  n2_ratio = np.log10(nii6583_flux / ha6562_flux)
/arc/home/RongjunHuang/ICRAR/further/SFR+Z.py:2237: RuntimeWarning: invalid value encountered in divide
  n2_ratio = np.log10(nii6583_flux / ha6562_flux)
/arc/home/RongjunHuang/ICRAR/further/SFR+Z.py:2237: RuntimeWarning: divide by zero encountered in log10
  n2_ratio = np.log10(nii6583_flux / ha6562_flux)
/arc/home/RongjunHuang/ICRAR/further/SFR+Z.py:2260: RuntimeWarning: divide by zero encountered in divide
  oiii_hb = oiii5006_flux / hb4861_flux
/arc/home/RongjunHuang/ICRAR/further/SFR+Z.py:2260: RuntimeWarning: invalid value encountered in divide
  oiii_hb = oiii5006_flux / hb4861_flux
/arc/home/RongjunHuang/ICRAR/further/SFR+Z.py:2261: RuntimeWarning: divide by zero encountered in divide
  nii_ha = nii6583_flux / ha6562_flux
/arc/home/RongjunHuang/ICRAR/further/SFR+Z.py:2261: RuntimeWarning: invalid value encountered in divide
  nii_ha = nii6583_flux / ha6562_flux
/arc/home/RongjunHuang/ICRAR/further/SFR+Z.py:2262: RuntimeWarning: divide by zero encountered in divide
  o3n2_ratio = np.log10(oiii_hb / nii_ha)
/arc/home/RongjunHuang/ICRAR/further/SFR+Z.py:2262: RuntimeWarning: invalid value encountered in divide
  o3n2_ratio = np.log10(oiii_hb / nii_ha)
/arc/home/RongjunHuang/ICRAR/further/SFR+Z.py:2262: RuntimeWarning: divide by zero encountered in log10
  o3n2_ratio = np.log10(oiii_hb / nii_ha)
/arc/home/RongjunHuang/ICRAR/further/SFR+Z.py:2284: RuntimeWarning: divide by zero encountered in divide
  n2_ratio = np.log10(nii6583_flux / ha6562_flux)
/arc/home/RongjunHuang/ICRAR/further/SFR+Z.py:2284: RuntimeWarning: invalid value encountered in divide
  n2_ratio = np.log10(nii6583_flux / ha6562_flux)
/arc/home/RongjunHuang/ICRAR/further/SFR+Z.py:2284: RuntimeWarning: divide by zero encountered in log10
  n2_ratio = np.log10(nii6583_flux / ha6562_flux)
/arc/home/RongjunHuang/ICRAR/further/SFR+Z.py:2319: RuntimeWarning: divide by zero encountered in divide
  oiii_hb = oiii5006_flux / hb4861_flux
/arc/home/RongjunHuang/ICRAR/further/SFR+Z.py:2319: RuntimeWarning: invalid value encountered in divide
  oiii_hb = oiii5006_flux / hb4861_flux
/arc/home/RongjunHuang/ICRAR/further/SFR+Z.py:2320: RuntimeWarning: divide by zero encountered in divide
  nii_ha = nii6583_flux / ha6562_flux
/arc/home/RongjunHuang/ICRAR/further/SFR+Z.py:2320: RuntimeWarning: invalid value encountered in divide
  nii_ha = nii6583_flux / ha6562_flux
/arc/home/RongjunHuang/ICRAR/further/SFR+Z.py:2321: RuntimeWarning: divide by zero encountered in divide
  o3n2_ratio = np.log10(oiii_hb / nii_ha)
/arc/home/RongjunHuang/ICRAR/further/SFR+Z.py:2321: RuntimeWarning: invalid value encountered in divide
  o3n2_ratio = np.log10(oiii_hb / nii_ha)
/arc/home/RongjunHuang/ICRAR/further/SFR+Z.py:2321: RuntimeWarning: divide by zero encountered in log10
  o3n2_ratio = np.log10(oiii_hb / nii_ha)
/arc/home/RongjunHuang/ICRAR/further/SFR+Z.py:2421: RuntimeWarning: divide by zero encountered in divide
  oiii_hb = oiii5006_flux / hb4861_flux
/arc/home/RongjunHuang/ICRAR/further/SFR+Z.py:2421: RuntimeWarning: invalid value encountered in divide
  oiii_hb = oiii5006_flux / hb4861_flux
/arc/home/RongjunHuang/ICRAR/further/SFR+Z.py:2424: RuntimeWarning: divide by zero encountered in divide
  sii_hb = sii_total / hb4861_flux
/arc/home/RongjunHuang/ICRAR/further/SFR+Z.py:2424: RuntimeWarning: invalid value encountered in divide
  sii_hb = sii_total / hb4861_flux
/arc/home/RongjunHuang/ICRAR/further/SFR+Z.py:2427: RuntimeWarning: divide by zero encountered in divide
  o3s2_ratio = np.log10(oiii_hb / sii_hb)
/arc/home/RongjunHuang/ICRAR/further/SFR+Z.py:2427: RuntimeWarning: invalid value encountered in divide
  o3s2_ratio = np.log10(oiii_hb / sii_hb)
/arc/home/RongjunHuang/ICRAR/further/SFR+Z.py:2427: RuntimeWarning: divide by zero encountered in log10
  o3s2_ratio = np.log10(oiii_hb / sii_hb)
Calculating all 6 C20 metallicities for NGC4293...
Combined C20 metallicity: median = 8.633, range = (8.086, 8.985)
Combined C20 dominant-weight method usage: O3N2=211539, O3S2=0, RS32=3286, R3=11704, N2=136, S2=16658
Galaxy NGC4293 inclination: 67.0° (cos θ = 0.391)
Inclination correction ENABLED: applying b/a = 0.432 (adopting intrinsic thickness q₀ = 0.2 for disc galaxy)
/arc/home/RongjunHuang/ICRAR/further/SFR+Z.py:3135: RuntimeWarning: divide by zero encountered in divide
  logN2  = np.log10(NII6583_FLUX_corr / HA6562_FLUX_corr)        # [N II]/Hα
/arc/home/RongjunHuang/ICRAR/further/SFR+Z.py:3135: RuntimeWarning: invalid value encountered in divide
  logN2  = np.log10(NII6583_FLUX_corr / HA6562_FLUX_corr)        # [N II]/Hα
/arc/home/RongjunHuang/ICRAR/further/SFR+Z.py:3135: RuntimeWarning: divide by zero encountered in log10
  logN2  = np.log10(NII6583_FLUX_corr / HA6562_FLUX_corr)        # [N II]/Hα
/arc/home/RongjunHuang/ICRAR/further/SFR+Z.py:3136: RuntimeWarning: divide by zero encountered in divide
  logS2  = np.log10((SII6716_FLUX_corr+SII6730_FLUX_corr) / HA6562_FLUX_corr)   # Σ[S II]/Hα
/arc/home/RongjunHuang/ICRAR/further/SFR+Z.py:3136: RuntimeWarning: invalid value encountered in divide
  logS2  = np.log10((SII6716_FLUX_corr+SII6730_FLUX_corr) / HA6562_FLUX_corr)   # Σ[S II]/Hα
/arc/home/RongjunHuang/ICRAR/further/SFR+Z.py:3136: RuntimeWarning: divide by zero encountered in log10
  logS2  = np.log10((SII6716_FLUX_corr+SII6730_FLUX_corr) / HA6562_FLUX_corr)   # Σ[S II]/Hα
/arc/home/RongjunHuang/ICRAR/further/SFR+Z.py:3137: RuntimeWarning: divide by zero encountered in divide
  logO3  = np.log10(OIII5006_FLUX_corr / HB4861_FLUX_corr)       # [O III]/Hβ
/arc/home/RongjunHuang/ICRAR/further/SFR+Z.py:3137: RuntimeWarning: invalid value encountered in divide
  logO3  = np.log10(OIII5006_FLUX_corr / HB4861_FLUX_corr)       # [O III]/Hβ
/arc/home/RongjunHuang/ICRAR/further/SFR+Z.py:3137: RuntimeWarning: divide by zero encountered in log10
  logO3  = np.log10(OIII5006_FLUX_corr / HB4861_FLUX_corr)       # [O III]/Hβ
/arc/home/RongjunHuang/ICRAR/further/SFR+Z.py:3223: RuntimeWarning: invalid value encountered in add
  mask_N2_right, mask_S2_right = apply_bpt_masks(logN2=logN2+logN2_err, logS2=logS2+logS2_err, logO3=logO3)
/arc/home/RongjunHuang/ICRAR/further/SFR+Z.py:3225: RuntimeWarning: invalid value encountered in add
  mask_N2_up, mask_S2_up = apply_bpt_masks(logN2=logN2, logS2=logS2, logO3=logO3+logO3_err)
--------------------------------------------------------------
HII-region model-grid inference
pyqz/NebulaBayes six-line corrected-input aperture: 5466 pixels in 599 unique spatial bins; no extra S/N cut
JY22 six-line raw-input aperture: 5466 pixels in 599 unique spatial bins; no extra S/N cut
Python interpreter: /arc/home/RongjunHuang/.conda/envs/ICRAR/bin/python
pyqz/NebulaBayes compatibility layer: model_grid_compat.py
pyqz 0.8.4.0: diagnostic=[NII]/[SII]+;[OIII]/[SII]+; Pk=5.0; struct=pp; kappa=inf; sampling=2; srs=800; KDE=multiv; seed=20260823; nproc=1
pyqz runtime overlay: /tmp/pyqz084-runtime-0ru2j9wi/pyqz/__init__.py
pyqz grid identity: MAPPINGS V HII Region Grid: QZ pp_GCZO_Pk50_kinf
pyqz bins: 1/599 spectra complete (BINID 575, 1.8 s)
pyqz bins: 59/599 spectra complete (BINID 9565, 96.9 s)
pyqz bins: 118/599 spectra complete (BINID 10942, 187.6 s)
pyqz bins: 177/599 spectra complete (BINID 14423, 277.8 s)
pyqz bins: 236/599 spectra complete (BINID 16896, 408.9 s)
pyqz bins: 295/599 spectra complete (BINID 17184, 502.2 s)
pyqz bins: 354/599 spectra complete (BINID 17354, 593.3 s)
pyqz bins: 413/599 spectra complete (BINID 17511, 710.0 s)
pyqz bins: 472/599 spectra complete (BINID 17677, 833.1 s)
pyqz bins: 531/599 spectra complete (BINID 17851, 947.6 s)
pyqz bins: 590/599 spectra complete (BINID 19526, 1066.5 s)
pyqz bins: 599/599 spectra complete (BINID 20496, 1088.1 s)
pyqz bins: no per-spectrum exceptions
Initialising NebulaBayes (v0.9.9) model...
INFO Initialising NebulaBayes (v0.9.9) model...
Loading input grid data...
INFO Loading input grid data...
Building flux arrays for the model grids...
INFO Building flux arrays for the model grids...
Resampling model emission line flux grids to shape (40, 20, 160) using linear interpolation...
INFO Resampling model emission line flux grids to shape (40, 20, 160) using linear interpolation...
    Interpolating for Hbeta...
INFO     Interpolating for Hbeta...
    Interpolating for OIII5007...
INFO     Interpolating for OIII5007...
    Interpolating for Halpha...
INFO     Interpolating for Halpha...
    Interpolating for NII6583...
INFO     Interpolating for NII6583...
    Interpolating for SII6716...
INFO     Interpolating for SII6716...
    Interpolating for SII6731...
INFO     Interpolating for SII6731...
Interpolated flux grid size is 1.02MB for 1 line and 6.14MB total for all 6 lines
DEBUG Interpolated flux grid size is 1.02MB for 1 line and 6.14MB total for all 6 lines
NebulaBayes 0.9.9: grid=/arc/home/RongjunHuang/.conda/envs/ICRAR/lib/python3.13/site-packages/NebulaBayes/grids/NB_HII_grid.fits.gz; parameters=['log U', 'log P/k', '12 + log O/H']; shape=(40, 20, 160); order=1; grid_error=0.1; norm=Hbeta; deredden=False; prior=Uniform
NebulaBayes bins: 1/599 spectra complete (BINID 575, 0.1 s)
NebulaBayes bins: 59/599 spectra complete (BINID 9565, 4.5 s)
NebulaBayes bins: 118/599 spectra complete (BINID 10942, 8.9 s)
NebulaBayes bins: 177/599 spectra complete (BINID 14423, 13.4 s)
NebulaBayes bins: 236/599 spectra complete (BINID 16896, 18.2 s)
NebulaBayes bins: 295/599 spectra complete (BINID 17184, 22.7 s)
NebulaBayes bins: 354/599 spectra complete (BINID 17354, 27.1 s)
NebulaBayes bins: 413/599 spectra complete (BINID 17511, 31.5 s)
NebulaBayes bins: 472/599 spectra complete (BINID 17677, 35.7 s)
NebulaBayes bins: 531/599 spectra complete (BINID 17851, 39.7 s)
NebulaBayes bins: 590/599 spectra complete (BINID 19526, 43.9 s)
NebulaBayes bins: 599/599 spectra complete (BINID 20496, 44.6 s)
NebulaBayes bins: no per-spectrum exceptions
JY22/Peng2026: raw close-pair ratios=N2,S2,R3; posterior means with marginal equal-tailed p16/p84; full raw-ratio covariance; post-depletion O/H=pre-depletion-0.22; empirical chi2<=25 gross-mismatch cut; not a physical boundary; error inflation=1.0
JY22 grid: /arc/home/RongjunHuang/ICRAR/further/Peng2026/photoionization_models/photoionization_grid_interpolated.fits; sha256=d7a219b60c9a1ea8b29339988c84b1832028b28b3c417d1c3c58b420831eb38a; inference_shape=(200, 200); requested logU=(-4.0, -0.5); retained logU=(-4.0, -0.5); solar O/H=8.69
JY22 bins: 1/599 spectra complete (BINID 575, 0.0 s)
JY22 bins: 59/599 spectra complete (BINID 9565, 0.7 s)
JY22 bins: 118/599 spectra complete (BINID 10942, 1.4 s)
JY22 bins: 177/599 spectra complete (BINID 14423, 2.1 s)
JY22 bins: 236/599 spectra complete (BINID 16896, 2.7 s)
JY22 bins: 295/599 spectra complete (BINID 17184, 3.4 s)
JY22 bins: 354/599 spectra complete (BINID 17354, 4.1 s)
JY22 bins: 413/599 spectra complete (BINID 17511, 4.8 s)
JY22 bins: 472/599 spectra complete (BINID 17677, 5.5 s)
JY22 bins: 531/599 spectra complete (BINID 17851, 6.2 s)
JY22 bins: 590/599 spectra complete (BINID 19526, 6.9 s)
JY22 bins: 599/599 spectra complete (BINID 20496, 7.0 s)
JY22 bins: no per-spectrum exceptions
/tmp/pyqz084-runtime-0ru2j9wi/pyqz/pyqz.py:849: RuntimeWarning: invalid value encountered in divide
  gridZ/= peak_val
pyqz integrated HII: no per-spectrum exceptions
pyqz integrated HII: BINID 0 adaptive-local-KDE recovery: non-finite native flag=1234; adaptive local KDE 257x257
pyqz integrated SF: no per-spectrum exceptions
pyqz integrated SF: native global KDE retained
NebulaBayes integrated: no per-spectrum exceptions
JY22 integrated: no per-spectrum exceptions
Integrated HII/SF model-grid results (common six-line raw aperture)
  HII: 3273 pixels, 307 bins; integrated E(B-V)=0.15342+/-0.00077
    pyqz: O/H=8.77437+/-0.00130; LogQ=7.36950+/-0.00275; logU=-3.10762+/-0.00275; flag=13; off-grid=0.00%; valid=1; method=adaptive-local-KDE recovery (uncertainties: 0.61 KDE contour)
    NebulaBayes means: O/H=8.92010 [8.89490, 8.95133]; logU=-2.66655 [-2.76923, -2.61538]; log(P/k)=4.79223 [-inf, 5.35789]; sampled modes=(8.92311, -2.66667, 4.20000); reliable=(1, 1, 0); chi2_red=1053; nlocalmax=2; flag=12; valid=1
    JY22 gas O/H=8.87045 [8.86284, 8.86900]; pre-depletion O/H=9.09045 [9.08284, 9.08900]; logU=-0.50000 [-0.50000, -0.50000]; chi2_min=1.006e+05; residuals(N2,S2,R3)=(-0.0724, -0.0993, -0.1790); residual norm=0.2171; fit_ok=0; flag=34; valid=1 (posterior means; marginal equal-tailed p16/p84)
  SF: 5466 pixels, 599 bins; integrated E(B-V)=0.16582+/-0.00068
    pyqz: O/H=8.76829+/-0.00171; LogQ=7.36390+/-0.00390; logU=-3.11322+/-0.00390; flag=1234; off-grid=0.00%; valid=1; method=native-global-KDE (uncertainties: 0.61 KDE contour)
    NebulaBayes means: O/H=8.80390 [8.75383, 8.85258]; logU=-2.84593 [-2.92308, -2.76923]; log(P/k)=5.21432 [4.43158, 6.05263]; sampled modes=(8.81026, -2.87179, 5.35789); reliable=(1, 1, 1); chi2_red=401.8; nlocalmax=2; flag=0; valid=1
    JY22 gas O/H=8.87045 [8.86284, 8.86900]; pre-depletion O/H=9.09045 [9.08284, 9.08900]; logU=-0.76382 [-0.77859, -0.76663]; chi2_min=4.737e+04; residuals(N2,S2,R3)=(0.0391, -0.0293, 0.0850); residual norm=0.0980; fit_ok=0; flag=32; valid=1 (posterior means; marginal equal-tailed p16/p84)
Model covariance note: JY22 uses the full first-order N2/S2/R3 covariance from raw close-pair ratios and shared denominators; pyqz/NebulaBayes independent-error APIs do not represent the analogous shared covariance.
--------------------------------------------------------------
Loaded SII density lookup table: /arc/home/RongjunHuang/ICRAR/further/pyneb_sii_6716_6731_density_lookup_te8000_13000_step1000_ne20_100000_n4096.npz
PyNeb Te-method valid-pixel counts:
  NE_SII finite pixels: 50615
  NE_SII fixed at 20 cm^-3: 23357/50615 (46.1%)
  NE_SII exact high-density fallback pixels: 19
  NE_SII_ALL finite pixels: 261523
  Te(NII) HII pixels: 14
  Te(NII) SF pixels: 19
  Brazzini+2024 direct HII pixels: 0
  Brazzini+2024 direct SF pixels: 0
  NII+OII7325 semi-direct HII pixels: 0
  NII+OII7325 semi-direct SF pixels: 0
  Kreckel+2025 NII-only HII pixels: 4
  Kreckel+2025 NII-only SF pixels: 4
Integrated PyNeb Te-method values:
  SF:
    NE_SII: 20.00 +/- 0.00 cm^-3 (n_pix=2504, fixed20=0, exact_high_density=0)
    Te(NII): nan K (n_pix=62)
    O_H_BR24_DIRECT: nan dex (n_pix=0)
    O_H_NII_OII7325: nan dex (n_pix=0)
    O_H_NII_K25: nan dex (n_pix=62)
  HII:
    NE_SII: 20.00 +/- 0.00 cm^-3 (n_pix=1258, fixed20=0, exact_high_density=0)
    Te(NII): nan K (n_pix=48)
    O_H_BR24_DIRECT: nan dex (n_pix=0)
    O_H_NII_OII7325: nan dex (n_pix=0)
    O_H_NII_K25: nan dex (n_pix=48)
WARNING: VerifyWarning: Card is too long, comment will be truncated. [astropy.io.fits.card]
WARNING VerifyWarning: Card is too long, comment will be truncated.
Further file written ➜ /arc/projects/mauve/products/v3tk_v7.6.8/NGC4293/NGC4293_gas_bin_maps_further.fits
--------------------------------------------------------------
Total non-nan spaxels: 261523
Number of pixels with Halpha not detected: 72276
Number of pixels with Halpha detected, Hbeta not detected: 124869
Number of pixels with Halpha detected, Hbeta detected, NII not detected, OIII not detected and unclassified1: 146
Number of pixels with Halpha detected, Hbeta detected, NII not detected, OIII detected and unclassified1: 156
Number of pixels with Halpha detected, Hbeta detected, NII detected, OIII not detected and unclassified1: 2850
Number of pixels with Halpha detected, Hbeta detected, NII detected, OIII detected and unclassified1: 19544
Number of pixels with Halpha detected, Hbeta detected, SII not detected, OIII not detected and unclassified1: 2690
Number of pixels with Halpha detected, Hbeta detected, SII not detected, OIII detected and unclassified1: 10497
Number of pixels with Halpha detected, Hbeta detected, SII detected, OIII not detected and unclassified1: 306
Number of pixels with Halpha detected, Hbeta detected, SII detected, OIII detected and unclassified1: 9203
--------------------------------------------------------------
Total Halpha luminosity map sum (detections + upper-limit substitutions): 3.96e+40 erg/s
Total corrected Halpha luminosity from SF region: 1.96e+39 erg/s
Total Halpha SFR map sum (detections + upper-limit substitutions): 0.20 M☉/yr or in log10 scale: -0.70 log(M☉/yr)
Total Halpha SFR from SF region: 0.01 M☉/yr or in log10 scale: -2.01 log(M☉/yr)
Total Halpha SFR from HII region: 0.01 M☉/yr or in log10 scale: -2.16 log(M☉/yr)
--------------------------------------------------------------
[O/H] D16 SF: Total metallicity in SF region:  8.900156275444843
[O/H] PG16 SF: Total metallicity in SF region:  8.584025592441419
[O/H] N2S2-N06 SF: Total metallicity in SF region:  9.165099943693244
[O/H] O3N2-M13 SF: Total metallicity in SF region:  8.524148100236944
[O/H] N2-M13 SF: Total metallicity in SF region:  8.52161065616845
[O/H] O3N2-PP04 SF: Total metallicity in SF region:  8.716763514373001
[O/H] N2-PP04 SF: Total metallicity in SF region:  8.65135072292388
[O/H] O3N2-C20 SF: Total metallicity in SF region:  8.739141454118853
[O/H] O3S2-C20 SF: Total metallicity in SF region:  8.769135301908449
[O/H] RS32-C20 SF: Total metallicity in SF region:  8.76594154556663
[O/H] R3-C20 SF: Total metallicity in SF region:  8.733389466089646
[O/H] N2-C20 SF: Total metallicity in SF region:  8.696552165012704
[O/H] S2-C20 SF: Total metallicity in SF region:  8.860402005657178
[O/H] Combined-C20 SF: Total metallicity in SF region:  8.776121944536582 (weighted 6 methods; dominant S2)
--------------------------------------------------------------
[O/H] D16 HII: Total metallicity in HII region:  8.861467687404021
[O/H] PG16 HII: Total metallicity in HII region:  8.550434414766418
[O/H] N2S2-N06 HII: Total metallicity in HII region:  9.166802278381097
[O/H] O3N2-M13 HII: Total metallicity in HII region:  8.524378832907674
[O/H] N2-M13 HII: Total metallicity in HII region:  8.453591415544865
[O/H] O3N2-PP04 HII: Total metallicity in HII region:  8.717108535189045
[O/H] N2-PP04 HII: Total metallicity in HII region:  8.514130669033005
[O/H] O3N2-C20 HII: Total metallicity in HII region:  8.739357593752635
[O/H] O3S2-C20 HII: Total metallicity in HII region:  8.768850979228679
[O/H] RS32-C20 HII: Total metallicity in HII region:  8.816516760029304
[O/H] R3-C20 HII: Total metallicity in HII region:  8.770415560002837
[O/H] N2-C20 HII: Total metallicity in HII region:  8.608559815166776
[O/H] S2-C20 HII: Total metallicity in HII region:  8.900244806934644
[O/H] Combined-C20 HII: Total metallicity in HII region:  8.79490010357515 (weighted 6 methods; dominant S2)
--------------------------------------------------------------
[O/H] D16: Total metallicity in total region:  9.152980534047424
[O/H] PG16: Total metallicity in total region:  8.949838571279658
[O/H] N2S2-N06: Total metallicity in total region:  9.20616572303463
[O/H] O3N2-M13: Total metallicity in total region:  8.48769107676397
[O/H] N2-M13: Total metallicity in total region:  nan
[O/H] O3N2-PP04: Total metallicity in total region:  8.662248339086311
[O/H] N2-PP04: Total metallicity in total region:  nan
[O/H] O3N2-C20: Total metallicity in total region:  8.704439285953555
[O/H] O3S2-C20: Total metallicity in total region:  8.718772359784806
[O/H] RS32-C20: Total metallicity in total region:  8.461435171603595
[O/H] R3-C20: Total metallicity in total region:  8.483890151753434
[O/H] N2-C20: Total metallicity in total region:  nan
[O/H] S2-C20: Total metallicity in total region:  nan
[O/H] Combined-C20: Total metallicity in total region:  8.560038024129557 (weighted 4 methods; dominant R3)
--------------------------------------------------------------
Total runtime: 3804.4 s
✅  NGC4293 finished in 69m29s
