Python executable: /arc/home/RongjunHuang/.conda/envs/ICRAR/bin/python
Python 3.13.3
PYTHONUNBUFFERED: 1
Product root     : /arc/projects/mauve/products
Product subdir   : v3tk_v7.6.8
Local fallback   : /arc/home/RongjunHuang/ICRAR/further

Shared input keyword ➜ <none>
Reading gas-line FITS ➜ /arc/projects/mauve/products/v3tk_v7.6.8/NGC4396/NGC4396_gas_bin_maps.fits
Matched binning FITS ➜ /arc/projects/mauve/products/v3tk_v7.6.8/NGC4396/NGC4396_spatial_binning_maps_further.fits
Spatial mask FITS ➜ /arc/projects/mauve/products/v3tk_v7.6.8/NGC4396/NGC4396_mask.fits
Gas-line maps collapsed onto spatial BINID: 1964 bins
Available gas-line flux/error pairs:
  - HB4861
  - OIII4958
  - OIII5006
  - NII5754
  - OI6300
  - SIII6312
  - OI6363
  - NII6548
  - HA6562
  - NII6583
  - SII6716
  - SII6730
  - OII7318
  - OII7319
  - OII7329
  - OII7330
Te-method optional emission-line availability:
  - OIII4958: available
  - NII5754: available
  - SIII6312: available
  - NII6548: available
  - OII7318: available
  - OII7319: available
  - OII7329: available
  - OII7330: available
  - SIII9068: missing
Spatial mask applied: MASKFILE[MASK] table; row-major MASK == 0; keep=264823, masked=401842, finite H-alpha after mask=264823
--------------------------------------------------------------
Extinction law for k(λ)=A(λ)/E(B−V): calzetti
k(Hβ 4861Å)  = 4.5981   at λ=0.4861 µm
k(Hα 6562Å)  = 3.3264   at λ=0.6562 µm
k([OIII]5006)= 4.4647   at λ=0.5006 µm
k([NII]6583) = 3.3130   at λ=0.6583 µm
k([SII]6716) = 3.2298   at λ=0.6716 µm
k([SII]6730) = 3.2212   at λ=0.6730 µm
k(OIII4958) = 4.5083   at λ=0.4958 µm
k(NII5754) = 3.8531   at λ=0.5755 µm
k(OI6300) = 3.5017   at λ=0.6300 µm
k(SIII6312) = 3.4934   at λ=0.6312 µm
k(OI6363) = 3.4582   at λ=0.6363 µm
k(NII6548) = 3.3355   at λ=0.6548 µm
k(OII7318) = 2.8906   at λ=0.7319 µm
k(OII7319) = 2.8901   at λ=0.7320 µm
k(OII7329) = 2.8854   at λ=0.7329 µm
k(OII7330) = 2.8844   at λ=0.7331 µm
k(SIII9068) = 2.1615   at λ=0.9069 µm (line missing; NaN placeholder)
--------------------------------------------------------------
/arc/home/RongjunHuang/ICRAR/further/SFR+Z.py:2078: RuntimeWarning: divide by zero encountered in log10
  y = np.log10(NII6583_FLUX_corr / (SII6716_FLUX_corr + SII6730_FLUX_corr)) + 0.264*np.log10(NII6583_FLUX_corr / HA6562_FLUX_corr)
/arc/home/RongjunHuang/ICRAR/further/SFR+Z.py:2093: RuntimeWarning: divide by zero encountered in log10
  log_R3_S2 = np.log10(R3/S2)
/arc/home/RongjunHuang/ICRAR/further/SFR+Z.py:2094: RuntimeWarning: divide by zero encountered in log10
  log_N2 = np.log10(N2)
/arc/home/RongjunHuang/ICRAR/further/SFR+Z.py:2118: RuntimeWarning: invalid value encountered in add
  O_H_PG16[upper_mask] = (a1_upper + a2_upper * log_R3_S2[upper_mask] + a3_upper * log_N2[upper_mask] +
/arc/home/RongjunHuang/ICRAR/further/SFR+Z.py:2121: RuntimeWarning: invalid value encountered in add
  O_H_PG16[lower_mask] = (a1_lower + a2_lower * log_R3_S2[lower_mask] + a3_lower * log_N2[lower_mask] +
/arc/home/RongjunHuang/ICRAR/further/SFR+Z.py:2143: RuntimeWarning: divide by zero encountered in log10
  n2s2_ratio = np.log10(nii6583_flux / sii_total)
/arc/home/RongjunHuang/ICRAR/further/SFR+Z.py:2190: RuntimeWarning: divide by zero encountered in divide
  o3n2_ratio = np.log10(oiii_hb / nii_ha)
/arc/home/RongjunHuang/ICRAR/further/SFR+Z.py:2190: RuntimeWarning: divide by zero encountered in log10
  o3n2_ratio = np.log10(oiii_hb / nii_ha)
/arc/home/RongjunHuang/ICRAR/further/SFR+Z.py:2212: RuntimeWarning: divide by zero encountered in log10
  n2_ratio = np.log10(nii6583_flux / ha6562_flux)
/arc/home/RongjunHuang/ICRAR/further/SFR+Z.py:2237: RuntimeWarning: divide by zero encountered in divide
  o3n2_ratio = np.log10(oiii_hb / nii_ha)
/arc/home/RongjunHuang/ICRAR/further/SFR+Z.py:2237: RuntimeWarning: divide by zero encountered in log10
  o3n2_ratio = np.log10(oiii_hb / nii_ha)
/arc/home/RongjunHuang/ICRAR/further/SFR+Z.py:2259: RuntimeWarning: divide by zero encountered in log10
  n2_ratio = np.log10(nii6583_flux / ha6562_flux)
/arc/home/RongjunHuang/ICRAR/further/SFR+Z.py:2296: RuntimeWarning: divide by zero encountered in divide
  o3n2_ratio = np.log10(oiii_hb / nii_ha)
/arc/home/RongjunHuang/ICRAR/further/SFR+Z.py:2296: RuntimeWarning: divide by zero encountered in log10
  o3n2_ratio = np.log10(oiii_hb / nii_ha)
/arc/home/RongjunHuang/ICRAR/further/SFR+Z.py:2402: RuntimeWarning: divide by zero encountered in log10
  o3s2_ratio = np.log10(oiii_hb / sii_hb)
Calculating all 6 C20 metallicities for NGC4396...
Combined C20 metallicity: median = 8.665, range = (8.382, 8.855)
Combined C20 dominant-weight method usage: O3N2=3460, O3S2=1182, RS32=10098, R3=221621, N2=9590, S2=18872
Galaxy NGC4396 inclination: 83.0° (cos θ = 0.122)
Inclination correction ENABLED: applying b/a = 0.233 (adopting intrinsic thickness q₀ = 0.2 for disc galaxy)
/arc/home/RongjunHuang/ICRAR/further/SFR+Z.py:3110: RuntimeWarning: divide by zero encountered in log10
  logN2  = np.log10(NII6583_FLUX_corr / HA6562_FLUX_corr)        # [N II]/Hα
/arc/home/RongjunHuang/ICRAR/further/SFR+Z.py:3112: RuntimeWarning: divide by zero encountered in log10
  logO3  = np.log10(OIII5006_FLUX_corr / HB4861_FLUX_corr)       # [O III]/Hβ
/arc/home/RongjunHuang/ICRAR/further/SFR+Z.py:3198: RuntimeWarning: invalid value encountered in add
  mask_N2_right, mask_S2_right = apply_bpt_masks(logN2=logN2+logN2_err, logS2=logS2+logS2_err, logO3=logO3)
/arc/home/RongjunHuang/ICRAR/further/SFR+Z.py:3200: RuntimeWarning: invalid value encountered in add
  mask_N2_up, mask_S2_up = apply_bpt_masks(logN2=logN2, logS2=logS2, logO3=logO3+logO3_err)
--------------------------------------------------------------
HII-region model-grid inference
pyqz/NebulaBayes six-line corrected-input aperture: 86178 pixels in 1478 unique spatial bins; no extra S/N cut
JY22 six-line raw-input aperture: 86178 pixels in 1478 unique spatial bins; no extra S/N cut
Python interpreter: /arc/home/RongjunHuang/.conda/envs/ICRAR/bin/python
pyqz/NebulaBayes compatibility layer: model_grid_compat.py
pyqz 0.8.4.0: diagnostic=[NII]/[SII]+;[OIII]/[SII]+; Pk=5.0; struct=pp; kappa=inf; sampling=2; srs=800; KDE=multiv; seed=20260823; nproc=1
pyqz runtime overlay: /tmp/pyqz084-runtime-_74dn93d/pyqz/__init__.py
pyqz grid identity: MAPPINGS V HII Region Grid: QZ pp_GCZO_Pk50_kinf
pyqz bins: 1/1478 spectra complete (BINID 0, 0.9 s)
pyqz bins: 147/1478 spectra complete (BINID 149, 117.6 s)
pyqz bins: 294/1478 spectra complete (BINID 315, 232.4 s)
pyqz bins: 441/1478 spectra complete (BINID 464, 351.5 s)
pyqz bins: 588/1478 spectra complete (BINID 620, 471.2 s)
pyqz bins: 735/1478 spectra complete (BINID 788, 589.8 s)
pyqz bins: 882/1478 spectra complete (BINID 994, 707.4 s)
pyqz bins: 1029/1478 spectra complete (BINID 1238, 824.7 s)
pyqz bins: 1176/1478 spectra complete (BINID 1456, 937.9 s)
pyqz bins: 1323/1478 spectra complete (BINID 1666, 1051.9 s)
pyqz bins: 1470/1478 spectra complete (BINID 1930, 1163.5 s)
pyqz bins: 1478/1478 spectra complete (BINID 1963, 1169.4 s)
pyqz bins: no per-spectrum exceptions
Initialising NebulaBayes (v0.9.9) model...
INFO Initialising NebulaBayes (v0.9.9) model...
Loading input grid data...
INFO Loading input grid data...
Building flux arrays for the model grids...
INFO Building flux arrays for the model grids...
Resampling model emission line flux grids to shape (40, 20, 160) using linear interpolation...
INFO Resampling model emission line flux grids to shape (40, 20, 160) using linear interpolation...
    Interpolating for Hbeta...
INFO     Interpolating for Hbeta...
    Interpolating for OIII5007...
INFO     Interpolating for OIII5007...
    Interpolating for Halpha...
INFO     Interpolating for Halpha...
    Interpolating for NII6583...
INFO     Interpolating for NII6583...
    Interpolating for SII6716...
INFO     Interpolating for SII6716...
    Interpolating for SII6731...
INFO     Interpolating for SII6731...
Interpolated flux grid size is 1.02MB for 1 line and 6.14MB total for all 6 lines
DEBUG Interpolated flux grid size is 1.02MB for 1 line and 6.14MB total for all 6 lines
NebulaBayes 0.9.9: grid=/arc/home/RongjunHuang/.conda/envs/ICRAR/lib/python3.13/site-packages/NebulaBayes/grids/NB_HII_grid.fits.gz; parameters=['log U', 'log P/k', '12 + log O/H']; shape=(40, 20, 160); order=1; grid_error=0.1; norm=Hbeta; deredden=False; prior=Uniform
NebulaBayes bins: 1/1478 spectra complete (BINID 0, 0.1 s)
NebulaBayes bins: 147/1478 spectra complete (BINID 149, 11.0 s)
NebulaBayes bins: 294/1478 spectra complete (BINID 315, 22.1 s)
NebulaBayes bins: 441/1478 spectra complete (BINID 464, 32.4 s)
NebulaBayes bins: 588/1478 spectra complete (BINID 620, 43.3 s)
NebulaBayes bins: 735/1478 spectra complete (BINID 788, 54.4 s)
NebulaBayes bins: 882/1478 spectra complete (BINID 994, 65.5 s)
NebulaBayes bins: 1029/1478 spectra complete (BINID 1238, 76.3 s)
NebulaBayes bins: 1176/1478 spectra complete (BINID 1456, 87.3 s)
NebulaBayes bins: 1323/1478 spectra complete (BINID 1666, 98.6 s)
NebulaBayes bins: 1470/1478 spectra complete (BINID 1930, 110.1 s)
NebulaBayes bins: 1478/1478 spectra complete (BINID 1963, 110.7 s)
NebulaBayes bins: no per-spectrum exceptions
JY22/Peng2026: raw close-pair ratios=N2,S2,R3; posterior means with marginal equal-tailed p16/p84; full raw-ratio covariance; post-depletion O/H=pre-depletion-0.22; nominal fit_ok chi2<=9; error inflation=1.0
JY22 grid: /arc/home/RongjunHuang/ICRAR/further/Peng2026/photoionization_models/photoionization_grid_interpolated.fits; sha256=d7a219b60c9a1ea8b29339988c84b1832028b28b3c417d1c3c58b420831eb38a; requested logU=(-4.0, -0.5); retained logU=(-4.0, -0.5384615384615388); solar O/H=8.69
JY22 bins: 1/1478 spectra complete (BINID 0, 0.0 s)
JY22 bins: 147/1478 spectra complete (BINID 149, 0.1 s)
JY22 bins: 294/1478 spectra complete (BINID 315, 0.3 s)
JY22 bins: 441/1478 spectra complete (BINID 464, 0.4 s)
JY22 bins: 588/1478 spectra complete (BINID 620, 0.6 s)
JY22 bins: 735/1478 spectra complete (BINID 788, 0.8 s)
JY22 bins: 882/1478 spectra complete (BINID 994, 1.0 s)
JY22 bins: 1029/1478 spectra complete (BINID 1238, 1.1 s)
JY22 bins: 1176/1478 spectra complete (BINID 1456, 1.2 s)
JY22 bins: 1323/1478 spectra complete (BINID 1666, 1.4 s)
JY22 bins: 1470/1478 spectra complete (BINID 1930, 1.5 s)
JY22 bins: 1478/1478 spectra complete (BINID 1963, 1.5 s)
JY22 bins: no per-spectrum exceptions
pyqz integrated HII: no per-spectrum exceptions
pyqz integrated SF: no per-spectrum exceptions
NebulaBayes integrated: no per-spectrum exceptions
JY22 integrated: no per-spectrum exceptions
Integrated HII/SF model-grid results (common six-line raw aperture)
  HII: 86178 pixels, 1478 bins; integrated E(B-V)=0.21163+/-0.00002
    pyqz: O/H=nan+/-nan; LogQ=nan+/-nan; logU=nan+/-nan; flag=8; off-grid=nan%; valid=0 (uncertainties: 0.61 KDE contour)
    NebulaBayes means: O/H=8.49598 [8.42937, 8.55633]; logU=-3.28049 [-3.38462, -3.17949]; log(P/k)=6.03820 [5.58947, 6.51579]; sampled modes=(8.45758, -3.28205, 6.28421); reliable=(1, 1, 1); chi2_red=1.123e+07; nlocalmax=3; flag=0; valid=1
    JY22 gas O/H=8.50820 [8.50820, 8.50820]; pre-depletion O/H=8.72820 [8.72820, 8.72820]; logU=-1.82051 [-1.82051, -1.82051]; chi2_min=4.705e+07; residuals(N2,S2,R3)=(-0.0740, -0.0085, -0.0632); residual norm=0.0977; fit_ok=0; flag=32; valid=1 (posterior means; marginal equal-tailed p16/p84)
  SF: 86178 pixels, 1478 bins; integrated E(B-V)=0.21163+/-0.00002
    pyqz: O/H=nan+/-nan; LogQ=nan+/-nan; logU=nan+/-nan; flag=8; off-grid=nan%; valid=0 (uncertainties: 0.61 KDE contour)
    NebulaBayes means: O/H=8.49598 [8.42937, 8.55633]; logU=-3.28049 [-3.38462, -3.17949]; log(P/k)=6.03820 [5.58947, 6.51579]; sampled modes=(8.45758, -3.28205, 6.28421); reliable=(1, 1, 1); chi2_red=1.123e+07; nlocalmax=3; flag=0; valid=1
    JY22 gas O/H=8.50820 [8.50820, 8.50820]; pre-depletion O/H=8.72820 [8.72820, 8.72820]; logU=-1.82051 [-1.82051, -1.82051]; chi2_min=4.705e+07; residuals(N2,S2,R3)=(-0.0740, -0.0085, -0.0632); residual norm=0.0977; fit_ok=0; flag=32; valid=1 (posterior means; marginal equal-tailed p16/p84)
Model covariance note: JY22 uses the full first-order N2/S2/R3 covariance from raw close-pair ratios and shared denominators; pyqz/NebulaBayes independent-error APIs do not represent the analogous shared covariance.
--------------------------------------------------------------
Loaded SII density lookup table: /arc/home/RongjunHuang/ICRAR/further/pyneb_sii_6716_6731_density_lookup_te8000_13000_step1000_ne20_100000_n4096.npz
DEBUG Creating converter from 3 to 5
PyNeb Te-method valid-pixel counts:
  NE_SII finite pixels: 119233
  NE_SII fixed at 20 cm^-3: 45695/119233 (38.3%)
  NE_SII exact high-density fallback pixels: 0
  NE_SII_ALL finite pixels: 264823
  Te(NII) HII pixels: 41
  Te(NII) SF pixels: 41
  Brazzini+2024 direct HII pixels: 0
  Brazzini+2024 direct SF pixels: 0
  NII+OII7325 semi-direct HII pixels: 41
  NII+OII7325 semi-direct SF pixels: 41
  Kreckel+2025 NII-only HII pixels: 13
  Kreckel+2025 NII-only SF pixels: 13
Integrated PyNeb Te-method values:
  SF:
    NE_SII: 20.00 +/- 0.00 cm^-3 (n_pix=82428, fixed20=0, exact_high_density=0)
    Te(NII): 15249.2 +/- 225.4 K (n_pix=41)
    O_H_BR24_DIRECT: nan dex (n_pix=0)
    O_H_NII_OII7325: 7.2939 +/- 0.0338 dex (n_pix=41)
    O_H_NII_K25: nan dex (n_pix=41)
  HII:
    NE_SII: 20.00 +/- 0.00 cm^-3 (n_pix=82428, fixed20=0, exact_high_density=0)
    Te(NII): 15249.2 +/- 225.4 K (n_pix=41)
    O_H_BR24_DIRECT: nan dex (n_pix=0)
    O_H_NII_OII7325: 7.2939 +/- 0.0338 dex (n_pix=41)
    O_H_NII_K25: nan dex (n_pix=41)
Further file written ➜ /arc/projects/mauve/products/v3tk_v7.6.8/NGC4396/NGC4396_gas_bin_maps_further.fits
--------------------------------------------------------------
Total non-nan spaxels: 264823
Number of pixels with Halpha not detected: 82501
Number of pixels with Halpha detected, Hbeta not detected: 62519
Number of pixels with Halpha detected, Hbeta detected, NII not detected, OIII not detected and unclassified1: 0
Number of pixels with Halpha detected, Hbeta detected, NII not detected, OIII detected and unclassified1: 0
Number of pixels with Halpha detected, Hbeta detected, NII detected, OIII not detected and unclassified1: 20
Number of pixels with Halpha detected, Hbeta detected, NII detected, OIII detected and unclassified1: 0
Number of pixels with Halpha detected, Hbeta detected, SII not detected, OIII not detected and unclassified1: 0
Number of pixels with Halpha detected, Hbeta detected, SII not detected, OIII detected and unclassified1: 0
Number of pixels with Halpha detected, Hbeta detected, SII detected, OIII not detected and unclassified1: 20
Number of pixels with Halpha detected, Hbeta detected, SII detected, OIII detected and unclassified1: 0
--------------------------------------------------------------
Total Halpha luminosity map sum (detections + upper-limit substitutions): 5.89e+40 erg/s
Total corrected Halpha luminosity from SF region: 5.35e+40 erg/s
Total Halpha SFR map sum (detections + upper-limit substitutions): 0.29 M☉/yr or in log10 scale: -0.53 log(M☉/yr)
Total Halpha SFR from SF region: 0.27 M☉/yr or in log10 scale: -0.57 log(M☉/yr)
Total Halpha SFR from HII region: 0.27 M☉/yr or in log10 scale: -0.57 log(M☉/yr)
--------------------------------------------------------------
[O/H] D16 SF: Total metallicity in SF region:  8.215402608698716
[O/H] PG16 SF: Total metallicity in SF region:  8.272438130153807
[O/H] N2S2-N06 SF: Total metallicity in SF region:  8.530959530604218
[O/H] O3N2-M13 SF: Total metallicity in SF region:  8.381994359381828
[O/H] N2-M13 SF: Total metallicity in SF region:  8.396281001664917
[O/H] O3N2-PP04 SF: Total metallicity in SF region:  8.504197172907407
[O/H] N2-PP04 SF: Total metallicity in SF region:  8.420927786090596
[O/H] O3N2-C20 SF: Total metallicity in SF region:  8.596745596412006
[O/H] O3S2-C20 SF: Total metallicity in SF region:  8.756739351689587
[O/H] RS32-C20 SF: Total metallicity in SF region:  8.619514700078577
[O/H] R3-C20 SF: Total metallicity in SF region:  8.619673444577625
[O/H] N2-C20 SF: Total metallicity in SF region:  8.543333049195065
[O/H] S2-C20 SF: Total metallicity in SF region:  nan
[O/H] Combined-C20 SF: Total metallicity in SF region:  8.620931364409783 (weighted 5 methods; dominant R3)
--------------------------------------------------------------
[O/H] D16 HII: Total metallicity in HII region:  8.215402608698716
[O/H] PG16 HII: Total metallicity in HII region:  8.272438130153807
[O/H] N2S2-N06 HII: Total metallicity in HII region:  8.530959530604218
[O/H] O3N2-M13 HII: Total metallicity in HII region:  8.381994359381828
[O/H] N2-M13 HII: Total metallicity in HII region:  8.396281001664917
[O/H] O3N2-PP04 HII: Total metallicity in HII region:  8.504197172907407
[O/H] N2-PP04 HII: Total metallicity in HII region:  8.420927786090596
[O/H] O3N2-C20 HII: Total metallicity in HII region:  8.596745596412006
[O/H] O3S2-C20 HII: Total metallicity in HII region:  8.756739351689587
[O/H] RS32-C20 HII: Total metallicity in HII region:  8.619514700078577
[O/H] R3-C20 HII: Total metallicity in HII region:  8.619673444577625
[O/H] N2-C20 HII: Total metallicity in HII region:  8.543333049195065
[O/H] S2-C20 HII: Total metallicity in HII region:  nan
[O/H] Combined-C20 HII: Total metallicity in HII region:  8.620931364409783 (weighted 5 methods; dominant R3)
--------------------------------------------------------------
[O/H] D16: Total metallicity in total region:  8.189941156050224
[O/H] PG16: Total metallicity in total region:  8.261828907589965
[O/H] N2S2-N06: Total metallicity in total region:  8.481761382796453
[O/H] O3N2-M13: Total metallicity in total region:  8.382481641333701
[O/H] N2-M13: Total metallicity in total region:  8.399201220385853
[O/H] O3N2-PP04: Total metallicity in total region:  8.50492581881675
[O/H] N2-PP04: Total metallicity in total region:  8.425244346093638
[O/H] O3N2-C20: Total metallicity in total region:  8.597269870044672
[O/H] O3S2-C20: Total metallicity in total region:  8.763007703246181
[O/H] RS32-C20: Total metallicity in total region:  8.613640738287582
[O/H] R3-C20: Total metallicity in total region:  8.618349217478208
[O/H] N2-C20: Total metallicity in total region:  8.546566506527327
[O/H] S2-C20: Total metallicity in total region:  nan
[O/H] Combined-C20: Total metallicity in total region:  8.620508305386185 (weighted 5 methods; dominant R3)
--------------------------------------------------------------
Total runtime: 1695.4 s
✅  NGC4396 finished in 28m20s
