Python executable: /arc/home/RongjunHuang/.conda/envs/ICRAR/bin/python
Python 3.13.3
PYTHONUNBUFFERED: 1
Product root     : /arc/projects/mauve/products
Product subdir   : v3tk_v7.6.8
Local fallback   : /arc/home/RongjunHuang/ICRAR/further

Shared input keyword ➜ <none>
Reading gas-line FITS ➜ /arc/projects/mauve/products/v3tk_v7.6.8/NGC4405/NGC4405_gas_bin_maps.fits
Matched binning FITS ➜ /arc/projects/mauve/products/v3tk_v7.6.8/NGC4405/NGC4405_spatial_binning_maps_further.fits
Spatial mask FITS ➜ /arc/projects/mauve/products/v3tk_v7.6.8/NGC4405/NGC4405_mask.fits
Gas-line maps collapsed onto spatial BINID: 5665 bins
Available gas-line flux/error pairs:
  - HB4861
  - OIII4958
  - OIII5006
  - NII5754
  - OI6300
  - SIII6312
  - OI6363
  - NII6548
  - HA6562
  - NII6583
  - SII6716
  - SII6730
  - OII7318
  - OII7319
  - OII7329
  - OII7330
Te-method optional emission-line availability:
  - OIII4958: available
  - NII5754: available
  - SIII6312: available
  - NII6548: available
  - OII7318: available
  - OII7319: available
  - OII7329: available
  - OII7330: available
  - SIII9068: missing
Spatial mask applied: MASKFILE[MASK] table; row-major MASK == 0; keep=178522, masked=167564, finite H-alpha after mask=178522
/arc/home/RongjunHuang/ICRAR/further/SFR+Z.py:1223: RuntimeWarning: divide by zero encountered in divide
  BD = HA6562_FLUX / HB4861_FLUX
/arc/home/RongjunHuang/ICRAR/further/SFR+Z.py:1223: RuntimeWarning: invalid value encountered in divide
  BD = HA6562_FLUX / HB4861_FLUX
--------------------------------------------------------------
Extinction law for k(λ)=A(λ)/E(B−V): calzetti
k(Hβ 4861Å)  = 4.5981   at λ=0.4861 µm
k(Hα 6562Å)  = 3.3264   at λ=0.6562 µm
k([OIII]5006)= 4.4647   at λ=0.5006 µm
k([NII]6583) = 3.3130   at λ=0.6583 µm
k([SII]6716) = 3.2298   at λ=0.6716 µm
k([SII]6730) = 3.2212   at λ=0.6730 µm
k(OIII4958) = 4.5083   at λ=0.4958 µm
k(NII5754) = 3.8531   at λ=0.5755 µm
k(OI6300) = 3.5017   at λ=0.6300 µm
k(SIII6312) = 3.4934   at λ=0.6312 µm
k(OI6363) = 3.4582   at λ=0.6363 µm
k(NII6548) = 3.3355   at λ=0.6548 µm
k(OII7318) = 2.8906   at λ=0.7319 µm
k(OII7319) = 2.8901   at λ=0.7320 µm
k(OII7329) = 2.8854   at λ=0.7329 µm
k(OII7330) = 2.8844   at λ=0.7331 µm
k(SIII9068) = 2.1615   at λ=0.9069 µm (line missing; NaN placeholder)
--------------------------------------------------------------
/arc/home/RongjunHuang/ICRAR/further/SFR+Z.py:2103: RuntimeWarning: divide by zero encountered in divide
  y = np.log10(NII6583_FLUX_corr / (SII6716_FLUX_corr + SII6730_FLUX_corr)) + 0.264*np.log10(NII6583_FLUX_corr / HA6562_FLUX_corr)
/arc/home/RongjunHuang/ICRAR/further/SFR+Z.py:2103: RuntimeWarning: invalid value encountered in divide
  y = np.log10(NII6583_FLUX_corr / (SII6716_FLUX_corr + SII6730_FLUX_corr)) + 0.264*np.log10(NII6583_FLUX_corr / HA6562_FLUX_corr)
/arc/home/RongjunHuang/ICRAR/further/SFR+Z.py:2103: RuntimeWarning: divide by zero encountered in log10
  y = np.log10(NII6583_FLUX_corr / (SII6716_FLUX_corr + SII6730_FLUX_corr)) + 0.264*np.log10(NII6583_FLUX_corr / HA6562_FLUX_corr)
/arc/home/RongjunHuang/ICRAR/further/SFR+Z.py:2114: RuntimeWarning: divide by zero encountered in divide
  N2 = NII_scaled / HB4861_FLUX_corr   # N2 = I([N II]λ6548 + λ6584)/I(Hβ)
/arc/home/RongjunHuang/ICRAR/further/SFR+Z.py:2114: RuntimeWarning: invalid value encountered in divide
  N2 = NII_scaled / HB4861_FLUX_corr   # N2 = I([N II]λ6548 + λ6584)/I(Hβ)
/arc/home/RongjunHuang/ICRAR/further/SFR+Z.py:2115: RuntimeWarning: divide by zero encountered in divide
  S2 = (SII6716_FLUX_corr + SII6730_FLUX_corr) / HB4861_FLUX_corr  # S2 = I([S II]λ6717 + λ6731)/I(Hβ)
/arc/home/RongjunHuang/ICRAR/further/SFR+Z.py:2115: RuntimeWarning: invalid value encountered in divide
  S2 = (SII6716_FLUX_corr + SII6730_FLUX_corr) / HB4861_FLUX_corr  # S2 = I([S II]λ6717 + λ6731)/I(Hβ)
/arc/home/RongjunHuang/ICRAR/further/SFR+Z.py:2116: RuntimeWarning: divide by zero encountered in divide
  R3 = OIII_scaled / HB4861_FLUX_corr  # R3 = I([O III]λ4959 + λ5007)/I(Hβ) (same value as R2 in this case)
/arc/home/RongjunHuang/ICRAR/further/SFR+Z.py:2116: RuntimeWarning: invalid value encountered in divide
  R3 = OIII_scaled / HB4861_FLUX_corr  # R3 = I([O III]λ4959 + λ5007)/I(Hβ) (same value as R2 in this case)
/arc/home/RongjunHuang/ICRAR/further/SFR+Z.py:2118: RuntimeWarning: divide by zero encountered in divide
  log_R3_S2 = np.log10(R3/S2)
/arc/home/RongjunHuang/ICRAR/further/SFR+Z.py:2118: RuntimeWarning: invalid value encountered in divide
  log_R3_S2 = np.log10(R3/S2)
/arc/home/RongjunHuang/ICRAR/further/SFR+Z.py:2118: RuntimeWarning: divide by zero encountered in log10
  log_R3_S2 = np.log10(R3/S2)
/arc/home/RongjunHuang/ICRAR/further/SFR+Z.py:2119: RuntimeWarning: divide by zero encountered in log10
  log_N2 = np.log10(N2)
/arc/home/RongjunHuang/ICRAR/further/SFR+Z.py:2120: RuntimeWarning: divide by zero encountered in log10
  log_S2 = np.log10(S2)
/arc/home/RongjunHuang/ICRAR/further/SFR+Z.py:2143: RuntimeWarning: invalid value encountered in add
  O_H_PG16[upper_mask] = (a1_upper + a2_upper * log_R3_S2[upper_mask] + a3_upper * log_N2[upper_mask] +
/arc/home/RongjunHuang/ICRAR/further/SFR+Z.py:2146: RuntimeWarning: invalid value encountered in add
  O_H_PG16[lower_mask] = (a1_lower + a2_lower * log_R3_S2[lower_mask] + a3_lower * log_N2[lower_mask] +
/arc/home/RongjunHuang/ICRAR/further/SFR+Z.py:2147: RuntimeWarning: invalid value encountered in add
  (a4_lower + a5_lower * log_R3_S2[lower_mask] + a6_lower * log_N2[lower_mask]) * log_S2[lower_mask])
/arc/home/RongjunHuang/ICRAR/further/SFR+Z.py:2168: RuntimeWarning: divide by zero encountered in divide
  n2s2_ratio = np.log10(nii6583_flux / sii_total)
/arc/home/RongjunHuang/ICRAR/further/SFR+Z.py:2168: RuntimeWarning: invalid value encountered in divide
  n2s2_ratio = np.log10(nii6583_flux / sii_total)
/arc/home/RongjunHuang/ICRAR/further/SFR+Z.py:2168: RuntimeWarning: divide by zero encountered in log10
  n2s2_ratio = np.log10(nii6583_flux / sii_total)
/arc/home/RongjunHuang/ICRAR/further/SFR+Z.py:2213: RuntimeWarning: divide by zero encountered in divide
  oiii_hb = oiii5006_flux / hb4861_flux
/arc/home/RongjunHuang/ICRAR/further/SFR+Z.py:2213: RuntimeWarning: invalid value encountered in divide
  oiii_hb = oiii5006_flux / hb4861_flux
/arc/home/RongjunHuang/ICRAR/further/SFR+Z.py:2214: RuntimeWarning: divide by zero encountered in divide
  nii_ha = nii6583_flux / ha6562_flux
/arc/home/RongjunHuang/ICRAR/further/SFR+Z.py:2214: RuntimeWarning: invalid value encountered in divide
  nii_ha = nii6583_flux / ha6562_flux
/arc/home/RongjunHuang/ICRAR/further/SFR+Z.py:2215: RuntimeWarning: divide by zero encountered in divide
  o3n2_ratio = np.log10(oiii_hb / nii_ha)
/arc/home/RongjunHuang/ICRAR/further/SFR+Z.py:2215: RuntimeWarning: invalid value encountered in divide
  o3n2_ratio = np.log10(oiii_hb / nii_ha)
/arc/home/RongjunHuang/ICRAR/further/SFR+Z.py:2215: RuntimeWarning: divide by zero encountered in log10
  o3n2_ratio = np.log10(oiii_hb / nii_ha)
/arc/home/RongjunHuang/ICRAR/further/SFR+Z.py:2237: RuntimeWarning: divide by zero encountered in divide
  n2_ratio = np.log10(nii6583_flux / ha6562_flux)
/arc/home/RongjunHuang/ICRAR/further/SFR+Z.py:2237: RuntimeWarning: invalid value encountered in divide
  n2_ratio = np.log10(nii6583_flux / ha6562_flux)
/arc/home/RongjunHuang/ICRAR/further/SFR+Z.py:2237: RuntimeWarning: divide by zero encountered in log10
  n2_ratio = np.log10(nii6583_flux / ha6562_flux)
/arc/home/RongjunHuang/ICRAR/further/SFR+Z.py:2260: RuntimeWarning: divide by zero encountered in divide
  oiii_hb = oiii5006_flux / hb4861_flux
/arc/home/RongjunHuang/ICRAR/further/SFR+Z.py:2260: RuntimeWarning: invalid value encountered in divide
  oiii_hb = oiii5006_flux / hb4861_flux
/arc/home/RongjunHuang/ICRAR/further/SFR+Z.py:2261: RuntimeWarning: divide by zero encountered in divide
  nii_ha = nii6583_flux / ha6562_flux
/arc/home/RongjunHuang/ICRAR/further/SFR+Z.py:2261: RuntimeWarning: invalid value encountered in divide
  nii_ha = nii6583_flux / ha6562_flux
/arc/home/RongjunHuang/ICRAR/further/SFR+Z.py:2262: RuntimeWarning: divide by zero encountered in divide
  o3n2_ratio = np.log10(oiii_hb / nii_ha)
/arc/home/RongjunHuang/ICRAR/further/SFR+Z.py:2262: RuntimeWarning: invalid value encountered in divide
  o3n2_ratio = np.log10(oiii_hb / nii_ha)
/arc/home/RongjunHuang/ICRAR/further/SFR+Z.py:2262: RuntimeWarning: divide by zero encountered in log10
  o3n2_ratio = np.log10(oiii_hb / nii_ha)
/arc/home/RongjunHuang/ICRAR/further/SFR+Z.py:2284: RuntimeWarning: divide by zero encountered in divide
  n2_ratio = np.log10(nii6583_flux / ha6562_flux)
/arc/home/RongjunHuang/ICRAR/further/SFR+Z.py:2284: RuntimeWarning: invalid value encountered in divide
  n2_ratio = np.log10(nii6583_flux / ha6562_flux)
/arc/home/RongjunHuang/ICRAR/further/SFR+Z.py:2284: RuntimeWarning: divide by zero encountered in log10
  n2_ratio = np.log10(nii6583_flux / ha6562_flux)
/arc/home/RongjunHuang/ICRAR/further/SFR+Z.py:2319: RuntimeWarning: divide by zero encountered in divide
  oiii_hb = oiii5006_flux / hb4861_flux
/arc/home/RongjunHuang/ICRAR/further/SFR+Z.py:2319: RuntimeWarning: invalid value encountered in divide
  oiii_hb = oiii5006_flux / hb4861_flux
/arc/home/RongjunHuang/ICRAR/further/SFR+Z.py:2320: RuntimeWarning: divide by zero encountered in divide
  nii_ha = nii6583_flux / ha6562_flux
/arc/home/RongjunHuang/ICRAR/further/SFR+Z.py:2320: RuntimeWarning: invalid value encountered in divide
  nii_ha = nii6583_flux / ha6562_flux
/arc/home/RongjunHuang/ICRAR/further/SFR+Z.py:2321: RuntimeWarning: divide by zero encountered in divide
  o3n2_ratio = np.log10(oiii_hb / nii_ha)
/arc/home/RongjunHuang/ICRAR/further/SFR+Z.py:2321: RuntimeWarning: invalid value encountered in divide
  o3n2_ratio = np.log10(oiii_hb / nii_ha)
/arc/home/RongjunHuang/ICRAR/further/SFR+Z.py:2321: RuntimeWarning: divide by zero encountered in log10
  o3n2_ratio = np.log10(oiii_hb / nii_ha)
/arc/home/RongjunHuang/ICRAR/further/SFR+Z.py:2421: RuntimeWarning: divide by zero encountered in divide
  oiii_hb = oiii5006_flux / hb4861_flux
/arc/home/RongjunHuang/ICRAR/further/SFR+Z.py:2421: RuntimeWarning: invalid value encountered in divide
  oiii_hb = oiii5006_flux / hb4861_flux
/arc/home/RongjunHuang/ICRAR/further/SFR+Z.py:2424: RuntimeWarning: divide by zero encountered in divide
  sii_hb = sii_total / hb4861_flux
/arc/home/RongjunHuang/ICRAR/further/SFR+Z.py:2424: RuntimeWarning: invalid value encountered in divide
  sii_hb = sii_total / hb4861_flux
/arc/home/RongjunHuang/ICRAR/further/SFR+Z.py:2427: RuntimeWarning: divide by zero encountered in divide
  o3s2_ratio = np.log10(oiii_hb / sii_hb)
/arc/home/RongjunHuang/ICRAR/further/SFR+Z.py:2427: RuntimeWarning: invalid value encountered in divide
  o3s2_ratio = np.log10(oiii_hb / sii_hb)
/arc/home/RongjunHuang/ICRAR/further/SFR+Z.py:2427: RuntimeWarning: divide by zero encountered in log10
  o3s2_ratio = np.log10(oiii_hb / sii_hb)
Calculating all 6 C20 metallicities for NGC4405...
Combined C20 metallicity: median = 8.676, range = (8.140, 8.957)
Combined C20 dominant-weight method usage: O3N2=57226, O3S2=117, RS32=3815, R3=73534, N2=2534, S2=34623
Galaxy NGC4405 inclination: 46.0° (cos θ = 0.695)
Inclination correction ENABLED: applying b/a = 0.709 (adopting intrinsic thickness q₀ = 0.2 for disc galaxy)
/arc/home/RongjunHuang/ICRAR/further/SFR+Z.py:3135: RuntimeWarning: divide by zero encountered in divide
  logN2  = np.log10(NII6583_FLUX_corr / HA6562_FLUX_corr)        # [N II]/Hα
/arc/home/RongjunHuang/ICRAR/further/SFR+Z.py:3135: RuntimeWarning: invalid value encountered in divide
  logN2  = np.log10(NII6583_FLUX_corr / HA6562_FLUX_corr)        # [N II]/Hα
/arc/home/RongjunHuang/ICRAR/further/SFR+Z.py:3135: RuntimeWarning: divide by zero encountered in log10
  logN2  = np.log10(NII6583_FLUX_corr / HA6562_FLUX_corr)        # [N II]/Hα
/arc/home/RongjunHuang/ICRAR/further/SFR+Z.py:3136: RuntimeWarning: divide by zero encountered in divide
  logS2  = np.log10((SII6716_FLUX_corr+SII6730_FLUX_corr) / HA6562_FLUX_corr)   # Σ[S II]/Hα
/arc/home/RongjunHuang/ICRAR/further/SFR+Z.py:3136: RuntimeWarning: invalid value encountered in divide
  logS2  = np.log10((SII6716_FLUX_corr+SII6730_FLUX_corr) / HA6562_FLUX_corr)   # Σ[S II]/Hα
/arc/home/RongjunHuang/ICRAR/further/SFR+Z.py:3136: RuntimeWarning: divide by zero encountered in log10
  logS2  = np.log10((SII6716_FLUX_corr+SII6730_FLUX_corr) / HA6562_FLUX_corr)   # Σ[S II]/Hα
/arc/home/RongjunHuang/ICRAR/further/SFR+Z.py:3137: RuntimeWarning: divide by zero encountered in divide
  logO3  = np.log10(OIII5006_FLUX_corr / HB4861_FLUX_corr)       # [O III]/Hβ
/arc/home/RongjunHuang/ICRAR/further/SFR+Z.py:3137: RuntimeWarning: invalid value encountered in divide
  logO3  = np.log10(OIII5006_FLUX_corr / HB4861_FLUX_corr)       # [O III]/Hβ
/arc/home/RongjunHuang/ICRAR/further/SFR+Z.py:3137: RuntimeWarning: divide by zero encountered in log10
  logO3  = np.log10(OIII5006_FLUX_corr / HB4861_FLUX_corr)       # [O III]/Hβ
/arc/home/RongjunHuang/ICRAR/further/SFR+Z.py:3223: RuntimeWarning: invalid value encountered in add
  mask_N2_right, mask_S2_right = apply_bpt_masks(logN2=logN2+logN2_err, logS2=logS2+logS2_err, logO3=logO3)
/arc/home/RongjunHuang/ICRAR/further/SFR+Z.py:3225: RuntimeWarning: invalid value encountered in add
  mask_N2_up, mask_S2_up = apply_bpt_masks(logN2=logN2, logS2=logS2, logO3=logO3+logO3_err)
--------------------------------------------------------------
HII-region model-grid inference
pyqz/NebulaBayes six-line corrected-input aperture: 17691 pixels in 3691 unique spatial bins; no extra S/N cut
JY22 six-line raw-input aperture: 17691 pixels in 3691 unique spatial bins; no extra S/N cut
Python interpreter: /arc/home/RongjunHuang/.conda/envs/ICRAR/bin/python
pyqz/NebulaBayes compatibility layer: model_grid_compat.py
pyqz 0.8.4.0: diagnostic=[NII]/[SII]+;[OIII]/[SII]+; Pk=5.0; struct=pp; kappa=inf; sampling=2; srs=800; KDE=multiv; seed=20260823; nproc=1
pyqz runtime overlay: /tmp/pyqz084-runtime-f4drtlk_/pyqz/__init__.py
pyqz grid identity: MAPPINGS V HII Region Grid: QZ pp_GCZO_Pk50_kinf
pyqz bins: 1/3691 spectra complete (BINID 0, 0.9 s)
pyqz bins: 369/3691 spectra complete (BINID 374, 312.8 s)
pyqz bins: 738/3691 spectra complete (BINID 744, 708.8 s)
pyqz bins: 1107/3691 spectra complete (BINID 1118, 1129.8 s)
pyqz bins: 1476/3691 spectra complete (BINID 1730, 1578.6 s)
pyqz bins: 1845/3691 spectra complete (BINID 2739, 2019.4 s)
pyqz bins: 2214/3691 spectra complete (BINID 3258, 2392.6 s)
pyqz bins: 2583/3691 spectra complete (BINID 3676, 2761.3 s)
pyqz bins: 2952/3691 spectra complete (BINID 4089, 3194.6 s)
pyqz bins: 3321/3691 spectra complete (BINID 4535, 3516.1 s)
pyqz bins: 3690/3691 spectra complete (BINID 5652, 3819.7 s)
pyqz bins: 3691/3691 spectra complete (BINID 5659, 3821.3 s)
pyqz bins: no per-spectrum exceptions
Initialising NebulaBayes (v0.9.9) model...
INFO Initialising NebulaBayes (v0.9.9) model...
Loading input grid data...
INFO Loading input grid data...
Building flux arrays for the model grids...
INFO Building flux arrays for the model grids...
Resampling model emission line flux grids to shape (40, 20, 160) using linear interpolation...
INFO Resampling model emission line flux grids to shape (40, 20, 160) using linear interpolation...
    Interpolating for Hbeta...
INFO     Interpolating for Hbeta...
    Interpolating for OIII5007...
INFO     Interpolating for OIII5007...
    Interpolating for Halpha...
INFO     Interpolating for Halpha...
    Interpolating for NII6583...
INFO     Interpolating for NII6583...
    Interpolating for SII6716...
INFO     Interpolating for SII6716...
    Interpolating for SII6731...
INFO     Interpolating for SII6731...
Interpolated flux grid size is 1.02MB for 1 line and 6.14MB total for all 6 lines
DEBUG Interpolated flux grid size is 1.02MB for 1 line and 6.14MB total for all 6 lines
NebulaBayes 0.9.9: grid=/arc/home/RongjunHuang/.conda/envs/ICRAR/lib/python3.13/site-packages/NebulaBayes/grids/NB_HII_grid.fits.gz; parameters=['log U', 'log P/k', '12 + log O/H']; shape=(40, 20, 160); order=1; grid_error=0.1; norm=Hbeta; deredden=False; prior=Uniform
NebulaBayes bins: 1/3691 spectra complete (BINID 0, 0.1 s)
NebulaBayes bins: 369/3691 spectra complete (BINID 374, 25.0 s)
NebulaBayes bins: 738/3691 spectra complete (BINID 744, 51.0 s)
NebulaBayes bins: 1107/3691 spectra complete (BINID 1118, 105.4 s)
NebulaBayes bins: 1476/3691 spectra complete (BINID 1730, 132.1 s)
NebulaBayes bins: 1845/3691 spectra complete (BINID 2739, 157.4 s)
NebulaBayes bins: 2214/3691 spectra complete (BINID 3258, 182.5 s)
NebulaBayes bins: 2583/3691 spectra complete (BINID 3676, 207.5 s)
NebulaBayes bins: 2952/3691 spectra complete (BINID 4089, 232.8 s)
NebulaBayes bins: 3321/3691 spectra complete (BINID 4535, 255.8 s)
NebulaBayes bins: 3690/3691 spectra complete (BINID 5652, 280.9 s)
NebulaBayes bins: 3691/3691 spectra complete (BINID 5659, 280.9 s)
NebulaBayes bins: no per-spectrum exceptions
JY22/Peng2026: raw close-pair ratios=N2,S2,R3; posterior means with marginal equal-tailed p16/p84; full raw-ratio covariance; post-depletion O/H=pre-depletion-0.22; empirical chi2<=25 gross-mismatch cut; not a physical boundary; error inflation=1.0
JY22 grid: /arc/home/RongjunHuang/ICRAR/further/Peng2026/photoionization_models/photoionization_grid_interpolated.fits; sha256=d7a219b60c9a1ea8b29339988c84b1832028b28b3c417d1c3c58b420831eb38a; inference_shape=(200, 200); requested logU=(-4.0, -0.5); retained logU=(-4.0, -0.5); solar O/H=8.69
JY22 bins: 1/3691 spectra complete (BINID 0, 0.0 s)
JY22 bins: 369/3691 spectra complete (BINID 374, 4.6 s)
JY22 bins: 738/3691 spectra complete (BINID 744, 9.2 s)
JY22 bins: 1107/3691 spectra complete (BINID 1118, 13.8 s)
JY22 bins: 1476/3691 spectra complete (BINID 1730, 18.3 s)
JY22 bins: 1845/3691 spectra complete (BINID 2739, 22.9 s)
JY22 bins: 2214/3691 spectra complete (BINID 3258, 27.4 s)
JY22 bins: 2583/3691 spectra complete (BINID 3676, 31.9 s)
JY22 bins: 2952/3691 spectra complete (BINID 4089, 36.1 s)
JY22 bins: 3321/3691 spectra complete (BINID 4535, 40.3 s)
JY22 bins: 3690/3691 spectra complete (BINID 5652, 44.3 s)
JY22 bins: 3691/3691 spectra complete (BINID 5659, 44.3 s)
JY22 bins: no per-spectrum exceptions
/tmp/pyqz084-runtime-f4drtlk_/pyqz/pyqz.py:849: RuntimeWarning: invalid value encountered in divide
  gridZ/= peak_val
pyqz integrated HII: no per-spectrum exceptions
pyqz integrated HII: BINID 0 adaptive-local-KDE recovery: non-finite native flag=1234; adaptive local KDE 257x257
/tmp/pyqz084-runtime-f4drtlk_/pyqz/pyqz.py:849: RuntimeWarning: invalid value encountered in divide
  gridZ/= peak_val
pyqz integrated SF: no per-spectrum exceptions
pyqz integrated SF: BINID 1 adaptive-local-KDE recovery: non-finite native flag=1234; adaptive local KDE 257x257
NebulaBayes integrated: no per-spectrum exceptions
JY22 integrated: no per-spectrum exceptions
Integrated HII/SF model-grid results (common six-line raw aperture)
  HII: 15476 pixels, 3332 bins; integrated E(B-V)=0.40921+/-0.00016
    pyqz: O/H=8.68387+/-0.00033; LogQ=7.01145+/-0.00040; logU=-3.46567+/-0.00040; flag=13; off-grid=0.00%; valid=1; method=adaptive-local-KDE recovery (uncertainties: 0.61 KDE contour)
    NebulaBayes means: O/H=8.84280 [8.79615, 8.88079]; logU=-3.03750 [-3.12821, -2.97436]; log(P/k)=4.82454 [-inf, 5.35789]; sampled modes=(8.85258, -3.02564, 4.20000); reliable=(1, 1, 0); chi2_red=4.617e+04; nlocalmax=2; flag=12; valid=1
    JY22 gas O/H=8.84329 [8.84329, 8.84329]; pre-depletion O/H=9.06329 [9.06329, 9.06329]; logU=-0.99246 [-0.99246, -0.99246]; chi2_min=9.105e+05; residuals(N2,S2,R3)=(-0.0350, 0.0133, -0.2473); residual norm=0.2501; fit_ok=0; flag=32; valid=1 (posterior means; marginal equal-tailed p16/p84)
  SF: 17691 pixels, 3691 bins; integrated E(B-V)=0.40656+/-0.00016
    pyqz: O/H=8.67880+/-0.00033; LogQ=7.01418+/-0.00040; logU=-3.46295+/-0.00040; flag=13; off-grid=0.00%; valid=1; method=adaptive-local-KDE recovery (uncertainties: 0.61 KDE contour)
    NebulaBayes means: O/H=8.82094 [8.78204, 8.86669]; logU=-3.05404 [-3.12821, -2.97436]; log(P/k)=4.87469 [-inf, 5.58947]; sampled modes=(8.82436, -3.07692, 4.20000); reliable=(1, 1, 0); chi2_red=3.879e+04; nlocalmax=2; flag=12; valid=1
    JY22 gas O/H=8.84329 [8.84329, 8.84329]; pre-depletion O/H=9.06329 [9.06329, 9.06329]; logU=-1.06281 [-1.06281, -1.06281]; chi2_min=6.641e+05; residuals(N2,S2,R3)=(-0.0320, 0.0061, -0.1866); residual norm=0.1894; fit_ok=0; flag=32; valid=1 (posterior means; marginal equal-tailed p16/p84)
Model covariance note: JY22 uses the full first-order N2/S2/R3 covariance from raw close-pair ratios and shared denominators; pyqz/NebulaBayes independent-error APIs do not represent the analogous shared covariance.
--------------------------------------------------------------
Loaded SII density lookup table: /arc/home/RongjunHuang/ICRAR/further/pyneb_sii_6716_6731_density_lookup_te8000_13000_step1000_ne20_100000_n4096.npz
DEBUG Creating converter from 3 to 5
PyNeb Te-method valid-pixel counts:
  NE_SII finite pixels: 25621
  NE_SII fixed at 20 cm^-3: 13834/25621 (54.0%)
  NE_SII exact high-density fallback pixels: 0
  NE_SII_ALL finite pixels: 178522
  Te(NII) HII pixels: 469
  Te(NII) SF pixels: 497
  Brazzini+2024 direct HII pixels: 0
  Brazzini+2024 direct SF pixels: 0
  NII+OII7325 semi-direct HII pixels: 0
  NII+OII7325 semi-direct SF pixels: 4
  Kreckel+2025 NII-only HII pixels: 45
  Kreckel+2025 NII-only SF pixels: 45
Integrated PyNeb Te-method values:
  SF:
    NE_SII: 20.00 +/- 0.00 cm^-3 (n_pix=16533, fixed20=0, exact_high_density=0)
    Te(NII): 20185.9 +/- 168.0 K (n_pix=793)
    O_H_BR24_DIRECT: nan dex (n_pix=0)
    O_H_NII_OII7325: 7.4768 +/- 0.1385 dex (n_pix=4)
    O_H_NII_K25: nan dex (n_pix=793)
  HII:
    NE_SII: 20.00 +/- 0.00 cm^-3 (n_pix=14506, fixed20=0, exact_high_density=0)
    Te(NII): 20124.6 +/- 174.9 K (n_pix=722)
    O_H_BR24_DIRECT: nan dex (n_pix=0)
    O_H_NII_OII7325: nan dex (n_pix=0)
    O_H_NII_K25: nan dex (n_pix=722)
WARNING: VerifyWarning: Card is too long, comment will be truncated. [astropy.io.fits.card]
WARNING VerifyWarning: Card is too long, comment will be truncated.
Further file written ➜ /arc/projects/mauve/products/v3tk_v7.6.8/NGC4405/NGC4405_gas_bin_maps_further.fits
--------------------------------------------------------------
Total non-nan spaxels: 178522
Number of pixels with Halpha not detected: 120826
Number of pixels with Halpha detected, Hbeta not detected: 31407
Number of pixels with Halpha detected, Hbeta detected, NII not detected, OIII not detected and unclassified1: 227
Number of pixels with Halpha detected, Hbeta detected, NII not detected, OIII detected and unclassified1: 0
Number of pixels with Halpha detected, Hbeta detected, NII detected, OIII not detected and unclassified1: 2102
Number of pixels with Halpha detected, Hbeta detected, NII detected, OIII detected and unclassified1: 2645
Number of pixels with Halpha detected, Hbeta detected, SII not detected, OIII not detected and unclassified1: 943
Number of pixels with Halpha detected, Hbeta detected, SII not detected, OIII detected and unclassified1: 374
Number of pixels with Halpha detected, Hbeta detected, SII detected, OIII not detected and unclassified1: 1386
Number of pixels with Halpha detected, Hbeta detected, SII detected, OIII detected and unclassified1: 2271
--------------------------------------------------------------
Total Halpha luminosity map sum (detections + upper-limit substitutions): 3.58e+40 erg/s
Total corrected Halpha luminosity from SF region: 3.39e+40 erg/s
Total Halpha SFR map sum (detections + upper-limit substitutions): 0.18 M☉/yr or in log10 scale: -0.75 log(M☉/yr)
Total Halpha SFR from SF region: 0.17 M☉/yr or in log10 scale: -0.77 log(M☉/yr)
Total Halpha SFR from HII region: 0.16 M☉/yr or in log10 scale: -0.78 log(M☉/yr)
--------------------------------------------------------------
[O/H] D16 SF: Total metallicity in SF region:  8.713504957293914
[O/H] PG16 SF: Total metallicity in SF region:  8.516207584853667
[O/H] N2S2-N06 SF: Total metallicity in SF region:  9.03433368997799
[O/H] O3N2-M13 SF: Total metallicity in SF region:  8.579612808479936
[O/H] N2-M13 SF: Total metallicity in SF region:  8.504641498360035
[O/H] O3N2-PP04 SF: Total metallicity in SF region:  8.79970139585785
[O/H] N2-PP04 SF: Total metallicity in SF region:  8.614109813683458
[O/H] O3N2-C20 SF: Total metallicity in SF region:  8.789930412576782
[O/H] O3S2-C20 SF: Total metallicity in SF region:  8.856768765988036
[O/H] RS32-C20 SF: Total metallicity in SF region:  8.800073049127326
[O/H] R3-C20 SF: Total metallicity in SF region:  8.804909367312488
[O/H] N2-C20 SF: Total metallicity in SF region:  8.672690383328776
[O/H] S2-C20 SF: Total metallicity in SF region:  8.812029147183438
[O/H] Combined-C20 SF: Total metallicity in SF region:  8.794781124594317 (weighted 6 methods; dominant S2)
--------------------------------------------------------------
[O/H] D16 HII: Total metallicity in HII region:  8.711419845944045
[O/H] PG16 HII: Total metallicity in HII region:  8.513263597669324
[O/H] N2S2-N06 HII: Total metallicity in HII region:  9.035332664969367
[O/H] O3N2-M13 HII: Total metallicity in HII region:  8.583604356862034
[O/H] N2-M13 HII: Total metallicity in HII region:  8.498911616959093
[O/H] O3N2-PP04 HII: Total metallicity in HII region:  8.805670066335754
[O/H] N2-PP04 HII: Total metallicity in HII region:  8.602005604402452
[O/H] O3N2-C20 HII: Total metallicity in HII region:  8.793499250029601
[O/H] O3S2-C20 HII: Total metallicity in HII region:  8.860165584259441
[O/H] RS32-C20 HII: Total metallicity in HII region:  8.807054220362884
[O/H] R3-C20 HII: Total metallicity in HII region:  8.81190182197332
[O/H] N2-C20 HII: Total metallicity in HII region:  8.665006029261955
[O/H] S2-C20 HII: Total metallicity in HII region:  8.81783146199399
[O/H] Combined-C20 HII: Total metallicity in HII region:  8.799104825017391 (weighted 6 methods; dominant S2)
--------------------------------------------------------------
[O/H] D16: Total metallicity in total region:  8.730118091384757
[O/H] PG16: Total metallicity in total region:  8.53597960709844
[O/H] N2S2-N06: Total metallicity in total region:  9.036169407115768
[O/H] O3N2-M13: Total metallicity in total region:  8.544512170033478
[O/H] N2-M13: Total metallicity in total region:  8.529577728193814
[O/H] O3N2-PP04: Total metallicity in total region:  8.747214459863146
[O/H] N2-PP04: Total metallicity in total region:  8.669574235052862
[O/H] O3N2-C20: Total metallicity in total region:  8.758056755832836
[O/H] O3S2-C20: Total metallicity in total region:  8.823829272924584
[O/H] RS32-C20: Total metallicity in total region:  8.755208425416502
[O/H] R3-C20: Total metallicity in total region:  8.753163238839099
[O/H] N2-C20: Total metallicity in total region:  8.708474867665679
[O/H] S2-C20: Total metallicity in total region:  8.786806120703178
[O/H] Combined-C20: Total metallicity in total region:  8.76549128088875 (weighted 6 methods; dominant S2)
--------------------------------------------------------------
Total runtime: 4809.6 s
✅  NGC4405 finished in 86m16s
