Python executable: /arc/home/RongjunHuang/.conda/envs/ICRAR/bin/python
Python 3.13.3
PYTHONUNBUFFERED: 1
Product root     : /arc/projects/mauve/products
Product subdir   : v3tk_v7.6.8
Local fallback   : /arc/home/RongjunHuang/ICRAR/further

Shared input keyword ➜ <none>
Reading gas-line FITS ➜ /arc/projects/mauve/products/v3tk_v7.6.8/NGC4254/NGC4254_gas_bin_maps.fits
Matched binning FITS ➜ /arc/projects/mauve/products/v3tk_v7.6.8/NGC4254/NGC4254_spatial_binning_maps_further.fits
Spatial mask FITS ➜ /arc/projects/mauve/products/v3tk_v7.6.8/NGC4254/NGC4254_mask.fits
Gas-line maps collapsed onto spatial BINID: 40618 bins
Available gas-line flux/error pairs:
  - HB4861
  - OIII4958
  - OIII5006
  - NII5754
  - OI6300
  - SIII6312
  - OI6363
  - NII6548
  - HA6562
  - NII6583
  - SII6716
  - SII6730
  - OII7318
  - OII7319
  - OII7329
  - OII7330
Te-method optional emission-line availability:
  - OIII4958: available
  - NII5754: available
  - SIII6312: available
  - NII6548: available
  - OII7318: available
  - OII7319: available
  - OII7329: available
  - OII7330: available
  - SIII9068: missing
Spatial mask applied: MASKFILE[MASK] table; row-major MASK == 0; keep=1043484, masked=160796, finite H-alpha after mask=1043484
--------------------------------------------------------------
Extinction law for k(λ)=A(λ)/E(B−V): calzetti
k(Hβ 4861Å)  = 4.5981   at λ=0.4861 µm
k(Hα 6562Å)  = 3.3264   at λ=0.6562 µm
k([OIII]5006)= 4.4647   at λ=0.5006 µm
k([NII]6583) = 3.3130   at λ=0.6583 µm
k([SII]6716) = 3.2298   at λ=0.6716 µm
k([SII]6730) = 3.2212   at λ=0.6730 µm
k(OIII4958) = 4.5083   at λ=0.4958 µm
k(NII5754) = 3.8531   at λ=0.5755 µm
k(OI6300) = 3.5017   at λ=0.6300 µm
k(SIII6312) = 3.4934   at λ=0.6312 µm
k(OI6363) = 3.4582   at λ=0.6363 µm
k(NII6548) = 3.3355   at λ=0.6548 µm
k(OII7318) = 2.8906   at λ=0.7319 µm
k(OII7319) = 2.8901   at λ=0.7320 µm
k(OII7329) = 2.8854   at λ=0.7329 µm
k(OII7330) = 2.8844   at λ=0.7331 µm
k(SIII9068) = 2.1615   at λ=0.9069 µm (line missing; NaN placeholder)
--------------------------------------------------------------
/arc/home/RongjunHuang/ICRAR/further/SFR+Z.py:2118: RuntimeWarning: divide by zero encountered in log10
  log_R3_S2 = np.log10(R3/S2)
/arc/home/RongjunHuang/ICRAR/further/SFR+Z.py:2143: RuntimeWarning: invalid value encountered in add
  O_H_PG16[upper_mask] = (a1_upper + a2_upper * log_R3_S2[upper_mask] + a3_upper * log_N2[upper_mask] +
/arc/home/RongjunHuang/ICRAR/further/SFR+Z.py:2215: RuntimeWarning: divide by zero encountered in log10
  o3n2_ratio = np.log10(oiii_hb / nii_ha)
/arc/home/RongjunHuang/ICRAR/further/SFR+Z.py:2262: RuntimeWarning: divide by zero encountered in log10
  o3n2_ratio = np.log10(oiii_hb / nii_ha)
/arc/home/RongjunHuang/ICRAR/further/SFR+Z.py:2321: RuntimeWarning: divide by zero encountered in log10
  o3n2_ratio = np.log10(oiii_hb / nii_ha)
/arc/home/RongjunHuang/ICRAR/further/SFR+Z.py:2427: RuntimeWarning: divide by zero encountered in log10
  o3s2_ratio = np.log10(oiii_hb / sii_hb)
Calculating all 6 C20 metallicities for NGC4254...
Combined C20 metallicity: median = 8.742, range = (8.527, 8.901)
Combined C20 dominant-weight method usage: O3N2=452, O3S2=0, RS32=25, R3=661902, N2=0, S2=381105
Galaxy NGC4254 inclination: 39.0° (cos θ = 0.777)
Inclination correction ENABLED: applying b/a = 0.787 (adopting intrinsic thickness q₀ = 0.2 for disc galaxy)
/arc/home/RongjunHuang/ICRAR/further/SFR+Z.py:3137: RuntimeWarning: divide by zero encountered in log10
  logO3  = np.log10(OIII5006_FLUX_corr / HB4861_FLUX_corr)       # [O III]/Hβ
/arc/home/RongjunHuang/ICRAR/further/SFR+Z.py:3225: RuntimeWarning: invalid value encountered in add
  mask_N2_up, mask_S2_up = apply_bpt_masks(logN2=logN2, logS2=logS2, logO3=logO3+logO3_err)
--------------------------------------------------------------
HII-region model-grid inference
pyqz/NebulaBayes six-line corrected-input aperture: 827833 pixels in 39227 unique spatial bins; no extra S/N cut
JY22 six-line raw-input aperture: 827833 pixels in 39227 unique spatial bins; no extra S/N cut
Python interpreter: /arc/home/RongjunHuang/.conda/envs/ICRAR/bin/python
pyqz/NebulaBayes compatibility layer: model_grid_compat.py
pyqz 0.8.4.0: diagnostic=[NII]/[SII]+;[OIII]/[SII]+; Pk=5.0; struct=pp; kappa=inf; sampling=2; srs=800; KDE=multiv; seed=20260823; nproc=1
pyqz runtime overlay: /tmp/pyqz084-runtime-55rsu7x8/pyqz/__init__.py
pyqz grid identity: MAPPINGS V HII Region Grid: QZ pp_GCZO_Pk50_kinf
pyqz bins: 1/39227 spectra complete (BINID 34, 1.0 s)
pyqz bins: 3922/39227 spectra complete (BINID 4031, 3517.0 s)
pyqz bins: 7844/39227 spectra complete (BINID 7961, 7011.5 s)
pyqz bins: 11766/39227 spectra complete (BINID 11937, 10130.8 s)
pyqz bins: 15688/39227 spectra complete (BINID 16053, 11626.4 s)
pyqz bins: 19610/39227 spectra complete (BINID 20018, 12493.4 s)
pyqz bins: 23532/39227 spectra complete (BINID 23969, 13376.7 s)
pyqz bins: 27454/39227 spectra complete (BINID 28196, 14297.1 s)
pyqz bins: 31376/39227 spectra complete (BINID 32201, 15047.4 s)
pyqz bins: 35298/39227 spectra complete (BINID 36324, 15923.6 s)
pyqz bins: 39220/39227 spectra complete (BINID 40592, 16731.8 s)
pyqz bins: 39227/39227 spectra complete (BINID 40612, 16738.1 s)
pyqz bins: no per-spectrum exceptions
Initialising NebulaBayes (v0.9.9) model...
INFO Initialising NebulaBayes (v0.9.9) model...
Loading input grid data...
INFO Loading input grid data...
Building flux arrays for the model grids...
INFO Building flux arrays for the model grids...
Resampling model emission line flux grids to shape (40, 20, 160) using linear interpolation...
INFO Resampling model emission line flux grids to shape (40, 20, 160) using linear interpolation...
    Interpolating for Hbeta...
INFO     Interpolating for Hbeta...
    Interpolating for OIII5007...
INFO     Interpolating for OIII5007...
    Interpolating for Halpha...
INFO     Interpolating for Halpha...
    Interpolating for NII6583...
INFO     Interpolating for NII6583...
    Interpolating for SII6716...
INFO     Interpolating for SII6716...
    Interpolating for SII6731...
INFO     Interpolating for SII6731...
Interpolated flux grid size is 1.02MB for 1 line and 6.14MB total for all 6 lines
DEBUG Interpolated flux grid size is 1.02MB for 1 line and 6.14MB total for all 6 lines
NebulaBayes 0.9.9: grid=/arc/home/RongjunHuang/.conda/envs/ICRAR/lib/python3.13/site-packages/NebulaBayes/grids/NB_HII_grid.fits.gz; parameters=['log U', 'log P/k', '12 + log O/H']; shape=(40, 20, 160); order=1; grid_error=0.1; norm=Hbeta; deredden=False; prior=Uniform
NebulaBayes bins: 1/39227 spectra complete (BINID 34, 0.1 s)
NebulaBayes bins: 3922/39227 spectra complete (BINID 4031, 148.8 s)
NebulaBayes bins: 7844/39227 spectra complete (BINID 7961, 361.6 s)
NebulaBayes bins: 11766/39227 spectra complete (BINID 11937, 432.8 s)
NebulaBayes bins: 15688/39227 spectra complete (BINID 16053, 498.3 s)
NebulaBayes bins: 19610/39227 spectra complete (BINID 20018, 562.4 s)
NebulaBayes bins: 23532/39227 spectra complete (BINID 23969, 626.1 s)
NebulaBayes bins: 27454/39227 spectra complete (BINID 28196, 690.0 s)
NebulaBayes bins: 31376/39227 spectra complete (BINID 32201, 754.8 s)
NebulaBayes bins: 35298/39227 spectra complete (BINID 36324, 819.9 s)
NebulaBayes bins: 39220/39227 spectra complete (BINID 40592, 885.7 s)
NebulaBayes bins: 39227/39227 spectra complete (BINID 40612, 886.0 s)
NebulaBayes bins: no per-spectrum exceptions
JY22/Peng2026: raw close-pair ratios=N2,S2,R3; posterior means with marginal equal-tailed p16/p84; full raw-ratio covariance; post-depletion O/H=pre-depletion-0.22; empirical chi2<=25 gross-mismatch cut; not a physical boundary; error inflation=1.0
JY22 grid: /arc/home/RongjunHuang/ICRAR/further/Peng2026/photoionization_models/photoionization_grid_interpolated.fits; sha256=d7a219b60c9a1ea8b29339988c84b1832028b28b3c417d1c3c58b420831eb38a; inference_shape=(200, 200); requested logU=(-4.0, -0.5); retained logU=(-4.0, -0.5); solar O/H=8.69
JY22 bins: 1/39227 spectra complete (BINID 34, 0.0 s)
JY22 bins: 3922/39227 spectra complete (BINID 4031, 13.2 s)
JY22 bins: 7844/39227 spectra complete (BINID 7961, 28.6 s)
JY22 bins: 11766/39227 spectra complete (BINID 11937, 44.3 s)
JY22 bins: 15688/39227 spectra complete (BINID 16053, 60.1 s)
JY22 bins: 19610/39227 spectra complete (BINID 20018, 75.5 s)
JY22 bins: 23532/39227 spectra complete (BINID 23969, 91.1 s)
JY22 bins: 27454/39227 spectra complete (BINID 28196, 107.2 s)
JY22 bins: 31376/39227 spectra complete (BINID 32201, 122.3 s)
JY22 bins: 35298/39227 spectra complete (BINID 36324, 138.3 s)
JY22 bins: 39220/39227 spectra complete (BINID 40592, 153.8 s)
JY22 bins: 39227/39227 spectra complete (BINID 40612, 153.8 s)
JY22 bins: no per-spectrum exceptions
/tmp/pyqz084-runtime-55rsu7x8/pyqz/pyqz.py:849: RuntimeWarning: invalid value encountered in divide
  gridZ/= peak_val
pyqz integrated HII: no per-spectrum exceptions
pyqz integrated HII: BINID 0 adaptive-local-KDE recovery: non-finite native flag=1234; adaptive local KDE 257x257
/tmp/pyqz084-runtime-55rsu7x8/pyqz/pyqz.py:849: RuntimeWarning: invalid value encountered in divide
  gridZ/= peak_val
pyqz integrated SF: no per-spectrum exceptions
pyqz integrated SF: BINID 1 adaptive-local-KDE recovery: non-finite native flag=1234; adaptive local KDE 257x257
NebulaBayes integrated: no per-spectrum exceptions
JY22 integrated: no per-spectrum exceptions
Integrated HII/SF model-grid results (common six-line raw aperture)
  HII: 684003 pixels, 32619 bins; integrated E(B-V)=0.35947+/-0.00002
    pyqz: O/H=8.69060+/-0.00003; LogQ=7.12168+/-0.00004; logU=-3.35544+/-0.00004; flag=13; off-grid=0.00%; valid=1; method=adaptive-local-KDE recovery (uncertainties: 0.61 KDE contour)
    NebulaBayes means: O/H=8.78744 [8.73972, 8.83847]; logU=-2.98837 [-3.07692, -2.92308]; log(P/k)=5.11647 [4.43158, 5.82105]; sampled modes=(8.76794, -2.97436, 5.12632); reliable=(1, 1, 1); chi2_red=2.141e+06; nlocalmax=2; flag=0; valid=1
    JY22 gas O/H=8.85234 [8.85234, 8.85234]; pre-depletion O/H=9.07234 [9.07234, 9.07234]; logU=-0.97487 [-0.97487, -0.97487]; chi2_min=3.654e+06; residuals(N2,S2,R3)=(-0.0072, 0.0041, -0.0241); residual norm=0.0255; fit_ok=0; flag=32; valid=1 (posterior means; marginal equal-tailed p16/p84)
  SF: 827833 pixels, 39227 bins; integrated E(B-V)=0.35770+/-0.00002
    pyqz: O/H=8.68804+/-0.00003; LogQ=7.12129+/-0.00004; logU=-3.35583+/-0.00004; flag=13; off-grid=0.00%; valid=1; method=adaptive-local-KDE recovery (uncertainties: 0.61 KDE contour)
    NebulaBayes means: O/H=8.77232 [8.73972, 8.81026]; logU=-3.01151 [-3.07692, -2.92308]; log(P/k)=5.20872 [4.43158, 6.05263]; sampled modes=(8.75383, -2.97436, 5.35789); reliable=(1, 1, 1); chi2_red=3.157e+06; nlocalmax=2; flag=0; valid=1
    JY22 gas O/H=8.84329 [8.84329, 8.84329]; pre-depletion O/H=9.06329 [9.06329, 9.06329]; logU=-1.04523 [-1.04523, -1.04523]; chi2_min=7.493e+05; residuals(N2,S2,R3)=(0.0004, -0.0056, -0.0079); residual norm=0.0097; fit_ok=0; flag=32; valid=1 (posterior means; marginal equal-tailed p16/p84)
Model covariance note: JY22 uses the full first-order N2/S2/R3 covariance from raw close-pair ratios and shared denominators; pyqz/NebulaBayes independent-error APIs do not represent the analogous shared covariance.
--------------------------------------------------------------
Loaded SII density lookup table: /arc/home/RongjunHuang/ICRAR/further/pyneb_sii_6716_6731_density_lookup_te8000_13000_step1000_ne20_100000_n4096.npz
PyNeb Te-method valid-pixel counts:
  NE_SII finite pixels: 837490
  NE_SII fixed at 20 cm^-3: 348598/837490 (41.6%)
  NE_SII exact high-density fallback pixels: 0
  NE_SII_ALL finite pixels: 1043484
  Te(NII) HII pixels: 0
  Te(NII) SF pixels: 0
  Brazzini+2024 direct HII pixels: 0
  Brazzini+2024 direct SF pixels: 0
  NII+OII7325 semi-direct HII pixels: 0
  NII+OII7325 semi-direct SF pixels: 0
  Kreckel+2025 NII-only HII pixels: 0
  Kreckel+2025 NII-only SF pixels: 0
Integrated PyNeb Te-method values:
  SF:
    NE_SII: 24.38 +/- 0.04 cm^-3 (n_pix=799033, fixed20=0, exact_high_density=0)
    Te(NII): nan K (n_pix=0)
    O_H_BR24_DIRECT: nan dex (n_pix=0)
    O_H_NII_OII7325: nan dex (n_pix=0)
    O_H_NII_K25: nan dex (n_pix=0)
  HII:
    NE_SII: 25.20 +/- 0.04 cm^-3 (n_pix=660921, fixed20=0, exact_high_density=0)
    Te(NII): nan K (n_pix=0)
    O_H_BR24_DIRECT: nan dex (n_pix=0)
    O_H_NII_OII7325: nan dex (n_pix=0)
    O_H_NII_K25: nan dex (n_pix=0)
WARNING: VerifyWarning: Card is too long, comment will be truncated. [astropy.io.fits.card]
WARNING VerifyWarning: Card is too long, comment will be truncated.
Further file written ➜ /arc/projects/mauve/products/v3tk_v7.6.8/NGC4254/NGC4254_gas_bin_maps_further.fits
--------------------------------------------------------------
Total non-nan spaxels: 1043484
Number of pixels with Halpha not detected: 25078
Number of pixels with Halpha detected, Hbeta not detected: 154915
Number of pixels with Halpha detected, Hbeta detected, NII not detected, OIII not detected and unclassified1: 0
Number of pixels with Halpha detected, Hbeta detected, NII not detected, OIII detected and unclassified1: 0
Number of pixels with Halpha detected, Hbeta detected, NII detected, OIII not detected and unclassified1: 191
Number of pixels with Halpha detected, Hbeta detected, NII detected, OIII detected and unclassified1: 4072
Number of pixels with Halpha detected, Hbeta detected, SII not detected, OIII not detected and unclassified1: 0
Number of pixels with Halpha detected, Hbeta detected, SII not detected, OIII detected and unclassified1: 0
Number of pixels with Halpha detected, Hbeta detected, SII detected, OIII not detected and unclassified1: 191
Number of pixels with Halpha detected, Hbeta detected, SII detected, OIII detected and unclassified1: 4072
--------------------------------------------------------------
Total Halpha luminosity map sum (detections + upper-limit substitutions): 1.30e+42 erg/s
Total corrected Halpha luminosity from SF region: 1.29e+42 erg/s
Total Halpha SFR map sum (detections + upper-limit substitutions): 6.48 M☉/yr or in log10 scale: 0.81 log(M☉/yr)
Total Halpha SFR from SF region: 6.44 M☉/yr or in log10 scale: 0.81 log(M☉/yr)
Total Halpha SFR from HII region: 6.20 M☉/yr or in log10 scale: 0.79 log(M☉/yr)
--------------------------------------------------------------
[O/H] D16 SF: Total metallicity in SF region:  8.767613000941129
[O/H] PG16 SF: Total metallicity in SF region:  8.543137732753323
[O/H] N2S2-N06 SF: Total metallicity in SF region:  9.071101620679842
[O/H] O3N2-M13 SF: Total metallicity in SF region:  8.545675305250342
[O/H] N2-M13 SF: Total metallicity in SF region:  8.518790538769755
[O/H] O3N2-PP04 SF: Total metallicity in SF region:  8.748953727477147
[O/H] N2-PP04 SF: Total metallicity in SF region:  8.645014640778994
[O/H] O3N2-C20 SF: Total metallicity in SF region:  8.759127494198536
[O/H] O3S2-C20 SF: Total metallicity in SF region:  8.81620311612114
[O/H] RS32-C20 SF: Total metallicity in SF region:  8.771665618658163
[O/H] R3-C20 SF: Total metallicity in SF region:  8.760285205304662
[O/H] N2-C20 SF: Total metallicity in SF region:  8.692454461670014
[O/H] S2-C20 SF: Total metallicity in SF region:  8.81830496914627
[O/H] Combined-C20 SF: Total metallicity in SF region:  8.776796458414728 (weighted 6 methods; dominant S2)
--------------------------------------------------------------
[O/H] D16 HII: Total metallicity in HII region:  8.76545497073237
[O/H] PG16 HII: Total metallicity in HII region:  8.539440569440416
[O/H] N2S2-N06 HII: Total metallicity in HII region:  9.072160252350345
[O/H] O3N2-M13 HII: Total metallicity in HII region:  8.547058762406431
[O/H] N2-M13 HII: Total metallicity in HII region:  8.512736825944181
[O/H] O3N2-PP04 HII: Total metallicity in HII region:  8.751022448458217
[O/H] N2-PP04 HII: Total metallicity in HII region:  8.631612795257212
[O/H] O3N2-C20 HII: Total metallicity in HII region:  8.760399720819258
[O/H] O3S2-C20 HII: Total metallicity in HII region:  8.81724309984241
[O/H] RS32-C20 HII: Total metallicity in HII region:  8.77764005037162
[O/H] R3-C20 HII: Total metallicity in HII region:  8.76507328174062
[O/H] N2-C20 HII: Total metallicity in HII region:  8.683846879774585
[O/H] S2-C20 HII: Total metallicity in HII region:  8.824153953569462
[O/H] Combined-C20 HII: Total metallicity in HII region:  8.779886485701875 (weighted 6 methods; dominant S2)
--------------------------------------------------------------
[O/H] D16: Total metallicity in total region:  8.76577409862844
[O/H] PG16: Total metallicity in total region:  8.543517257849029
[O/H] N2S2-N06: Total metallicity in total region:  9.068791967498186
[O/H] O3N2-M13: Total metallicity in total region:  8.543987270916592
[O/H] N2-M13: Total metallicity in total region:  8.520723320777142
[O/H] O3N2-PP04: Total metallicity in total region:  8.746429563987427
[O/H] N2-PP04: Total metallicity in total region:  8.649350700223405
[O/H] O3N2-C20: Total metallicity in total region:  8.757573217732821
[O/H] O3S2-C20: Total metallicity in total region:  8.815192789409444
[O/H] RS32-C20: Total metallicity in total region:  8.768245574867683
[O/H] R3-C20: Total metallicity in total region:  8.75730995361345
[O/H] N2-C20: Total metallicity in total region:  8.695256434171522
[O/H] S2-C20: Total metallicity in total region:  8.815325935017782
[O/H] Combined-C20: Total metallicity in total region:  8.774716126022962 (weighted 6 methods; dominant S2)
--------------------------------------------------------------
Total runtime: 18349.5 s
✅  NGC4254 finished in 311m54s
