Python executable: /arc/home/RongjunHuang/.conda/envs/ICRAR/bin/python
Python 3.13.3
PYTHONUNBUFFERED: 1
Product root     : /arc/projects/mauve/products
Product subdir   : v3tk_v7.6.8
Local fallback   : /arc/home/RongjunHuang/ICRAR/further

Shared input keyword ➜ <none>
Reading gas-line FITS ➜ /arc/projects/mauve/products/v3tk_v7.6.8/NGC4189/NGC4189_gas_bin_maps.fits
Matched binning FITS ➜ /arc/projects/mauve/products/v3tk_v7.6.8/NGC4189/NGC4189_spatial_binning_maps_further.fits
Spatial mask FITS ➜ /arc/projects/mauve/products/v3tk_v7.6.8/NGC4189/NGC4189_mask.fits
Gas-line maps collapsed onto spatial BINID: 4905 bins
Available gas-line flux/error pairs:
  - HB4861
  - OIII4958
  - OIII5006
  - NII5754
  - OI6300
  - SIII6312
  - OI6363
  - NII6548
  - HA6562
  - NII6583
  - SII6716
  - SII6730
  - OII7318
  - OII7319
  - OII7329
  - OII7330
Te-method optional emission-line availability:
  - OIII4958: available
  - NII5754: available
  - SIII6312: available
  - NII6548: available
  - OII7318: available
  - OII7319: available
  - OII7329: available
  - OII7330: available
  - SIII9068: missing
Spatial mask applied: MASKFILE[MASK] table; row-major MASK == 0; keep=177207, masked=13555, finite H-alpha after mask=177207
/arc/home/RongjunHuang/ICRAR/further/SFR+Z.py:1223: RuntimeWarning: divide by zero encountered in divide
  BD = HA6562_FLUX / HB4861_FLUX
/arc/home/RongjunHuang/ICRAR/further/SFR+Z.py:1223: RuntimeWarning: invalid value encountered in divide
  BD = HA6562_FLUX / HB4861_FLUX
--------------------------------------------------------------
Extinction law for k(λ)=A(λ)/E(B−V): calzetti
k(Hβ 4861Å)  = 4.5981   at λ=0.4861 µm
k(Hα 6562Å)  = 3.3264   at λ=0.6562 µm
k([OIII]5006)= 4.4647   at λ=0.5006 µm
k([NII]6583) = 3.3130   at λ=0.6583 µm
k([SII]6716) = 3.2298   at λ=0.6716 µm
k([SII]6730) = 3.2212   at λ=0.6730 µm
k(OIII4958) = 4.5083   at λ=0.4958 µm
k(NII5754) = 3.8531   at λ=0.5755 µm
k(OI6300) = 3.5017   at λ=0.6300 µm
k(SIII6312) = 3.4934   at λ=0.6312 µm
k(OI6363) = 3.4582   at λ=0.6363 µm
k(NII6548) = 3.3355   at λ=0.6548 µm
k(OII7318) = 2.8906   at λ=0.7319 µm
k(OII7319) = 2.8901   at λ=0.7320 µm
k(OII7329) = 2.8854   at λ=0.7329 µm
k(OII7330) = 2.8844   at λ=0.7331 µm
k(SIII9068) = 2.1615   at λ=0.9069 µm (line missing; NaN placeholder)
--------------------------------------------------------------
/arc/home/RongjunHuang/ICRAR/further/SFR+Z.py:2103: RuntimeWarning: invalid value encountered in divide
  y = np.log10(NII6583_FLUX_corr / (SII6716_FLUX_corr + SII6730_FLUX_corr)) + 0.264*np.log10(NII6583_FLUX_corr / HA6562_FLUX_corr)
/arc/home/RongjunHuang/ICRAR/further/SFR+Z.py:2114: RuntimeWarning: divide by zero encountered in divide
  N2 = NII_scaled / HB4861_FLUX_corr   # N2 = I([N II]λ6548 + λ6584)/I(Hβ)
/arc/home/RongjunHuang/ICRAR/further/SFR+Z.py:2114: RuntimeWarning: invalid value encountered in divide
  N2 = NII_scaled / HB4861_FLUX_corr   # N2 = I([N II]λ6548 + λ6584)/I(Hβ)
/arc/home/RongjunHuang/ICRAR/further/SFR+Z.py:2115: RuntimeWarning: divide by zero encountered in divide
  S2 = (SII6716_FLUX_corr + SII6730_FLUX_corr) / HB4861_FLUX_corr  # S2 = I([S II]λ6717 + λ6731)/I(Hβ)
/arc/home/RongjunHuang/ICRAR/further/SFR+Z.py:2115: RuntimeWarning: invalid value encountered in divide
  S2 = (SII6716_FLUX_corr + SII6730_FLUX_corr) / HB4861_FLUX_corr  # S2 = I([S II]λ6717 + λ6731)/I(Hβ)
/arc/home/RongjunHuang/ICRAR/further/SFR+Z.py:2116: RuntimeWarning: divide by zero encountered in divide
  R3 = OIII_scaled / HB4861_FLUX_corr  # R3 = I([O III]λ4959 + λ5007)/I(Hβ) (same value as R2 in this case)
/arc/home/RongjunHuang/ICRAR/further/SFR+Z.py:2116: RuntimeWarning: invalid value encountered in divide
  R3 = OIII_scaled / HB4861_FLUX_corr  # R3 = I([O III]λ4959 + λ5007)/I(Hβ) (same value as R2 in this case)
/arc/home/RongjunHuang/ICRAR/further/SFR+Z.py:2118: RuntimeWarning: invalid value encountered in divide
  log_R3_S2 = np.log10(R3/S2)
/arc/home/RongjunHuang/ICRAR/further/SFR+Z.py:2118: RuntimeWarning: divide by zero encountered in log10
  log_R3_S2 = np.log10(R3/S2)
/arc/home/RongjunHuang/ICRAR/further/SFR+Z.py:2143: RuntimeWarning: invalid value encountered in add
  O_H_PG16[upper_mask] = (a1_upper + a2_upper * log_R3_S2[upper_mask] + a3_upper * log_N2[upper_mask] +
/arc/home/RongjunHuang/ICRAR/further/SFR+Z.py:2168: RuntimeWarning: invalid value encountered in divide
  n2s2_ratio = np.log10(nii6583_flux / sii_total)
/arc/home/RongjunHuang/ICRAR/further/SFR+Z.py:2213: RuntimeWarning: divide by zero encountered in divide
  oiii_hb = oiii5006_flux / hb4861_flux
/arc/home/RongjunHuang/ICRAR/further/SFR+Z.py:2213: RuntimeWarning: invalid value encountered in divide
  oiii_hb = oiii5006_flux / hb4861_flux
/arc/home/RongjunHuang/ICRAR/further/SFR+Z.py:2214: RuntimeWarning: invalid value encountered in divide
  nii_ha = nii6583_flux / ha6562_flux
/arc/home/RongjunHuang/ICRAR/further/SFR+Z.py:2215: RuntimeWarning: divide by zero encountered in log10
  o3n2_ratio = np.log10(oiii_hb / nii_ha)
/arc/home/RongjunHuang/ICRAR/further/SFR+Z.py:2237: RuntimeWarning: invalid value encountered in divide
  n2_ratio = np.log10(nii6583_flux / ha6562_flux)
/arc/home/RongjunHuang/ICRAR/further/SFR+Z.py:2260: RuntimeWarning: divide by zero encountered in divide
  oiii_hb = oiii5006_flux / hb4861_flux
/arc/home/RongjunHuang/ICRAR/further/SFR+Z.py:2260: RuntimeWarning: invalid value encountered in divide
  oiii_hb = oiii5006_flux / hb4861_flux
/arc/home/RongjunHuang/ICRAR/further/SFR+Z.py:2261: RuntimeWarning: invalid value encountered in divide
  nii_ha = nii6583_flux / ha6562_flux
/arc/home/RongjunHuang/ICRAR/further/SFR+Z.py:2262: RuntimeWarning: divide by zero encountered in log10
  o3n2_ratio = np.log10(oiii_hb / nii_ha)
/arc/home/RongjunHuang/ICRAR/further/SFR+Z.py:2284: RuntimeWarning: invalid value encountered in divide
  n2_ratio = np.log10(nii6583_flux / ha6562_flux)
/arc/home/RongjunHuang/ICRAR/further/SFR+Z.py:2319: RuntimeWarning: divide by zero encountered in divide
  oiii_hb = oiii5006_flux / hb4861_flux
/arc/home/RongjunHuang/ICRAR/further/SFR+Z.py:2319: RuntimeWarning: invalid value encountered in divide
  oiii_hb = oiii5006_flux / hb4861_flux
/arc/home/RongjunHuang/ICRAR/further/SFR+Z.py:2320: RuntimeWarning: invalid value encountered in divide
  nii_ha = nii6583_flux / ha6562_flux
/arc/home/RongjunHuang/ICRAR/further/SFR+Z.py:2321: RuntimeWarning: divide by zero encountered in log10
  o3n2_ratio = np.log10(oiii_hb / nii_ha)
/arc/home/RongjunHuang/ICRAR/further/SFR+Z.py:2421: RuntimeWarning: divide by zero encountered in divide
  oiii_hb = oiii5006_flux / hb4861_flux
/arc/home/RongjunHuang/ICRAR/further/SFR+Z.py:2421: RuntimeWarning: invalid value encountered in divide
  oiii_hb = oiii5006_flux / hb4861_flux
/arc/home/RongjunHuang/ICRAR/further/SFR+Z.py:2424: RuntimeWarning: divide by zero encountered in divide
  sii_hb = sii_total / hb4861_flux
/arc/home/RongjunHuang/ICRAR/further/SFR+Z.py:2424: RuntimeWarning: invalid value encountered in divide
  sii_hb = sii_total / hb4861_flux
/arc/home/RongjunHuang/ICRAR/further/SFR+Z.py:2427: RuntimeWarning: invalid value encountered in divide
  o3s2_ratio = np.log10(oiii_hb / sii_hb)
/arc/home/RongjunHuang/ICRAR/further/SFR+Z.py:2427: RuntimeWarning: divide by zero encountered in log10
  o3s2_ratio = np.log10(oiii_hb / sii_hb)
Calculating all 6 C20 metallicities for NGC4189...
Combined C20 metallicity: median = 8.728, range = (8.324, 8.850)
Combined C20 dominant-weight method usage: O3N2=14956, O3S2=0, RS32=2169, R3=122718, N2=0, S2=31579
Galaxy NGC4189 inclination: 42.0° (cos θ = 0.743)
Inclination correction ENABLED: applying b/a = 0.755 (adopting intrinsic thickness q₀ = 0.2 for disc galaxy)
/arc/home/RongjunHuang/ICRAR/further/SFR+Z.py:3135: RuntimeWarning: invalid value encountered in divide
  logN2  = np.log10(NII6583_FLUX_corr / HA6562_FLUX_corr)        # [N II]/Hα
/arc/home/RongjunHuang/ICRAR/further/SFR+Z.py:3136: RuntimeWarning: invalid value encountered in divide
  logS2  = np.log10((SII6716_FLUX_corr+SII6730_FLUX_corr) / HA6562_FLUX_corr)   # Σ[S II]/Hα
/arc/home/RongjunHuang/ICRAR/further/SFR+Z.py:3137: RuntimeWarning: divide by zero encountered in divide
  logO3  = np.log10(OIII5006_FLUX_corr / HB4861_FLUX_corr)       # [O III]/Hβ
/arc/home/RongjunHuang/ICRAR/further/SFR+Z.py:3137: RuntimeWarning: invalid value encountered in divide
  logO3  = np.log10(OIII5006_FLUX_corr / HB4861_FLUX_corr)       # [O III]/Hβ
/arc/home/RongjunHuang/ICRAR/further/SFR+Z.py:3137: RuntimeWarning: divide by zero encountered in log10
  logO3  = np.log10(OIII5006_FLUX_corr / HB4861_FLUX_corr)       # [O III]/Hβ
/arc/home/RongjunHuang/ICRAR/further/SFR+Z.py:3225: RuntimeWarning: invalid value encountered in add
  mask_N2_up, mask_S2_up = apply_bpt_masks(logN2=logN2, logS2=logS2, logO3=logO3+logO3_err)
--------------------------------------------------------------
HII-region model-grid inference
pyqz/NebulaBayes six-line corrected-input aperture: 110869 pixels in 3531 unique spatial bins; no extra S/N cut
JY22 six-line raw-input aperture: 110869 pixels in 3531 unique spatial bins; no extra S/N cut
Python interpreter: /arc/home/RongjunHuang/.conda/envs/ICRAR/bin/python
pyqz/NebulaBayes compatibility layer: model_grid_compat.py
pyqz 0.8.4.0: diagnostic=[NII]/[SII]+;[OIII]/[SII]+; Pk=5.0; struct=pp; kappa=inf; sampling=2; srs=800; KDE=multiv; seed=20260823; nproc=1
pyqz runtime overlay: /tmp/pyqz084-runtime-150yosbb/pyqz/__init__.py
pyqz grid identity: MAPPINGS V HII Region Grid: QZ pp_GCZO_Pk50_kinf
pyqz bins: 1/3531 spectra complete (BINID 0, 1.0 s)
pyqz bins: 353/3531 spectra complete (BINID 551, 409.7 s)
pyqz bins: 706/3531 spectra complete (BINID 1097, 803.8 s)
pyqz bins: 1059/3531 spectra complete (BINID 1569, 1221.0 s)
pyqz bins: 1412/3531 spectra complete (BINID 2201, 1582.6 s)
pyqz bins: 1765/3531 spectra complete (BINID 2708, 1918.8 s)
pyqz bins: 2118/3531 spectra complete (BINID 3274, 2263.3 s)
pyqz bins: 2471/3531 spectra complete (BINID 3716, 2602.3 s)
pyqz bins: 2824/3531 spectra complete (BINID 4102, 2942.5 s)
pyqz bins: 3177/3531 spectra complete (BINID 4484, 3249.5 s)
pyqz bins: 3530/3531 spectra complete (BINID 4893, 3476.3 s)
pyqz bins: 3531/3531 spectra complete (BINID 4898, 3476.9 s)
pyqz bins: no per-spectrum exceptions
Initialising NebulaBayes (v0.9.9) model...
INFO Initialising NebulaBayes (v0.9.9) model...
Loading input grid data...
INFO Loading input grid data...
Building flux arrays for the model grids...
INFO Building flux arrays for the model grids...
Resampling model emission line flux grids to shape (40, 20, 160) using linear interpolation...
INFO Resampling model emission line flux grids to shape (40, 20, 160) using linear interpolation...
    Interpolating for Hbeta...
INFO     Interpolating for Hbeta...
    Interpolating for OIII5007...
INFO     Interpolating for OIII5007...
    Interpolating for Halpha...
INFO     Interpolating for Halpha...
    Interpolating for NII6583...
INFO     Interpolating for NII6583...
    Interpolating for SII6716...
INFO     Interpolating for SII6716...
    Interpolating for SII6731...
INFO     Interpolating for SII6731...
Interpolated flux grid size is 1.02MB for 1 line and 6.14MB total for all 6 lines
DEBUG Interpolated flux grid size is 1.02MB for 1 line and 6.14MB total for all 6 lines
NebulaBayes 0.9.9: grid=/arc/home/RongjunHuang/.conda/envs/ICRAR/lib/python3.13/site-packages/NebulaBayes/grids/NB_HII_grid.fits.gz; parameters=['log U', 'log P/k', '12 + log O/H']; shape=(40, 20, 160); order=1; grid_error=0.1; norm=Hbeta; deredden=False; prior=Uniform
NebulaBayes bins: 1/3531 spectra complete (BINID 0, 0.0 s)
NebulaBayes bins: 353/3531 spectra complete (BINID 551, 12.9 s)
NebulaBayes bins: 706/3531 spectra complete (BINID 1097, 25.1 s)
NebulaBayes bins: 1059/3531 spectra complete (BINID 1569, 58.6 s)
NebulaBayes bins: 1412/3531 spectra complete (BINID 2201, 85.3 s)
NebulaBayes bins: 1765/3531 spectra complete (BINID 2708, 108.2 s)
NebulaBayes bins: 2118/3531 spectra complete (BINID 3274, 131.7 s)
NebulaBayes bins: 2471/3531 spectra complete (BINID 3716, 154.7 s)
NebulaBayes bins: 2824/3531 spectra complete (BINID 4102, 177.7 s)
NebulaBayes bins: 3177/3531 spectra complete (BINID 4484, 200.6 s)
NebulaBayes bins: 3530/3531 spectra complete (BINID 4893, 222.8 s)
NebulaBayes bins: 3531/3531 spectra complete (BINID 4898, 222.8 s)
NebulaBayes bins: no per-spectrum exceptions
JY22/Peng2026: raw close-pair ratios=N2,S2,R3; posterior means with marginal equal-tailed p16/p84; full raw-ratio covariance; post-depletion O/H=pre-depletion-0.22; empirical chi2<=25 gross-mismatch cut; not a physical boundary; error inflation=1.0
JY22 grid: /arc/home/RongjunHuang/ICRAR/further/Peng2026/photoionization_models/photoionization_grid_interpolated.fits; sha256=d7a219b60c9a1ea8b29339988c84b1832028b28b3c417d1c3c58b420831eb38a; inference_shape=(200, 200); requested logU=(-4.0, -0.5); retained logU=(-4.0, -0.5); solar O/H=8.69
JY22 bins: 1/3531 spectra complete (BINID 0, 0.0 s)
JY22 bins: 353/3531 spectra complete (BINID 551, 3.9 s)
JY22 bins: 706/3531 spectra complete (BINID 1097, 7.8 s)
JY22 bins: 1059/3531 spectra complete (BINID 1569, 11.6 s)
JY22 bins: 1412/3531 spectra complete (BINID 2201, 15.3 s)
JY22 bins: 1765/3531 spectra complete (BINID 2708, 19.2 s)
JY22 bins: 2118/3531 spectra complete (BINID 3274, 23.0 s)
JY22 bins: 2471/3531 spectra complete (BINID 3716, 26.7 s)
JY22 bins: 2824/3531 spectra complete (BINID 4102, 30.5 s)
JY22 bins: 3177/3531 spectra complete (BINID 4484, 34.8 s)
JY22 bins: 3530/3531 spectra complete (BINID 4893, 40.9 s)
JY22 bins: 3531/3531 spectra complete (BINID 4898, 41.1 s)
JY22 bins: no per-spectrum exceptions
/tmp/pyqz084-runtime-150yosbb/pyqz/pyqz.py:849: RuntimeWarning: invalid value encountered in divide
  gridZ/= peak_val
pyqz integrated HII: no per-spectrum exceptions
pyqz integrated HII: BINID 0 adaptive-local-KDE recovery: non-finite native flag=1234; adaptive local KDE 257x257
/tmp/pyqz084-runtime-150yosbb/pyqz/pyqz.py:849: RuntimeWarning: invalid value encountered in divide
  gridZ/= peak_val
pyqz integrated SF: no per-spectrum exceptions
pyqz integrated SF: BINID 1 adaptive-local-KDE recovery: non-finite native flag=1234; adaptive local KDE 257x257
NebulaBayes integrated: no per-spectrum exceptions
JY22 integrated: no per-spectrum exceptions
Integrated HII/SF model-grid results (common six-line raw aperture)
  HII: 100340 pixels, 2989 bins; integrated E(B-V)=0.34732+/-0.00005
    pyqz: O/H=8.56348+/-0.00011; LogQ=6.94907+/-0.00010; logU=-3.52805+/-0.00010; flag=13; off-grid=0.00%; valid=1; method=adaptive-local-KDE recovery (uncertainties: 0.61 KDE contour)
    NebulaBayes means: O/H=8.62409 [8.52812, 8.69740]; logU=-3.34217 [-3.48718, -3.23077]; log(P/k)=5.19545 [4.43158, 6.05263]; sampled modes=(8.65508, -3.28205, 4.20000); reliable=(1, 1, 0); chi2_red=1.429e+05; nlocalmax=2; flag=4; valid=1
    JY22 gas O/H=8.79804 [8.79804, 8.79804]; pre-depletion O/H=9.01804 [9.01804, 9.01804]; logU=-1.34422 [-1.34422, -1.34422]; chi2_min=2.997e+06; residuals(N2,S2,R3)=(-0.0274, 0.0041, -0.0235); residual norm=0.0363; fit_ok=0; flag=32; valid=1 (posterior means; marginal equal-tailed p16/p84)
  SF: 110869 pixels, 3531 bins; integrated E(B-V)=0.34667+/-0.00005
    pyqz: O/H=8.56351+/-0.00011; LogQ=6.95078+/-0.00010; logU=-3.52634+/-0.00010; flag=13; off-grid=0.00%; valid=1; method=adaptive-local-KDE recovery (uncertainties: 0.61 KDE contour)
    NebulaBayes means: O/H=8.62246 [8.54223, 8.69740]; logU=-3.34460 [-3.48718, -3.23077]; log(P/k)=5.22287 [4.43158, 6.05263]; sampled modes=(8.65508, -3.28205, 4.20000); reliable=(1, 1, 0); chi2_red=1.03e+05; nlocalmax=2; flag=4; valid=1
    JY22 gas O/H=8.78899 [8.78899, 8.78899]; pre-depletion O/H=9.00899 [9.00899, 9.00899]; logU=-1.36181 [-1.36181, -1.36181]; chi2_min=1.952e+06; residuals(N2,S2,R3)=(-0.0206, 0.0005, -0.0407); residual norm=0.0457; fit_ok=0; flag=32; valid=1 (posterior means; marginal equal-tailed p16/p84)
Model covariance note: JY22 uses the full first-order N2/S2/R3 covariance from raw close-pair ratios and shared denominators; pyqz/NebulaBayes independent-error APIs do not represent the analogous shared covariance.
--------------------------------------------------------------
Loaded SII density lookup table: /arc/home/RongjunHuang/ICRAR/further/pyneb_sii_6716_6731_density_lookup_te8000_13000_step1000_ne20_100000_n4096.npz
DEBUG Creating converter from 3 to 5
PyNeb Te-method valid-pixel counts:
  NE_SII finite pixels: 135589
  NE_SII fixed at 20 cm^-3: 57955/135589 (42.7%)
  NE_SII exact high-density fallback pixels: 0
  NE_SII_ALL finite pixels: 177207
  Te(NII) HII pixels: 353
  Te(NII) SF pixels: 365
  Brazzini+2024 direct HII pixels: 0
  Brazzini+2024 direct SF pixels: 0
  NII+OII7325 semi-direct HII pixels: 305
  NII+OII7325 semi-direct SF pixels: 305
  Kreckel+2025 NII-only HII pixels: 44
  Kreckel+2025 NII-only SF pixels: 44
Integrated PyNeb Te-method values:
  SF:
    NE_SII: 29.48 +/- 0.11 cm^-3 (n_pix=108255, fixed20=0, exact_high_density=0)
    Te(NII): 7837.1 +/- 30.2 K (n_pix=385)
    O_H_BR24_DIRECT: nan dex (n_pix=0)
    O_H_NII_OII7325: 8.8387 +/- 0.0332 dex (n_pix=305)
    O_H_NII_K25: nan dex (n_pix=385)
  HII:
    NE_SII: 30.35 +/- 0.11 cm^-3 (n_pix=97874, fixed20=0, exact_high_density=0)
    Te(NII): 7742.6 +/- 32.0 K (n_pix=371)
    O_H_BR24_DIRECT: nan dex (n_pix=0)
    O_H_NII_OII7325: 8.8387 +/- 0.0332 dex (n_pix=305)
    O_H_NII_K25: nan dex (n_pix=371)
WARNING: VerifyWarning: Card is too long, comment will be truncated. [astropy.io.fits.card]
WARNING VerifyWarning: Card is too long, comment will be truncated.
Further file written ➜ /arc/projects/mauve/products/v3tk_v7.6.8/NGC4189/NGC4189_gas_bin_maps_further.fits
--------------------------------------------------------------
Total non-nan spaxels: 177207
Number of pixels with Halpha not detected: 22129
Number of pixels with Halpha detected, Hbeta not detected: 23059
Number of pixels with Halpha detected, Hbeta detected, NII not detected, OIII not detected and unclassified1: 0
Number of pixels with Halpha detected, Hbeta detected, NII not detected, OIII detected and unclassified1: 0
Number of pixels with Halpha detected, Hbeta detected, NII detected, OIII not detected and unclassified1: 642
Number of pixels with Halpha detected, Hbeta detected, NII detected, OIII detected and unclassified1: 5291
Number of pixels with Halpha detected, Hbeta detected, SII not detected, OIII not detected and unclassified1: 0
Number of pixels with Halpha detected, Hbeta detected, SII not detected, OIII detected and unclassified1: 61
Number of pixels with Halpha detected, Hbeta detected, SII detected, OIII not detected and unclassified1: 642
Number of pixels with Halpha detected, Hbeta detected, SII detected, OIII detected and unclassified1: 5230
--------------------------------------------------------------
Total Halpha luminosity map sum (detections + upper-limit substitutions): 9.32e+40 erg/s
Total corrected Halpha luminosity from SF region: 9.00e+40 erg/s
Total Halpha SFR map sum (detections + upper-limit substitutions): 0.46 M☉/yr or in log10 scale: -0.33 log(M☉/yr)
Total Halpha SFR from SF region: 0.45 M☉/yr or in log10 scale: -0.35 log(M☉/yr)
Total Halpha SFR from HII region: 0.44 M☉/yr or in log10 scale: -0.36 log(M☉/yr)
--------------------------------------------------------------
[O/H] D16 SF: Total metallicity in SF region:  8.646577832625434
[O/H] PG16 SF: Total metallicity in SF region:  8.500017861312635
[O/H] N2S2-N06 SF: Total metallicity in SF region:  8.968976257499692
[O/H] O3N2-M13 SF: Total metallicity in SF region:  8.540011984859023
[O/H] N2-M13 SF: Total metallicity in SF region:  8.520291914763824
[O/H] O3N2-PP04 SF: Total metallicity in SF region:  8.740485211004147
[O/H] N2-PP04 SF: Total metallicity in SF region:  8.648380454438312
[O/H] O3N2-C20 SF: Total metallicity in SF region:  8.753904364929324
[O/H] O3S2-C20 SF: Total metallicity in SF region:  8.835194516863943
[O/H] RS32-C20 SF: Total metallicity in SF region:  8.744663503945528
[O/H] R3-C20 SF: Total metallicity in SF region:  8.752931600654208
[O/H] N2-C20 SF: Total metallicity in SF region:  8.694628625907404
[O/H] S2-C20 SF: Total metallicity in SF region:  8.55781223283606
[O/H] Combined-C20 SF: Total metallicity in SF region:  8.695313910815146 (weighted 6 methods; dominant S2)
--------------------------------------------------------------
[O/H] D16 HII: Total metallicity in HII region:  8.644006465712414
[O/H] PG16 HII: Total metallicity in HII region:  8.497045463420012
[O/H] N2S2-N06 HII: Total metallicity in HII region:  8.96836067048581
[O/H] O3N2-M13 HII: Total metallicity in HII region:  8.540663936355411
[O/H] N2-M13 HII: Total metallicity in HII region:  8.516994213702985
[O/H] O3N2-PP04 HII: Total metallicity in HII region:  8.74146009174641
[O/H] N2-PP04 HII: Total metallicity in HII region:  8.641009637989042
[O/H] O3N2-C20 HII: Total metallicity in HII region:  8.754506888601863
[O/H] O3S2-C20 HII: Total metallicity in HII region:  8.835936645158455
[O/H] RS32-C20 HII: Total metallicity in HII region:  8.747647308480312
[O/H] R3-C20 HII: Total metallicity in HII region:  8.755463483673502
[O/H] N2-C20 HII: Total metallicity in HII region:  8.689874439276071
[O/H] S2-C20 HII: Total metallicity in HII region:  8.550770156825658
[O/H] Combined-C20 HII: Total metallicity in HII region:  8.693923428548688 (weighted 6 methods; dominant S2)
--------------------------------------------------------------
[O/H] D16: Total metallicity in total region:  8.646199385507341
[O/H] PG16: Total metallicity in total region:  8.505425156792137
[O/H] N2S2-N06: Total metallicity in total region:  8.964404890834064
[O/H] O3N2-M13: Total metallicity in total region:  8.535641391924305
[O/H] N2-M13: Total metallicity in total region:  8.52846470784167
[O/H] O3N2-PP04: Total metallicity in total region:  8.73394974493354
[O/H] N2-PP04: Total metallicity in total region:  8.666999405138629
[O/H] O3N2-C20: Total metallicity in total region:  8.749856686373933
[O/H] O3S2-C20: Total metallicity in total region:  8.832127998577704
[O/H] RS32-C20: Total metallicity in total region:  8.733623773057555
[O/H] R3-C20: Total metallicity in total region:  8.743347581372483
[O/H] N2-C20: Total metallicity in total region:  8.70677586489827
[O/H] S2-C20: Total metallicity in total region:  8.58650364371782
[O/H] Combined-C20: Total metallicity in total region:  8.700345176268216 (weighted 6 methods; dominant S2)
--------------------------------------------------------------
Total runtime: 4226.2 s
✅  NGC4189 finished in 76m31s
