Python executable: /arc/home/RongjunHuang/.conda/envs/ICRAR/bin/python
Python 3.13.3
PYTHONUNBUFFERED: 1
Product root     : /arc/projects/mauve/products
Product subdir   : v3tk_v7.6.8
Local fallback   : /arc/home/RongjunHuang/ICRAR/further

Shared input keyword ➜ <none>
Reading gas-line FITS ➜ /arc/projects/mauve/products/v3tk_v7.6.8/NGC4567_8/NGC4567_8_gas_bin_maps.fits
Matched binning FITS ➜ /arc/projects/mauve/products/v3tk_v7.6.8/NGC4567_8/NGC4567_8_spatial_binning_maps_further.fits
Spatial mask FITS ➜ /arc/projects/mauve/products/v3tk_v7.6.8/NGC4567_8/NGC4567_8_mask.fits
Gas-line maps collapsed onto spatial BINID: 31846 bins
Available gas-line flux/error pairs:
  - HB4861
  - OIII4958
  - OIII5006
  - NII5754
  - OI6300
  - SIII6312
  - OI6363
  - NII6548
  - HA6562
  - NII6583
  - SII6716
  - SII6730
  - OII7318
  - OII7319
  - OII7329
  - OII7330
Te-method optional emission-line availability:
  - OIII4958: available
  - NII5754: available
  - SIII6312: available
  - NII6548: available
  - OII7318: available
  - OII7319: available
  - OII7329: available
  - OII7330: available
  - SIII9068: missing
Spatial mask applied: MASKFILE[MASK] table; row-major MASK == 0; keep=510118, masked=518171, finite H-alpha after mask=510118
/arc/home/RongjunHuang/ICRAR/further/SFR+Z.py:1198: RuntimeWarning: divide by zero encountered in divide
  BD = HA6562_FLUX / HB4861_FLUX
--------------------------------------------------------------
Extinction law for k(λ)=A(λ)/E(B−V): calzetti
k(Hβ 4861Å)  = 4.5981   at λ=0.4861 µm
k(Hα 6562Å)  = 3.3264   at λ=0.6562 µm
k([OIII]5006)= 4.4647   at λ=0.5006 µm
k([NII]6583) = 3.3130   at λ=0.6583 µm
k([SII]6716) = 3.2298   at λ=0.6716 µm
k([SII]6730) = 3.2212   at λ=0.6730 µm
k(OIII4958) = 4.5083   at λ=0.4958 µm
k(NII5754) = 3.8531   at λ=0.5755 µm
k(OI6300) = 3.5017   at λ=0.6300 µm
k(SIII6312) = 3.4934   at λ=0.6312 µm
k(OI6363) = 3.4582   at λ=0.6363 µm
k(NII6548) = 3.3355   at λ=0.6548 µm
k(OII7318) = 2.8906   at λ=0.7319 µm
k(OII7319) = 2.8901   at λ=0.7320 µm
k(OII7329) = 2.8854   at λ=0.7329 µm
k(OII7330) = 2.8844   at λ=0.7331 µm
k(SIII9068) = 2.1615   at λ=0.9069 µm (line missing; NaN placeholder)
--------------------------------------------------------------
/arc/home/RongjunHuang/ICRAR/further/SFR+Z.py:2078: RuntimeWarning: divide by zero encountered in divide
  y = np.log10(NII6583_FLUX_corr / (SII6716_FLUX_corr + SII6730_FLUX_corr)) + 0.264*np.log10(NII6583_FLUX_corr / HA6562_FLUX_corr)
/arc/home/RongjunHuang/ICRAR/further/SFR+Z.py:2078: RuntimeWarning: divide by zero encountered in log10
  y = np.log10(NII6583_FLUX_corr / (SII6716_FLUX_corr + SII6730_FLUX_corr)) + 0.264*np.log10(NII6583_FLUX_corr / HA6562_FLUX_corr)
/arc/home/RongjunHuang/ICRAR/further/SFR+Z.py:2089: RuntimeWarning: divide by zero encountered in divide
  N2 = NII_scaled / HB4861_FLUX_corr   # N2 = I([N II]λ6548 + λ6584)/I(Hβ)
/arc/home/RongjunHuang/ICRAR/further/SFR+Z.py:2090: RuntimeWarning: divide by zero encountered in divide
  S2 = (SII6716_FLUX_corr + SII6730_FLUX_corr) / HB4861_FLUX_corr  # S2 = I([S II]λ6717 + λ6731)/I(Hβ)
/arc/home/RongjunHuang/ICRAR/further/SFR+Z.py:2091: RuntimeWarning: divide by zero encountered in divide
  R3 = OIII_scaled / HB4861_FLUX_corr  # R3 = I([O III]λ4959 + λ5007)/I(Hβ) (same value as R2 in this case)
/arc/home/RongjunHuang/ICRAR/further/SFR+Z.py:2091: RuntimeWarning: invalid value encountered in divide
  R3 = OIII_scaled / HB4861_FLUX_corr  # R3 = I([O III]λ4959 + λ5007)/I(Hβ) (same value as R2 in this case)
/arc/home/RongjunHuang/ICRAR/further/SFR+Z.py:2093: RuntimeWarning: divide by zero encountered in divide
  log_R3_S2 = np.log10(R3/S2)
/arc/home/RongjunHuang/ICRAR/further/SFR+Z.py:2093: RuntimeWarning: invalid value encountered in divide
  log_R3_S2 = np.log10(R3/S2)
/arc/home/RongjunHuang/ICRAR/further/SFR+Z.py:2093: RuntimeWarning: divide by zero encountered in log10
  log_R3_S2 = np.log10(R3/S2)
/arc/home/RongjunHuang/ICRAR/further/SFR+Z.py:2094: RuntimeWarning: divide by zero encountered in log10
  log_N2 = np.log10(N2)
/arc/home/RongjunHuang/ICRAR/further/SFR+Z.py:2095: RuntimeWarning: divide by zero encountered in log10
  log_S2 = np.log10(S2)
/arc/home/RongjunHuang/ICRAR/further/SFR+Z.py:2118: RuntimeWarning: invalid value encountered in add
  O_H_PG16[upper_mask] = (a1_upper + a2_upper * log_R3_S2[upper_mask] + a3_upper * log_N2[upper_mask] +
/arc/home/RongjunHuang/ICRAR/further/SFR+Z.py:2122: RuntimeWarning: invalid value encountered in add
  (a4_lower + a5_lower * log_R3_S2[lower_mask] + a6_lower * log_N2[lower_mask]) * log_S2[lower_mask])
/arc/home/RongjunHuang/ICRAR/further/SFR+Z.py:2143: RuntimeWarning: divide by zero encountered in divide
  n2s2_ratio = np.log10(nii6583_flux / sii_total)
/arc/home/RongjunHuang/ICRAR/further/SFR+Z.py:2143: RuntimeWarning: divide by zero encountered in log10
  n2s2_ratio = np.log10(nii6583_flux / sii_total)
/arc/home/RongjunHuang/ICRAR/further/SFR+Z.py:2188: RuntimeWarning: divide by zero encountered in divide
  oiii_hb = oiii5006_flux / hb4861_flux
/arc/home/RongjunHuang/ICRAR/further/SFR+Z.py:2188: RuntimeWarning: invalid value encountered in divide
  oiii_hb = oiii5006_flux / hb4861_flux
/arc/home/RongjunHuang/ICRAR/further/SFR+Z.py:2190: RuntimeWarning: invalid value encountered in divide
  o3n2_ratio = np.log10(oiii_hb / nii_ha)
/arc/home/RongjunHuang/ICRAR/further/SFR+Z.py:2190: RuntimeWarning: divide by zero encountered in log10
  o3n2_ratio = np.log10(oiii_hb / nii_ha)
/arc/home/RongjunHuang/ICRAR/further/SFR+Z.py:2212: RuntimeWarning: divide by zero encountered in log10
  n2_ratio = np.log10(nii6583_flux / ha6562_flux)
/arc/home/RongjunHuang/ICRAR/further/SFR+Z.py:2235: RuntimeWarning: divide by zero encountered in divide
  oiii_hb = oiii5006_flux / hb4861_flux
/arc/home/RongjunHuang/ICRAR/further/SFR+Z.py:2235: RuntimeWarning: invalid value encountered in divide
  oiii_hb = oiii5006_flux / hb4861_flux
/arc/home/RongjunHuang/ICRAR/further/SFR+Z.py:2237: RuntimeWarning: invalid value encountered in divide
  o3n2_ratio = np.log10(oiii_hb / nii_ha)
/arc/home/RongjunHuang/ICRAR/further/SFR+Z.py:2237: RuntimeWarning: divide by zero encountered in log10
  o3n2_ratio = np.log10(oiii_hb / nii_ha)
/arc/home/RongjunHuang/ICRAR/further/SFR+Z.py:2259: RuntimeWarning: divide by zero encountered in log10
  n2_ratio = np.log10(nii6583_flux / ha6562_flux)
/arc/home/RongjunHuang/ICRAR/further/SFR+Z.py:2294: RuntimeWarning: divide by zero encountered in divide
  oiii_hb = oiii5006_flux / hb4861_flux
/arc/home/RongjunHuang/ICRAR/further/SFR+Z.py:2294: RuntimeWarning: invalid value encountered in divide
  oiii_hb = oiii5006_flux / hb4861_flux
/arc/home/RongjunHuang/ICRAR/further/SFR+Z.py:2296: RuntimeWarning: invalid value encountered in divide
  o3n2_ratio = np.log10(oiii_hb / nii_ha)
/arc/home/RongjunHuang/ICRAR/further/SFR+Z.py:2296: RuntimeWarning: divide by zero encountered in log10
  o3n2_ratio = np.log10(oiii_hb / nii_ha)
/arc/home/RongjunHuang/ICRAR/further/SFR+Z.py:2396: RuntimeWarning: divide by zero encountered in divide
  oiii_hb = oiii5006_flux / hb4861_flux
/arc/home/RongjunHuang/ICRAR/further/SFR+Z.py:2396: RuntimeWarning: invalid value encountered in divide
  oiii_hb = oiii5006_flux / hb4861_flux
/arc/home/RongjunHuang/ICRAR/further/SFR+Z.py:2399: RuntimeWarning: divide by zero encountered in divide
  sii_hb = sii_total / hb4861_flux
/arc/home/RongjunHuang/ICRAR/further/SFR+Z.py:2402: RuntimeWarning: divide by zero encountered in divide
  o3s2_ratio = np.log10(oiii_hb / sii_hb)
/arc/home/RongjunHuang/ICRAR/further/SFR+Z.py:2402: RuntimeWarning: invalid value encountered in divide
  o3s2_ratio = np.log10(oiii_hb / sii_hb)
/arc/home/RongjunHuang/ICRAR/further/SFR+Z.py:2402: RuntimeWarning: divide by zero encountered in log10
  o3s2_ratio = np.log10(oiii_hb / sii_hb)
Calculating all 6 C20 metallicities for NGC4567_8...
Combined C20 metallicity: median = 8.747, range = (8.231, 8.904)
Combined C20 dominant-weight method usage: O3N2=85719, O3S2=0, RS32=20069, R3=237645, N2=118, S2=153685
Warning: Galaxy NGC4567_8 not found in MAUVE_Inclination.dat
No inclination data found for NGC4567_8, using ba_factor = 1.0
/arc/home/RongjunHuang/ICRAR/further/SFR+Z.py:3110: RuntimeWarning: divide by zero encountered in log10
  logN2  = np.log10(NII6583_FLUX_corr / HA6562_FLUX_corr)        # [N II]/Hα
/arc/home/RongjunHuang/ICRAR/further/SFR+Z.py:3111: RuntimeWarning: divide by zero encountered in log10
  logS2  = np.log10((SII6716_FLUX_corr+SII6730_FLUX_corr) / HA6562_FLUX_corr)   # Σ[S II]/Hα
/arc/home/RongjunHuang/ICRAR/further/SFR+Z.py:3112: RuntimeWarning: divide by zero encountered in divide
  logO3  = np.log10(OIII5006_FLUX_corr / HB4861_FLUX_corr)       # [O III]/Hβ
/arc/home/RongjunHuang/ICRAR/further/SFR+Z.py:3112: RuntimeWarning: invalid value encountered in divide
  logO3  = np.log10(OIII5006_FLUX_corr / HB4861_FLUX_corr)       # [O III]/Hβ
/arc/home/RongjunHuang/ICRAR/further/SFR+Z.py:3112: RuntimeWarning: divide by zero encountered in log10
  logO3  = np.log10(OIII5006_FLUX_corr / HB4861_FLUX_corr)       # [O III]/Hβ
/arc/home/RongjunHuang/ICRAR/further/SFR+Z.py:3198: RuntimeWarning: invalid value encountered in add
  mask_N2_right, mask_S2_right = apply_bpt_masks(logN2=logN2+logN2_err, logS2=logS2+logS2_err, logO3=logO3)
/arc/home/RongjunHuang/ICRAR/further/SFR+Z.py:3200: RuntimeWarning: invalid value encountered in add
  mask_N2_up, mask_S2_up = apply_bpt_masks(logN2=logN2, logS2=logS2, logO3=logO3+logO3_err)
--------------------------------------------------------------
HII-region model-grid inference
pyqz/NebulaBayes six-line corrected-input aperture: 291172 pixels in 28003 unique spatial bins; no extra S/N cut
JY22 six-line raw-input aperture: 291172 pixels in 28003 unique spatial bins; no extra S/N cut
Python interpreter: /arc/home/RongjunHuang/.conda/envs/ICRAR/bin/python
pyqz/NebulaBayes compatibility layer: model_grid_compat.py
pyqz 0.8.4.0: diagnostic=[NII]/[SII]+;[OIII]/[SII]+; Pk=5.0; struct=pp; kappa=inf; sampling=2; srs=800; KDE=multiv; seed=20260823; nproc=1
pyqz runtime overlay: /tmp/pyqz084-runtime-cu17xhfm/pyqz/__init__.py
pyqz grid identity: MAPPINGS V HII Region Grid: QZ pp_GCZO_Pk50_kinf
pyqz bins: 1/28003 spectra complete (BINID 0, 0.8 s)
pyqz bins: 2800/28003 spectra complete (BINID 2907, 2526.7 s)
pyqz bins: 5600/28003 spectra complete (BINID 5789, 4230.4 s)
pyqz bins: 8400/28003 spectra complete (BINID 8606, 5104.8 s)
pyqz bins: 11200/28003 spectra complete (BINID 11524, 5690.1 s)
pyqz bins: 14000/28003 spectra complete (BINID 15099, 6278.9 s)
pyqz bins: 16800/28003 spectra complete (BINID 18614, 6899.6 s)
pyqz bins: 19600/28003 spectra complete (BINID 21595, 7488.2 s)
pyqz bins: 22400/28003 spectra complete (BINID 24700, 8102.3 s)
pyqz bins: 25200/28003 spectra complete (BINID 28104, 8701.0 s)
pyqz bins: 28000/28003 spectra complete (BINID 31814, 9383.9 s)
pyqz bins: 28003/28003 spectra complete (BINID 31829, 9385.0 s)
pyqz bins: no per-spectrum exceptions
Initialising NebulaBayes (v0.9.9) model...
INFO Initialising NebulaBayes (v0.9.9) model...
Loading input grid data...
INFO Loading input grid data...
Building flux arrays for the model grids...
INFO Building flux arrays for the model grids...
Resampling model emission line flux grids to shape (40, 20, 160) using linear interpolation...
INFO Resampling model emission line flux grids to shape (40, 20, 160) using linear interpolation...
    Interpolating for Hbeta...
INFO     Interpolating for Hbeta...
    Interpolating for OIII5007...
INFO     Interpolating for OIII5007...
    Interpolating for Halpha...
INFO     Interpolating for Halpha...
    Interpolating for NII6583...
INFO     Interpolating for NII6583...
    Interpolating for SII6716...
INFO     Interpolating for SII6716...
    Interpolating for SII6731...
INFO     Interpolating for SII6731...
Interpolated flux grid size is 1.02MB for 1 line and 6.14MB total for all 6 lines
DEBUG Interpolated flux grid size is 1.02MB for 1 line and 6.14MB total for all 6 lines
NebulaBayes 0.9.9: grid=/arc/home/RongjunHuang/.conda/envs/ICRAR/lib/python3.13/site-packages/NebulaBayes/grids/NB_HII_grid.fits.gz; parameters=['log U', 'log P/k', '12 + log O/H']; shape=(40, 20, 160); order=1; grid_error=0.1; norm=Hbeta; deredden=False; prior=Uniform
NebulaBayes bins: 1/28003 spectra complete (BINID 0, 0.0 s)
NebulaBayes bins: 2800/28003 spectra complete (BINID 2907, 45.4 s)
NebulaBayes bins: 5600/28003 spectra complete (BINID 5789, 90.7 s)
NebulaBayes bins: 8400/28003 spectra complete (BINID 8606, 136.0 s)
NebulaBayes bins: 11200/28003 spectra complete (BINID 11524, 181.2 s)
NebulaBayes bins: 14000/28003 spectra complete (BINID 15099, 226.6 s)
NebulaBayes bins: 16800/28003 spectra complete (BINID 18614, 272.1 s)
NebulaBayes bins: 19600/28003 spectra complete (BINID 21595, 317.4 s)
NebulaBayes bins: 22400/28003 spectra complete (BINID 24700, 362.7 s)
NebulaBayes bins: 25200/28003 spectra complete (BINID 28104, 408.1 s)
NebulaBayes bins: 28000/28003 spectra complete (BINID 31814, 453.2 s)
NebulaBayes bins: 28003/28003 spectra complete (BINID 31829, 453.3 s)
NebulaBayes bins: no per-spectrum exceptions
JY22/Peng2026: raw close-pair ratios=N2,S2,R3; posterior means with marginal equal-tailed p16/p84; full raw-ratio covariance; post-depletion O/H=pre-depletion-0.22; nominal fit_ok chi2<=9; error inflation=1.0
JY22 grid: /arc/home/RongjunHuang/ICRAR/further/Peng2026/photoionization_models/photoionization_grid_interpolated.fits; sha256=d7a219b60c9a1ea8b29339988c84b1832028b28b3c417d1c3c58b420831eb38a; requested logU=(-4.0, -0.5); retained logU=(-4.0, -0.5384615384615388); solar O/H=8.69
JY22 bins: 1/28003 spectra complete (BINID 0, 0.0 s)
JY22 bins: 2800/28003 spectra complete (BINID 2907, 0.6 s)
JY22 bins: 5600/28003 spectra complete (BINID 5789, 1.3 s)
JY22 bins: 8400/28003 spectra complete (BINID 8606, 1.9 s)
JY22 bins: 11200/28003 spectra complete (BINID 11524, 2.6 s)
JY22 bins: 14000/28003 spectra complete (BINID 15099, 3.2 s)
JY22 bins: 16800/28003 spectra complete (BINID 18614, 3.9 s)
JY22 bins: 19600/28003 spectra complete (BINID 21595, 4.5 s)
JY22 bins: 22400/28003 spectra complete (BINID 24700, 5.2 s)
JY22 bins: 25200/28003 spectra complete (BINID 28104, 5.8 s)
JY22 bins: 28000/28003 spectra complete (BINID 31814, 6.5 s)
JY22 bins: 28003/28003 spectra complete (BINID 31829, 6.5 s)
JY22 bins: no per-spectrum exceptions
/tmp/pyqz084-runtime-cu17xhfm/pyqz/pyqz.py:849: RuntimeWarning: invalid value encountered in divide
  gridZ/= peak_val
pyqz integrated HII: no per-spectrum exceptions
/tmp/pyqz084-runtime-cu17xhfm/pyqz/pyqz.py:849: RuntimeWarning: invalid value encountered in divide
  gridZ/= peak_val
pyqz integrated SF: no per-spectrum exceptions
NebulaBayes integrated: no per-spectrum exceptions
JY22 integrated: no per-spectrum exceptions
Integrated HII/SF model-grid results (common six-line raw aperture)
  HII: 233598 pixels, 23542 bins; integrated E(B-V)=0.48837+/-0.00004
    pyqz: O/H=nan+/-nan; LogQ=nan+/-nan; logU=nan+/-nan; flag=1234; off-grid=0.00%; valid=0 (uncertainties: 0.61 KDE contour)
    NebulaBayes means: O/H=8.86896 [8.82436, 8.90901]; logU=-2.97273 [-3.07692, -2.87179]; log(P/k)=4.89735 [-inf, 5.58947]; sampled modes=(8.85258, -2.97436, 4.20000); reliable=(1, 1, 0); chi2_red=3.384e+05; nlocalmax=3; flag=12; valid=1
    JY22 gas O/H=8.87764 [8.87764, 8.87764]; pre-depletion O/H=9.09764 [9.09764, 9.09764]; logU=-0.92308 [-0.92308, -0.92308]; chi2_min=5.379e+06; residuals(N2,S2,R3)=(-0.0213, 0.0073, -0.1277); residual norm=0.1297; fit_ok=0; flag=32; valid=1 (posterior means; marginal equal-tailed p16/p84)
  SF: 291172 pixels, 28003 bins; integrated E(B-V)=0.48459+/-0.00004
    pyqz: O/H=nan+/-nan; LogQ=nan+/-nan; logU=nan+/-nan; flag=1234; off-grid=0.00%; valid=0 (uncertainties: 0.61 KDE contour)
    NebulaBayes means: O/H=8.83304 [8.78204, 8.88079]; logU=-3.00211 [-3.07692, -2.92308]; log(P/k)=4.92669 [-inf, 5.58947]; sampled modes=(8.82436, -3.02564, 4.20000); reliable=(1, 1, 0); chi2_red=2.154e+05; nlocalmax=2; flag=12; valid=1
    JY22 gas O/H=8.87764 [8.87764, 8.87764]; pre-depletion O/H=9.09764 [9.09764, 9.09764]; logU=-1.05128 [-1.05128, -1.05128]; chi2_min=1.785e+06; residuals(N2,S2,R3)=(-0.0157, -0.0067, -0.0257); residual norm=0.0308; fit_ok=0; flag=32; valid=1 (posterior means; marginal equal-tailed p16/p84)
Model covariance note: JY22 uses the full first-order N2/S2/R3 covariance from raw close-pair ratios and shared denominators; pyqz/NebulaBayes independent-error APIs do not represent the analogous shared covariance.
--------------------------------------------------------------
Loaded SII density lookup table: /arc/home/RongjunHuang/ICRAR/further/pyneb_sii_6716_6731_density_lookup_te8000_13000_step1000_ne20_100000_n4096.npz
DEBUG Creating converter from 3 to 5
PyNeb Te-method valid-pixel counts:
  NE_SII finite pixels: 333112
  NE_SII fixed at 20 cm^-3: 161733/333112 (48.6%)
  NE_SII exact high-density fallback pixels: 0
  NE_SII_ALL finite pixels: 510118
  Te(NII) HII pixels: 3615
  Te(NII) SF pixels: 3959
  Brazzini+2024 direct HII pixels: 0
  Brazzini+2024 direct SF pixels: 0
  NII+OII7325 semi-direct HII pixels: 147
  NII+OII7325 semi-direct SF pixels: 214
  Kreckel+2025 NII-only HII pixels: 554
  Kreckel+2025 NII-only SF pixels: 618
Integrated PyNeb Te-method values:
  SF:
    NE_SII: 21.86 +/- 0.11 cm^-3 (n_pix=285906, fixed20=0, exact_high_density=0)
    Te(NII): 15727.0 +/- 44.4 K (n_pix=4584)
    O_H_BR24_DIRECT: nan dex (n_pix=0)
    O_H_NII_OII7325: 8.1074 +/- 0.0264 dex (n_pix=224)
    O_H_NII_K25: nan dex (n_pix=4584)
  HII:
    NE_SII: 23.19 +/- 0.11 cm^-3 (n_pix=231014, fixed20=0, exact_high_density=0)
    Te(NII): 15590.9 +/- 40.6 K (n_pix=4130)
    O_H_BR24_DIRECT: nan dex (n_pix=0)
    O_H_NII_OII7325: 8.0229 +/- 0.0364 dex (n_pix=157)
    O_H_NII_K25: nan dex (n_pix=4130)
Further file written ➜ /arc/projects/mauve/products/v3tk_v7.6.8/NGC4567_8/NGC4567_8_gas_bin_maps_further.fits
--------------------------------------------------------------
Total non-nan spaxels: 510118
Number of pixels with Halpha not detected: 76647
Number of pixels with Halpha detected, Hbeta not detected: 108663
Number of pixels with Halpha detected, Hbeta detected, NII not detected, OIII not detected and unclassified1: 0
Number of pixels with Halpha detected, Hbeta detected, NII not detected, OIII detected and unclassified1: 0
Number of pixels with Halpha detected, Hbeta detected, NII detected, OIII not detected and unclassified1: 2160
Number of pixels with Halpha detected, Hbeta detected, NII detected, OIII detected and unclassified1: 7122
Number of pixels with Halpha detected, Hbeta detected, SII not detected, OIII not detected and unclassified1: 192
Number of pixels with Halpha detected, Hbeta detected, SII not detected, OIII detected and unclassified1: 120
Number of pixels with Halpha detected, Hbeta detected, SII detected, OIII not detected and unclassified1: 1968
Number of pixels with Halpha detected, Hbeta detected, SII detected, OIII detected and unclassified1: 7002
--------------------------------------------------------------
Total Halpha luminosity map sum (detections + upper-limit substitutions): 6.25e+41 erg/s
Total corrected Halpha luminosity from SF region: 6.14e+41 erg/s
Total Halpha SFR map sum (detections + upper-limit substitutions): 3.11 M☉/yr or in log10 scale: 0.49 log(M☉/yr)
Total Halpha SFR from SF region: 3.06 M☉/yr or in log10 scale: 0.49 log(M☉/yr)
Total Halpha SFR from HII region: 2.91 M☉/yr or in log10 scale: 0.46 log(M☉/yr)
--------------------------------------------------------------
[O/H] D16 SF: Total metallicity in SF region:  8.783517072203969
[O/H] PG16 SF: Total metallicity in SF region:  8.548322957520886
[O/H] N2S2-N06 SF: Total metallicity in SF region:  9.083733327154285
[O/H] O3N2-M13 SF: Total metallicity in SF region:  8.577764131874991
[O/H] N2-M13 SF: Total metallicity in SF region:  8.517961050004892
[O/H] O3N2-PP04 SF: Total metallicity in SF region:  8.796937019626156
[O/H] N2-PP04 SF: Total metallicity in SF region:  8.643162274321458
[O/H] O3N2-C20 SF: Total metallicity in SF region:  8.78827375692411
[O/H] O3S2-C20 SF: Total metallicity in SF region:  8.84301017435568
[O/H] RS32-C20 SF: Total metallicity in SF region:  8.800653110606119
[O/H] R3-C20 SF: Total metallicity in SF region:  8.796354910428322
[O/H] N2-C20 SF: Total metallicity in SF region:  8.691260259511479
[O/H] S2-C20 SF: Total metallicity in SF region:  8.825504306192444
[O/H] Combined-C20 SF: Total metallicity in SF region:  8.797538245433882 (weighted 6 methods; dominant S2)
--------------------------------------------------------------
[O/H] D16 HII: Total metallicity in HII region:  8.779712931781683
[O/H] PG16 HII: Total metallicity in HII region:  8.54332644948914
[O/H] N2S2-N06 HII: Total metallicity in HII region:  9.08506840147723
[O/H] O3N2-M13 HII: Total metallicity in HII region:  8.583177128883744
[O/H] N2-M13 HII: Total metallicity in HII region:  8.508440531371653
[O/H] O3N2-PP04 HII: Total metallicity in HII region:  8.80503122076074
[O/H] N2-PP04 HII: Total metallicity in HII region:  8.62226463132837
[O/H] O3N2-C20 HII: Total metallicity in HII region:  8.793117793751314
[O/H] O3S2-C20 HII: Total metallicity in HII region:  8.847659627269008
[O/H] RS32-C20 HII: Total metallicity in HII region:  8.811665610851225
[O/H] R3-C20 HII: Total metallicity in HII region:  8.806816740356403
[O/H] N2-C20 HII: Total metallicity in HII region:  8.677879293630852
[O/H] S2-C20 HII: Total metallicity in HII region:  8.833959277992278
[O/H] Combined-C20 HII: Total metallicity in HII region:  8.803732369356151 (weighted 6 methods; dominant S2)
--------------------------------------------------------------
[O/H] D16: Total metallicity in total region:  8.783880313822772
[O/H] PG16: Total metallicity in total region:  8.552951943608639
[O/H] N2S2-N06: Total metallicity in total region:  9.079613033999207
[O/H] O3N2-M13: Total metallicity in total region:  8.57028447705444
[O/H] N2-M13: Total metallicity in total region:  8.5278087355576
[O/H] O3N2-PP04: Total metallicity in total region:  8.785752489053369
[O/H] N2-PP04: Total metallicity in total region:  8.665486325613987
[O/H] O3N2-C20: Total metallicity in total region:  8.781546478445422
[O/H] O3S2-C20: Total metallicity in total region:  8.837127907203747
[O/H] RS32-C20: Total metallicity in total region:  8.786925806067435
[O/H] R3-C20: Total metallicity in total region:  8.783256036940864
[O/H] N2-C20: Total metallicity in total region:  8.705779891919393
[O/H] S2-C20: Total metallicity in total region:  8.814635664969469
[O/H] Combined-C20: Total metallicity in total region:  8.789381273936788 (weighted 6 methods; dominant S2)
--------------------------------------------------------------
Total runtime: 10756.3 s
✅  NGC4567_8 finished in 179m21s
