Python executable: /arc/home/RongjunHuang/.conda/envs/ICRAR/bin/python
Python 3.13.3
PYTHONUNBUFFERED: 1
Product root     : /arc/projects/mauve/products
Product subdir   : v3tk_v7.6.8
Local fallback   : /arc/home/RongjunHuang/ICRAR/further

Shared input keyword ➜ <none>
Reading gas-line FITS ➜ /arc/projects/mauve/products/v3tk_v7.6.8/NGC4064/NGC4064_gas_bin_maps.fits
Matched binning FITS ➜ /arc/projects/mauve/products/v3tk_v7.6.8/NGC4064/NGC4064_spatial_binning_maps_further.fits
Spatial mask FITS ➜ /arc/projects/mauve/products/v3tk_v7.6.8/NGC4064/NGC4064_mask.fits
Gas-line maps collapsed onto spatial BINID: 9107 bins
Available gas-line flux/error pairs:
  - HB4861
  - OIII4958
  - OIII5006
  - NII5754
  - OI6300
  - SIII6312
  - OI6363
  - NII6548
  - HA6562
  - NII6583
  - SII6716
  - SII6730
  - OII7318
  - OII7319
  - OII7329
  - OII7330
Te-method optional emission-line availability:
  - OIII4958: available
  - NII5754: available
  - SIII6312: available
  - NII6548: available
  - OII7318: available
  - OII7319: available
  - OII7329: available
  - OII7330: available
  - SIII9068: missing
Spatial mask applied: MASKFILE[MASK] table; row-major MASK == 0; keep=179882, masked=196508, finite H-alpha after mask=179882
/arc/home/RongjunHuang/ICRAR/further/SFR+Z.py:1211: RuntimeWarning: divide by zero encountered in divide
  BD = HA6562_FLUX / HB4861_FLUX
--------------------------------------------------------------
Extinction law for k(λ)=A(λ)/E(B−V): calzetti
k(Hβ 4861Å)  = 4.5981   at λ=0.4861 µm
k(Hα 6562Å)  = 3.3264   at λ=0.6562 µm
k([OIII]5006)= 4.4647   at λ=0.5006 µm
k([NII]6583) = 3.3130   at λ=0.6583 µm
k([SII]6716) = 3.2298   at λ=0.6716 µm
k([SII]6730) = 3.2212   at λ=0.6730 µm
k(OIII4958) = 4.5083   at λ=0.4958 µm
k(NII5754) = 3.8531   at λ=0.5755 µm
k(OI6300) = 3.5017   at λ=0.6300 µm
k(SIII6312) = 3.4934   at λ=0.6312 µm
k(OI6363) = 3.4582   at λ=0.6363 µm
k(NII6548) = 3.3355   at λ=0.6548 µm
k(OII7318) = 2.8906   at λ=0.7319 µm
k(OII7319) = 2.8901   at λ=0.7320 µm
k(OII7329) = 2.8854   at λ=0.7329 µm
k(OII7330) = 2.8844   at λ=0.7331 µm
k(SIII9068) = 2.1615   at λ=0.9069 µm (line missing; NaN placeholder)
--------------------------------------------------------------
/arc/home/RongjunHuang/ICRAR/further/SFR+Z.py:2102: RuntimeWarning: divide by zero encountered in divide
  N2 = NII_scaled / HB4861_FLUX_corr   # N2 = I([N II]λ6548 + λ6584)/I(Hβ)
/arc/home/RongjunHuang/ICRAR/further/SFR+Z.py:2103: RuntimeWarning: divide by zero encountered in divide
  S2 = (SII6716_FLUX_corr + SII6730_FLUX_corr) / HB4861_FLUX_corr  # S2 = I([S II]λ6717 + λ6731)/I(Hβ)
/arc/home/RongjunHuang/ICRAR/further/SFR+Z.py:2104: RuntimeWarning: divide by zero encountered in divide
  R3 = OIII_scaled / HB4861_FLUX_corr  # R3 = I([O III]λ4959 + λ5007)/I(Hβ) (same value as R2 in this case)
/arc/home/RongjunHuang/ICRAR/further/SFR+Z.py:2106: RuntimeWarning: invalid value encountered in divide
  log_R3_S2 = np.log10(R3/S2)
/arc/home/RongjunHuang/ICRAR/further/SFR+Z.py:2106: RuntimeWarning: divide by zero encountered in log10
  log_R3_S2 = np.log10(R3/S2)
/arc/home/RongjunHuang/ICRAR/further/SFR+Z.py:2131: RuntimeWarning: invalid value encountered in add
  O_H_PG16[upper_mask] = (a1_upper + a2_upper * log_R3_S2[upper_mask] + a3_upper * log_N2[upper_mask] +
/arc/home/RongjunHuang/ICRAR/further/SFR+Z.py:2201: RuntimeWarning: divide by zero encountered in divide
  oiii_hb = oiii5006_flux / hb4861_flux
/arc/home/RongjunHuang/ICRAR/further/SFR+Z.py:2203: RuntimeWarning: divide by zero encountered in log10
  o3n2_ratio = np.log10(oiii_hb / nii_ha)
/arc/home/RongjunHuang/ICRAR/further/SFR+Z.py:2248: RuntimeWarning: divide by zero encountered in divide
  oiii_hb = oiii5006_flux / hb4861_flux
/arc/home/RongjunHuang/ICRAR/further/SFR+Z.py:2250: RuntimeWarning: divide by zero encountered in log10
  o3n2_ratio = np.log10(oiii_hb / nii_ha)
/arc/home/RongjunHuang/ICRAR/further/SFR+Z.py:2307: RuntimeWarning: divide by zero encountered in divide
  oiii_hb = oiii5006_flux / hb4861_flux
/arc/home/RongjunHuang/ICRAR/further/SFR+Z.py:2309: RuntimeWarning: divide by zero encountered in log10
  o3n2_ratio = np.log10(oiii_hb / nii_ha)
/arc/home/RongjunHuang/ICRAR/further/SFR+Z.py:2409: RuntimeWarning: divide by zero encountered in divide
  oiii_hb = oiii5006_flux / hb4861_flux
/arc/home/RongjunHuang/ICRAR/further/SFR+Z.py:2412: RuntimeWarning: divide by zero encountered in divide
  sii_hb = sii_total / hb4861_flux
/arc/home/RongjunHuang/ICRAR/further/SFR+Z.py:2415: RuntimeWarning: invalid value encountered in divide
  o3s2_ratio = np.log10(oiii_hb / sii_hb)
/arc/home/RongjunHuang/ICRAR/further/SFR+Z.py:2415: RuntimeWarning: divide by zero encountered in log10
  o3s2_ratio = np.log10(oiii_hb / sii_hb)
Calculating all 6 C20 metallicities for NGC4064...
Combined C20 metallicity: median = 8.630, range = (7.992, 8.986)
Combined C20 dominant-weight method usage: O3N2=124330, O3S2=0, RS32=2661, R3=41575, N2=0, S2=9090
Galaxy NGC4064 inclination: 70.0° (cos θ = 0.342)
Inclination correction ENABLED: applying b/a = 0.390 (adopting intrinsic thickness q₀ = 0.2 for disc galaxy)
/arc/home/RongjunHuang/ICRAR/further/SFR+Z.py:3125: RuntimeWarning: divide by zero encountered in divide
  logO3  = np.log10(OIII5006_FLUX_corr / HB4861_FLUX_corr)       # [O III]/Hβ
/arc/home/RongjunHuang/ICRAR/further/SFR+Z.py:3125: RuntimeWarning: divide by zero encountered in log10
  logO3  = np.log10(OIII5006_FLUX_corr / HB4861_FLUX_corr)       # [O III]/Hβ
/arc/home/RongjunHuang/ICRAR/further/SFR+Z.py:3213: RuntimeWarning: invalid value encountered in add
  mask_N2_up, mask_S2_up = apply_bpt_masks(logN2=logN2, logS2=logS2, logO3=logO3+logO3_err)
--------------------------------------------------------------
HII-region model-grid inference
pyqz/NebulaBayes six-line corrected-input aperture: 13578 pixels in 3679 unique spatial bins; no extra S/N cut
JY22 six-line raw-input aperture: 13578 pixels in 3679 unique spatial bins; no extra S/N cut
Python interpreter: /arc/home/RongjunHuang/.conda/envs/ICRAR/bin/python
pyqz/NebulaBayes compatibility layer: model_grid_compat.py
pyqz 0.8.4.0: diagnostic=[NII]/[SII]+;[OIII]/[SII]+; Pk=5.0; struct=pp; kappa=inf; sampling=2; srs=800; KDE=multiv; seed=20260823; nproc=1
pyqz runtime overlay: /tmp/pyqz084-runtime-y3wzueqj/pyqz/__init__.py
pyqz grid identity: MAPPINGS V HII Region Grid: QZ pp_GCZO_Pk50_kinf
pyqz bins: 1/3679 spectra complete (BINID 0, 0.6 s)
pyqz bins: 367/3679 spectra complete (BINID 366, 265.8 s)
pyqz bins: 734/3679 spectra complete (BINID 733, 587.3 s)
pyqz bins: 1101/3679 spectra complete (BINID 1100, 938.0 s)
pyqz bins: 1468/3679 spectra complete (BINID 1467, 1267.5 s)
pyqz bins: 1835/3679 spectra complete (BINID 1834, 1601.3 s)
pyqz bins: 2202/3679 spectra complete (BINID 2220, 1973.1 s)
pyqz bins: 2569/3679 spectra complete (BINID 2653, 2432.2 s)
pyqz bins: 2936/3679 spectra complete (BINID 4236, 2894.2 s)
pyqz bins: 3303/3679 spectra complete (BINID 5689, 3306.9 s)
pyqz bins: 3670/3679 spectra complete (BINID 9026, 3836.1 s)
pyqz bins: 3679/3679 spectra complete (BINID 9104, 3852.1 s)
pyqz bins: no per-spectrum exceptions
Initialising NebulaBayes (v0.9.9) model...
INFO Initialising NebulaBayes (v0.9.9) model...
Loading input grid data...
INFO Loading input grid data...
Building flux arrays for the model grids...
INFO Building flux arrays for the model grids...
Resampling model emission line flux grids to shape (40, 20, 160) using linear interpolation...
INFO Resampling model emission line flux grids to shape (40, 20, 160) using linear interpolation...
    Interpolating for Hbeta...
INFO     Interpolating for Hbeta...
    Interpolating for OIII5007...
INFO     Interpolating for OIII5007...
    Interpolating for Halpha...
INFO     Interpolating for Halpha...
    Interpolating for NII6583...
INFO     Interpolating for NII6583...
    Interpolating for SII6716...
INFO     Interpolating for SII6716...
    Interpolating for SII6731...
INFO     Interpolating for SII6731...
Interpolated flux grid size is 1.02MB for 1 line and 6.14MB total for all 6 lines
DEBUG Interpolated flux grid size is 1.02MB for 1 line and 6.14MB total for all 6 lines
NebulaBayes 0.9.9: grid=/arc/home/RongjunHuang/.conda/envs/ICRAR/lib/python3.13/site-packages/NebulaBayes/grids/NB_HII_grid.fits.gz; parameters=['log U', 'log P/k', '12 + log O/H']; shape=(40, 20, 160); order=1; grid_error=0.1; norm=Hbeta; deredden=False; prior=Uniform
NebulaBayes bins: 1/3679 spectra complete (BINID 0, 0.1 s)
NebulaBayes bins: 367/3679 spectra complete (BINID 366, 27.2 s)
NebulaBayes bins: 734/3679 spectra complete (BINID 733, 54.5 s)
NebulaBayes bins: 1101/3679 spectra complete (BINID 1100, 101.3 s)
NebulaBayes bins: 1468/3679 spectra complete (BINID 1467, 128.2 s)
NebulaBayes bins: 1835/3679 spectra complete (BINID 1834, 155.3 s)
NebulaBayes bins: 2202/3679 spectra complete (BINID 2220, 182.0 s)
NebulaBayes bins: 2569/3679 spectra complete (BINID 2653, 208.8 s)
NebulaBayes bins: 2936/3679 spectra complete (BINID 4236, 235.8 s)
NebulaBayes bins: 3303/3679 spectra complete (BINID 5689, 263.4 s)
NebulaBayes bins: 3670/3679 spectra complete (BINID 9026, 288.8 s)
NebulaBayes bins: 3679/3679 spectra complete (BINID 9104, 289.5 s)
NebulaBayes bins: no per-spectrum exceptions
JY22/Peng2026: raw close-pair ratios=N2,S2,R3; posterior means with marginal equal-tailed p16/p84; full raw-ratio covariance; post-depletion O/H=pre-depletion-0.22; nominal fit_ok chi2<=9; error inflation=1.0
JY22 grid: /arc/home/RongjunHuang/ICRAR/further/Peng2026/photoionization_models/photoionization_grid_interpolated.fits; sha256=d7a219b60c9a1ea8b29339988c84b1832028b28b3c417d1c3c58b420831eb38a; inference_shape=(200, 200); requested logU=(-4.0, -0.5); retained logU=(-4.0, -0.5); solar O/H=8.69
JY22 bins: 1/3679 spectra complete (BINID 0, 0.0 s)
JY22 bins: 367/3679 spectra complete (BINID 366, 4.1 s)
JY22 bins: 734/3679 spectra complete (BINID 733, 8.3 s)
JY22 bins: 1101/3679 spectra complete (BINID 1100, 12.6 s)
JY22 bins: 1468/3679 spectra complete (BINID 1467, 16.8 s)
JY22 bins: 1835/3679 spectra complete (BINID 1834, 20.9 s)
JY22 bins: 2202/3679 spectra complete (BINID 2220, 25.1 s)
JY22 bins: 2569/3679 spectra complete (BINID 2653, 29.4 s)
JY22 bins: 2936/3679 spectra complete (BINID 4236, 33.8 s)
JY22 bins: 3303/3679 spectra complete (BINID 5689, 38.1 s)
JY22 bins: 3670/3679 spectra complete (BINID 9026, 42.4 s)
JY22 bins: 3679/3679 spectra complete (BINID 9104, 42.5 s)
JY22 bins: no per-spectrum exceptions
pyqz integrated HII: 1 per-spectrum exception(s)
  BINID(s) 0: UnboundLocalError: cannot access local variable 'path' where it is not associated with a value
/tmp/pyqz084-runtime-y3wzueqj/pyqz/pyqz.py:849: RuntimeWarning: invalid value encountered in divide
  gridZ/= peak_val
pyqz integrated SF: no per-spectrum exceptions
NebulaBayes integrated: no per-spectrum exceptions
JY22 integrated: no per-spectrum exceptions
Integrated HII/SF model-grid results (common six-line raw aperture)
  HII: 7696 pixels, 2990 bins; integrated E(B-V)=0.46212+/-0.00018
    pyqz: O/H=nan+/-nan; LogQ=nan+/-nan; logU=nan+/-nan; flag=-99; off-grid=nan%; valid=0 (uncertainties: 0.61 KDE contour)
    NebulaBayes means: O/H=8.86704 [8.82436, 8.90901]; logU=-3.02156 [-3.12821, -2.92308]; log(P/k)=4.84672 [-inf, 5.58947]; sampled modes=(8.86669, -3.02564, 4.20000); reliable=(1, 1, 0); chi2_red=3.515e+04; nlocalmax=2; flag=12; valid=1
    JY22 gas O/H=8.86140 [8.86140, 8.86140]; pre-depletion O/H=9.08140 [9.08140, 9.08140]; logU=-1.01005 [-1.01005, -1.01005]; chi2_min=9.258e+05; residuals(N2,S2,R3)=(-0.0465, 0.0035, -0.2068); residual norm=0.2120; fit_ok=0; flag=32; valid=1 (posterior means; marginal equal-tailed p16/p84)
  SF: 13578 pixels, 3679 bins; integrated E(B-V)=0.45074+/-0.00018
    pyqz: O/H=nan+/-nan; LogQ=nan+/-nan; logU=nan+/-nan; flag=1234; off-grid=0.00%; valid=0 (uncertainties: 0.61 KDE contour)
    NebulaBayes means: O/H=8.82898 [8.78204, 8.86669]; logU=-3.04066 [-3.12821, -2.97436]; log(P/k)=4.87891 [-inf, 5.58947]; sampled modes=(8.83847, -3.02564, 4.20000); reliable=(1, 1, 0); chi2_red=3.045e+04; nlocalmax=2; flag=12; valid=1
    JY22 gas O/H=8.85234 [8.85234, 8.85234]; pre-depletion O/H=9.07234 [9.07234, 9.07234]; logU=-1.08040 [-1.08040, -1.08040]; chi2_min=6.205e+05; residuals(N2,S2,R3)=(-0.0376, -0.0038, -0.1442); residual norm=0.1491; fit_ok=0; flag=32; valid=1 (posterior means; marginal equal-tailed p16/p84)
Model covariance note: JY22 uses the full first-order N2/S2/R3 covariance from raw close-pair ratios and shared denominators; pyqz/NebulaBayes independent-error APIs do not represent the analogous shared covariance.
--------------------------------------------------------------
Loaded SII density lookup table: /arc/home/RongjunHuang/ICRAR/further/pyneb_sii_6716_6731_density_lookup_te8000_13000_step1000_ne20_100000_n4096.npz
DEBUG Creating converter from 3 to 5
PyNeb Te-method valid-pixel counts:
  NE_SII finite pixels: 36481
  NE_SII fixed at 20 cm^-3: 19290/36481 (52.9%)
  NE_SII exact high-density fallback pixels: 0
  NE_SII_ALL finite pixels: 179882
  Te(NII) HII pixels: 583
  Te(NII) SF pixels: 618
  Brazzini+2024 direct HII pixels: 0
  Brazzini+2024 direct SF pixels: 0
  NII+OII7325 semi-direct HII pixels: 4
  NII+OII7325 semi-direct SF pixels: 4
  Kreckel+2025 NII-only HII pixels: 203
  Kreckel+2025 NII-only SF pixels: 203
Integrated PyNeb Te-method values:
  SF:
    NE_SII: 63.29 +/- 0.45 cm^-3 (n_pix=11585, fixed20=0, exact_high_density=0)
    Te(NII): 11966.3 +/- 57.2 K (n_pix=841)
    O_H_BR24_DIRECT: nan dex (n_pix=0)
    O_H_NII_OII7325: 7.9938 +/- 0.1460 dex (n_pix=4)
    O_H_NII_K25: 8.2560 +/- 0.2250 dex (n_pix=841)
  HII:
    NE_SII: 70.65 +/- 0.48 cm^-3 (n_pix=7090, fixed20=0, exact_high_density=0)
    Te(NII): 11497.4 +/- 62.4 K (n_pix=715)
    O_H_BR24_DIRECT: nan dex (n_pix=0)
    O_H_NII_OII7325: 7.9938 +/- 0.1460 dex (n_pix=4)
    O_H_NII_K25: 8.3118 +/- 0.2201 dex (n_pix=715)
Further file written ➜ /arc/projects/mauve/products/v3tk_v7.6.8/NGC4064/NGC4064_gas_bin_maps_further.fits
--------------------------------------------------------------
Total non-nan spaxels: 179882
Number of pixels with Halpha not detected: 81545
Number of pixels with Halpha detected, Hbeta not detected: 60585
Number of pixels with Halpha detected, Hbeta detected, NII not detected, OIII not detected and unclassified1: 53
Number of pixels with Halpha detected, Hbeta detected, NII not detected, OIII detected and unclassified1: 0
Number of pixels with Halpha detected, Hbeta detected, NII detected, OIII not detected and unclassified1: 2374
Number of pixels with Halpha detected, Hbeta detected, NII detected, OIII detected and unclassified1: 14762
Number of pixels with Halpha detected, Hbeta detected, SII not detected, OIII not detected and unclassified1: 1270
Number of pixels with Halpha detected, Hbeta detected, SII not detected, OIII detected and unclassified1: 3705
Number of pixels with Halpha detected, Hbeta detected, SII detected, OIII not detected and unclassified1: 1157
Number of pixels with Halpha detected, Hbeta detected, SII detected, OIII detected and unclassified1: 11057
--------------------------------------------------------------
Total Halpha luminosity map sum (detections + upper-limit substitutions): 7.44e+40 erg/s
Total corrected Halpha luminosity from SF region: 7.05e+40 erg/s
Total Halpha SFR map sum (detections + upper-limit substitutions): 0.37 M☉/yr or in log10 scale: -0.43 log(M☉/yr)
Total Halpha SFR from SF region: 0.35 M☉/yr or in log10 scale: -0.45 log(M☉/yr)
Total Halpha SFR from HII region: 0.34 M☉/yr or in log10 scale: -0.46 log(M☉/yr)
--------------------------------------------------------------
[O/H] D16 SF: Total metallicity in SF region:  8.72380906243699
[O/H] PG16 SF: Total metallicity in SF region:  8.520299740112335
[O/H] N2S2-N06 SF: Total metallicity in SF region:  9.042793153815081
[O/H] O3N2-M13 SF: Total metallicity in SF region:  8.579933934962545
[O/H] N2-M13 SF: Total metallicity in SF region:  8.504577225267829
[O/H] O3N2-PP04 SF: Total metallicity in SF region:  8.800181584990723
[O/H] N2-PP04 SF: Total metallicity in SF region:  8.613972740842913
[O/H] O3N2-C20 SF: Total metallicity in SF region:  8.790217940706357
[O/H] O3S2-C20 SF: Total metallicity in SF region:  8.855060465749462
[O/H] RS32-C20 SF: Total metallicity in SF region:  8.802316979238473
[O/H] R3-C20 SF: Total metallicity in SF region:  8.80528075768311
[O/H] N2-C20 SF: Total metallicity in SF region:  8.672603266003202
[O/H] S2-C20 SF: Total metallicity in SF region:  8.816485553733987
[O/H] Combined-C20 SF: Total metallicity in SF region:  8.796422610425738 (weighted 6 methods; dominant S2)
--------------------------------------------------------------
[O/H] D16 HII: Total metallicity in HII region:  8.723157478811668
[O/H] PG16 HII: Total metallicity in HII region:  8.517823625308612
[O/H] N2S2-N06 HII: Total metallicity in HII region:  9.045230730420387
[O/H] O3N2-M13 HII: Total metallicity in HII region:  8.590830114690512
[O/H] N2-M13 HII: Total metallicity in HII region:  8.498241133977222
[O/H] O3N2-PP04 HII: Total metallicity in HII region:  8.816474937854972
[O/H] N2-PP04 HII: Total metallicity in HII region:  8.600604434153162
[O/H] O3N2-C20 HII: Total metallicity in HII region:  8.799931870734131
[O/H] O3S2-C20 HII: Total metallicity in HII region:  8.864383244826184
[O/H] RS32-C20 HII: Total metallicity in HII region:  8.81444111670502
[O/H] R3-C20 HII: Total metallicity in HII region:  8.819728215927867
[O/H] N2-C20 HII: Total metallicity in HII region:  8.664117239394578
[O/H] S2-C20 HII: Total metallicity in HII region:  8.8233179407735
[O/H] Combined-C20 HII: Total metallicity in HII region:  8.804749006322943 (weighted 6 methods; dominant S2)
--------------------------------------------------------------
[O/H] D16: Total metallicity in total region:  8.765225575934329
[O/H] PG16: Total metallicity in total region:  8.5642845427214
[O/H] N2S2-N06: Total metallicity in total region:  9.05392346141389
[O/H] O3N2-M13: Total metallicity in total region:  8.523035912204017
[O/H] N2-M13: Total metallicity in total region:  8.552237775941904
[O/H] O3N2-PP04: Total metallicity in total region:  8.715100429463954
[O/H] N2-PP04: Total metallicity in total region:  8.724093797757801
[O/H] O3N2-C20: Total metallicity in total region:  8.738099011593844
[O/H] O3S2-C20: Total metallicity in total region:  8.798937664422208
[O/H] RS32-C20: Total metallicity in total region:  8.720614241872731
[O/H] R3-C20: Total metallicity in total region:  8.714559689152134
[O/H] N2-C20: Total metallicity in total region:  8.746284315499514
[O/H] S2-C20: Total metallicity in total region:  8.770518330818568
[O/H] Combined-C20: Total metallicity in total region:  8.745847183884658 (weighted 6 methods; dominant S2)
--------------------------------------------------------------
Total runtime: 5041.7 s
✅  NGC4064 finished in 84m15s
