Python executable: /arc/home/RongjunHuang/.conda/envs/ICRAR/bin/python
Python 3.13.3
PYTHONUNBUFFERED: 1
Product root     : /arc/projects/mauve/products
Product subdir   : v3tk_v7.6.8
Local fallback   : /arc/home/RongjunHuang/ICRAR/further

Shared input keyword ➜ <none>
Reading gas-line FITS ➜ /arc/projects/mauve/products/v3tk_v7.6.8/NGC4606/NGC4606_gas_bin_maps.fits
Matched binning FITS ➜ /arc/projects/mauve/products/v3tk_v7.6.8/NGC4606/NGC4606_spatial_binning_maps_further.fits
Spatial mask FITS ➜ /arc/projects/mauve/products/v3tk_v7.6.8/NGC4606/NGC4606_mask.fits
Gas-line maps collapsed onto spatial BINID: 4705 bins
Available gas-line flux/error pairs:
  - HB4861
  - OIII4958
  - OIII5006
  - NII5754
  - OI6300
  - SIII6312
  - OI6363
  - NII6548
  - HA6562
  - NII6583
  - SII6716
  - SII6730
  - OII7318
  - OII7319
  - OII7329
  - OII7330
Te-method optional emission-line availability:
  - OIII4958: available
  - NII5754: available
  - SIII6312: available
  - NII6548: available
  - OII7318: available
  - OII7319: available
  - OII7329: available
  - OII7330: available
  - SIII9068: missing
Spatial mask applied: MASKFILE[MASK] table; row-major MASK == 0; keep=94256, masked=94534, finite H-alpha after mask=94256
/arc/home/RongjunHuang/ICRAR/further/SFR+Z.py:1211: RuntimeWarning: divide by zero encountered in divide
  BD = HA6562_FLUX / HB4861_FLUX
/arc/home/RongjunHuang/ICRAR/further/SFR+Z.py:1211: RuntimeWarning: invalid value encountered in divide
  BD = HA6562_FLUX / HB4861_FLUX
--------------------------------------------------------------
Extinction law for k(λ)=A(λ)/E(B−V): calzetti
k(Hβ 4861Å)  = 4.5981   at λ=0.4861 µm
k(Hα 6562Å)  = 3.3264   at λ=0.6562 µm
k([OIII]5006)= 4.4647   at λ=0.5006 µm
k([NII]6583) = 3.3130   at λ=0.6583 µm
k([SII]6716) = 3.2298   at λ=0.6716 µm
k([SII]6730) = 3.2212   at λ=0.6730 µm
k(OIII4958) = 4.5083   at λ=0.4958 µm
k(NII5754) = 3.8531   at λ=0.5755 µm
k(OI6300) = 3.5017   at λ=0.6300 µm
k(SIII6312) = 3.4934   at λ=0.6312 µm
k(OI6363) = 3.4582   at λ=0.6363 µm
k(NII6548) = 3.3355   at λ=0.6548 µm
k(OII7318) = 2.8906   at λ=0.7319 µm
k(OII7319) = 2.8901   at λ=0.7320 µm
k(OII7329) = 2.8854   at λ=0.7329 µm
k(OII7330) = 2.8844   at λ=0.7331 µm
k(SIII9068) = 2.1615   at λ=0.9069 µm (line missing; NaN placeholder)
--------------------------------------------------------------
/arc/home/RongjunHuang/ICRAR/further/SFR+Z.py:2091: RuntimeWarning: divide by zero encountered in divide
  y = np.log10(NII6583_FLUX_corr / (SII6716_FLUX_corr + SII6730_FLUX_corr)) + 0.264*np.log10(NII6583_FLUX_corr / HA6562_FLUX_corr)
/arc/home/RongjunHuang/ICRAR/further/SFR+Z.py:2091: RuntimeWarning: invalid value encountered in divide
  y = np.log10(NII6583_FLUX_corr / (SII6716_FLUX_corr + SII6730_FLUX_corr)) + 0.264*np.log10(NII6583_FLUX_corr / HA6562_FLUX_corr)
/arc/home/RongjunHuang/ICRAR/further/SFR+Z.py:2091: RuntimeWarning: divide by zero encountered in log10
  y = np.log10(NII6583_FLUX_corr / (SII6716_FLUX_corr + SII6730_FLUX_corr)) + 0.264*np.log10(NII6583_FLUX_corr / HA6562_FLUX_corr)
/arc/home/RongjunHuang/ICRAR/further/SFR+Z.py:2102: RuntimeWarning: divide by zero encountered in divide
  N2 = NII_scaled / HB4861_FLUX_corr   # N2 = I([N II]λ6548 + λ6584)/I(Hβ)
/arc/home/RongjunHuang/ICRAR/further/SFR+Z.py:2102: RuntimeWarning: invalid value encountered in divide
  N2 = NII_scaled / HB4861_FLUX_corr   # N2 = I([N II]λ6548 + λ6584)/I(Hβ)
/arc/home/RongjunHuang/ICRAR/further/SFR+Z.py:2103: RuntimeWarning: divide by zero encountered in divide
  S2 = (SII6716_FLUX_corr + SII6730_FLUX_corr) / HB4861_FLUX_corr  # S2 = I([S II]λ6717 + λ6731)/I(Hβ)
/arc/home/RongjunHuang/ICRAR/further/SFR+Z.py:2103: RuntimeWarning: invalid value encountered in divide
  S2 = (SII6716_FLUX_corr + SII6730_FLUX_corr) / HB4861_FLUX_corr  # S2 = I([S II]λ6717 + λ6731)/I(Hβ)
/arc/home/RongjunHuang/ICRAR/further/SFR+Z.py:2104: RuntimeWarning: divide by zero encountered in divide
  R3 = OIII_scaled / HB4861_FLUX_corr  # R3 = I([O III]λ4959 + λ5007)/I(Hβ) (same value as R2 in this case)
/arc/home/RongjunHuang/ICRAR/further/SFR+Z.py:2104: RuntimeWarning: invalid value encountered in divide
  R3 = OIII_scaled / HB4861_FLUX_corr  # R3 = I([O III]λ4959 + λ5007)/I(Hβ) (same value as R2 in this case)
/arc/home/RongjunHuang/ICRAR/further/SFR+Z.py:2106: RuntimeWarning: divide by zero encountered in divide
  log_R3_S2 = np.log10(R3/S2)
/arc/home/RongjunHuang/ICRAR/further/SFR+Z.py:2106: RuntimeWarning: invalid value encountered in divide
  log_R3_S2 = np.log10(R3/S2)
/arc/home/RongjunHuang/ICRAR/further/SFR+Z.py:2106: RuntimeWarning: divide by zero encountered in log10
  log_R3_S2 = np.log10(R3/S2)
/arc/home/RongjunHuang/ICRAR/further/SFR+Z.py:2107: RuntimeWarning: divide by zero encountered in log10
  log_N2 = np.log10(N2)
/arc/home/RongjunHuang/ICRAR/further/SFR+Z.py:2108: RuntimeWarning: divide by zero encountered in log10
  log_S2 = np.log10(S2)
/arc/home/RongjunHuang/ICRAR/further/SFR+Z.py:2131: RuntimeWarning: invalid value encountered in add
  O_H_PG16[upper_mask] = (a1_upper + a2_upper * log_R3_S2[upper_mask] + a3_upper * log_N2[upper_mask] +
/arc/home/RongjunHuang/ICRAR/further/SFR+Z.py:2134: RuntimeWarning: invalid value encountered in add
  O_H_PG16[lower_mask] = (a1_lower + a2_lower * log_R3_S2[lower_mask] + a3_lower * log_N2[lower_mask] +
/arc/home/RongjunHuang/ICRAR/further/SFR+Z.py:2135: RuntimeWarning: invalid value encountered in add
  (a4_lower + a5_lower * log_R3_S2[lower_mask] + a6_lower * log_N2[lower_mask]) * log_S2[lower_mask])
/arc/home/RongjunHuang/ICRAR/further/SFR+Z.py:2156: RuntimeWarning: divide by zero encountered in divide
  n2s2_ratio = np.log10(nii6583_flux / sii_total)
/arc/home/RongjunHuang/ICRAR/further/SFR+Z.py:2156: RuntimeWarning: invalid value encountered in divide
  n2s2_ratio = np.log10(nii6583_flux / sii_total)
/arc/home/RongjunHuang/ICRAR/further/SFR+Z.py:2156: RuntimeWarning: divide by zero encountered in log10
  n2s2_ratio = np.log10(nii6583_flux / sii_total)
/arc/home/RongjunHuang/ICRAR/further/SFR+Z.py:2201: RuntimeWarning: divide by zero encountered in divide
  oiii_hb = oiii5006_flux / hb4861_flux
/arc/home/RongjunHuang/ICRAR/further/SFR+Z.py:2201: RuntimeWarning: invalid value encountered in divide
  oiii_hb = oiii5006_flux / hb4861_flux
/arc/home/RongjunHuang/ICRAR/further/SFR+Z.py:2202: RuntimeWarning: divide by zero encountered in divide
  nii_ha = nii6583_flux / ha6562_flux
/arc/home/RongjunHuang/ICRAR/further/SFR+Z.py:2202: RuntimeWarning: invalid value encountered in divide
  nii_ha = nii6583_flux / ha6562_flux
/arc/home/RongjunHuang/ICRAR/further/SFR+Z.py:2203: RuntimeWarning: divide by zero encountered in divide
  o3n2_ratio = np.log10(oiii_hb / nii_ha)
/arc/home/RongjunHuang/ICRAR/further/SFR+Z.py:2203: RuntimeWarning: invalid value encountered in divide
  o3n2_ratio = np.log10(oiii_hb / nii_ha)
/arc/home/RongjunHuang/ICRAR/further/SFR+Z.py:2203: RuntimeWarning: divide by zero encountered in log10
  o3n2_ratio = np.log10(oiii_hb / nii_ha)
/arc/home/RongjunHuang/ICRAR/further/SFR+Z.py:2225: RuntimeWarning: divide by zero encountered in divide
  n2_ratio = np.log10(nii6583_flux / ha6562_flux)
/arc/home/RongjunHuang/ICRAR/further/SFR+Z.py:2225: RuntimeWarning: invalid value encountered in divide
  n2_ratio = np.log10(nii6583_flux / ha6562_flux)
/arc/home/RongjunHuang/ICRAR/further/SFR+Z.py:2225: RuntimeWarning: divide by zero encountered in log10
  n2_ratio = np.log10(nii6583_flux / ha6562_flux)
/arc/home/RongjunHuang/ICRAR/further/SFR+Z.py:2248: RuntimeWarning: divide by zero encountered in divide
  oiii_hb = oiii5006_flux / hb4861_flux
/arc/home/RongjunHuang/ICRAR/further/SFR+Z.py:2248: RuntimeWarning: invalid value encountered in divide
  oiii_hb = oiii5006_flux / hb4861_flux
/arc/home/RongjunHuang/ICRAR/further/SFR+Z.py:2249: RuntimeWarning: divide by zero encountered in divide
  nii_ha = nii6583_flux / ha6562_flux
/arc/home/RongjunHuang/ICRAR/further/SFR+Z.py:2249: RuntimeWarning: invalid value encountered in divide
  nii_ha = nii6583_flux / ha6562_flux
/arc/home/RongjunHuang/ICRAR/further/SFR+Z.py:2250: RuntimeWarning: divide by zero encountered in divide
  o3n2_ratio = np.log10(oiii_hb / nii_ha)
/arc/home/RongjunHuang/ICRAR/further/SFR+Z.py:2250: RuntimeWarning: invalid value encountered in divide
  o3n2_ratio = np.log10(oiii_hb / nii_ha)
/arc/home/RongjunHuang/ICRAR/further/SFR+Z.py:2250: RuntimeWarning: divide by zero encountered in log10
  o3n2_ratio = np.log10(oiii_hb / nii_ha)
/arc/home/RongjunHuang/ICRAR/further/SFR+Z.py:2272: RuntimeWarning: divide by zero encountered in divide
  n2_ratio = np.log10(nii6583_flux / ha6562_flux)
/arc/home/RongjunHuang/ICRAR/further/SFR+Z.py:2272: RuntimeWarning: invalid value encountered in divide
  n2_ratio = np.log10(nii6583_flux / ha6562_flux)
/arc/home/RongjunHuang/ICRAR/further/SFR+Z.py:2272: RuntimeWarning: divide by zero encountered in log10
  n2_ratio = np.log10(nii6583_flux / ha6562_flux)
/arc/home/RongjunHuang/ICRAR/further/SFR+Z.py:2307: RuntimeWarning: divide by zero encountered in divide
  oiii_hb = oiii5006_flux / hb4861_flux
/arc/home/RongjunHuang/ICRAR/further/SFR+Z.py:2307: RuntimeWarning: invalid value encountered in divide
  oiii_hb = oiii5006_flux / hb4861_flux
/arc/home/RongjunHuang/ICRAR/further/SFR+Z.py:2308: RuntimeWarning: divide by zero encountered in divide
  nii_ha = nii6583_flux / ha6562_flux
/arc/home/RongjunHuang/ICRAR/further/SFR+Z.py:2308: RuntimeWarning: invalid value encountered in divide
  nii_ha = nii6583_flux / ha6562_flux
/arc/home/RongjunHuang/ICRAR/further/SFR+Z.py:2309: RuntimeWarning: divide by zero encountered in divide
  o3n2_ratio = np.log10(oiii_hb / nii_ha)
/arc/home/RongjunHuang/ICRAR/further/SFR+Z.py:2309: RuntimeWarning: invalid value encountered in divide
  o3n2_ratio = np.log10(oiii_hb / nii_ha)
/arc/home/RongjunHuang/ICRAR/further/SFR+Z.py:2309: RuntimeWarning: divide by zero encountered in log10
  o3n2_ratio = np.log10(oiii_hb / nii_ha)
/arc/home/RongjunHuang/ICRAR/further/SFR+Z.py:2409: RuntimeWarning: divide by zero encountered in divide
  oiii_hb = oiii5006_flux / hb4861_flux
/arc/home/RongjunHuang/ICRAR/further/SFR+Z.py:2409: RuntimeWarning: invalid value encountered in divide
  oiii_hb = oiii5006_flux / hb4861_flux
/arc/home/RongjunHuang/ICRAR/further/SFR+Z.py:2412: RuntimeWarning: divide by zero encountered in divide
  sii_hb = sii_total / hb4861_flux
/arc/home/RongjunHuang/ICRAR/further/SFR+Z.py:2412: RuntimeWarning: invalid value encountered in divide
  sii_hb = sii_total / hb4861_flux
/arc/home/RongjunHuang/ICRAR/further/SFR+Z.py:2415: RuntimeWarning: divide by zero encountered in divide
  o3s2_ratio = np.log10(oiii_hb / sii_hb)
/arc/home/RongjunHuang/ICRAR/further/SFR+Z.py:2415: RuntimeWarning: invalid value encountered in divide
  o3s2_ratio = np.log10(oiii_hb / sii_hb)
/arc/home/RongjunHuang/ICRAR/further/SFR+Z.py:2415: RuntimeWarning: divide by zero encountered in log10
  o3s2_ratio = np.log10(oiii_hb / sii_hb)
Calculating all 6 C20 metallicities for NGC4606...
Combined C20 metallicity: median = 8.658, range = (8.121, 8.905)
Combined C20 dominant-weight method usage: O3N2=51535, O3S2=37, RS32=10617, R3=5035, N2=2733, S2=3964
Galaxy NGC4606 inclination: 69.0° (cos θ = 0.358)
Inclination correction ENABLED: applying b/a = 0.404 (adopting intrinsic thickness q₀ = 0.2 for disc galaxy)
/arc/home/RongjunHuang/ICRAR/further/SFR+Z.py:3123: RuntimeWarning: divide by zero encountered in divide
  logN2  = np.log10(NII6583_FLUX_corr / HA6562_FLUX_corr)        # [N II]/Hα
/arc/home/RongjunHuang/ICRAR/further/SFR+Z.py:3123: RuntimeWarning: invalid value encountered in divide
  logN2  = np.log10(NII6583_FLUX_corr / HA6562_FLUX_corr)        # [N II]/Hα
/arc/home/RongjunHuang/ICRAR/further/SFR+Z.py:3123: RuntimeWarning: divide by zero encountered in log10
  logN2  = np.log10(NII6583_FLUX_corr / HA6562_FLUX_corr)        # [N II]/Hα
/arc/home/RongjunHuang/ICRAR/further/SFR+Z.py:3124: RuntimeWarning: divide by zero encountered in divide
  logS2  = np.log10((SII6716_FLUX_corr+SII6730_FLUX_corr) / HA6562_FLUX_corr)   # Σ[S II]/Hα
/arc/home/RongjunHuang/ICRAR/further/SFR+Z.py:3124: RuntimeWarning: invalid value encountered in divide
  logS2  = np.log10((SII6716_FLUX_corr+SII6730_FLUX_corr) / HA6562_FLUX_corr)   # Σ[S II]/Hα
/arc/home/RongjunHuang/ICRAR/further/SFR+Z.py:3124: RuntimeWarning: divide by zero encountered in log10
  logS2  = np.log10((SII6716_FLUX_corr+SII6730_FLUX_corr) / HA6562_FLUX_corr)   # Σ[S II]/Hα
/arc/home/RongjunHuang/ICRAR/further/SFR+Z.py:3125: RuntimeWarning: divide by zero encountered in divide
  logO3  = np.log10(OIII5006_FLUX_corr / HB4861_FLUX_corr)       # [O III]/Hβ
/arc/home/RongjunHuang/ICRAR/further/SFR+Z.py:3125: RuntimeWarning: invalid value encountered in divide
  logO3  = np.log10(OIII5006_FLUX_corr / HB4861_FLUX_corr)       # [O III]/Hβ
/arc/home/RongjunHuang/ICRAR/further/SFR+Z.py:3125: RuntimeWarning: divide by zero encountered in log10
  logO3  = np.log10(OIII5006_FLUX_corr / HB4861_FLUX_corr)       # [O III]/Hβ
/arc/home/RongjunHuang/ICRAR/further/SFR+Z.py:3211: RuntimeWarning: invalid value encountered in add
  mask_N2_right, mask_S2_right = apply_bpt_masks(logN2=logN2+logN2_err, logS2=logS2+logS2_err, logO3=logO3)
/arc/home/RongjunHuang/ICRAR/further/SFR+Z.py:3213: RuntimeWarning: invalid value encountered in add
  mask_N2_up, mask_S2_up = apply_bpt_masks(logN2=logN2, logS2=logS2, logO3=logO3+logO3_err)
--------------------------------------------------------------
HII-region model-grid inference
pyqz/NebulaBayes six-line corrected-input aperture: 3544 pixels in 1212 unique spatial bins; no extra S/N cut
JY22 six-line raw-input aperture: 3544 pixels in 1212 unique spatial bins; no extra S/N cut
Python interpreter: /arc/home/RongjunHuang/.conda/envs/ICRAR/bin/python
pyqz/NebulaBayes compatibility layer: model_grid_compat.py
pyqz 0.8.4.0: diagnostic=[NII]/[SII]+;[OIII]/[SII]+; Pk=5.0; struct=pp; kappa=inf; sampling=2; srs=800; KDE=multiv; seed=20260823; nproc=1
pyqz runtime overlay: /tmp/pyqz084-runtime-alsh8idg/pyqz/__init__.py
pyqz grid identity: MAPPINGS V HII Region Grid: QZ pp_GCZO_Pk50_kinf
pyqz bins: 1/1212 spectra complete (BINID 0, 0.7 s)
pyqz bins: 121/1212 spectra complete (BINID 120, 103.4 s)
pyqz bins: 242/1212 spectra complete (BINID 242, 273.0 s)
pyqz bins: 363/1212 spectra complete (BINID 412, 474.1 s)
pyqz bins: 484/1212 spectra complete (BINID 1418, 620.2 s)
pyqz bins: 605/1212 spectra complete (BINID 1844, 756.9 s)
pyqz bins: 726/1212 spectra complete (BINID 2225, 934.6 s)
pyqz bins: 847/1212 spectra complete (BINID 2503, 1103.8 s)
pyqz bins: 968/1212 spectra complete (BINID 2817, 1293.6 s)
pyqz bins: 1089/1212 spectra complete (BINID 3119, 1525.2 s)
pyqz bins: 1210/1212 spectra complete (BINID 3820, 1691.9 s)
pyqz bins: 1212/1212 spectra complete (BINID 4505, 1696.9 s)
pyqz bins: no per-spectrum exceptions
Initialising NebulaBayes (v0.9.9) model...
INFO Initialising NebulaBayes (v0.9.9) model...
Loading input grid data...
INFO Loading input grid data...
Building flux arrays for the model grids...
INFO Building flux arrays for the model grids...
Resampling model emission line flux grids to shape (40, 20, 160) using linear interpolation...
INFO Resampling model emission line flux grids to shape (40, 20, 160) using linear interpolation...
    Interpolating for Hbeta...
INFO     Interpolating for Hbeta...
    Interpolating for OIII5007...
INFO     Interpolating for OIII5007...
    Interpolating for Halpha...
INFO     Interpolating for Halpha...
    Interpolating for NII6583...
INFO     Interpolating for NII6583...
    Interpolating for SII6716...
INFO     Interpolating for SII6716...
    Interpolating for SII6731...
INFO     Interpolating for SII6731...
Interpolated flux grid size is 1.02MB for 1 line and 6.14MB total for all 6 lines
DEBUG Interpolated flux grid size is 1.02MB for 1 line and 6.14MB total for all 6 lines
NebulaBayes 0.9.9: grid=/arc/home/RongjunHuang/.conda/envs/ICRAR/lib/python3.13/site-packages/NebulaBayes/grids/NB_HII_grid.fits.gz; parameters=['log U', 'log P/k', '12 + log O/H']; shape=(40, 20, 160); order=1; grid_error=0.1; norm=Hbeta; deredden=False; prior=Uniform
NebulaBayes bins: 1/1212 spectra complete (BINID 0, 0.1 s)
NebulaBayes bins: 121/1212 spectra complete (BINID 120, 7.8 s)
NebulaBayes bins: 242/1212 spectra complete (BINID 242, 15.0 s)
NebulaBayes bins: 363/1212 spectra complete (BINID 412, 23.1 s)
NebulaBayes bins: 484/1212 spectra complete (BINID 1418, 30.7 s)
NebulaBayes bins: 605/1212 spectra complete (BINID 1844, 38.3 s)
NebulaBayes bins: 726/1212 spectra complete (BINID 2225, 46.4 s)
NebulaBayes bins: 847/1212 spectra complete (BINID 2503, 54.5 s)
NebulaBayes bins: 968/1212 spectra complete (BINID 2817, 62.7 s)
NebulaBayes bins: 1089/1212 spectra complete (BINID 3119, 70.6 s)
NebulaBayes bins: 1210/1212 spectra complete (BINID 3820, 78.7 s)
NebulaBayes bins: 1212/1212 spectra complete (BINID 4505, 78.8 s)
NebulaBayes bins: no per-spectrum exceptions
JY22/Peng2026: raw close-pair ratios=N2,S2,R3; posterior means with marginal equal-tailed p16/p84; full raw-ratio covariance; post-depletion O/H=pre-depletion-0.22; nominal fit_ok chi2<=9; error inflation=1.0
JY22 grid: /arc/home/RongjunHuang/ICRAR/further/Peng2026/photoionization_models/photoionization_grid_interpolated.fits; sha256=d7a219b60c9a1ea8b29339988c84b1832028b28b3c417d1c3c58b420831eb38a; inference_shape=(200, 200); requested logU=(-4.0, -0.5); retained logU=(-4.0, -0.5); solar O/H=8.69
JY22 bins: 1/1212 spectra complete (BINID 0, 0.0 s)
JY22 bins: 121/1212 spectra complete (BINID 120, 1.3 s)
JY22 bins: 242/1212 spectra complete (BINID 242, 2.7 s)
JY22 bins: 363/1212 spectra complete (BINID 412, 4.0 s)
JY22 bins: 484/1212 spectra complete (BINID 1418, 5.3 s)
JY22 bins: 605/1212 spectra complete (BINID 1844, 6.7 s)
JY22 bins: 726/1212 spectra complete (BINID 2225, 8.0 s)
JY22 bins: 847/1212 spectra complete (BINID 2503, 9.3 s)
JY22 bins: 968/1212 spectra complete (BINID 2817, 10.6 s)
JY22 bins: 1089/1212 spectra complete (BINID 3119, 12.0 s)
JY22 bins: 1210/1212 spectra complete (BINID 3820, 13.4 s)
JY22 bins: 1212/1212 spectra complete (BINID 4505, 13.4 s)
JY22 bins: no per-spectrum exceptions
pyqz integrated HII: no per-spectrum exceptions
/tmp/pyqz084-runtime-alsh8idg/pyqz/pyqz.py:849: RuntimeWarning: invalid value encountered in divide
  gridZ/= peak_val
pyqz integrated SF: no per-spectrum exceptions
NebulaBayes integrated: no per-spectrum exceptions
JY22 integrated: no per-spectrum exceptions
Integrated HII/SF model-grid results (common six-line raw aperture)
  HII: 2684 pixels, 985 bins; integrated E(B-V)=0.55996+/-0.00057
    pyqz: O/H=8.65454+/-0.00171; LogQ=7.03610+/-0.00390; logU=-3.44102+/-0.00390; flag=13; off-grid=0.00%; valid=1 (uncertainties: 0.61 KDE contour)
    NebulaBayes means: O/H=8.73038 [8.69740, 8.76794]; logU=-3.15149 [-3.28205, -3.02564]; log(P/k)=5.17136 [4.43158, 6.05263]; sampled modes=(8.73972, -3.12821, 4.20000); reliable=(1, 1, 0); chi2_red=715.2; nlocalmax=2; flag=4; valid=1
    JY22 gas O/H=8.82519 [8.82519, 8.82519]; pre-depletion O/H=9.04519 [9.04519, 9.04519]; logU=-1.23869 [-1.25347, -1.24151]; chi2_min=38.55; residuals(N2,S2,R3)=(0.0006, 0.0012, 0.0000); residual norm=0.0014; fit_ok=0; flag=32; valid=1 (posterior means; marginal equal-tailed p16/p84)
  SF: 3544 pixels, 1212 bins; integrated E(B-V)=0.54723+/-0.00056
    pyqz: O/H=nan+/-nan; LogQ=nan+/-nan; logU=nan+/-nan; flag=1234; off-grid=0.00%; valid=0 (uncertainties: 0.61 KDE contour)
    NebulaBayes means: O/H=8.70293 [8.66919, 8.73972]; logU=-3.20166 [-3.28205, -3.07692]; log(P/k)=5.18590 [4.43158, 6.05263]; sampled modes=(8.69740, -3.17949, 4.20000); reliable=(1, 1, 0); chi2_red=1308; nlocalmax=3; flag=4; valid=1
    JY22 gas O/H=8.81614 [8.81614, 8.81614]; pre-depletion O/H=9.03614 [9.03614, 9.03614]; logU=-1.29146 [-1.30623, -1.29427]; chi2_min=6008; residuals(N2,S2,R3)=(0.0099, -0.0026, 0.0296); residual norm=0.0313; fit_ok=0; flag=32; valid=1 (posterior means; marginal equal-tailed p16/p84)
Model covariance note: JY22 uses the full first-order N2/S2/R3 covariance from raw close-pair ratios and shared denominators; pyqz/NebulaBayes independent-error APIs do not represent the analogous shared covariance.
--------------------------------------------------------------
Loaded SII density lookup table: /arc/home/RongjunHuang/ICRAR/further/pyneb_sii_6716_6731_density_lookup_te8000_13000_step1000_ne20_100000_n4096.npz
DEBUG Creating converter from 3 to 5
PyNeb Te-method valid-pixel counts:
  NE_SII finite pixels: 12859
  NE_SII fixed at 20 cm^-3: 5505/12859 (42.8%)
  NE_SII exact high-density fallback pixels: 0
  NE_SII_ALL finite pixels: 94256
  Te(NII) HII pixels: 56
  Te(NII) SF pixels: 66
  Brazzini+2024 direct HII pixels: 0
  Brazzini+2024 direct SF pixels: 0
  NII+OII7325 semi-direct HII pixels: 4
  NII+OII7325 semi-direct SF pixels: 4
  Kreckel+2025 NII-only HII pixels: 8
  Kreckel+2025 NII-only SF pixels: 8
Integrated PyNeb Te-method values:
  SF:
    NE_SII: 35.44 +/- 1.28 cm^-3 (n_pix=3361, fixed20=0, exact_high_density=0)
    Te(NII): 22467.8 +/- 545.6 K (n_pix=165)
    O_H_BR24_DIRECT: nan dex (n_pix=0)
    O_H_NII_OII7325: 7.5924 +/- 0.1338 dex (n_pix=4)
    O_H_NII_K25: nan dex (n_pix=165)
  HII:
    NE_SII: 40.44 +/- 1.35 cm^-3 (n_pix=2532, fixed20=0, exact_high_density=0)
    Te(NII): 21280.2 +/- 513.1 K (n_pix=138)
    O_H_BR24_DIRECT: nan dex (n_pix=0)
    O_H_NII_OII7325: 7.5924 +/- 0.1338 dex (n_pix=4)
    O_H_NII_K25: nan dex (n_pix=138)
Further file written ➜ /arc/projects/mauve/products/v3tk_v7.6.8/NGC4606/NGC4606_gas_bin_maps_further.fits
--------------------------------------------------------------
Total non-nan spaxels: 94256
Number of pixels with Halpha not detected: 50236
Number of pixels with Halpha detected, Hbeta not detected: 33418
Number of pixels with Halpha detected, Hbeta detected, NII not detected, OIII not detected and unclassified1: 99
Number of pixels with Halpha detected, Hbeta detected, NII not detected, OIII detected and unclassified1: 12
Number of pixels with Halpha detected, Hbeta detected, NII detected, OIII not detected and unclassified1: 1422
Number of pixels with Halpha detected, Hbeta detected, NII detected, OIII detected and unclassified1: 4176
Number of pixels with Halpha detected, Hbeta detected, SII not detected, OIII not detected and unclassified1: 878
Number of pixels with Halpha detected, Hbeta detected, SII not detected, OIII detected and unclassified1: 637
Number of pixels with Halpha detected, Hbeta detected, SII detected, OIII not detected and unclassified1: 643
Number of pixels with Halpha detected, Hbeta detected, SII detected, OIII detected and unclassified1: 3551
--------------------------------------------------------------
Total Halpha luminosity map sum (detections + upper-limit substitutions): 1.65e+40 erg/s
Total corrected Halpha luminosity from SF region: 1.43e+40 erg/s
Total Halpha SFR map sum (detections + upper-limit substitutions): 0.08 M☉/yr or in log10 scale: -1.09 log(M☉/yr)
Total Halpha SFR from SF region: 0.07 M☉/yr or in log10 scale: -1.15 log(M☉/yr)
Total Halpha SFR from HII region: 0.07 M☉/yr or in log10 scale: -1.17 log(M☉/yr)
--------------------------------------------------------------
[O/H] D16 SF: Total metallicity in SF region:  8.726666332947465
[O/H] PG16 SF: Total metallicity in SF region:  8.536250581158894
[O/H] N2S2-N06 SF: Total metallicity in SF region:  9.031886996531778
[O/H] O3N2-M13 SF: Total metallicity in SF region:  8.548703139207538
[O/H] N2-M13 SF: Total metallicity in SF region:  8.532627949394245
[O/H] O3N2-PP04 SF: Total metallicity in SF region:  8.753481329656132
[O/H] N2-PP04 SF: Total metallicity in SF region:  8.67667918964104
[O/H] O3N2-C20 SF: Total metallicity in SF region:  8.761910013373042
[O/H] O3S2-C20 SF: Total metallicity in SF region:  8.828800469166778
[O/H] RS32-C20 SF: Total metallicity in SF region:  8.755504044459268
[O/H] R3-C20 SF: Total metallicity in SF region:  8.756387058474376
[O/H] N2-C20 SF: Total metallicity in SF region:  8.713192229356082
[O/H] S2-C20 SF: Total metallicity in SF region:  8.780132435576906
[O/H] Combined-C20 SF: Total metallicity in SF region:  8.765712217026536 (weighted 6 methods; dominant S2)
--------------------------------------------------------------
[O/H] D16 HII: Total metallicity in HII region:  8.725939504258028
[O/H] PG16 HII: Total metallicity in HII region:  8.53202357828307
[O/H] N2S2-N06 HII: Total metallicity in HII region:  9.034262560058917
[O/H] O3N2-M13 HII: Total metallicity in HII region:  8.554512937034607
[O/H] N2-M13 HII: Total metallicity in HII region:  8.526364336578725
[O/H] O3N2-PP04 HII: Total metallicity in HII region:  8.76216887780876
[O/H] N2-PP04 HII: Total metallicity in HII region:  8.662166190048941
[O/H] O3N2-C20 HII: Total metallicity in HII region:  8.767229876569706
[O/H] O3S2-C20 HII: Total metallicity in HII region:  8.833656418290474
[O/H] RS32-C20 HII: Total metallicity in HII region:  8.765578387476372
[O/H] R3-C20 HII: Total metallicity in HII region:  8.766371528485385
[O/H] N2-C20 HII: Total metallicity in HII region:  8.70360044277483
[O/H] S2-C20 HII: Total metallicity in HII region:  8.789329957778161
[O/H] Combined-C20 HII: Total metallicity in HII region:  8.772348009165718 (weighted 6 methods; dominant S2)
--------------------------------------------------------------
[O/H] D16: Total metallicity in total region:  8.76012226852638
[O/H] PG16: Total metallicity in total region:  8.608828766266893
[O/H] N2S2-N06: Total metallicity in total region:  9.02801548596097
[O/H] O3N2-M13: Total metallicity in total region:  8.49388898006138
[O/H] N2-M13: Total metallicity in total region:  8.598573557688706
[O/H] O3N2-PP04: Total metallicity in total region:  8.671516231867484
[O/H] N2-PP04: Total metallicity in total region:  8.848757474480857
[O/H] O3N2-C20: Total metallicity in total region:  8.710418192965388
[O/H] O3S2-C20: Total metallicity in total region:  8.777064018918034
[O/H] RS32-C20: Total metallicity in total region:  8.64257274193656
[O/H] R3-C20: Total metallicity in total region:  8.646658199579157
[O/H] N2-C20: Total metallicity in total region:  nan
[O/H] S2-C20: Total metallicity in total region:  nan
[O/H] Combined-C20: Total metallicity in total region:  8.678455080955578 (weighted 4 methods; dominant R3)
--------------------------------------------------------------
Total runtime: 2261.8 s
✅  NGC4606 finished in 37m46s
