Python executable: /arc/home/RongjunHuang/.conda/envs/ICRAR/bin/python
Python 3.13.3
PYTHONUNBUFFERED: 1
Product root     : /arc/projects/mauve/products
Product subdir   : v3tk_v7.6.8
Local fallback   : /arc/home/RongjunHuang/ICRAR/further

Matplotlib is building the font cache; this may take a moment.
Shared input keyword ➜ <none>
Reading gas-line FITS ➜ /arc/projects/mauve/products/v3tk_v7.6.8/NGC4321/NGC4321_gas_bin_maps.fits
Matched binning FITS ➜ /arc/projects/mauve/products/v3tk_v7.6.8/NGC4321/NGC4321_spatial_binning_maps_further.fits
Spatial mask FITS ➜ /arc/projects/mauve/products/v3tk_v7.6.8/NGC4321/NGC4321_mask.fits
Gas-line maps collapsed onto spatial BINID: 43850 bins
Available gas-line flux/error pairs:
  - HB4861
  - OIII4958
  - OIII5006
  - NII5754
  - OI6300
  - SIII6312
  - OI6363
  - NII6548
  - HA6562
  - NII6583
  - SII6716
  - SII6730
  - OII7318
  - OII7319
  - OII7329
  - OII7330
Te-method optional emission-line availability:
  - OIII4958: available
  - NII5754: available
  - SIII6312: available
  - NII6548: available
  - OII7318: available
  - OII7319: available
  - OII7329: available
  - OII7330: available
  - SIII9068: missing
Spatial mask applied: MASKFILE[MASK] table; row-major MASK == 0; keep=970180, masked=259589, finite H-alpha after mask=970180
/arc/home/RongjunHuang/ICRAR/further/SFR+Z.py:1061: RuntimeWarning: divide by zero encountered in divide
  BD = HA6562_FLUX / HB4861_FLUX
--------------------------------------------------------------
Extinction law for k(λ)=A(λ)/E(B−V): calzetti
k(Hβ 4861Å)  = 4.5981   at λ=0.4861 µm
k(Hα 6562Å)  = 3.3264   at λ=0.6562 µm
k([OIII]5006)= 4.4647   at λ=0.5006 µm
k([NII]6583) = 3.3130   at λ=0.6583 µm
k([SII]6716) = 3.2298   at λ=0.6716 µm
k([SII]6730) = 3.2212   at λ=0.6730 µm
k(OIII4958) = 4.5083   at λ=0.4958 µm
k(NII5754) = 3.8531   at λ=0.5755 µm
k(OI6300) = 3.5017   at λ=0.6300 µm
k(SIII6312) = 3.4934   at λ=0.6312 µm
k(OI6363) = 3.4582   at λ=0.6363 µm
k(NII6548) = 3.3355   at λ=0.6548 µm
k(OII7318) = 2.8906   at λ=0.7319 µm
k(OII7319) = 2.8901   at λ=0.7320 µm
k(OII7329) = 2.8854   at λ=0.7329 µm
k(OII7330) = 2.8844   at λ=0.7331 µm
k(SIII9068) = 2.1615   at λ=0.9069 µm (line missing; NaN placeholder)
--------------------------------------------------------------
/arc/home/RongjunHuang/ICRAR/further/SFR+Z.py:1952: RuntimeWarning: divide by zero encountered in divide
  N2 = NII_scaled / HB4861_FLUX_corr   # N2 = I([N II]λ6548 + λ6584)/I(Hβ)
/arc/home/RongjunHuang/ICRAR/further/SFR+Z.py:1953: RuntimeWarning: divide by zero encountered in divide
  S2 = (SII6716_FLUX_corr + SII6730_FLUX_corr) / HB4861_FLUX_corr  # S2 = I([S II]λ6717 + λ6731)/I(Hβ)
/arc/home/RongjunHuang/ICRAR/further/SFR+Z.py:1954: RuntimeWarning: divide by zero encountered in divide
  R3 = OIII_scaled / HB4861_FLUX_corr  # R3 = I([O III]λ4959 + λ5007)/I(Hβ) (same value as R2 in this case)
/arc/home/RongjunHuang/ICRAR/further/SFR+Z.py:1956: RuntimeWarning: invalid value encountered in divide
  log_R3_S2 = np.log10(R3/S2)
/arc/home/RongjunHuang/ICRAR/further/SFR+Z.py:1956: RuntimeWarning: divide by zero encountered in log10
  log_R3_S2 = np.log10(R3/S2)
/arc/home/RongjunHuang/ICRAR/further/SFR+Z.py:1981: RuntimeWarning: invalid value encountered in add
  O_H_PG16[upper_mask] = (a1_upper + a2_upper * log_R3_S2[upper_mask] + a3_upper * log_N2[upper_mask] +
/arc/home/RongjunHuang/ICRAR/further/SFR+Z.py:2051: RuntimeWarning: divide by zero encountered in divide
  oiii_hb = oiii5006_flux / hb4861_flux
/arc/home/RongjunHuang/ICRAR/further/SFR+Z.py:2053: RuntimeWarning: divide by zero encountered in log10
  o3n2_ratio = np.log10(oiii_hb / nii_ha)
/arc/home/RongjunHuang/ICRAR/further/SFR+Z.py:2098: RuntimeWarning: divide by zero encountered in divide
  oiii_hb = oiii5006_flux / hb4861_flux
/arc/home/RongjunHuang/ICRAR/further/SFR+Z.py:2100: RuntimeWarning: divide by zero encountered in log10
  o3n2_ratio = np.log10(oiii_hb / nii_ha)
/arc/home/RongjunHuang/ICRAR/further/SFR+Z.py:2157: RuntimeWarning: divide by zero encountered in divide
  oiii_hb = oiii5006_flux / hb4861_flux
/arc/home/RongjunHuang/ICRAR/further/SFR+Z.py:2159: RuntimeWarning: divide by zero encountered in log10
  o3n2_ratio = np.log10(oiii_hb / nii_ha)
/arc/home/RongjunHuang/ICRAR/further/SFR+Z.py:2259: RuntimeWarning: divide by zero encountered in divide
  oiii_hb = oiii5006_flux / hb4861_flux
/arc/home/RongjunHuang/ICRAR/further/SFR+Z.py:2262: RuntimeWarning: divide by zero encountered in divide
  sii_hb = sii_total / hb4861_flux
/arc/home/RongjunHuang/ICRAR/further/SFR+Z.py:2265: RuntimeWarning: invalid value encountered in divide
  o3s2_ratio = np.log10(oiii_hb / sii_hb)
/arc/home/RongjunHuang/ICRAR/further/SFR+Z.py:2265: RuntimeWarning: divide by zero encountered in log10
  o3s2_ratio = np.log10(oiii_hb / sii_hb)
Calculating all 6 C20 metallicities for NGC4321...
Combined C20 metallicity: median = 8.755, range = (8.241, 8.910)
Combined C20 dominant-weight method usage: O3N2=70332, O3S2=0, RS32=13134, R3=517477, N2=247, S2=366884
Galaxy NGC4321 inclination: 32.0° (cos θ = 0.848)
Inclination correction ENABLED: applying b/a = 0.855 (adopting intrinsic thickness q₀ = 0.2 for disc galaxy)
/arc/home/RongjunHuang/ICRAR/further/SFR+Z.py:2975: RuntimeWarning: divide by zero encountered in divide
  logO3  = np.log10(OIII5006_FLUX_corr / HB4861_FLUX_corr)       # [O III]/Hβ
/arc/home/RongjunHuang/ICRAR/further/SFR+Z.py:2975: RuntimeWarning: divide by zero encountered in log10
  logO3  = np.log10(OIII5006_FLUX_corr / HB4861_FLUX_corr)       # [O III]/Hβ
/arc/home/RongjunHuang/ICRAR/further/SFR+Z.py:3063: RuntimeWarning: invalid value encountered in add
  mask_N2_up, mask_S2_up = apply_bpt_masks(logN2=logN2, logS2=logS2, logO3=logO3+logO3_err)
Loaded SII density lookup table: /arc/home/RongjunHuang/ICRAR/further/pyneb_sii_6716_6731_density_lookup_te8000_13000_step1000_ne20_100000_n4096.npz
PyNeb Te-method valid-pixel counts:
  NE_SII finite pixels: 769422
  NE_SII fixed at 20 cm^-3: 350440/769422 (45.5%)
  NE_SII exact high-density fallback pixels: 2
  NE_SII_ALL finite pixels: 970180
  Te(NII) HII pixels: 0
  Te(NII) SF pixels: 0
  Brazzini+2024 direct HII pixels: 0
  Brazzini+2024 direct SF pixels: 0
  NII+OII7325 semi-direct HII pixels: 0
  NII+OII7325 semi-direct SF pixels: 0
  Kreckel+2025 NII-only HII pixels: 0
  Kreckel+2025 NII-only SF pixels: 0
Integrated PyNeb Te-method values:
  SF:
    NE_SII: 31.58 +/- 0.09 cm^-3 (n_pix=642323, fixed20=0, exact_high_density=0)
    Te(NII): nan K (n_pix=0)
    O_H_BR24_DIRECT: nan dex (n_pix=0)
    O_H_NII_OII7325: nan dex (n_pix=0)
    O_H_NII_K25: nan dex (n_pix=0)
  HII:
    NE_SII: 33.52 +/- 0.09 cm^-3 (n_pix=468319, fixed20=0, exact_high_density=0)
    Te(NII): nan K (n_pix=0)
    O_H_BR24_DIRECT: nan dex (n_pix=0)
    O_H_NII_OII7325: nan dex (n_pix=0)
    O_H_NII_K25: nan dex (n_pix=0)
Further file written ➜ /arc/projects/mauve/products/v3tk_v7.6.8/NGC4321/NGC4321_gas_bin_maps_further.fits
--------------------------------------------------------------
Total non-nan spaxels: 970180
Number of pixels with Halpha not detected: 8364
Number of pixels with Halpha detected, Hbeta not detected: 132726
Number of pixels with Halpha detected, Hbeta detected, NII not detected, OIII not detected and unclassified1: 0
Number of pixels with Halpha detected, Hbeta detected, NII not detected, OIII detected and unclassified1: 0
Number of pixels with Halpha detected, Hbeta detected, NII detected, OIII not detected and unclassified1: 11509
Number of pixels with Halpha detected, Hbeta detected, NII detected, OIII detected and unclassified1: 62029
Number of pixels with Halpha detected, Hbeta detected, SII not detected, OIII not detected and unclassified1: 3489
Number of pixels with Halpha detected, Hbeta detected, SII not detected, OIII detected and unclassified1: 9945
Number of pixels with Halpha detected, Hbeta detected, SII detected, OIII not detected and unclassified1: 8020
Number of pixels with Halpha detected, Hbeta detected, SII detected, OIII detected and unclassified1: 52084
--------------------------------------------------------------
Total Halpha luminosity map sum (detections + upper-limit substitutions): 7.79e+41 erg/s
Total corrected Halpha luminosity from SF region: 7.51e+41 erg/s
Total Halpha SFR map sum (detections + upper-limit substitutions): 3.88 M☉/yr or in log10 scale: 0.59 log(M☉/yr)
Total Halpha SFR from SF region: 3.74 M☉/yr or in log10 scale: 0.57 log(M☉/yr)
Total Halpha SFR from HII region: 3.50 M☉/yr or in log10 scale: 0.54 log(M☉/yr)
--------------------------------------------------------------
[O/H] D16 SF: Total metallicity in SF region:  8.82372517805686
[O/H] PG16 SF: Total metallicity in SF region:  8.564011254305294
[O/H] N2S2-N06 SF: Total metallicity in SF region:  9.112147693603607
[O/H] O3N2-M13 SF: Total metallicity in SF region:  8.576505895787657
[O/H] N2-M13 SF: Total metallicity in SF region:  8.521534403313238
[O/H] O3N2-PP04 SF: Total metallicity in SF region:  8.79505554510304
[O/H] N2-PP04 SF: Total metallicity in SF region:  8.651178620070223
[O/H] O3N2-C20 SF: Total metallicity in SF region:  8.787144845345383
[O/H] O3S2-C20 SF: Total metallicity in SF region:  8.8344825694949
[O/H] RS32-C20 SF: Total metallicity in SF region:  8.803679985727136
[O/H] R3-C20 SF: Total metallicity in SF region:  8.793213884275474
[O/H] N2-C20 SF: Total metallicity in SF region:  8.696440580504158
[O/H] S2-C20 SF: Total metallicity in SF region:  8.83651534020366
[O/H] Combined-C20 SF: Total metallicity in SF region:  8.800254210179745 (weighted 6 methods; dominant S2)
--------------------------------------------------------------
[O/H] D16 HII: Total metallicity in HII region:  8.816506003973068
[O/H] PG16 HII: Total metallicity in HII region:  8.55657994567955
[O/H] N2S2-N06 HII: Total metallicity in HII region:  9.113043255046277
[O/H] O3N2-M13 HII: Total metallicity in HII region:  8.586171154873872
[O/H] N2-M13 HII: Total metallicity in HII region:  8.50722088675059
[O/H] O3N2-PP04 HII: Total metallicity in HII region:  8.809508268970276
[O/H] N2-PP04 HII: Total metallicity in HII region:  8.619635265975836
[O/H] O3N2-C20 HII: Total metallicity in HII region:  8.795788401077056
[O/H] O3S2-C20 HII: Total metallicity in HII region:  8.843208320259668
[O/H] RS32-C20 HII: Total metallicity in HII region:  8.82119863368369
[O/H] R3-C20 HII: Total metallicity in HII region:  8.810559565795444
[O/H] N2-C20 HII: Total metallicity in HII region:  8.676204793705205
[O/H] S2-C20 HII: Total metallicity in HII region:  8.847623761482229
[O/H] Combined-C20 HII: Total metallicity in HII region:  8.809921076524121 (weighted 6 methods; dominant S2)
--------------------------------------------------------------
[O/H] D16: Total metallicity in total region:  8.840699662488184
[O/H] PG16: Total metallicity in total region:  8.577822928001957
[O/H] N2S2-N06: Total metallicity in total region:  9.116878662789265
[O/H] O3N2-M13: Total metallicity in total region:  8.56671058860293
[O/H] N2-M13: Total metallicity in total region:  8.53913416201277
[O/H] O3N2-PP04: Total metallicity in total region:  8.78040835678943
[O/H] N2-PP04: Total metallicity in total region:  8.692074666467656
[O/H] O3N2-C20: Total metallicity in total region:  8.778318055790836
[O/H] O3S2-C20: Total metallicity in total region:  8.824051479234468
[O/H] RS32-C20: Total metallicity in total region:  8.78408123598719
[O/H] R3-C20: Total metallicity in total region:  8.773459285908151
[O/H] N2-C20: Total metallicity in total region:  8.723587113143054
[O/H] S2-C20: Total metallicity in total region:  8.824547410568842
[O/H] Combined-C20: Total metallicity in total region:  8.790028286541153 (weighted 6 methods; dominant S2)
--------------------------------------------------------------
Total runtime: 776.6 s
✅  NGC4321 finished in 13m27s
