Python executable: /arc/home/RongjunHuang/.conda/envs/ICRAR/bin/python
Python 3.13.3
PYTHONUNBUFFERED: 1
Product root     : /arc/projects/mauve/products
Product subdir   : v3tk_v7.6.8
Local fallback   : /arc/home/RongjunHuang/ICRAR/further

Shared input keyword ➜ <none>
Reading gas-line FITS ➜ /arc/projects/mauve/products/v3tk_v7.6.8/NGC4535/NGC4535_gas_bin_maps.fits
Matched binning FITS ➜ /arc/projects/mauve/products/v3tk_v7.6.8/NGC4535/NGC4535_spatial_binning_maps_further.fits
Spatial mask FITS ➜ /arc/projects/mauve/products/v3tk_v7.6.8/NGC4535/NGC4535_mask.fits
Gas-line maps collapsed onto spatial BINID: 18807 bins
Available gas-line flux/error pairs:
  - HB4861
  - OIII4958
  - OIII5006
  - NII5754
  - OI6300
  - SIII6312
  - OI6363
  - NII6548
  - HA6562
  - NII6583
  - SII6716
  - SII6730
  - OII7318
  - OII7319
  - OII7329
  - OII7330
Te-method optional emission-line availability:
  - OIII4958: available
  - NII5754: available
  - SIII6312: available
  - NII6548: available
  - OII7318: available
  - OII7319: available
  - OII7329: available
  - OII7330: available
  - SIII9068: missing
Spatial mask applied: MASKFILE[MASK] table; row-major MASK == 0; keep=525101, masked=22679, finite H-alpha after mask=525101
/arc/home/RongjunHuang/ICRAR/further/SFR+Z.py:1198: RuntimeWarning: divide by zero encountered in divide
  BD = HA6562_FLUX / HB4861_FLUX
--------------------------------------------------------------
Extinction law for k(λ)=A(λ)/E(B−V): calzetti
k(Hβ 4861Å)  = 4.5981   at λ=0.4861 µm
k(Hα 6562Å)  = 3.3264   at λ=0.6562 µm
k([OIII]5006)= 4.4647   at λ=0.5006 µm
k([NII]6583) = 3.3130   at λ=0.6583 µm
k([SII]6716) = 3.2298   at λ=0.6716 µm
k([SII]6730) = 3.2212   at λ=0.6730 µm
k(OIII4958) = 4.5083   at λ=0.4958 µm
k(NII5754) = 3.8531   at λ=0.5755 µm
k(OI6300) = 3.5017   at λ=0.6300 µm
k(SIII6312) = 3.4934   at λ=0.6312 µm
k(OI6363) = 3.4582   at λ=0.6363 µm
k(NII6548) = 3.3355   at λ=0.6548 µm
k(OII7318) = 2.8906   at λ=0.7319 µm
k(OII7319) = 2.8901   at λ=0.7320 µm
k(OII7329) = 2.8854   at λ=0.7329 µm
k(OII7330) = 2.8844   at λ=0.7331 µm
k(SIII9068) = 2.1615   at λ=0.9069 µm (line missing; NaN placeholder)
--------------------------------------------------------------
/arc/home/RongjunHuang/ICRAR/further/SFR+Z.py:2078: RuntimeWarning: divide by zero encountered in divide
  y = np.log10(NII6583_FLUX_corr / (SII6716_FLUX_corr + SII6730_FLUX_corr)) + 0.264*np.log10(NII6583_FLUX_corr / HA6562_FLUX_corr)
/arc/home/RongjunHuang/ICRAR/further/SFR+Z.py:2089: RuntimeWarning: divide by zero encountered in divide
  N2 = NII_scaled / HB4861_FLUX_corr   # N2 = I([N II]λ6548 + λ6584)/I(Hβ)
/arc/home/RongjunHuang/ICRAR/further/SFR+Z.py:2090: RuntimeWarning: divide by zero encountered in divide
  S2 = (SII6716_FLUX_corr + SII6730_FLUX_corr) / HB4861_FLUX_corr  # S2 = I([S II]λ6717 + λ6731)/I(Hβ)
/arc/home/RongjunHuang/ICRAR/further/SFR+Z.py:2090: RuntimeWarning: invalid value encountered in divide
  S2 = (SII6716_FLUX_corr + SII6730_FLUX_corr) / HB4861_FLUX_corr  # S2 = I([S II]λ6717 + λ6731)/I(Hβ)
/arc/home/RongjunHuang/ICRAR/further/SFR+Z.py:2091: RuntimeWarning: divide by zero encountered in divide
  R3 = OIII_scaled / HB4861_FLUX_corr  # R3 = I([O III]λ4959 + λ5007)/I(Hβ) (same value as R2 in this case)
/arc/home/RongjunHuang/ICRAR/further/SFR+Z.py:2091: RuntimeWarning: invalid value encountered in divide
  R3 = OIII_scaled / HB4861_FLUX_corr  # R3 = I([O III]λ4959 + λ5007)/I(Hβ) (same value as R2 in this case)
/arc/home/RongjunHuang/ICRAR/further/SFR+Z.py:2093: RuntimeWarning: invalid value encountered in divide
  log_R3_S2 = np.log10(R3/S2)
/arc/home/RongjunHuang/ICRAR/further/SFR+Z.py:2093: RuntimeWarning: divide by zero encountered in log10
  log_R3_S2 = np.log10(R3/S2)
/arc/home/RongjunHuang/ICRAR/further/SFR+Z.py:2118: RuntimeWarning: invalid value encountered in add
  O_H_PG16[upper_mask] = (a1_upper + a2_upper * log_R3_S2[upper_mask] + a3_upper * log_N2[upper_mask] +
/arc/home/RongjunHuang/ICRAR/further/SFR+Z.py:2143: RuntimeWarning: divide by zero encountered in divide
  n2s2_ratio = np.log10(nii6583_flux / sii_total)
/arc/home/RongjunHuang/ICRAR/further/SFR+Z.py:2188: RuntimeWarning: divide by zero encountered in divide
  oiii_hb = oiii5006_flux / hb4861_flux
/arc/home/RongjunHuang/ICRAR/further/SFR+Z.py:2188: RuntimeWarning: invalid value encountered in divide
  oiii_hb = oiii5006_flux / hb4861_flux
/arc/home/RongjunHuang/ICRAR/further/SFR+Z.py:2190: RuntimeWarning: divide by zero encountered in log10
  o3n2_ratio = np.log10(oiii_hb / nii_ha)
/arc/home/RongjunHuang/ICRAR/further/SFR+Z.py:2235: RuntimeWarning: divide by zero encountered in divide
  oiii_hb = oiii5006_flux / hb4861_flux
/arc/home/RongjunHuang/ICRAR/further/SFR+Z.py:2235: RuntimeWarning: invalid value encountered in divide
  oiii_hb = oiii5006_flux / hb4861_flux
/arc/home/RongjunHuang/ICRAR/further/SFR+Z.py:2237: RuntimeWarning: divide by zero encountered in log10
  o3n2_ratio = np.log10(oiii_hb / nii_ha)
/arc/home/RongjunHuang/ICRAR/further/SFR+Z.py:2294: RuntimeWarning: divide by zero encountered in divide
  oiii_hb = oiii5006_flux / hb4861_flux
/arc/home/RongjunHuang/ICRAR/further/SFR+Z.py:2294: RuntimeWarning: invalid value encountered in divide
  oiii_hb = oiii5006_flux / hb4861_flux
/arc/home/RongjunHuang/ICRAR/further/SFR+Z.py:2296: RuntimeWarning: divide by zero encountered in log10
  o3n2_ratio = np.log10(oiii_hb / nii_ha)
/arc/home/RongjunHuang/ICRAR/further/SFR+Z.py:2396: RuntimeWarning: divide by zero encountered in divide
  oiii_hb = oiii5006_flux / hb4861_flux
/arc/home/RongjunHuang/ICRAR/further/SFR+Z.py:2396: RuntimeWarning: invalid value encountered in divide
  oiii_hb = oiii5006_flux / hb4861_flux
/arc/home/RongjunHuang/ICRAR/further/SFR+Z.py:2399: RuntimeWarning: divide by zero encountered in divide
  sii_hb = sii_total / hb4861_flux
/arc/home/RongjunHuang/ICRAR/further/SFR+Z.py:2399: RuntimeWarning: invalid value encountered in divide
  sii_hb = sii_total / hb4861_flux
/arc/home/RongjunHuang/ICRAR/further/SFR+Z.py:2402: RuntimeWarning: invalid value encountered in divide
  o3s2_ratio = np.log10(oiii_hb / sii_hb)
/arc/home/RongjunHuang/ICRAR/further/SFR+Z.py:2402: RuntimeWarning: divide by zero encountered in log10
  o3s2_ratio = np.log10(oiii_hb / sii_hb)
Calculating all 6 C20 metallicities for NGC4535...
Combined C20 metallicity: median = 8.742, range = (8.422, 8.920)
Combined C20 dominant-weight method usage: O3N2=62101, O3S2=0, RS32=22127, R3=290617, N2=577, S2=140775
Galaxy NGC4535 inclination: 48.0° (cos θ = 0.669)
Inclination correction ENABLED: applying b/a = 0.685 (adopting intrinsic thickness q₀ = 0.2 for disc galaxy)
/arc/home/RongjunHuang/ICRAR/further/SFR+Z.py:3111: RuntimeWarning: divide by zero encountered in log10
  logS2  = np.log10((SII6716_FLUX_corr+SII6730_FLUX_corr) / HA6562_FLUX_corr)   # Σ[S II]/Hα
/arc/home/RongjunHuang/ICRAR/further/SFR+Z.py:3112: RuntimeWarning: divide by zero encountered in divide
  logO3  = np.log10(OIII5006_FLUX_corr / HB4861_FLUX_corr)       # [O III]/Hβ
/arc/home/RongjunHuang/ICRAR/further/SFR+Z.py:3112: RuntimeWarning: invalid value encountered in divide
  logO3  = np.log10(OIII5006_FLUX_corr / HB4861_FLUX_corr)       # [O III]/Hβ
/arc/home/RongjunHuang/ICRAR/further/SFR+Z.py:3112: RuntimeWarning: divide by zero encountered in log10
  logO3  = np.log10(OIII5006_FLUX_corr / HB4861_FLUX_corr)       # [O III]/Hβ
/arc/home/RongjunHuang/ICRAR/further/SFR+Z.py:3200: RuntimeWarning: invalid value encountered in add
  mask_N2_up, mask_S2_up = apply_bpt_masks(logN2=logN2, logS2=logS2, logO3=logO3+logO3_err)
--------------------------------------------------------------
HII-region model-grid inference
pyqz/NebulaBayes six-line corrected-input aperture: 299942 pixels in 10753 unique spatial bins; no extra S/N cut
JY22 six-line raw-input aperture: 299942 pixels in 10753 unique spatial bins; no extra S/N cut
Python interpreter: /arc/home/RongjunHuang/.conda/envs/ICRAR/bin/python
pyqz/NebulaBayes compatibility layer: model_grid_compat.py
pyqz 0.8.4.0: diagnostic=[NII]/[SII]+;[OIII]/[SII]+; Pk=5.0; struct=pp; kappa=inf; sampling=2; srs=800; KDE=multiv; seed=20260823; nproc=1
pyqz runtime overlay: /tmp/pyqz084-runtime-qq64f_s3/pyqz/__init__.py
pyqz grid identity: MAPPINGS V HII Region Grid: QZ pp_GCZO_Pk50_kinf
pyqz bins: 1/10753 spectra complete (BINID 0, 0.8 s)
pyqz bins: 1075/10753 spectra complete (BINID 1750, 1239.0 s)
pyqz bins: 2150/10753 spectra complete (BINID 4054, 2468.7 s)
pyqz bins: 3225/10753 spectra complete (BINID 5861, 3617.9 s)
pyqz bins: 4300/10753 spectra complete (BINID 8514, 4498.5 s)
pyqz bins: 5375/10753 spectra complete (BINID 10484, 5101.6 s)
pyqz bins: 6450/10753 spectra complete (BINID 12660, 5574.6 s)
pyqz bins: 7525/10753 spectra complete (BINID 14368, 5841.6 s)
pyqz bins: 8600/10753 spectra complete (BINID 15755, 6062.8 s)
pyqz bins: 9675/10753 spectra complete (BINID 17363, 6282.6 s)
pyqz bins: 10750/10753 spectra complete (BINID 18800, 6488.7 s)
pyqz bins: 10753/10753 spectra complete (BINID 18804, 6489.3 s)
pyqz bins: 1 per-spectrum exception(s)
  BINID(s) 17501: UnboundLocalError: cannot access local variable 'path' where it is not associated with a value
Initialising NebulaBayes (v0.9.9) model...
INFO Initialising NebulaBayes (v0.9.9) model...
Loading input grid data...
INFO Loading input grid data...
Building flux arrays for the model grids...
INFO Building flux arrays for the model grids...
Resampling model emission line flux grids to shape (40, 20, 160) using linear interpolation...
INFO Resampling model emission line flux grids to shape (40, 20, 160) using linear interpolation...
    Interpolating for Hbeta...
INFO     Interpolating for Hbeta...
    Interpolating for OIII5007...
INFO     Interpolating for OIII5007...
    Interpolating for Halpha...
INFO     Interpolating for Halpha...
    Interpolating for NII6583...
INFO     Interpolating for NII6583...
    Interpolating for SII6716...
INFO     Interpolating for SII6716...
    Interpolating for SII6731...
INFO     Interpolating for SII6731...
Interpolated flux grid size is 1.02MB for 1 line and 6.14MB total for all 6 lines
DEBUG Interpolated flux grid size is 1.02MB for 1 line and 6.14MB total for all 6 lines
NebulaBayes 0.9.9: grid=/arc/home/RongjunHuang/.conda/envs/ICRAR/lib/python3.13/site-packages/NebulaBayes/grids/NB_HII_grid.fits.gz; parameters=['log U', 'log P/k', '12 + log O/H']; shape=(40, 20, 160); order=1; grid_error=0.1; norm=Hbeta; deredden=False; prior=Uniform
NebulaBayes bins: 1/10753 spectra complete (BINID 0, 0.0 s)
NebulaBayes bins: 1075/10753 spectra complete (BINID 1750, 17.5 s)
NebulaBayes bins: 2150/10753 spectra complete (BINID 4054, 34.9 s)
NebulaBayes bins: 3225/10753 spectra complete (BINID 5861, 52.4 s)
NebulaBayes bins: 4300/10753 spectra complete (BINID 8514, 69.9 s)
NebulaBayes bins: 5375/10753 spectra complete (BINID 10484, 87.3 s)
NebulaBayes bins: 6450/10753 spectra complete (BINID 12660, 104.6 s)
NebulaBayes bins: 7525/10753 spectra complete (BINID 14368, 122.0 s)
NebulaBayes bins: 8600/10753 spectra complete (BINID 15755, 139.6 s)
NebulaBayes bins: 9675/10753 spectra complete (BINID 17363, 157.2 s)
NebulaBayes bins: 10750/10753 spectra complete (BINID 18800, 175.0 s)
NebulaBayes bins: 10753/10753 spectra complete (BINID 18804, 175.1 s)
NebulaBayes bins: no per-spectrum exceptions
JY22/Peng2026: raw close-pair ratios=N2,S2,R3; posterior means with marginal equal-tailed p16/p84; full raw-ratio covariance; post-depletion O/H=pre-depletion-0.22; nominal fit_ok chi2<=9; error inflation=1.0
JY22 grid: /arc/home/RongjunHuang/ICRAR/further/Peng2026/photoionization_models/photoionization_grid_interpolated.fits; sha256=d7a219b60c9a1ea8b29339988c84b1832028b28b3c417d1c3c58b420831eb38a; requested logU=(-4.0, -0.5); retained logU=(-4.0, -0.5384615384615388); solar O/H=8.69
JY22 bins: 1/10753 spectra complete (BINID 0, 0.0 s)
JY22 bins: 1075/10753 spectra complete (BINID 1750, 0.3 s)
JY22 bins: 2150/10753 spectra complete (BINID 4054, 0.5 s)
JY22 bins: 3225/10753 spectra complete (BINID 5861, 0.8 s)
JY22 bins: 4300/10753 spectra complete (BINID 8514, 1.0 s)
JY22 bins: 5375/10753 spectra complete (BINID 10484, 1.3 s)
JY22 bins: 6450/10753 spectra complete (BINID 12660, 1.5 s)
JY22 bins: 7525/10753 spectra complete (BINID 14368, 1.8 s)
JY22 bins: 8600/10753 spectra complete (BINID 15755, 2.0 s)
JY22 bins: 9675/10753 spectra complete (BINID 17363, 2.3 s)
JY22 bins: 10750/10753 spectra complete (BINID 18800, 2.5 s)
JY22 bins: 10753/10753 spectra complete (BINID 18804, 2.5 s)
JY22 bins: no per-spectrum exceptions
/tmp/pyqz084-runtime-qq64f_s3/pyqz/pyqz.py:849: RuntimeWarning: invalid value encountered in divide
  gridZ/= peak_val
pyqz integrated HII: no per-spectrum exceptions
/tmp/pyqz084-runtime-qq64f_s3/pyqz/pyqz.py:849: RuntimeWarning: invalid value encountered in divide
  gridZ/= peak_val
pyqz integrated SF: no per-spectrum exceptions
NebulaBayes integrated: no per-spectrum exceptions
JY22 integrated: no per-spectrum exceptions
Integrated HII/SF model-grid results (common six-line raw aperture)
  HII: 207986 pixels, 7296 bins; integrated E(B-V)=0.33299+/-0.00004
    pyqz: O/H=nan+/-nan; LogQ=nan+/-nan; logU=nan+/-nan; flag=1234; off-grid=0.00%; valid=0 (uncertainties: 0.61 KDE contour)
    NebulaBayes means: O/H=8.86850 [8.82436, 8.92311]; logU=-2.99331 [-3.07692, -2.92308]; log(P/k)=4.93956 [-inf, 5.58947]; sampled modes=(8.85258, -2.97436, 4.20000); reliable=(1, 1, 0); chi2_red=3.382e+05; nlocalmax=2; flag=12; valid=1
    JY22 gas O/H=8.87764 [8.87764, 8.87764]; pre-depletion O/H=9.09764 [9.09764, 9.09764]; logU=-1.05128 [-1.05128, -1.05128]; chi2_min=4.23e+06; residuals(N2,S2,R3)=(-0.0117, -0.0240, -0.1025); residual norm=0.1059; fit_ok=0; flag=32; valid=1 (posterior means; marginal equal-tailed p16/p84)
  SF: 299942 pixels, 10753 bins; integrated E(B-V)=0.32610+/-0.00004
    pyqz: O/H=nan+/-nan; LogQ=nan+/-nan; logU=nan+/-nan; flag=1234; off-grid=0.00%; valid=0 (uncertainties: 0.61 KDE contour)
    NebulaBayes means: O/H=8.82683 [8.78204, 8.86669]; logU=-3.02405 [-3.12821, -2.92308]; log(P/k)=5.01179 [4.43158, 5.82105]; sampled modes=(8.82436, -3.02564, 4.43158); reliable=(1, 1, 0); chi2_red=1.444e+05; nlocalmax=2; flag=4; valid=1
    JY22 gas O/H=8.87764 [8.87764, 8.87764]; pre-depletion O/H=9.09764 [9.09764, 9.09764]; logU=-1.05128 [-1.05128, -1.05128]; chi2_min=8.406e+05; residuals(N2,S2,R3)=(0.0088, 0.0015, -0.0404); residual norm=0.0414; fit_ok=0; flag=32; valid=1 (posterior means; marginal equal-tailed p16/p84)
Model covariance note: JY22 uses the full first-order N2/S2/R3 covariance from raw close-pair ratios and shared denominators; pyqz/NebulaBayes independent-error APIs do not represent the analogous shared covariance.
--------------------------------------------------------------
Loaded SII density lookup table: /arc/home/RongjunHuang/ICRAR/further/pyneb_sii_6716_6731_density_lookup_te8000_13000_step1000_ne20_100000_n4096.npz
PyNeb Te-method valid-pixel counts:
  NE_SII finite pixels: 340847
  NE_SII fixed at 20 cm^-3: 149410/340847 (43.8%)
  NE_SII exact high-density fallback pixels: 0
  NE_SII_ALL finite pixels: 525101
  Te(NII) HII pixels: 0
  Te(NII) SF pixels: 0
  Brazzini+2024 direct HII pixels: 0
  Brazzini+2024 direct SF pixels: 0
  NII+OII7325 semi-direct HII pixels: 0
  NII+OII7325 semi-direct SF pixels: 0
  Kreckel+2025 NII-only HII pixels: 0
  Kreckel+2025 NII-only SF pixels: 0
Integrated PyNeb Te-method values:
  SF:
    NE_SII: 56.82 +/- 0.11 cm^-3 (n_pix=264125, fixed20=0, exact_high_density=0)
    Te(NII): nan K (n_pix=0)
    O_H_BR24_DIRECT: nan dex (n_pix=0)
    O_H_NII_OII7325: nan dex (n_pix=0)
    O_H_NII_K25: nan dex (n_pix=0)
  HII:
    NE_SII: 59.79 +/- 0.11 cm^-3 (n_pix=195382, fixed20=0, exact_high_density=0)
    Te(NII): nan K (n_pix=0)
    O_H_BR24_DIRECT: nan dex (n_pix=0)
    O_H_NII_OII7325: nan dex (n_pix=0)
    O_H_NII_K25: nan dex (n_pix=0)
Further file written ➜ /arc/projects/mauve/products/v3tk_v7.6.8/NGC4535/NGC4535_gas_bin_maps_further.fits
--------------------------------------------------------------
Total non-nan spaxels: 525101
Number of pixels with Halpha not detected: 776
Number of pixels with Halpha detected, Hbeta not detected: 129911
Number of pixels with Halpha detected, Hbeta detected, NII not detected, OIII not detected and unclassified1: 0
Number of pixels with Halpha detected, Hbeta detected, NII not detected, OIII detected and unclassified1: 0
Number of pixels with Halpha detected, Hbeta detected, NII detected, OIII not detected and unclassified1: 20565
Number of pixels with Halpha detected, Hbeta detected, NII detected, OIII detected and unclassified1: 38907
Number of pixels with Halpha detected, Hbeta detected, SII not detected, OIII not detected and unclassified1: 9738
Number of pixels with Halpha detected, Hbeta detected, SII not detected, OIII detected and unclassified1: 15785
Number of pixels with Halpha detected, Hbeta detected, SII detected, OIII not detected and unclassified1: 10827
Number of pixels with Halpha detected, Hbeta detected, SII detected, OIII detected and unclassified1: 23122
--------------------------------------------------------------
Total Halpha luminosity map sum (detections + upper-limit substitutions): 2.68e+41 erg/s
Total corrected Halpha luminosity from SF region: 2.59e+41 erg/s
Total Halpha SFR map sum (detections + upper-limit substitutions): 1.34 M☉/yr or in log10 scale: 0.13 log(M☉/yr)
Total Halpha SFR from SF region: 1.29 M☉/yr or in log10 scale: 0.11 log(M☉/yr)
Total Halpha SFR from HII region: 1.22 M☉/yr or in log10 scale: 0.09 log(M☉/yr)
--------------------------------------------------------------
[O/H] D16 SF: Total metallicity in SF region:  8.801527976725483
[O/H] PG16 SF: Total metallicity in SF region:  8.559930268234222
[O/H] N2S2-N06 SF: Total metallicity in SF region:  9.092173233234004
[O/H] O3N2-M13 SF: Total metallicity in SF region:  8.584538101529965
[O/H] N2-M13 SF: Total metallicity in SF region:  8.529699451900898
[O/H] O3N2-PP04 SF: Total metallicity in SF region:  8.80706632004481
[O/H] N2-PP04 SF: Total metallicity in SF region:  8.669856401722923
[O/H] O3N2-C20 SF: Total metallicity in SF region:  8.794332517948439
[O/H] O3S2-C20 SF: Total metallicity in SF region:  8.847106882526138
[O/H] RS32-C20 SF: Total metallicity in SF region:  8.798945593710508
[O/H] R3-C20 SF: Total metallicity in SF region:  8.79779012011658
[O/H] N2-C20 SF: Total metallicity in SF region:  8.708661381988911
[O/H] S2-C20 SF: Total metallicity in SF region:  8.819685137659528
[O/H] Combined-C20 SF: Total metallicity in SF region:  8.798847638502286 (weighted 6 methods; dominant S2)
--------------------------------------------------------------
[O/H] D16 HII: Total metallicity in HII region:  8.801356527682476
[O/H] PG16 HII: Total metallicity in HII region:  8.555917192462152
[O/H] N2S2-N06 HII: Total metallicity in HII region:  9.096219031731758
[O/H] O3N2-M13 HII: Total metallicity in HII region:  8.593508963390716
[O/H] N2-M13 HII: Total metallicity in HII region:  8.5202074377844
[O/H] O3N2-PP04 HII: Total metallicity in HII region:  8.8204806929207
[O/H] N2-PP04 HII: Total metallicity in HII region:  8.648190625861135
[O/H] O3N2-C20 HII: Total metallicity in HII region:  8.802307633016078
[O/H] O3S2-C20 HII: Total metallicity in HII region:  8.854298361308109
[O/H] RS32-C20 HII: Total metallicity in HII region:  8.812913579527997
[O/H] R3-C20 HII: Total metallicity in HII region:  8.81194397068745
[O/H] N2-C20 HII: Total metallicity in HII region:  8.694505852849485
[O/H] S2-C20 HII: Total metallicity in HII region:  8.829844877160404
[O/H] Combined-C20 HII: Total metallicity in HII region:  8.807380219206937 (weighted 6 methods; dominant S2)
--------------------------------------------------------------
[O/H] D16: Total metallicity in total region:  8.804792457656708
[O/H] PG16: Total metallicity in total region:  8.569870474122283
[O/H] N2S2-N06: Total metallicity in total region:  9.087434117940136
[O/H] O3N2-M13: Total metallicity in total region:  8.568959324853546
[O/H] N2-M13: Total metallicity in total region:  8.545979521753434
[O/H] O3N2-PP04: Total metallicity in total region:  8.783770953052032
[O/H] N2-PP04: Total metallicity in total region:  8.708630896115842
[O/H] O3N2-C20: Total metallicity in total region:  8.780350486288096
[O/H] O3S2-C20: Total metallicity in total region:  8.83389850874371
[O/H] RS32-C20: Total metallicity in total region:  8.774123541845363
[O/H] R3-C20: Total metallicity in total region:  8.772424854837187
[O/H] N2-C20: Total metallicity in total region:  8.735103777048089
[O/H] S2-C20: Total metallicity in total region:  8.801391469342507
[O/H] Combined-C20: Total metallicity in total region:  8.783691972711628 (weighted 6 methods; dominant S2)
--------------------------------------------------------------
Total runtime: 7563.5 s
✅  NGC4535 finished in 126m9s
