Python executable: /arc/home/RongjunHuang/.conda/envs/ICRAR/bin/python
Python 3.13.3
PYTHONUNBUFFERED: 1
Product root     : /arc/projects/mauve/products
Product subdir   : v3tk_v7.6.8
Local fallback   : /arc/home/RongjunHuang/ICRAR/further

Shared input keyword ➜ <none>
Reading gas-line FITS ➜ /arc/projects/mauve/products/v3tk_v7.6.8/NGC4380/NGC4380_gas_bin_maps.fits
Matched binning FITS ➜ /arc/projects/mauve/products/v3tk_v7.6.8/NGC4380/NGC4380_spatial_binning_maps_further.fits
Spatial mask FITS ➜ /arc/projects/mauve/products/v3tk_v7.6.8/NGC4380/NGC4380_mask.fits
Gas-line maps collapsed onto spatial BINID: 8706 bins
Available gas-line flux/error pairs:
  - HB4861
  - OIII4958
  - OIII5006
  - NII5754
  - OI6300
  - SIII6312
  - OI6363
  - NII6548
  - HA6562
  - NII6583
  - SII6716
  - SII6730
  - OII7318
  - OII7319
  - OII7329
  - OII7330
Te-method optional emission-line availability:
  - OIII4958: available
  - NII5754: available
  - SIII6312: available
  - NII6548: available
  - OII7318: available
  - OII7319: available
  - OII7329: available
  - OII7330: available
  - SIII9068: missing
Spatial mask applied: MASKFILE[MASK] table; row-major MASK == 0; keep=502080, masked=507468, finite H-alpha after mask=502080
/arc/home/RongjunHuang/ICRAR/further/SFR+Z.py:1198: RuntimeWarning: divide by zero encountered in divide
  BD = HA6562_FLUX / HB4861_FLUX
/arc/home/RongjunHuang/ICRAR/further/SFR+Z.py:1198: RuntimeWarning: invalid value encountered in divide
  BD = HA6562_FLUX / HB4861_FLUX
--------------------------------------------------------------
Extinction law for k(λ)=A(λ)/E(B−V): calzetti
k(Hβ 4861Å)  = 4.5981   at λ=0.4861 µm
k(Hα 6562Å)  = 3.3264   at λ=0.6562 µm
k([OIII]5006)= 4.4647   at λ=0.5006 µm
k([NII]6583) = 3.3130   at λ=0.6583 µm
k([SII]6716) = 3.2298   at λ=0.6716 µm
k([SII]6730) = 3.2212   at λ=0.6730 µm
k(OIII4958) = 4.5083   at λ=0.4958 µm
k(NII5754) = 3.8531   at λ=0.5755 µm
k(OI6300) = 3.5017   at λ=0.6300 µm
k(SIII6312) = 3.4934   at λ=0.6312 µm
k(OI6363) = 3.4582   at λ=0.6363 µm
k(NII6548) = 3.3355   at λ=0.6548 µm
k(OII7318) = 2.8906   at λ=0.7319 µm
k(OII7319) = 2.8901   at λ=0.7320 µm
k(OII7329) = 2.8854   at λ=0.7329 µm
k(OII7330) = 2.8844   at λ=0.7331 µm
k(SIII9068) = 2.1615   at λ=0.9069 µm (line missing; NaN placeholder)
--------------------------------------------------------------
/arc/home/RongjunHuang/ICRAR/further/SFR+Z.py:2078: RuntimeWarning: divide by zero encountered in divide
  y = np.log10(NII6583_FLUX_corr / (SII6716_FLUX_corr + SII6730_FLUX_corr)) + 0.264*np.log10(NII6583_FLUX_corr / HA6562_FLUX_corr)
/arc/home/RongjunHuang/ICRAR/further/SFR+Z.py:2078: RuntimeWarning: invalid value encountered in divide
  y = np.log10(NII6583_FLUX_corr / (SII6716_FLUX_corr + SII6730_FLUX_corr)) + 0.264*np.log10(NII6583_FLUX_corr / HA6562_FLUX_corr)
/arc/home/RongjunHuang/ICRAR/further/SFR+Z.py:2078: RuntimeWarning: divide by zero encountered in log10
  y = np.log10(NII6583_FLUX_corr / (SII6716_FLUX_corr + SII6730_FLUX_corr)) + 0.264*np.log10(NII6583_FLUX_corr / HA6562_FLUX_corr)
/arc/home/RongjunHuang/ICRAR/further/SFR+Z.py:2089: RuntimeWarning: divide by zero encountered in divide
  N2 = NII_scaled / HB4861_FLUX_corr   # N2 = I([N II]λ6548 + λ6584)/I(Hβ)
/arc/home/RongjunHuang/ICRAR/further/SFR+Z.py:2089: RuntimeWarning: invalid value encountered in divide
  N2 = NII_scaled / HB4861_FLUX_corr   # N2 = I([N II]λ6548 + λ6584)/I(Hβ)
/arc/home/RongjunHuang/ICRAR/further/SFR+Z.py:2090: RuntimeWarning: divide by zero encountered in divide
  S2 = (SII6716_FLUX_corr + SII6730_FLUX_corr) / HB4861_FLUX_corr  # S2 = I([S II]λ6717 + λ6731)/I(Hβ)
/arc/home/RongjunHuang/ICRAR/further/SFR+Z.py:2090: RuntimeWarning: invalid value encountered in divide
  S2 = (SII6716_FLUX_corr + SII6730_FLUX_corr) / HB4861_FLUX_corr  # S2 = I([S II]λ6717 + λ6731)/I(Hβ)
/arc/home/RongjunHuang/ICRAR/further/SFR+Z.py:2091: RuntimeWarning: divide by zero encountered in divide
  R3 = OIII_scaled / HB4861_FLUX_corr  # R3 = I([O III]λ4959 + λ5007)/I(Hβ) (same value as R2 in this case)
/arc/home/RongjunHuang/ICRAR/further/SFR+Z.py:2091: RuntimeWarning: invalid value encountered in divide
  R3 = OIII_scaled / HB4861_FLUX_corr  # R3 = I([O III]λ4959 + λ5007)/I(Hβ) (same value as R2 in this case)
/arc/home/RongjunHuang/ICRAR/further/SFR+Z.py:2093: RuntimeWarning: divide by zero encountered in divide
  log_R3_S2 = np.log10(R3/S2)
/arc/home/RongjunHuang/ICRAR/further/SFR+Z.py:2093: RuntimeWarning: invalid value encountered in divide
  log_R3_S2 = np.log10(R3/S2)
/arc/home/RongjunHuang/ICRAR/further/SFR+Z.py:2093: RuntimeWarning: divide by zero encountered in log10
  log_R3_S2 = np.log10(R3/S2)
/arc/home/RongjunHuang/ICRAR/further/SFR+Z.py:2094: RuntimeWarning: divide by zero encountered in log10
  log_N2 = np.log10(N2)
/arc/home/RongjunHuang/ICRAR/further/SFR+Z.py:2095: RuntimeWarning: divide by zero encountered in log10
  log_S2 = np.log10(S2)
/arc/home/RongjunHuang/ICRAR/further/SFR+Z.py:2118: RuntimeWarning: invalid value encountered in add
  O_H_PG16[upper_mask] = (a1_upper + a2_upper * log_R3_S2[upper_mask] + a3_upper * log_N2[upper_mask] +
/arc/home/RongjunHuang/ICRAR/further/SFR+Z.py:2121: RuntimeWarning: invalid value encountered in add
  O_H_PG16[lower_mask] = (a1_lower + a2_lower * log_R3_S2[lower_mask] + a3_lower * log_N2[lower_mask] +
/arc/home/RongjunHuang/ICRAR/further/SFR+Z.py:2122: RuntimeWarning: invalid value encountered in add
  (a4_lower + a5_lower * log_R3_S2[lower_mask] + a6_lower * log_N2[lower_mask]) * log_S2[lower_mask])
/arc/home/RongjunHuang/ICRAR/further/SFR+Z.py:2143: RuntimeWarning: divide by zero encountered in divide
  n2s2_ratio = np.log10(nii6583_flux / sii_total)
/arc/home/RongjunHuang/ICRAR/further/SFR+Z.py:2143: RuntimeWarning: invalid value encountered in divide
  n2s2_ratio = np.log10(nii6583_flux / sii_total)
/arc/home/RongjunHuang/ICRAR/further/SFR+Z.py:2143: RuntimeWarning: divide by zero encountered in log10
  n2s2_ratio = np.log10(nii6583_flux / sii_total)
/arc/home/RongjunHuang/ICRAR/further/SFR+Z.py:2188: RuntimeWarning: divide by zero encountered in divide
  oiii_hb = oiii5006_flux / hb4861_flux
/arc/home/RongjunHuang/ICRAR/further/SFR+Z.py:2188: RuntimeWarning: invalid value encountered in divide
  oiii_hb = oiii5006_flux / hb4861_flux
/arc/home/RongjunHuang/ICRAR/further/SFR+Z.py:2189: RuntimeWarning: divide by zero encountered in divide
  nii_ha = nii6583_flux / ha6562_flux
/arc/home/RongjunHuang/ICRAR/further/SFR+Z.py:2190: RuntimeWarning: divide by zero encountered in divide
  o3n2_ratio = np.log10(oiii_hb / nii_ha)
/arc/home/RongjunHuang/ICRAR/further/SFR+Z.py:2190: RuntimeWarning: invalid value encountered in divide
  o3n2_ratio = np.log10(oiii_hb / nii_ha)
/arc/home/RongjunHuang/ICRAR/further/SFR+Z.py:2190: RuntimeWarning: divide by zero encountered in log10
  o3n2_ratio = np.log10(oiii_hb / nii_ha)
/arc/home/RongjunHuang/ICRAR/further/SFR+Z.py:2212: RuntimeWarning: divide by zero encountered in divide
  n2_ratio = np.log10(nii6583_flux / ha6562_flux)
/arc/home/RongjunHuang/ICRAR/further/SFR+Z.py:2212: RuntimeWarning: divide by zero encountered in log10
  n2_ratio = np.log10(nii6583_flux / ha6562_flux)
/arc/home/RongjunHuang/ICRAR/further/SFR+Z.py:2235: RuntimeWarning: divide by zero encountered in divide
  oiii_hb = oiii5006_flux / hb4861_flux
/arc/home/RongjunHuang/ICRAR/further/SFR+Z.py:2235: RuntimeWarning: invalid value encountered in divide
  oiii_hb = oiii5006_flux / hb4861_flux
/arc/home/RongjunHuang/ICRAR/further/SFR+Z.py:2236: RuntimeWarning: divide by zero encountered in divide
  nii_ha = nii6583_flux / ha6562_flux
/arc/home/RongjunHuang/ICRAR/further/SFR+Z.py:2237: RuntimeWarning: divide by zero encountered in divide
  o3n2_ratio = np.log10(oiii_hb / nii_ha)
/arc/home/RongjunHuang/ICRAR/further/SFR+Z.py:2237: RuntimeWarning: invalid value encountered in divide
  o3n2_ratio = np.log10(oiii_hb / nii_ha)
/arc/home/RongjunHuang/ICRAR/further/SFR+Z.py:2237: RuntimeWarning: divide by zero encountered in log10
  o3n2_ratio = np.log10(oiii_hb / nii_ha)
/arc/home/RongjunHuang/ICRAR/further/SFR+Z.py:2259: RuntimeWarning: divide by zero encountered in divide
  n2_ratio = np.log10(nii6583_flux / ha6562_flux)
/arc/home/RongjunHuang/ICRAR/further/SFR+Z.py:2259: RuntimeWarning: divide by zero encountered in log10
  n2_ratio = np.log10(nii6583_flux / ha6562_flux)
/arc/home/RongjunHuang/ICRAR/further/SFR+Z.py:2294: RuntimeWarning: divide by zero encountered in divide
  oiii_hb = oiii5006_flux / hb4861_flux
/arc/home/RongjunHuang/ICRAR/further/SFR+Z.py:2294: RuntimeWarning: invalid value encountered in divide
  oiii_hb = oiii5006_flux / hb4861_flux
/arc/home/RongjunHuang/ICRAR/further/SFR+Z.py:2295: RuntimeWarning: divide by zero encountered in divide
  nii_ha = nii6583_flux / ha6562_flux
/arc/home/RongjunHuang/ICRAR/further/SFR+Z.py:2296: RuntimeWarning: divide by zero encountered in divide
  o3n2_ratio = np.log10(oiii_hb / nii_ha)
/arc/home/RongjunHuang/ICRAR/further/SFR+Z.py:2296: RuntimeWarning: invalid value encountered in divide
  o3n2_ratio = np.log10(oiii_hb / nii_ha)
/arc/home/RongjunHuang/ICRAR/further/SFR+Z.py:2296: RuntimeWarning: divide by zero encountered in log10
  o3n2_ratio = np.log10(oiii_hb / nii_ha)
/arc/home/RongjunHuang/ICRAR/further/SFR+Z.py:2396: RuntimeWarning: divide by zero encountered in divide
  oiii_hb = oiii5006_flux / hb4861_flux
/arc/home/RongjunHuang/ICRAR/further/SFR+Z.py:2396: RuntimeWarning: invalid value encountered in divide
  oiii_hb = oiii5006_flux / hb4861_flux
/arc/home/RongjunHuang/ICRAR/further/SFR+Z.py:2399: RuntimeWarning: divide by zero encountered in divide
  sii_hb = sii_total / hb4861_flux
/arc/home/RongjunHuang/ICRAR/further/SFR+Z.py:2399: RuntimeWarning: invalid value encountered in divide
  sii_hb = sii_total / hb4861_flux
/arc/home/RongjunHuang/ICRAR/further/SFR+Z.py:2402: RuntimeWarning: divide by zero encountered in divide
  o3s2_ratio = np.log10(oiii_hb / sii_hb)
/arc/home/RongjunHuang/ICRAR/further/SFR+Z.py:2402: RuntimeWarning: invalid value encountered in divide
  o3s2_ratio = np.log10(oiii_hb / sii_hb)
/arc/home/RongjunHuang/ICRAR/further/SFR+Z.py:2402: RuntimeWarning: divide by zero encountered in log10
  o3s2_ratio = np.log10(oiii_hb / sii_hb)
Calculating all 6 C20 metallicities for NGC4380...
Combined C20 metallicity: median = 8.733, range = (8.063, 8.942)
Combined C20 dominant-weight method usage: O3N2=98825, O3S2=3280, RS32=43333, R3=174075, N2=8645, S2=124930
Galaxy NGC4380 inclination: 61.0° (cos θ = 0.485)
Inclination correction ENABLED: applying b/a = 0.515 (adopting intrinsic thickness q₀ = 0.2 for disc galaxy)
/arc/home/RongjunHuang/ICRAR/further/SFR+Z.py:3110: RuntimeWarning: divide by zero encountered in divide
  logN2  = np.log10(NII6583_FLUX_corr / HA6562_FLUX_corr)        # [N II]/Hα
/arc/home/RongjunHuang/ICRAR/further/SFR+Z.py:3110: RuntimeWarning: divide by zero encountered in log10
  logN2  = np.log10(NII6583_FLUX_corr / HA6562_FLUX_corr)        # [N II]/Hα
/arc/home/RongjunHuang/ICRAR/further/SFR+Z.py:3111: RuntimeWarning: divide by zero encountered in divide
  logS2  = np.log10((SII6716_FLUX_corr+SII6730_FLUX_corr) / HA6562_FLUX_corr)   # Σ[S II]/Hα
/arc/home/RongjunHuang/ICRAR/further/SFR+Z.py:3111: RuntimeWarning: divide by zero encountered in log10
  logS2  = np.log10((SII6716_FLUX_corr+SII6730_FLUX_corr) / HA6562_FLUX_corr)   # Σ[S II]/Hα
/arc/home/RongjunHuang/ICRAR/further/SFR+Z.py:3112: RuntimeWarning: divide by zero encountered in divide
  logO3  = np.log10(OIII5006_FLUX_corr / HB4861_FLUX_corr)       # [O III]/Hβ
/arc/home/RongjunHuang/ICRAR/further/SFR+Z.py:3112: RuntimeWarning: invalid value encountered in divide
  logO3  = np.log10(OIII5006_FLUX_corr / HB4861_FLUX_corr)       # [O III]/Hβ
/arc/home/RongjunHuang/ICRAR/further/SFR+Z.py:3112: RuntimeWarning: divide by zero encountered in log10
  logO3  = np.log10(OIII5006_FLUX_corr / HB4861_FLUX_corr)       # [O III]/Hβ
/arc/home/RongjunHuang/ICRAR/further/SFR+Z.py:3198: RuntimeWarning: invalid value encountered in add
  mask_N2_right, mask_S2_right = apply_bpt_masks(logN2=logN2+logN2_err, logS2=logS2+logS2_err, logO3=logO3)
/arc/home/RongjunHuang/ICRAR/further/SFR+Z.py:3200: RuntimeWarning: invalid value encountered in add
  mask_N2_up, mask_S2_up = apply_bpt_masks(logN2=logN2, logS2=logS2, logO3=logO3+logO3_err)
--------------------------------------------------------------
HII-region model-grid inference
pyqz/NebulaBayes six-line corrected-input aperture: 109990 pixels in 5055 unique spatial bins; no extra S/N cut
JY22 six-line raw-input aperture: 109990 pixels in 5055 unique spatial bins; no extra S/N cut
Python interpreter: /arc/home/RongjunHuang/.conda/envs/ICRAR/bin/python
pyqz/NebulaBayes compatibility layer: model_grid_compat.py
pyqz 0.8.4.0: diagnostic=[NII]/[SII]+;[OIII]/[SII]+; Pk=5.0; struct=pp; kappa=inf; sampling=2; srs=800; KDE=multiv; seed=20260823; nproc=1
pyqz runtime overlay: /tmp/pyqz084-runtime-7da9r11d/pyqz/__init__.py
pyqz grid identity: MAPPINGS V HII Region Grid: QZ pp_GCZO_Pk50_kinf
pyqz bins: 1/5055 spectra complete (BINID 3, 1.3 s)
pyqz bins: 505/5055 spectra complete (BINID 1001, 828.1 s)
pyqz bins: 1010/5055 spectra complete (BINID 1731, 1551.3 s)
pyqz bins: 1515/5055 spectra complete (BINID 2709, 2212.0 s)
pyqz bins: 2020/5055 spectra complete (BINID 3508, 2950.4 s)
pyqz bins: 2525/5055 spectra complete (BINID 4130, 3751.5 s)
pyqz bins: 3030/5055 spectra complete (BINID 4764, 4427.5 s)
pyqz bins: 3535/5055 spectra complete (BINID 5385, 5066.3 s)
pyqz bins: 4040/5055 spectra complete (BINID 6126, 5739.2 s)
pyqz bins: 4545/5055 spectra complete (BINID 7056, 6312.7 s)
pyqz bins: 5050/5055 spectra complete (BINID 8617, 6810.4 s)
pyqz bins: 5055/5055 spectra complete (BINID 8663, 6814.2 s)
pyqz bins: no per-spectrum exceptions
Initialising NebulaBayes (v0.9.9) model...
INFO Initialising NebulaBayes (v0.9.9) model...
Loading input grid data...
INFO Loading input grid data...
Building flux arrays for the model grids...
INFO Building flux arrays for the model grids...
Resampling model emission line flux grids to shape (40, 20, 160) using linear interpolation...
INFO Resampling model emission line flux grids to shape (40, 20, 160) using linear interpolation...
    Interpolating for Hbeta...
INFO     Interpolating for Hbeta...
    Interpolating for OIII5007...
INFO     Interpolating for OIII5007...
    Interpolating for Halpha...
INFO     Interpolating for Halpha...
    Interpolating for NII6583...
INFO     Interpolating for NII6583...
    Interpolating for SII6716...
INFO     Interpolating for SII6716...
    Interpolating for SII6731...
INFO     Interpolating for SII6731...
Interpolated flux grid size is 1.02MB for 1 line and 6.14MB total for all 6 lines
DEBUG Interpolated flux grid size is 1.02MB for 1 line and 6.14MB total for all 6 lines
NebulaBayes 0.9.9: grid=/arc/home/RongjunHuang/.conda/envs/ICRAR/lib/python3.13/site-packages/NebulaBayes/grids/NB_HII_grid.fits.gz; parameters=['log U', 'log P/k', '12 + log O/H']; shape=(40, 20, 160); order=1; grid_error=0.1; norm=Hbeta; deredden=False; prior=Uniform
NebulaBayes bins: 1/5055 spectra complete (BINID 3, 0.0 s)
NebulaBayes bins: 505/5055 spectra complete (BINID 1001, 30.6 s)
NebulaBayes bins: 1010/5055 spectra complete (BINID 1731, 59.9 s)
NebulaBayes bins: 1515/5055 spectra complete (BINID 2709, 94.4 s)
NebulaBayes bins: 2020/5055 spectra complete (BINID 3508, 130.8 s)
NebulaBayes bins: 2525/5055 spectra complete (BINID 4130, 164.1 s)
NebulaBayes bins: 3030/5055 spectra complete (BINID 4764, 199.9 s)
NebulaBayes bins: 3535/5055 spectra complete (BINID 5385, 234.6 s)
NebulaBayes bins: 4040/5055 spectra complete (BINID 6126, 269.5 s)
NebulaBayes bins: 4545/5055 spectra complete (BINID 7056, 305.2 s)
NebulaBayes bins: 5050/5055 spectra complete (BINID 8617, 341.2 s)
NebulaBayes bins: 5055/5055 spectra complete (BINID 8663, 341.6 s)
NebulaBayes bins: no per-spectrum exceptions
JY22/Peng2026: raw close-pair ratios=N2,S2,R3; posterior means with marginal equal-tailed p16/p84; full raw-ratio covariance; post-depletion O/H=pre-depletion-0.22; nominal fit_ok chi2<=9; error inflation=1.0
JY22 grid: /arc/home/RongjunHuang/ICRAR/further/Peng2026/photoionization_models/photoionization_grid_interpolated.fits; sha256=d7a219b60c9a1ea8b29339988c84b1832028b28b3c417d1c3c58b420831eb38a; requested logU=(-4.0, -0.5); retained logU=(-4.0, -0.5384615384615388); solar O/H=8.69
JY22 bins: 1/5055 spectra complete (BINID 3, 0.0 s)
JY22 bins: 505/5055 spectra complete (BINID 1001, 0.6 s)
JY22 bins: 1010/5055 spectra complete (BINID 1731, 1.2 s)
JY22 bins: 1515/5055 spectra complete (BINID 2709, 1.7 s)
JY22 bins: 2020/5055 spectra complete (BINID 3508, 2.3 s)
JY22 bins: 2525/5055 spectra complete (BINID 4130, 2.9 s)
JY22 bins: 3030/5055 spectra complete (BINID 4764, 3.4 s)
JY22 bins: 3535/5055 spectra complete (BINID 5385, 3.7 s)
JY22 bins: 4040/5055 spectra complete (BINID 6126, 4.3 s)
JY22 bins: 4545/5055 spectra complete (BINID 7056, 4.8 s)
JY22 bins: 5050/5055 spectra complete (BINID 8617, 5.4 s)
JY22 bins: 5055/5055 spectra complete (BINID 8663, 5.4 s)
JY22 bins: no per-spectrum exceptions
/tmp/pyqz084-runtime-7da9r11d/pyqz/pyqz.py:849: RuntimeWarning: invalid value encountered in divide
  gridZ/= peak_val
pyqz integrated HII: no per-spectrum exceptions
/tmp/pyqz084-runtime-7da9r11d/pyqz/pyqz.py:849: RuntimeWarning: invalid value encountered in divide
  gridZ/= peak_val
pyqz integrated SF: no per-spectrum exceptions
NebulaBayes integrated: no per-spectrum exceptions
JY22 integrated: no per-spectrum exceptions
Integrated HII/SF model-grid results (common six-line raw aperture)
  HII: 86212 pixels, 3202 bins; integrated E(B-V)=0.32655+/-0.00008
    pyqz: O/H=nan+/-nan; LogQ=nan+/-nan; logU=nan+/-nan; flag=1234; off-grid=0.00%; valid=0 (uncertainties: 0.61 KDE contour)
    NebulaBayes means: O/H=8.89312 [8.85258, 8.92311]; logU=-2.90565 [-2.97436, -2.82051]; log(P/k)=4.87085 [-inf, 5.58947]; sampled modes=(8.89490, -2.92308, 4.20000); reliable=(1, 1, 0); chi2_red=7.302e+04; nlocalmax=2; flag=12; valid=1
    JY22 gas O/H=8.87764 [8.87764, 8.87764]; pre-depletion O/H=9.09764 [9.09764, 9.09764]; logU=-0.79487 [-0.79487, -0.79487]; chi2_min=1.487e+06; residuals(N2,S2,R3)=(-0.0276, -0.0065, -0.1655); residual norm=0.1679; fit_ok=0; flag=32; valid=1 (posterior means; marginal equal-tailed p16/p84)
  SF: 109990 pixels, 5055 bins; integrated E(B-V)=0.32010+/-0.00009
    pyqz: O/H=nan+/-nan; LogQ=nan+/-nan; logU=nan+/-nan; flag=1234; off-grid=0.00%; valid=0 (uncertainties: 0.61 KDE contour)
    NebulaBayes means: O/H=8.81656 [8.76794, 8.86669]; logU=-2.95833 [-3.02564, -2.87179]; log(P/k)=5.02895 [4.43158, 5.82105]; sampled modes=(8.82436, -2.97436, 4.89474); reliable=(1, 1, 1); chi2_red=3.135e+04; nlocalmax=2; flag=0; valid=1
    JY22 gas O/H=8.87764 [8.87764, 8.87764]; pre-depletion O/H=9.09764 [9.09764, 9.09764]; logU=-0.92308 [-0.92308, -0.92308]; chi2_min=6.086e+04; residuals(N2,S2,R3)=(0.0079, 0.0015, 0.0089); residual norm=0.0119; fit_ok=0; flag=32; valid=1 (posterior means; marginal equal-tailed p16/p84)
Model covariance note: JY22 uses the full first-order N2/S2/R3 covariance from raw close-pair ratios and shared denominators; pyqz/NebulaBayes independent-error APIs do not represent the analogous shared covariance.
--------------------------------------------------------------
Loaded SII density lookup table: /arc/home/RongjunHuang/ICRAR/further/pyneb_sii_6716_6731_density_lookup_te8000_13000_step1000_ne20_100000_n4096.npz
PyNeb Te-method valid-pixel counts:
  NE_SII finite pixels: 62034
  NE_SII fixed at 20 cm^-3: 28384/62034 (45.8%)
  NE_SII exact high-density fallback pixels: 0
  NE_SII_ALL finite pixels: 502080
  Te(NII) HII pixels: 12
  Te(NII) SF pixels: 45
  Brazzini+2024 direct HII pixels: 0
  Brazzini+2024 direct SF pixels: 0
  NII+OII7325 semi-direct HII pixels: 0
  NII+OII7325 semi-direct SF pixels: 0
  Kreckel+2025 NII-only HII pixels: 0
  Kreckel+2025 NII-only SF pixels: 0
Integrated PyNeb Te-method values:
  SF:
    NE_SII: 20.00 +/- 0.00 cm^-3 (n_pix=56039, fixed20=0, exact_high_density=0)
    Te(NII): nan K (n_pix=242)
    O_H_BR24_DIRECT: nan dex (n_pix=0)
    O_H_NII_OII7325: nan dex (n_pix=0)
    O_H_NII_K25: nan dex (n_pix=242)
  HII:
    NE_SII: 20.00 +/- 0.00 cm^-3 (n_pix=43170, fixed20=0, exact_high_density=0)
    Te(NII): nan K (n_pix=121)
    O_H_BR24_DIRECT: nan dex (n_pix=0)
    O_H_NII_OII7325: nan dex (n_pix=0)
    O_H_NII_K25: nan dex (n_pix=121)
Further file written ➜ /arc/projects/mauve/products/v3tk_v7.6.8/NGC4380/NGC4380_gas_bin_maps_further.fits
--------------------------------------------------------------
Total non-nan spaxels: 502080
Number of pixels with Halpha not detected: 275864
Number of pixels with Halpha detected, Hbeta not detected: 108304
Number of pixels with Halpha detected, Hbeta detected, NII not detected, OIII not detected and unclassified1: 41
Number of pixels with Halpha detected, Hbeta detected, NII not detected, OIII detected and unclassified1: 0
Number of pixels with Halpha detected, Hbeta detected, NII detected, OIII not detected and unclassified1: 2025
Number of pixels with Halpha detected, Hbeta detected, NII detected, OIII detected and unclassified1: 4003
Number of pixels with Halpha detected, Hbeta detected, SII not detected, OIII not detected and unclassified1: 1534
Number of pixels with Halpha detected, Hbeta detected, SII not detected, OIII detected and unclassified1: 935
Number of pixels with Halpha detected, Hbeta detected, SII detected, OIII not detected and unclassified1: 532
Number of pixels with Halpha detected, Hbeta detected, SII detected, OIII detected and unclassified1: 3068
--------------------------------------------------------------
Total Halpha luminosity map sum (detections + upper-limit substitutions): 3.42e+40 erg/s
Total corrected Halpha luminosity from SF region: 2.91e+40 erg/s
Total Halpha SFR map sum (detections + upper-limit substitutions): 0.17 M☉/yr or in log10 scale: -0.77 log(M☉/yr)
Total Halpha SFR from SF region: 0.15 M☉/yr or in log10 scale: -0.84 log(M☉/yr)
Total Halpha SFR from HII region: 0.13 M☉/yr or in log10 scale: -0.90 log(M☉/yr)
--------------------------------------------------------------
[O/H] D16 SF: Total metallicity in SF region:  8.817821197983108
[O/H] PG16 SF: Total metallicity in SF region:  8.561895688376174
[O/H] N2S2-N06 SF: Total metallicity in SF region:  9.107479936450511
[O/H] O3N2-M13 SF: Total metallicity in SF region:  8.55846066395676
[O/H] N2-M13 SF: Total metallicity in SF region:  8.522353344495816
[O/H] O3N2-PP04 SF: Total metallicity in SF region:  8.768072020869923
[O/H] N2-PP04 SF: Total metallicity in SF region:  8.653029252897282
[O/H] O3N2-C20 SF: Total metallicity in SF region:  8.770830421383973
[O/H] O3S2-C20 SF: Total metallicity in SF region:  8.818789030144158
[O/H] RS32-C20 SF: Total metallicity in SF region:  8.787576999432199
[O/H] R3-C20 SF: Total metallicity in SF region:  8.7729244082882
[O/H] N2-C20 SF: Total metallicity in SF region:  8.697641332399956
[O/H] S2-C20 SF: Total metallicity in SF region:  8.833622015037806
[O/H] Combined-C20 SF: Total metallicity in SF region:  8.788973322749342 (weighted 6 methods; dominant S2)
--------------------------------------------------------------
[O/H] D16 HII: Total metallicity in HII region:  8.797008978998699
[O/H] PG16 HII: Total metallicity in HII region:  8.545936190701312
[O/H] N2S2-N06 HII: Total metallicity in HII region:  9.102529553760258
[O/H] O3N2-M13 HII: Total metallicity in HII region:  8.573711783290552
[O/H] N2-M13 HII: Total metallicity in HII region:  8.498350044240466
[O/H] O3N2-PP04 HII: Total metallicity in HII region:  8.790877432957837
[O/H] N2-PP04 HII: Total metallicity in HII region:  8.60083181852858
[O/H] O3N2-C20 HII: Total metallicity in HII region:  8.784633938566998
[O/H] O3S2-C20 HII: Total metallicity in HII region:  8.83441162903841
[O/H] RS32-C20 HII: Total metallicity in HII region:  8.816061808524637
[O/H] R3-C20 HII: Total metallicity in HII region:  8.80173814068002
[O/H] N2-C20 HII: Total metallicity in HII region:  8.664261468417935
[O/H] S2-C20 HII: Total metallicity in HII region:  8.84937451357446
[O/H] Combined-C20 HII: Total metallicity in HII region:  8.804186106218516 (weighted 6 methods; dominant S2)
--------------------------------------------------------------
[O/H] D16: Total metallicity in total region:  8.843649825805173
[O/H] PG16: Total metallicity in total region:  8.595204108116524
[O/H] N2S2-N06: Total metallicity in total region:  9.108179014021927
[O/H] O3N2-M13: Total metallicity in total region:  8.540331544904957
[O/H] N2-M13: Total metallicity in total region:  8.564321306303771
[O/H] O3N2-PP04: Total metallicity in total region:  8.740963057801807
[O/H] N2-PP04: Total metallicity in total region:  8.75485073445464
[O/H] O3N2-C20: Total metallicity in total region:  8.7541997381657
[O/H] O3S2-C20: Total metallicity in total region:  8.80130001422501
[O/H] RS32-C20: Total metallicity in total region:  8.73907161282641
[O/H] R3-C20: Total metallicity in total region:  8.72901977929875
[O/H] N2-C20: Total metallicity in total region:  8.770384416828538
[O/H] S2-C20: Total metallicity in total region:  8.795170793771167
[O/H] Combined-C20: Total metallicity in total region:  8.764143869367851 (weighted 6 methods; dominant S2)
--------------------------------------------------------------
Total runtime: 7708.7 s
✅  NGC4380 finished in 128m42s
