Python executable: /arc/home/RongjunHuang/.conda/envs/ICRAR/bin/python
Python 3.13.3
PYTHONUNBUFFERED: 1
Product root     : /arc/projects/mauve/products
Product subdir   : v3tk_v7.6.8
Local fallback   : /arc/home/RongjunHuang/ICRAR/further

Shared input keyword ➜ <none>
Reading gas-line FITS ➜ /arc/projects/mauve/products/v3tk_v7.6.8/NGC4192/NGC4192_gas_bin_maps.fits
Matched binning FITS ➜ /arc/projects/mauve/products/v3tk_v7.6.8/NGC4192/NGC4192_spatial_binning_maps_further.fits
Spatial mask FITS ➜ /arc/projects/mauve/products/v3tk_v7.6.8/NGC4192/NGC4192_mask.fits
Gas-line maps collapsed onto spatial BINID: 34431 bins
Available gas-line flux/error pairs:
  - HB4861
  - OIII4958
  - OIII5006
  - NII5754
  - OI6300
  - SIII6312
  - OI6363
  - NII6548
  - HA6562
  - NII6583
  - SII6716
  - SII6730
  - OII7318
  - OII7319
  - OII7329
  - OII7330
Te-method optional emission-line availability:
  - OIII4958: available
  - NII5754: available
  - SIII6312: available
  - NII6548: available
  - OII7318: available
  - OII7319: available
  - OII7329: available
  - OII7330: available
  - SIII9068: missing
Spatial mask applied: MASKFILE[MASK] table; row-major MASK == 0; keep=524447, masked=1254421, finite H-alpha after mask=524447
/arc/home/RongjunHuang/ICRAR/further/SFR+Z.py:1198: RuntimeWarning: divide by zero encountered in divide
  BD = HA6562_FLUX / HB4861_FLUX
--------------------------------------------------------------
Extinction law for k(λ)=A(λ)/E(B−V): calzetti
k(Hβ 4861Å)  = 4.5981   at λ=0.4861 µm
k(Hα 6562Å)  = 3.3264   at λ=0.6562 µm
k([OIII]5006)= 4.4647   at λ=0.5006 µm
k([NII]6583) = 3.3130   at λ=0.6583 µm
k([SII]6716) = 3.2298   at λ=0.6716 µm
k([SII]6730) = 3.2212   at λ=0.6730 µm
k(OIII4958) = 4.5083   at λ=0.4958 µm
k(NII5754) = 3.8531   at λ=0.5755 µm
k(OI6300) = 3.5017   at λ=0.6300 µm
k(SIII6312) = 3.4934   at λ=0.6312 µm
k(OI6363) = 3.4582   at λ=0.6363 µm
k(NII6548) = 3.3355   at λ=0.6548 µm
k(OII7318) = 2.8906   at λ=0.7319 µm
k(OII7319) = 2.8901   at λ=0.7320 µm
k(OII7329) = 2.8854   at λ=0.7329 µm
k(OII7330) = 2.8844   at λ=0.7331 µm
k(SIII9068) = 2.1615   at λ=0.9069 µm (line missing; NaN placeholder)
--------------------------------------------------------------
/arc/home/RongjunHuang/ICRAR/further/SFR+Z.py:2089: RuntimeWarning: divide by zero encountered in divide
  N2 = NII_scaled / HB4861_FLUX_corr   # N2 = I([N II]λ6548 + λ6584)/I(Hβ)
/arc/home/RongjunHuang/ICRAR/further/SFR+Z.py:2090: RuntimeWarning: divide by zero encountered in divide
  S2 = (SII6716_FLUX_corr + SII6730_FLUX_corr) / HB4861_FLUX_corr  # S2 = I([S II]λ6717 + λ6731)/I(Hβ)
/arc/home/RongjunHuang/ICRAR/further/SFR+Z.py:2091: RuntimeWarning: divide by zero encountered in divide
  R3 = OIII_scaled / HB4861_FLUX_corr  # R3 = I([O III]λ4959 + λ5007)/I(Hβ) (same value as R2 in this case)
/arc/home/RongjunHuang/ICRAR/further/SFR+Z.py:2091: RuntimeWarning: invalid value encountered in divide
  R3 = OIII_scaled / HB4861_FLUX_corr  # R3 = I([O III]λ4959 + λ5007)/I(Hβ) (same value as R2 in this case)
/arc/home/RongjunHuang/ICRAR/further/SFR+Z.py:2093: RuntimeWarning: invalid value encountered in divide
  log_R3_S2 = np.log10(R3/S2)
/arc/home/RongjunHuang/ICRAR/further/SFR+Z.py:2093: RuntimeWarning: divide by zero encountered in log10
  log_R3_S2 = np.log10(R3/S2)
/arc/home/RongjunHuang/ICRAR/further/SFR+Z.py:2118: RuntimeWarning: invalid value encountered in add
  O_H_PG16[upper_mask] = (a1_upper + a2_upper * log_R3_S2[upper_mask] + a3_upper * log_N2[upper_mask] +
/arc/home/RongjunHuang/ICRAR/further/SFR+Z.py:2188: RuntimeWarning: divide by zero encountered in divide
  oiii_hb = oiii5006_flux / hb4861_flux
/arc/home/RongjunHuang/ICRAR/further/SFR+Z.py:2188: RuntimeWarning: invalid value encountered in divide
  oiii_hb = oiii5006_flux / hb4861_flux
/arc/home/RongjunHuang/ICRAR/further/SFR+Z.py:2190: RuntimeWarning: divide by zero encountered in log10
  o3n2_ratio = np.log10(oiii_hb / nii_ha)
/arc/home/RongjunHuang/ICRAR/further/SFR+Z.py:2235: RuntimeWarning: divide by zero encountered in divide
  oiii_hb = oiii5006_flux / hb4861_flux
/arc/home/RongjunHuang/ICRAR/further/SFR+Z.py:2235: RuntimeWarning: invalid value encountered in divide
  oiii_hb = oiii5006_flux / hb4861_flux
/arc/home/RongjunHuang/ICRAR/further/SFR+Z.py:2237: RuntimeWarning: divide by zero encountered in log10
  o3n2_ratio = np.log10(oiii_hb / nii_ha)
/arc/home/RongjunHuang/ICRAR/further/SFR+Z.py:2294: RuntimeWarning: divide by zero encountered in divide
  oiii_hb = oiii5006_flux / hb4861_flux
/arc/home/RongjunHuang/ICRAR/further/SFR+Z.py:2294: RuntimeWarning: invalid value encountered in divide
  oiii_hb = oiii5006_flux / hb4861_flux
/arc/home/RongjunHuang/ICRAR/further/SFR+Z.py:2296: RuntimeWarning: divide by zero encountered in log10
  o3n2_ratio = np.log10(oiii_hb / nii_ha)
/arc/home/RongjunHuang/ICRAR/further/SFR+Z.py:2396: RuntimeWarning: divide by zero encountered in divide
  oiii_hb = oiii5006_flux / hb4861_flux
/arc/home/RongjunHuang/ICRAR/further/SFR+Z.py:2396: RuntimeWarning: invalid value encountered in divide
  oiii_hb = oiii5006_flux / hb4861_flux
/arc/home/RongjunHuang/ICRAR/further/SFR+Z.py:2399: RuntimeWarning: divide by zero encountered in divide
  sii_hb = sii_total / hb4861_flux
/arc/home/RongjunHuang/ICRAR/further/SFR+Z.py:2402: RuntimeWarning: invalid value encountered in divide
  o3s2_ratio = np.log10(oiii_hb / sii_hb)
/arc/home/RongjunHuang/ICRAR/further/SFR+Z.py:2402: RuntimeWarning: divide by zero encountered in log10
  o3s2_ratio = np.log10(oiii_hb / sii_hb)
Calculating all 6 C20 metallicities for NGC4192...
Combined C20 metallicity: median = 8.712, range = (8.027, 8.903)
Combined C20 dominant-weight method usage: O3N2=106941, O3S2=0, RS32=15236, R3=334494, N2=38, S2=65194
Galaxy NGC4192 inclination: 83.0° (cos θ = 0.122)
Inclination correction ENABLED: applying b/a = 0.233 (adopting intrinsic thickness q₀ = 0.2 for disc galaxy)
/arc/home/RongjunHuang/ICRAR/further/SFR+Z.py:3112: RuntimeWarning: divide by zero encountered in divide
  logO3  = np.log10(OIII5006_FLUX_corr / HB4861_FLUX_corr)       # [O III]/Hβ
/arc/home/RongjunHuang/ICRAR/further/SFR+Z.py:3112: RuntimeWarning: invalid value encountered in divide
  logO3  = np.log10(OIII5006_FLUX_corr / HB4861_FLUX_corr)       # [O III]/Hβ
/arc/home/RongjunHuang/ICRAR/further/SFR+Z.py:3112: RuntimeWarning: divide by zero encountered in log10
  logO3  = np.log10(OIII5006_FLUX_corr / HB4861_FLUX_corr)       # [O III]/Hβ
/arc/home/RongjunHuang/ICRAR/further/SFR+Z.py:3200: RuntimeWarning: invalid value encountered in add
  mask_N2_up, mask_S2_up = apply_bpt_masks(logN2=logN2, logS2=logS2, logO3=logO3+logO3_err)
--------------------------------------------------------------
HII-region model-grid inference
pyqz/NebulaBayes six-line corrected-input aperture: 255471 pixels in 12527 unique spatial bins; no extra S/N cut
JY22 six-line raw-input aperture: 255471 pixels in 12527 unique spatial bins; no extra S/N cut
Python interpreter: /arc/home/RongjunHuang/.conda/envs/ICRAR/bin/python
pyqz/NebulaBayes compatibility layer: model_grid_compat.py
pyqz 0.8.4.0: diagnostic=[NII]/[SII]+;[OIII]/[SII]+; Pk=5.0; struct=pp; kappa=inf; sampling=2; srs=800; KDE=multiv; seed=20260823; nproc=1
pyqz runtime overlay: /tmp/pyqz084-runtime-738vwyba/pyqz/__init__.py
pyqz grid identity: MAPPINGS V HII Region Grid: QZ pp_GCZO_Pk50_kinf
pyqz bins: 1/12527 spectra complete (BINID 60, 1.0 s)
pyqz bins: 1252/12527 spectra complete (BINID 8569, 1443.9 s)
pyqz bins: 2504/12527 spectra complete (BINID 14071, 3197.7 s)
pyqz bins: 3756/12527 spectra complete (BINID 17545, 4683.0 s)
pyqz bins: 5008/12527 spectra complete (BINID 20226, 6211.0 s)
pyqz bins: 6260/12527 spectra complete (BINID 21760, 7375.0 s)
pyqz bins: 7512/12527 spectra complete (BINID 23334, 8558.6 s)
pyqz bins: 8764/12527 spectra complete (BINID 28672, 9731.7 s)
pyqz bins: 10016/12527 spectra complete (BINID 31322, 10375.6 s)
pyqz bins: 11268/12527 spectra complete (BINID 32751, 10794.9 s)
pyqz bins: 12520/12527 spectra complete (BINID 34418, 11133.1 s)
pyqz bins: 12527/12527 spectra complete (BINID 34430, 11134.5 s)
pyqz bins: 1 per-spectrum exception(s)
  BINID(s) 18111: UnboundLocalError: cannot access local variable 'path' where it is not associated with a value
Initialising NebulaBayes (v0.9.9) model...
INFO Initialising NebulaBayes (v0.9.9) model...
Loading input grid data...
INFO Loading input grid data...
Building flux arrays for the model grids...
INFO Building flux arrays for the model grids...
Resampling model emission line flux grids to shape (40, 20, 160) using linear interpolation...
INFO Resampling model emission line flux grids to shape (40, 20, 160) using linear interpolation...
    Interpolating for Hbeta...
INFO     Interpolating for Hbeta...
    Interpolating for OIII5007...
INFO     Interpolating for OIII5007...
    Interpolating for Halpha...
INFO     Interpolating for Halpha...
    Interpolating for NII6583...
INFO     Interpolating for NII6583...
    Interpolating for SII6716...
INFO     Interpolating for SII6716...
    Interpolating for SII6731...
INFO     Interpolating for SII6731...
Interpolated flux grid size is 1.02MB for 1 line and 6.14MB total for all 6 lines
DEBUG Interpolated flux grid size is 1.02MB for 1 line and 6.14MB total for all 6 lines
NebulaBayes 0.9.9: grid=/arc/home/RongjunHuang/.conda/envs/ICRAR/lib/python3.13/site-packages/NebulaBayes/grids/NB_HII_grid.fits.gz; parameters=['log U', 'log P/k', '12 + log O/H']; shape=(40, 20, 160); order=1; grid_error=0.1; norm=Hbeta; deredden=False; prior=Uniform
NebulaBayes bins: 1/12527 spectra complete (BINID 60, 0.0 s)
NebulaBayes bins: 1252/12527 spectra complete (BINID 8569, 30.7 s)
NebulaBayes bins: 2504/12527 spectra complete (BINID 14071, 57.7 s)
NebulaBayes bins: 3756/12527 spectra complete (BINID 17545, 78.6 s)
NebulaBayes bins: 5008/12527 spectra complete (BINID 20226, 108.3 s)
NebulaBayes bins: 6260/12527 spectra complete (BINID 21760, 130.3 s)
NebulaBayes bins: 7512/12527 spectra complete (BINID 23334, 157.6 s)
NebulaBayes bins: 8764/12527 spectra complete (BINID 28672, 190.9 s)
NebulaBayes bins: 10016/12527 spectra complete (BINID 31322, 222.8 s)
NebulaBayes bins: 11268/12527 spectra complete (BINID 32751, 253.1 s)
NebulaBayes bins: 12520/12527 spectra complete (BINID 34418, 279.4 s)
NebulaBayes bins: 12527/12527 spectra complete (BINID 34430, 279.5 s)
NebulaBayes bins: no per-spectrum exceptions
JY22/Peng2026: raw close-pair ratios=N2,S2,R3; posterior means with marginal equal-tailed p16/p84; full raw-ratio covariance; post-depletion O/H=pre-depletion-0.22; nominal fit_ok chi2<=9; error inflation=1.0
JY22 grid: /arc/home/RongjunHuang/ICRAR/further/Peng2026/photoionization_models/photoionization_grid_interpolated.fits; sha256=d7a219b60c9a1ea8b29339988c84b1832028b28b3c417d1c3c58b420831eb38a; requested logU=(-4.0, -0.5); retained logU=(-4.0, -0.5384615384615388); solar O/H=8.69
JY22 bins: 1/12527 spectra complete (BINID 60, 0.0 s)
JY22 bins: 1252/12527 spectra complete (BINID 8569, 0.3 s)
JY22 bins: 2504/12527 spectra complete (BINID 14071, 0.6 s)
JY22 bins: 3756/12527 spectra complete (BINID 17545, 0.9 s)
JY22 bins: 5008/12527 spectra complete (BINID 20226, 1.2 s)
JY22 bins: 6260/12527 spectra complete (BINID 21760, 1.4 s)
JY22 bins: 7512/12527 spectra complete (BINID 23334, 1.7 s)
JY22 bins: 8764/12527 spectra complete (BINID 28672, 2.0 s)
JY22 bins: 10016/12527 spectra complete (BINID 31322, 2.3 s)
JY22 bins: 11268/12527 spectra complete (BINID 32751, 2.6 s)
JY22 bins: 12520/12527 spectra complete (BINID 34418, 2.9 s)
JY22 bins: 12527/12527 spectra complete (BINID 34430, 2.9 s)
JY22 bins: no per-spectrum exceptions
/tmp/pyqz084-runtime-738vwyba/pyqz/pyqz.py:849: RuntimeWarning: invalid value encountered in divide
  gridZ/= peak_val
pyqz integrated HII: no per-spectrum exceptions
/tmp/pyqz084-runtime-738vwyba/pyqz/pyqz.py:849: RuntimeWarning: invalid value encountered in divide
  gridZ/= peak_val
pyqz integrated SF: no per-spectrum exceptions
NebulaBayes integrated: no per-spectrum exceptions
JY22 integrated: no per-spectrum exceptions
Integrated HII/SF model-grid results (common six-line raw aperture)
  HII: 153872 pixels, 7009 bins; integrated E(B-V)=0.40605+/-0.00004
    pyqz: O/H=nan+/-nan; LogQ=nan+/-nan; logU=nan+/-nan; flag=1234; off-grid=0.00%; valid=0 (uncertainties: 0.61 KDE contour)
    NebulaBayes means: O/H=8.68100 [8.64097, 8.72562]; logU=-3.23023 [-3.33333, -3.12821]; log(P/k)=5.58045 [4.66316, 6.51579]; sampled modes=(8.68330, -3.23077, 6.05263); reliable=(1, 1, 1); chi2_red=1.254e+05; nlocalmax=1; flag=0; valid=1
    JY22 gas O/H=8.78528 [8.78528, 8.78528]; pre-depletion O/H=9.00528 [9.00528, 9.00528]; logU=-1.43590 [-1.43590, -1.43590]; chi2_min=4.865e+07; residuals(N2,S2,R3)=(0.0577, -0.0430, 0.0391); residual norm=0.0819; fit_ok=0; flag=32; valid=1 (posterior means; marginal equal-tailed p16/p84)
  SF: 255471 pixels, 12527 bins; integrated E(B-V)=0.40105+/-0.00004
    pyqz: O/H=nan+/-nan; LogQ=nan+/-nan; logU=nan+/-nan; flag=1234; off-grid=0.00%; valid=0 (uncertainties: 0.61 KDE contour)
    NebulaBayes means: O/H=8.65733 [8.61276, 8.69740]; logU=-3.26791 [-3.33333, -3.17949]; log(P/k)=5.92424 [5.12632, 6.74737]; sampled modes=(8.66919, -3.28205, 6.28421); reliable=(1, 1, 1); chi2_red=4.342e+05; nlocalmax=1; flag=0; valid=1
    JY22 gas O/H=8.78528 [8.78528, 8.78528]; pre-depletion O/H=9.00528 [9.00528, 9.00528]; logU=-1.43590 [-1.43590, -1.43590]; chi2_min=6.357e+07; residuals(N2,S2,R3)=(0.0814, -0.0110, 0.0905); residual norm=0.1222; fit_ok=0; flag=32; valid=1 (posterior means; marginal equal-tailed p16/p84)
Model covariance note: JY22 uses the full first-order N2/S2/R3 covariance from raw close-pair ratios and shared denominators; pyqz/NebulaBayes independent-error APIs do not represent the analogous shared covariance.
--------------------------------------------------------------
Loaded SII density lookup table: /arc/home/RongjunHuang/ICRAR/further/pyneb_sii_6716_6731_density_lookup_te8000_13000_step1000_ne20_100000_n4096.npz
DEBUG Creating converter from 3 to 5
PyNeb Te-method valid-pixel counts:
  NE_SII finite pixels: 433197
  NE_SII fixed at 20 cm^-3: 208366/433197 (48.1%)
  NE_SII exact high-density fallback pixels: 16
  NE_SII_ALL finite pixels: 524447
  Te(NII) HII pixels: 1182
  Te(NII) SF pixels: 1393
  Brazzini+2024 direct HII pixels: 0
  Brazzini+2024 direct SF pixels: 0
  NII+OII7325 semi-direct HII pixels: 668
  NII+OII7325 semi-direct SF pixels: 736
  Kreckel+2025 NII-only HII pixels: 543
  Kreckel+2025 NII-only SF pixels: 636
Integrated PyNeb Te-method values:
  SF:
    NE_SII: 20.00 +/- 0.00 cm^-3 (n_pix=251519, fixed20=0, exact_high_density=0)
    Te(NII): 9830.5 +/- 23.3 K (n_pix=1813)
    O_H_BR24_DIRECT: nan dex (n_pix=0)
    O_H_NII_OII7325: 8.4893 +/- 0.0495 dex (n_pix=736)
    O_H_NII_K25: 8.5102 +/- 0.2036 dex (n_pix=1813)
  HII:
    NE_SII: 20.00 +/- 0.00 cm^-3 (n_pix=152436, fixed20=0, exact_high_density=0)
    Te(NII): 8949.9 +/- 19.6 K (n_pix=1338)
    O_H_BR24_DIRECT: nan dex (n_pix=0)
    O_H_NII_OII7325: 8.4928 +/- 0.0496 dex (n_pix=668)
    O_H_NII_K25: 8.6150 +/- 0.1955 dex (n_pix=1338)
Further file written ➜ /arc/projects/mauve/products/v3tk_v7.6.8/NGC4192/NGC4192_gas_bin_maps_further.fits
--------------------------------------------------------------
Total non-nan spaxels: 524447
Number of pixels with Halpha not detected: 977
Number of pixels with Halpha detected, Hbeta not detected: 122407
Number of pixels with Halpha detected, Hbeta detected, NII not detected, OIII not detected and unclassified1: 0
Number of pixels with Halpha detected, Hbeta detected, NII not detected, OIII detected and unclassified1: 0
Number of pixels with Halpha detected, Hbeta detected, NII detected, OIII not detected and unclassified1: 8489
Number of pixels with Halpha detected, Hbeta detected, NII detected, OIII detected and unclassified1: 61756
Number of pixels with Halpha detected, Hbeta detected, SII not detected, OIII not detected and unclassified1: 420
Number of pixels with Halpha detected, Hbeta detected, SII not detected, OIII detected and unclassified1: 1756
Number of pixels with Halpha detected, Hbeta detected, SII detected, OIII not detected and unclassified1: 8069
Number of pixels with Halpha detected, Hbeta detected, SII detected, OIII detected and unclassified1: 60000
--------------------------------------------------------------
Total Halpha luminosity map sum (detections + upper-limit substitutions): 3.17e+41 erg/s
Total corrected Halpha luminosity from SF region: 2.57e+41 erg/s
Total Halpha SFR map sum (detections + upper-limit substitutions): 1.58 M☉/yr or in log10 scale: 0.20 log(M☉/yr)
Total Halpha SFR from SF region: 1.28 M☉/yr or in log10 scale: 0.11 log(M☉/yr)
Total Halpha SFR from HII region: 1.02 M☉/yr or in log10 scale: 0.01 log(M☉/yr)
--------------------------------------------------------------
[O/H] D16 SF: Total metallicity in SF region:  8.778212568062381
[O/H] PG16 SF: Total metallicity in SF region:  8.581685204847835
[O/H] N2S2-N06 SF: Total metallicity in SF region:  9.055113854382045
[O/H] O3N2-M13 SF: Total metallicity in SF region:  8.540151962912237
[O/H] N2-M13 SF: Total metallicity in SF region:  8.571978188890634
[O/H] O3N2-PP04 SF: Total metallicity in SF region:  8.740694523980917
[O/H] N2-PP04 SF: Total metallicity in SF region:  8.774967432403168
[O/H] O3N2-C20 SF: Total metallicity in SF region:  8.754033757980874
[O/H] O3S2-C20 SF: Total metallicity in SF region:  8.815020787794186
[O/H] RS32-C20 SF: Total metallicity in SF region:  8.721725185009545
[O/H] R3-C20 SF: Total metallicity in SF region:  8.724457928216932
[O/H] N2-C20 SF: Total metallicity in SF region:  8.788381962273917
[O/H] S2-C20 SF: Total metallicity in SF region:  8.738215096813217
[O/H] Combined-C20 SF: Total metallicity in SF region:  8.74661687654528 (weighted 6 methods; dominant S2)
--------------------------------------------------------------
[O/H] D16 HII: Total metallicity in HII region:  8.780519932685685
[O/H] PG16 HII: Total metallicity in HII region:  8.57337284402263
[O/H] N2S2-N06 HII: Total metallicity in HII region:  9.06197033670683
[O/H] O3N2-M13 HII: Total metallicity in HII region:  8.546135601191352
[O/H] N2-M13 HII: Total metallicity in HII region:  8.56102078931383
[O/H] O3N2-PP04 HII: Total metallicity in HII region:  8.74964202047305
[O/H] N2-PP04 HII: Total metallicity in HII region:  8.746330477457871
[O/H] O3N2-C20 HII: Total metallicity in HII region:  8.759550942569874
[O/H] O3S2-C20 HII: Total metallicity in HII region:  8.81896253829272
[O/H] RS32-C20 HII: Total metallicity in HII region:  8.737510747030115
[O/H] R3-C20 HII: Total metallicity in HII region:  8.73788127644951
[O/H] N2-C20 HII: Total metallicity in HII region:  8.763388120857877
[O/H] S2-C20 HII: Total metallicity in HII region:  8.76446269600364
[O/H] Combined-C20 HII: Total metallicity in HII region:  8.758271547265148 (weighted 6 methods; dominant S2)
--------------------------------------------------------------
[O/H] D16: Total metallicity in total region:  8.791361011193308
[O/H] PG16: Total metallicity in total region:  8.618117330974421
[O/H] N2S2-N06: Total metallicity in total region:  9.049723045298952
[O/H] O3N2-M13: Total metallicity in total region:  8.529398109612282
[O/H] N2-M13: Total metallicity in total region:  8.606135338539774
[O/H] O3N2-PP04: Total metallicity in total region:  8.724613995681919
[O/H] N2-PP04: Total metallicity in total region:  nan
[O/H] O3N2-C20: Total metallicity in total region:  8.744048951260005
[O/H] O3S2-C20: Total metallicity in total region:  8.80612126802865
[O/H] RS32-C20: Total metallicity in total region:  8.681316830563492
[O/H] R3-C20: Total metallicity in total region:  8.69067932771295
[O/H] N2-C20: Total metallicity in total region:  nan
[O/H] S2-C20: Total metallicity in total region:  nan
[O/H] Combined-C20: Total metallicity in total region:  8.716572255486557 (weighted 4 methods; dominant R3)
--------------------------------------------------------------
Total runtime: 12925.1 s
✅  NGC4192 finished in 215m38s
