Python executable: /arc/home/RongjunHuang/.conda/envs/ICRAR/bin/python
Python 3.13.3
PYTHONUNBUFFERED: 1
Product root     : /arc/projects/mauve/products
Product subdir   : v3tk_v7.6.8
Local fallback   : /arc/home/RongjunHuang/ICRAR/further

Shared input keyword ➜ <none>
Reading gas-line FITS ➜ /arc/projects/mauve/products/v3tk_v7.6.8/NGC4580/NGC4580_gas_bin_maps.fits
Matched binning FITS ➜ /arc/projects/mauve/products/v3tk_v7.6.8/NGC4580/NGC4580_spatial_binning_maps_further.fits
Spatial mask FITS ➜ /arc/projects/mauve/products/v3tk_v7.6.8/NGC4580/NGC4580_mask.fits
Gas-line maps collapsed onto spatial BINID: 7623 bins
Available gas-line flux/error pairs:
  - HB4861
  - OIII4958
  - OIII5006
  - NII5754
  - OI6300
  - SIII6312
  - OI6363
  - NII6548
  - HA6562
  - NII6583
  - SII6716
  - SII6730
  - OII7318
  - OII7319
  - OII7329
  - OII7330
Te-method optional emission-line availability:
  - OIII4958: available
  - NII5754: available
  - SIII6312: available
  - NII6548: available
  - OII7318: available
  - OII7319: available
  - OII7329: available
  - OII7330: available
  - SIII9068: missing
Spatial mask applied: MASKFILE[MASK] table; row-major MASK == 0; keep=180322, masked=220171, finite H-alpha after mask=180322
/arc/home/RongjunHuang/ICRAR/further/SFR+Z.py:1211: RuntimeWarning: divide by zero encountered in divide
  BD = HA6562_FLUX / HB4861_FLUX
--------------------------------------------------------------
Extinction law for k(λ)=A(λ)/E(B−V): calzetti
k(Hβ 4861Å)  = 4.5981   at λ=0.4861 µm
k(Hα 6562Å)  = 3.3264   at λ=0.6562 µm
k([OIII]5006)= 4.4647   at λ=0.5006 µm
k([NII]6583) = 3.3130   at λ=0.6583 µm
k([SII]6716) = 3.2298   at λ=0.6716 µm
k([SII]6730) = 3.2212   at λ=0.6730 µm
k(OIII4958) = 4.5083   at λ=0.4958 µm
k(NII5754) = 3.8531   at λ=0.5755 µm
k(OI6300) = 3.5017   at λ=0.6300 µm
k(SIII6312) = 3.4934   at λ=0.6312 µm
k(OI6363) = 3.4582   at λ=0.6363 µm
k(NII6548) = 3.3355   at λ=0.6548 µm
k(OII7318) = 2.8906   at λ=0.7319 µm
k(OII7319) = 2.8901   at λ=0.7320 µm
k(OII7329) = 2.8854   at λ=0.7329 µm
k(OII7330) = 2.8844   at λ=0.7331 µm
k(SIII9068) = 2.1615   at λ=0.9069 µm (line missing; NaN placeholder)
--------------------------------------------------------------
/arc/home/RongjunHuang/ICRAR/further/SFR+Z.py:2091: RuntimeWarning: divide by zero encountered in divide
  y = np.log10(NII6583_FLUX_corr / (SII6716_FLUX_corr + SII6730_FLUX_corr)) + 0.264*np.log10(NII6583_FLUX_corr / HA6562_FLUX_corr)
/arc/home/RongjunHuang/ICRAR/further/SFR+Z.py:2091: RuntimeWarning: invalid value encountered in divide
  y = np.log10(NII6583_FLUX_corr / (SII6716_FLUX_corr + SII6730_FLUX_corr)) + 0.264*np.log10(NII6583_FLUX_corr / HA6562_FLUX_corr)
/arc/home/RongjunHuang/ICRAR/further/SFR+Z.py:2091: RuntimeWarning: divide by zero encountered in log10
  y = np.log10(NII6583_FLUX_corr / (SII6716_FLUX_corr + SII6730_FLUX_corr)) + 0.264*np.log10(NII6583_FLUX_corr / HA6562_FLUX_corr)
/arc/home/RongjunHuang/ICRAR/further/SFR+Z.py:2102: RuntimeWarning: divide by zero encountered in divide
  N2 = NII_scaled / HB4861_FLUX_corr   # N2 = I([N II]λ6548 + λ6584)/I(Hβ)
/arc/home/RongjunHuang/ICRAR/further/SFR+Z.py:2102: RuntimeWarning: invalid value encountered in divide
  N2 = NII_scaled / HB4861_FLUX_corr   # N2 = I([N II]λ6548 + λ6584)/I(Hβ)
/arc/home/RongjunHuang/ICRAR/further/SFR+Z.py:2103: RuntimeWarning: divide by zero encountered in divide
  S2 = (SII6716_FLUX_corr + SII6730_FLUX_corr) / HB4861_FLUX_corr  # S2 = I([S II]λ6717 + λ6731)/I(Hβ)
/arc/home/RongjunHuang/ICRAR/further/SFR+Z.py:2103: RuntimeWarning: invalid value encountered in divide
  S2 = (SII6716_FLUX_corr + SII6730_FLUX_corr) / HB4861_FLUX_corr  # S2 = I([S II]λ6717 + λ6731)/I(Hβ)
/arc/home/RongjunHuang/ICRAR/further/SFR+Z.py:2104: RuntimeWarning: divide by zero encountered in divide
  R3 = OIII_scaled / HB4861_FLUX_corr  # R3 = I([O III]λ4959 + λ5007)/I(Hβ) (same value as R2 in this case)
/arc/home/RongjunHuang/ICRAR/further/SFR+Z.py:2104: RuntimeWarning: invalid value encountered in divide
  R3 = OIII_scaled / HB4861_FLUX_corr  # R3 = I([O III]λ4959 + λ5007)/I(Hβ) (same value as R2 in this case)
/arc/home/RongjunHuang/ICRAR/further/SFR+Z.py:2106: RuntimeWarning: divide by zero encountered in divide
  log_R3_S2 = np.log10(R3/S2)
/arc/home/RongjunHuang/ICRAR/further/SFR+Z.py:2106: RuntimeWarning: invalid value encountered in divide
  log_R3_S2 = np.log10(R3/S2)
/arc/home/RongjunHuang/ICRAR/further/SFR+Z.py:2106: RuntimeWarning: divide by zero encountered in log10
  log_R3_S2 = np.log10(R3/S2)
/arc/home/RongjunHuang/ICRAR/further/SFR+Z.py:2107: RuntimeWarning: divide by zero encountered in log10
  log_N2 = np.log10(N2)
/arc/home/RongjunHuang/ICRAR/further/SFR+Z.py:2108: RuntimeWarning: divide by zero encountered in log10
  log_S2 = np.log10(S2)
/arc/home/RongjunHuang/ICRAR/further/SFR+Z.py:2131: RuntimeWarning: invalid value encountered in add
  O_H_PG16[upper_mask] = (a1_upper + a2_upper * log_R3_S2[upper_mask] + a3_upper * log_N2[upper_mask] +
/arc/home/RongjunHuang/ICRAR/further/SFR+Z.py:2134: RuntimeWarning: invalid value encountered in add
  O_H_PG16[lower_mask] = (a1_lower + a2_lower * log_R3_S2[lower_mask] + a3_lower * log_N2[lower_mask] +
/arc/home/RongjunHuang/ICRAR/further/SFR+Z.py:2156: RuntimeWarning: divide by zero encountered in divide
  n2s2_ratio = np.log10(nii6583_flux / sii_total)
/arc/home/RongjunHuang/ICRAR/further/SFR+Z.py:2156: RuntimeWarning: invalid value encountered in divide
  n2s2_ratio = np.log10(nii6583_flux / sii_total)
/arc/home/RongjunHuang/ICRAR/further/SFR+Z.py:2156: RuntimeWarning: divide by zero encountered in log10
  n2s2_ratio = np.log10(nii6583_flux / sii_total)
/arc/home/RongjunHuang/ICRAR/further/SFR+Z.py:2201: RuntimeWarning: divide by zero encountered in divide
  oiii_hb = oiii5006_flux / hb4861_flux
/arc/home/RongjunHuang/ICRAR/further/SFR+Z.py:2201: RuntimeWarning: invalid value encountered in divide
  oiii_hb = oiii5006_flux / hb4861_flux
/arc/home/RongjunHuang/ICRAR/further/SFR+Z.py:2203: RuntimeWarning: divide by zero encountered in divide
  o3n2_ratio = np.log10(oiii_hb / nii_ha)
/arc/home/RongjunHuang/ICRAR/further/SFR+Z.py:2203: RuntimeWarning: divide by zero encountered in log10
  o3n2_ratio = np.log10(oiii_hb / nii_ha)
/arc/home/RongjunHuang/ICRAR/further/SFR+Z.py:2225: RuntimeWarning: divide by zero encountered in log10
  n2_ratio = np.log10(nii6583_flux / ha6562_flux)
/arc/home/RongjunHuang/ICRAR/further/SFR+Z.py:2248: RuntimeWarning: divide by zero encountered in divide
  oiii_hb = oiii5006_flux / hb4861_flux
/arc/home/RongjunHuang/ICRAR/further/SFR+Z.py:2248: RuntimeWarning: invalid value encountered in divide
  oiii_hb = oiii5006_flux / hb4861_flux
/arc/home/RongjunHuang/ICRAR/further/SFR+Z.py:2250: RuntimeWarning: divide by zero encountered in divide
  o3n2_ratio = np.log10(oiii_hb / nii_ha)
/arc/home/RongjunHuang/ICRAR/further/SFR+Z.py:2250: RuntimeWarning: divide by zero encountered in log10
  o3n2_ratio = np.log10(oiii_hb / nii_ha)
/arc/home/RongjunHuang/ICRAR/further/SFR+Z.py:2272: RuntimeWarning: divide by zero encountered in log10
  n2_ratio = np.log10(nii6583_flux / ha6562_flux)
/arc/home/RongjunHuang/ICRAR/further/SFR+Z.py:2307: RuntimeWarning: divide by zero encountered in divide
  oiii_hb = oiii5006_flux / hb4861_flux
/arc/home/RongjunHuang/ICRAR/further/SFR+Z.py:2307: RuntimeWarning: invalid value encountered in divide
  oiii_hb = oiii5006_flux / hb4861_flux
/arc/home/RongjunHuang/ICRAR/further/SFR+Z.py:2309: RuntimeWarning: divide by zero encountered in divide
  o3n2_ratio = np.log10(oiii_hb / nii_ha)
/arc/home/RongjunHuang/ICRAR/further/SFR+Z.py:2309: RuntimeWarning: divide by zero encountered in log10
  o3n2_ratio = np.log10(oiii_hb / nii_ha)
/arc/home/RongjunHuang/ICRAR/further/SFR+Z.py:2409: RuntimeWarning: divide by zero encountered in divide
  oiii_hb = oiii5006_flux / hb4861_flux
/arc/home/RongjunHuang/ICRAR/further/SFR+Z.py:2409: RuntimeWarning: invalid value encountered in divide
  oiii_hb = oiii5006_flux / hb4861_flux
/arc/home/RongjunHuang/ICRAR/further/SFR+Z.py:2412: RuntimeWarning: divide by zero encountered in divide
  sii_hb = sii_total / hb4861_flux
/arc/home/RongjunHuang/ICRAR/further/SFR+Z.py:2412: RuntimeWarning: invalid value encountered in divide
  sii_hb = sii_total / hb4861_flux
/arc/home/RongjunHuang/ICRAR/further/SFR+Z.py:2415: RuntimeWarning: divide by zero encountered in divide
  o3s2_ratio = np.log10(oiii_hb / sii_hb)
/arc/home/RongjunHuang/ICRAR/further/SFR+Z.py:2415: RuntimeWarning: invalid value encountered in divide
  o3s2_ratio = np.log10(oiii_hb / sii_hb)
/arc/home/RongjunHuang/ICRAR/further/SFR+Z.py:2415: RuntimeWarning: divide by zero encountered in log10
  o3s2_ratio = np.log10(oiii_hb / sii_hb)
Calculating all 6 C20 metallicities for NGC4580...
Combined C20 metallicity: median = 8.659, range = (8.418, 8.902)
Combined C20 dominant-weight method usage: O3N2=95078, O3S2=284, RS32=1016, R3=37628, N2=203, S2=42181
Galaxy NGC4580 inclination: 46.0° (cos θ = 0.695)
Inclination correction ENABLED: applying b/a = 0.709 (adopting intrinsic thickness q₀ = 0.2 for disc galaxy)
/arc/home/RongjunHuang/ICRAR/further/SFR+Z.py:3123: RuntimeWarning: divide by zero encountered in log10
  logN2  = np.log10(NII6583_FLUX_corr / HA6562_FLUX_corr)        # [N II]/Hα
/arc/home/RongjunHuang/ICRAR/further/SFR+Z.py:3124: RuntimeWarning: divide by zero encountered in log10
  logS2  = np.log10((SII6716_FLUX_corr+SII6730_FLUX_corr) / HA6562_FLUX_corr)   # Σ[S II]/Hα
/arc/home/RongjunHuang/ICRAR/further/SFR+Z.py:3125: RuntimeWarning: divide by zero encountered in divide
  logO3  = np.log10(OIII5006_FLUX_corr / HB4861_FLUX_corr)       # [O III]/Hβ
/arc/home/RongjunHuang/ICRAR/further/SFR+Z.py:3125: RuntimeWarning: invalid value encountered in divide
  logO3  = np.log10(OIII5006_FLUX_corr / HB4861_FLUX_corr)       # [O III]/Hβ
/arc/home/RongjunHuang/ICRAR/further/SFR+Z.py:3125: RuntimeWarning: divide by zero encountered in log10
  logO3  = np.log10(OIII5006_FLUX_corr / HB4861_FLUX_corr)       # [O III]/Hβ
/arc/home/RongjunHuang/ICRAR/further/SFR+Z.py:3211: RuntimeWarning: invalid value encountered in add
  mask_N2_right, mask_S2_right = apply_bpt_masks(logN2=logN2+logN2_err, logS2=logS2+logS2_err, logO3=logO3)
/arc/home/RongjunHuang/ICRAR/further/SFR+Z.py:3213: RuntimeWarning: invalid value encountered in add
  mask_N2_up, mask_S2_up = apply_bpt_masks(logN2=logN2, logS2=logS2, logO3=logO3+logO3_err)
--------------------------------------------------------------
HII-region model-grid inference
pyqz/NebulaBayes six-line corrected-input aperture: 33174 pixels in 4588 unique spatial bins; no extra S/N cut
JY22 six-line raw-input aperture: 33174 pixels in 4588 unique spatial bins; no extra S/N cut
Python interpreter: /arc/home/RongjunHuang/.conda/envs/ICRAR/bin/python
pyqz/NebulaBayes compatibility layer: model_grid_compat.py
pyqz 0.8.4.0: diagnostic=[NII]/[SII]+;[OIII]/[SII]+; Pk=5.0; struct=pp; kappa=inf; sampling=2; srs=800; KDE=multiv; seed=20260823; nproc=1
pyqz runtime overlay: /tmp/pyqz084-runtime-46rdyp2z/pyqz/__init__.py
pyqz grid identity: MAPPINGS V HII Region Grid: QZ pp_GCZO_Pk50_kinf
pyqz bins: 1/4588 spectra complete (BINID 55, 1.1 s)
pyqz bins: 458/4588 spectra complete (BINID 700, 650.4 s)
pyqz bins: 916/4588 spectra complete (BINID 1174, 1133.5 s)
pyqz bins: 1374/4588 spectra complete (BINID 1634, 1603.4 s)
pyqz bins: 1832/4588 spectra complete (BINID 2223, 2051.8 s)
pyqz bins: 2290/4588 spectra complete (BINID 3378, 2448.6 s)
pyqz bins: 2748/4588 spectra complete (BINID 4116, 2820.9 s)
pyqz bins: 3206/4588 spectra complete (BINID 4840, 3138.0 s)
pyqz bins: 3664/4588 spectra complete (BINID 5608, 3377.2 s)
pyqz bins: 4122/4588 spectra complete (BINID 6335, 3601.1 s)
pyqz bins: 4580/4588 spectra complete (BINID 7233, 3875.2 s)
pyqz bins: 4588/4588 spectra complete (BINID 7358, 3880.1 s)
pyqz bins: no per-spectrum exceptions
Initialising NebulaBayes (v0.9.9) model...
INFO Initialising NebulaBayes (v0.9.9) model...
Loading input grid data...
INFO Loading input grid data...
Building flux arrays for the model grids...
INFO Building flux arrays for the model grids...
Resampling model emission line flux grids to shape (40, 20, 160) using linear interpolation...
INFO Resampling model emission line flux grids to shape (40, 20, 160) using linear interpolation...
    Interpolating for Hbeta...
INFO     Interpolating for Hbeta...
    Interpolating for OIII5007...
INFO     Interpolating for OIII5007...
    Interpolating for Halpha...
INFO     Interpolating for Halpha...
    Interpolating for NII6583...
INFO     Interpolating for NII6583...
    Interpolating for SII6716...
INFO     Interpolating for SII6716...
    Interpolating for SII6731...
INFO     Interpolating for SII6731...
Interpolated flux grid size is 1.02MB for 1 line and 6.14MB total for all 6 lines
DEBUG Interpolated flux grid size is 1.02MB for 1 line and 6.14MB total for all 6 lines
NebulaBayes 0.9.9: grid=/arc/home/RongjunHuang/.conda/envs/ICRAR/lib/python3.13/site-packages/NebulaBayes/grids/NB_HII_grid.fits.gz; parameters=['log U', 'log P/k', '12 + log O/H']; shape=(40, 20, 160); order=1; grid_error=0.1; norm=Hbeta; deredden=False; prior=Uniform
NebulaBayes bins: 1/4588 spectra complete (BINID 55, 0.0 s)
NebulaBayes bins: 458/4588 spectra complete (BINID 700, 14.4 s)
NebulaBayes bins: 916/4588 spectra complete (BINID 1174, 28.4 s)
NebulaBayes bins: 1374/4588 spectra complete (BINID 1634, 41.7 s)
NebulaBayes bins: 1832/4588 spectra complete (BINID 2223, 53.8 s)
NebulaBayes bins: 2290/4588 spectra complete (BINID 3378, 66.3 s)
NebulaBayes bins: 2748/4588 spectra complete (BINID 4116, 78.6 s)
NebulaBayes bins: 3206/4588 spectra complete (BINID 4840, 90.6 s)
NebulaBayes bins: 3664/4588 spectra complete (BINID 5608, 102.8 s)
NebulaBayes bins: 4122/4588 spectra complete (BINID 6335, 115.1 s)
NebulaBayes bins: 4580/4588 spectra complete (BINID 7233, 127.4 s)
NebulaBayes bins: 4588/4588 spectra complete (BINID 7358, 127.6 s)
NebulaBayes bins: no per-spectrum exceptions
JY22/Peng2026: raw close-pair ratios=N2,S2,R3; posterior means with marginal equal-tailed p16/p84; full raw-ratio covariance; post-depletion O/H=pre-depletion-0.22; nominal fit_ok chi2<=9; error inflation=1.0
JY22 grid: /arc/home/RongjunHuang/ICRAR/further/Peng2026/photoionization_models/photoionization_grid_interpolated.fits; sha256=d7a219b60c9a1ea8b29339988c84b1832028b28b3c417d1c3c58b420831eb38a; inference_shape=(200, 200); requested logU=(-4.0, -0.5); retained logU=(-4.0, -0.5); solar O/H=8.69
JY22 bins: 1/4588 spectra complete (BINID 55, 0.0 s)
JY22 bins: 458/4588 spectra complete (BINID 700, 3.9 s)
JY22 bins: 916/4588 spectra complete (BINID 1174, 7.8 s)
JY22 bins: 1374/4588 spectra complete (BINID 1634, 11.7 s)
JY22 bins: 1832/4588 spectra complete (BINID 2223, 15.7 s)
JY22 bins: 2290/4588 spectra complete (BINID 3378, 19.6 s)
JY22 bins: 2748/4588 spectra complete (BINID 4116, 23.6 s)
JY22 bins: 3206/4588 spectra complete (BINID 4840, 27.6 s)
JY22 bins: 3664/4588 spectra complete (BINID 5608, 31.5 s)
JY22 bins: 4122/4588 spectra complete (BINID 6335, 35.5 s)
JY22 bins: 4580/4588 spectra complete (BINID 7233, 39.4 s)
JY22 bins: 4588/4588 spectra complete (BINID 7358, 39.5 s)
JY22 bins: no per-spectrum exceptions
/tmp/pyqz084-runtime-46rdyp2z/pyqz/pyqz.py:849: RuntimeWarning: invalid value encountered in divide
  gridZ/= peak_val
pyqz integrated HII: no per-spectrum exceptions
/tmp/pyqz084-runtime-46rdyp2z/pyqz/pyqz.py:849: RuntimeWarning: invalid value encountered in divide
  gridZ/= peak_val
pyqz integrated SF: no per-spectrum exceptions
NebulaBayes integrated: no per-spectrum exceptions
JY22 integrated: no per-spectrum exceptions
Integrated HII/SF model-grid results (common six-line raw aperture)
  HII: 25000 pixels, 3378 bins; integrated E(B-V)=0.39004+/-0.00013
    pyqz: O/H=nan+/-nan; LogQ=nan+/-nan; logU=nan+/-nan; flag=1234; off-grid=0.00%; valid=0 (uncertainties: 0.61 KDE contour)
    NebulaBayes means: O/H=8.93138 [8.90901, 8.96543]; logU=-2.76809 [-2.87179, -2.66667]; log(P/k)=4.79612 [-inf, 5.35789]; sampled modes=(8.92311, -2.76923, 4.20000); reliable=(1, 1, 0); chi2_red=3.308e+04; nlocalmax=2; flag=12; valid=1
    JY22 gas O/H=8.86140 [8.86140, 8.86140]; pre-depletion O/H=9.08140 [9.08140, 9.08140]; logU=-0.50000 [-0.50000, -0.50000]; chi2_min=2.178e+06; residuals(N2,S2,R3)=(-0.0423, -0.0357, -0.3136); residual norm=0.3184; fit_ok=0; flag=34; valid=1 (posterior means; marginal equal-tailed p16/p84)
  SF: 33174 pixels, 4588 bins; integrated E(B-V)=0.38386+/-0.00013
    pyqz: O/H=nan+/-nan; LogQ=nan+/-nan; logU=nan+/-nan; flag=1234; off-grid=0.00%; valid=0 (uncertainties: 0.61 KDE contour)
    NebulaBayes means: O/H=8.89863 [8.86669, 8.93722]; logU=-2.79422 [-2.87179, -2.71795]; log(P/k)=4.89906 [-inf, 5.58947]; sampled modes=(8.89490, -2.82051, 4.20000); reliable=(1, 1, 0); chi2_red=1.888e+04; nlocalmax=2; flag=12; valid=1
    JY22 gas O/H=8.89760 [8.89760, 8.89760]; pre-depletion O/H=9.11760 [9.11760, 9.11760]; logU=-0.50000 [-0.50000, -0.50000]; chi2_min=3.96e+05; residuals(N2,S2,R3)=(-0.0178, 0.0129, -0.1130); residual norm=0.1151; fit_ok=0; flag=34; valid=1 (posterior means; marginal equal-tailed p16/p84)
Model covariance note: JY22 uses the full first-order N2/S2/R3 covariance from raw close-pair ratios and shared denominators; pyqz/NebulaBayes independent-error APIs do not represent the analogous shared covariance.
--------------------------------------------------------------
Loaded SII density lookup table: /arc/home/RongjunHuang/ICRAR/further/pyneb_sii_6716_6731_density_lookup_te8000_13000_step1000_ne20_100000_n4096.npz
DEBUG Creating converter from 3 to 5
PyNeb Te-method valid-pixel counts:
  NE_SII finite pixels: 34103
  NE_SII fixed at 20 cm^-3: 15945/34103 (46.8%)
  NE_SII exact high-density fallback pixels: 0
  NE_SII_ALL finite pixels: 180322
  Te(NII) HII pixels: 130
  Te(NII) SF pixels: 199
  Brazzini+2024 direct HII pixels: 0
  Brazzini+2024 direct SF pixels: 0
  NII+OII7325 semi-direct HII pixels: 0
  NII+OII7325 semi-direct SF pixels: 16
  Kreckel+2025 NII-only HII pixels: 0
  Kreckel+2025 NII-only SF pixels: 7
Integrated PyNeb Te-method values:
  SF:
    NE_SII: 20.00 +/- 0.00 cm^-3 (n_pix=30827, fixed20=0, exact_high_density=0)
    Te(NII): nan K (n_pix=786)
    O_H_BR24_DIRECT: nan dex (n_pix=0)
    O_H_NII_OII7325: 7.3430 +/- 0.0444 dex (n_pix=25)
    O_H_NII_K25: nan dex (n_pix=786)
  HII:
    NE_SII: 20.00 +/- 0.00 cm^-3 (n_pix=24214, fixed20=0, exact_high_density=0)
    Te(NII): nan K (n_pix=475)
    O_H_BR24_DIRECT: nan dex (n_pix=0)
    O_H_NII_OII7325: nan dex (n_pix=0)
    O_H_NII_K25: nan dex (n_pix=475)
Further file written ➜ /arc/projects/mauve/products/v3tk_v7.6.8/NGC4580/NGC4580_gas_bin_maps_further.fits
--------------------------------------------------------------
Total non-nan spaxels: 180322
Number of pixels with Halpha not detected: 92886
Number of pixels with Halpha detected, Hbeta not detected: 44676
Number of pixels with Halpha detected, Hbeta detected, NII not detected, OIII not detected and unclassified1: 0
Number of pixels with Halpha detected, Hbeta detected, NII not detected, OIII detected and unclassified1: 0
Number of pixels with Halpha detected, Hbeta detected, NII detected, OIII not detected and unclassified1: 1794
Number of pixels with Halpha detected, Hbeta detected, NII detected, OIII detected and unclassified1: 5305
Number of pixels with Halpha detected, Hbeta detected, SII not detected, OIII not detected and unclassified1: 1581
Number of pixels with Halpha detected, Hbeta detected, SII not detected, OIII detected and unclassified1: 3422
Number of pixels with Halpha detected, Hbeta detected, SII detected, OIII not detected and unclassified1: 213
Number of pixels with Halpha detected, Hbeta detected, SII detected, OIII detected and unclassified1: 1883
--------------------------------------------------------------
Total Halpha luminosity map sum (detections + upper-limit substitutions): 3.56e+40 erg/s
Total corrected Halpha luminosity from SF region: 3.29e+40 erg/s
Total Halpha SFR map sum (detections + upper-limit substitutions): 0.18 M☉/yr or in log10 scale: -0.75 log(M☉/yr)
Total Halpha SFR from SF region: 0.16 M☉/yr or in log10 scale: -0.78 log(M☉/yr)
Total Halpha SFR from HII region: 0.15 M☉/yr or in log10 scale: -0.82 log(M☉/yr)
--------------------------------------------------------------
[O/H] D16 SF: Total metallicity in SF region:  8.853092029681006
[O/H] PG16 SF: Total metallicity in SF region:  8.560748773519208
[O/H] N2S2-N06 SF: Total metallicity in SF region:  9.145570559800131
[O/H] O3N2-M13 SF: Total metallicity in SF region:  8.548870275443209
[O/H] N2-M13 SF: Total metallicity in SF region:  8.491654711998953
[O/H] O3N2-PP04 SF: Total metallicity in SF region:  8.753731252999192
[O/H] N2-PP04 SF: Total metallicity in SF region:  8.587007526994043
[O/H] O3N2-C20 SF: Total metallicity in SF region:  8.762063407379063
[O/H] O3S2-C20 SF: Total metallicity in SF region:  8.799100419266546
[O/H] RS32-C20 SF: Total metallicity in SF region:  8.809207884292823
[O/H] R3-C20 SF: Total metallicity in SF region:  8.77809343983227
[O/H] N2-C20 SF: Total metallicity in SF region:  8.655492632612745
[O/H] S2-C20 SF: Total metallicity in SF region:  8.871378347177608
[O/H] Combined-C20 SF: Total metallicity in SF region:  8.79744414113112 (weighted 6 methods; dominant S2)
--------------------------------------------------------------
[O/H] D16 HII: Total metallicity in HII region:  8.828865159938855
[O/H] PG16 HII: Total metallicity in HII region:  8.547880097356334
[O/H] N2S2-N06 HII: Total metallicity in HII region:  9.138598745486602
[O/H] O3N2-M13 HII: Total metallicity in HII region:  8.555839903557258
[O/H] N2-M13 HII: Total metallicity in HII region:  8.467742284257234
[O/H] O3N2-PP04 HII: Total metallicity in HII region:  8.764153126814593
[O/H] N2-PP04 HII: Total metallicity in HII region:  8.540122755156322
[O/H] O3N2-C20 HII: Total metallicity in HII region:  8.768441424519748
[O/H] O3S2-C20 HII: Total metallicity in HII region:  8.80777055733872
[O/H] RS32-C20 HII: Total metallicity in HII region:  8.830936912006432
[O/H] R3-C20 HII: Total metallicity in HII region:  8.797790738465633
[O/H] N2-C20 HII: Total metallicity in HII region:  8.625526511139665
[O/H] S2-C20 HII: Total metallicity in HII region:  8.882845730322117
[O/H] Combined-C20 HII: Total metallicity in HII region:  8.807090017085637 (weighted 6 methods; dominant S2)
--------------------------------------------------------------
[O/H] D16: Total metallicity in total region:  8.94434625668874
[O/H] PG16: Total metallicity in total region:  8.61267912219575
[O/H] N2S2-N06: Total metallicity in total region:  9.181092806574448
[O/H] O3N2-M13: Total metallicity in total region:  8.518587903858926
[O/H] N2-M13: Total metallicity in total region:  8.552693660568236
[O/H] O3N2-PP04: Total metallicity in total region:  8.708449202032039
[O/H] N2-PP04: Total metallicity in total region:  8.725232524911041
[O/H] O3N2-C20: Total metallicity in total region:  8.733920012198272
[O/H] O3S2-C20: Total metallicity in total region:  8.75866858697056
[O/H] RS32-C20: Total metallicity in total region:  8.738207840979337
[O/H] R3-C20: Total metallicity in total region:  8.708684553274193
[O/H] N2-C20: Total metallicity in total region:  8.978425616770926
[O/H] S2-C20: Total metallicity in total region:  8.8462456257048
[O/H] Combined-C20: Total metallicity in total region:  8.790281701320037 (weighted 6 methods; dominant S2)
--------------------------------------------------------------
Total runtime: 4515.7 s
✅  NGC4580 finished in 75m20s
