Python executable: /arc/home/RongjunHuang/.conda/envs/ICRAR/bin/python
Python 3.13.3
PYTHONUNBUFFERED: 1
Product root     : /arc/projects/mauve/products
Product subdir   : v3tk_v7.6.8
Local fallback   : /arc/home/RongjunHuang/ICRAR/further

Shared input keyword ➜ <none>
Reading gas-line FITS ➜ /arc/projects/mauve/products/v3tk_v7.6.8/NGC4351/NGC4351_gas_bin_maps.fits
Matched binning FITS ➜ /arc/projects/mauve/products/v3tk_v7.6.8/NGC4351/NGC4351_spatial_binning_maps_further.fits
Spatial mask FITS ➜ /arc/projects/mauve/products/v3tk_v7.6.8/NGC4351/NGC4351_mask.fits
Gas-line maps collapsed onto spatial BINID: 2170 bins
Available gas-line flux/error pairs:
  - HB4861
  - OIII4958
  - OIII5006
  - NII5754
  - OI6300
  - SIII6312
  - OI6363
  - NII6548
  - HA6562
  - NII6583
  - SII6716
  - SII6730
  - OII7318
  - OII7319
  - OII7329
  - OII7330
Te-method optional emission-line availability:
  - OIII4958: available
  - NII5754: available
  - SIII6312: available
  - NII6548: available
  - OII7318: available
  - OII7319: available
  - OII7329: available
  - OII7330: available
  - SIII9068: missing
Spatial mask applied: MASKFILE[MASK] table; row-major MASK == 0; keep=180136, masked=10757, finite H-alpha after mask=180136
/arc/home/RongjunHuang/ICRAR/further/SFR+Z.py:1223: RuntimeWarning: divide by zero encountered in divide
  BD = HA6562_FLUX / HB4861_FLUX
--------------------------------------------------------------
Extinction law for k(λ)=A(λ)/E(B−V): calzetti
k(Hβ 4861Å)  = 4.5981   at λ=0.4861 µm
k(Hα 6562Å)  = 3.3264   at λ=0.6562 µm
k([OIII]5006)= 4.4647   at λ=0.5006 µm
k([NII]6583) = 3.3130   at λ=0.6583 µm
k([SII]6716) = 3.2298   at λ=0.6716 µm
k([SII]6730) = 3.2212   at λ=0.6730 µm
k(OIII4958) = 4.5083   at λ=0.4958 µm
k(NII5754) = 3.8531   at λ=0.5755 µm
k(OI6300) = 3.5017   at λ=0.6300 µm
k(SIII6312) = 3.4934   at λ=0.6312 µm
k(OI6363) = 3.4582   at λ=0.6363 µm
k(NII6548) = 3.3355   at λ=0.6548 µm
k(OII7318) = 2.8906   at λ=0.7319 µm
k(OII7319) = 2.8901   at λ=0.7320 µm
k(OII7329) = 2.8854   at λ=0.7329 µm
k(OII7330) = 2.8844   at λ=0.7331 µm
k(SIII9068) = 2.1615   at λ=0.9069 µm (line missing; NaN placeholder)
--------------------------------------------------------------
/arc/home/RongjunHuang/ICRAR/further/SFR+Z.py:2114: RuntimeWarning: divide by zero encountered in divide
  N2 = NII_scaled / HB4861_FLUX_corr   # N2 = I([N II]λ6548 + λ6584)/I(Hβ)
/arc/home/RongjunHuang/ICRAR/further/SFR+Z.py:2115: RuntimeWarning: divide by zero encountered in divide
  S2 = (SII6716_FLUX_corr + SII6730_FLUX_corr) / HB4861_FLUX_corr  # S2 = I([S II]λ6717 + λ6731)/I(Hβ)
/arc/home/RongjunHuang/ICRAR/further/SFR+Z.py:2116: RuntimeWarning: divide by zero encountered in divide
  R3 = OIII_scaled / HB4861_FLUX_corr  # R3 = I([O III]λ4959 + λ5007)/I(Hβ) (same value as R2 in this case)
/arc/home/RongjunHuang/ICRAR/further/SFR+Z.py:2116: RuntimeWarning: invalid value encountered in divide
  R3 = OIII_scaled / HB4861_FLUX_corr  # R3 = I([O III]λ4959 + λ5007)/I(Hβ) (same value as R2 in this case)
/arc/home/RongjunHuang/ICRAR/further/SFR+Z.py:2118: RuntimeWarning: invalid value encountered in divide
  log_R3_S2 = np.log10(R3/S2)
/arc/home/RongjunHuang/ICRAR/further/SFR+Z.py:2118: RuntimeWarning: divide by zero encountered in log10
  log_R3_S2 = np.log10(R3/S2)
/arc/home/RongjunHuang/ICRAR/further/SFR+Z.py:2213: RuntimeWarning: divide by zero encountered in divide
  oiii_hb = oiii5006_flux / hb4861_flux
/arc/home/RongjunHuang/ICRAR/further/SFR+Z.py:2213: RuntimeWarning: invalid value encountered in divide
  oiii_hb = oiii5006_flux / hb4861_flux
/arc/home/RongjunHuang/ICRAR/further/SFR+Z.py:2215: RuntimeWarning: divide by zero encountered in log10
  o3n2_ratio = np.log10(oiii_hb / nii_ha)
/arc/home/RongjunHuang/ICRAR/further/SFR+Z.py:2260: RuntimeWarning: divide by zero encountered in divide
  oiii_hb = oiii5006_flux / hb4861_flux
/arc/home/RongjunHuang/ICRAR/further/SFR+Z.py:2260: RuntimeWarning: invalid value encountered in divide
  oiii_hb = oiii5006_flux / hb4861_flux
/arc/home/RongjunHuang/ICRAR/further/SFR+Z.py:2262: RuntimeWarning: divide by zero encountered in log10
  o3n2_ratio = np.log10(oiii_hb / nii_ha)
/arc/home/RongjunHuang/ICRAR/further/SFR+Z.py:2319: RuntimeWarning: divide by zero encountered in divide
  oiii_hb = oiii5006_flux / hb4861_flux
/arc/home/RongjunHuang/ICRAR/further/SFR+Z.py:2319: RuntimeWarning: invalid value encountered in divide
  oiii_hb = oiii5006_flux / hb4861_flux
/arc/home/RongjunHuang/ICRAR/further/SFR+Z.py:2321: RuntimeWarning: divide by zero encountered in log10
  o3n2_ratio = np.log10(oiii_hb / nii_ha)
/arc/home/RongjunHuang/ICRAR/further/SFR+Z.py:2421: RuntimeWarning: divide by zero encountered in divide
  oiii_hb = oiii5006_flux / hb4861_flux
/arc/home/RongjunHuang/ICRAR/further/SFR+Z.py:2421: RuntimeWarning: invalid value encountered in divide
  oiii_hb = oiii5006_flux / hb4861_flux
/arc/home/RongjunHuang/ICRAR/further/SFR+Z.py:2424: RuntimeWarning: divide by zero encountered in divide
  sii_hb = sii_total / hb4861_flux
/arc/home/RongjunHuang/ICRAR/further/SFR+Z.py:2427: RuntimeWarning: invalid value encountered in divide
  o3s2_ratio = np.log10(oiii_hb / sii_hb)
/arc/home/RongjunHuang/ICRAR/further/SFR+Z.py:2427: RuntimeWarning: divide by zero encountered in log10
  o3s2_ratio = np.log10(oiii_hb / sii_hb)
Calculating all 6 C20 metallicities for NGC4351...
Combined C20 metallicity: median = 8.696, range = (8.274, 8.850)
Combined C20 dominant-weight method usage: O3N2=29370, O3S2=1395, RS32=19302, R3=88253, N2=9328, S2=3305
Galaxy NGC4351 inclination: 48.0° (cos θ = 0.669)
Inclination correction ENABLED: applying b/a = 0.685 (adopting intrinsic thickness q₀ = 0.2 for disc galaxy)
/arc/home/RongjunHuang/ICRAR/further/SFR+Z.py:3137: RuntimeWarning: divide by zero encountered in divide
  logO3  = np.log10(OIII5006_FLUX_corr / HB4861_FLUX_corr)       # [O III]/Hβ
/arc/home/RongjunHuang/ICRAR/further/SFR+Z.py:3137: RuntimeWarning: invalid value encountered in divide
  logO3  = np.log10(OIII5006_FLUX_corr / HB4861_FLUX_corr)       # [O III]/Hβ
/arc/home/RongjunHuang/ICRAR/further/SFR+Z.py:3137: RuntimeWarning: divide by zero encountered in log10
  logO3  = np.log10(OIII5006_FLUX_corr / HB4861_FLUX_corr)       # [O III]/Hβ
/arc/home/RongjunHuang/ICRAR/further/SFR+Z.py:3225: RuntimeWarning: invalid value encountered in add
  mask_N2_up, mask_S2_up = apply_bpt_masks(logN2=logN2, logS2=logS2, logO3=logO3+logO3_err)
--------------------------------------------------------------
HII-region model-grid inference
pyqz/NebulaBayes six-line corrected-input aperture: 30940 pixels in 1459 unique spatial bins; no extra S/N cut
JY22 six-line raw-input aperture: 30940 pixels in 1459 unique spatial bins; no extra S/N cut
Python interpreter: /arc/home/RongjunHuang/.conda/envs/ICRAR/bin/python
pyqz/NebulaBayes compatibility layer: model_grid_compat.py
pyqz 0.8.4.0: diagnostic=[NII]/[SII]+;[OIII]/[SII]+; Pk=5.0; struct=pp; kappa=inf; sampling=2; srs=800; KDE=multiv; seed=20260823; nproc=1
pyqz runtime overlay: /tmp/pyqz084-runtime-p5t3ebn4/pyqz/__init__.py
pyqz grid identity: MAPPINGS V HII Region Grid: QZ pp_GCZO_Pk50_kinf
pyqz bins: 1/1459 spectra complete (BINID 0, 0.9 s)
pyqz bins: 145/1459 spectra complete (BINID 144, 121.9 s)
pyqz bins: 290/1459 spectra complete (BINID 289, 247.8 s)
pyqz bins: 435/1459 spectra complete (BINID 478, 376.2 s)
pyqz bins: 580/1459 spectra complete (BINID 750, 502.8 s)
pyqz bins: 725/1459 spectra complete (BINID 947, 629.2 s)
pyqz bins: 870/1459 spectra complete (BINID 1105, 758.4 s)
pyqz bins: 1015/1459 spectra complete (BINID 1254, 890.8 s)
pyqz bins: 1160/1459 spectra complete (BINID 1435, 1023.3 s)
pyqz bins: 1305/1459 spectra complete (BINID 1650, 1148.8 s)
pyqz bins: 1450/1459 spectra complete (BINID 2000, 1284.0 s)
pyqz bins: 1459/1459 spectra complete (BINID 2140, 1291.0 s)
pyqz bins: no per-spectrum exceptions
Initialising NebulaBayes (v0.9.9) model...
INFO Initialising NebulaBayes (v0.9.9) model...
Loading input grid data...
INFO Loading input grid data...
Building flux arrays for the model grids...
INFO Building flux arrays for the model grids...
Resampling model emission line flux grids to shape (40, 20, 160) using linear interpolation...
INFO Resampling model emission line flux grids to shape (40, 20, 160) using linear interpolation...
    Interpolating for Hbeta...
INFO     Interpolating for Hbeta...
    Interpolating for OIII5007...
INFO     Interpolating for OIII5007...
    Interpolating for Halpha...
INFO     Interpolating for Halpha...
    Interpolating for NII6583...
INFO     Interpolating for NII6583...
    Interpolating for SII6716...
INFO     Interpolating for SII6716...
    Interpolating for SII6731...
INFO     Interpolating for SII6731...
Interpolated flux grid size is 1.02MB for 1 line and 6.14MB total for all 6 lines
DEBUG Interpolated flux grid size is 1.02MB for 1 line and 6.14MB total for all 6 lines
NebulaBayes 0.9.9: grid=/arc/home/RongjunHuang/.conda/envs/ICRAR/lib/python3.13/site-packages/NebulaBayes/grids/NB_HII_grid.fits.gz; parameters=['log U', 'log P/k', '12 + log O/H']; shape=(40, 20, 160); order=1; grid_error=0.1; norm=Hbeta; deredden=False; prior=Uniform
NebulaBayes bins: 1/1459 spectra complete (BINID 0, 0.1 s)
NebulaBayes bins: 145/1459 spectra complete (BINID 144, 10.5 s)
NebulaBayes bins: 290/1459 spectra complete (BINID 289, 20.7 s)
NebulaBayes bins: 435/1459 spectra complete (BINID 478, 30.1 s)
NebulaBayes bins: 580/1459 spectra complete (BINID 750, 39.9 s)
NebulaBayes bins: 725/1459 spectra complete (BINID 947, 50.0 s)
NebulaBayes bins: 870/1459 spectra complete (BINID 1105, 59.8 s)
NebulaBayes bins: 1015/1459 spectra complete (BINID 1254, 69.6 s)
NebulaBayes bins: 1160/1459 spectra complete (BINID 1435, 79.3 s)
NebulaBayes bins: 1305/1459 spectra complete (BINID 1650, 89.2 s)
NebulaBayes bins: 1450/1459 spectra complete (BINID 2000, 99.6 s)
NebulaBayes bins: 1459/1459 spectra complete (BINID 2140, 100.1 s)
NebulaBayes bins: no per-spectrum exceptions
JY22/Peng2026: raw close-pair ratios=N2,S2,R3; posterior means with marginal equal-tailed p16/p84; full raw-ratio covariance; post-depletion O/H=pre-depletion-0.22; empirical chi2<=25 gross-mismatch cut; not a physical boundary; error inflation=1.0
JY22 grid: /arc/home/RongjunHuang/ICRAR/further/Peng2026/photoionization_models/photoionization_grid_interpolated.fits; sha256=d7a219b60c9a1ea8b29339988c84b1832028b28b3c417d1c3c58b420831eb38a; inference_shape=(200, 200); requested logU=(-4.0, -0.5); retained logU=(-4.0, -0.5); solar O/H=8.69
JY22 bins: 1/1459 spectra complete (BINID 0, 0.0 s)
JY22 bins: 145/1459 spectra complete (BINID 144, 1.5 s)
JY22 bins: 290/1459 spectra complete (BINID 289, 3.0 s)
JY22 bins: 435/1459 spectra complete (BINID 478, 4.6 s)
JY22 bins: 580/1459 spectra complete (BINID 750, 6.1 s)
JY22 bins: 725/1459 spectra complete (BINID 947, 7.7 s)
JY22 bins: 870/1459 spectra complete (BINID 1105, 9.2 s)
JY22 bins: 1015/1459 spectra complete (BINID 1254, 10.8 s)
JY22 bins: 1160/1459 spectra complete (BINID 1435, 12.4 s)
JY22 bins: 1305/1459 spectra complete (BINID 1650, 14.1 s)
JY22 bins: 1450/1459 spectra complete (BINID 2000, 15.6 s)
JY22 bins: 1459/1459 spectra complete (BINID 2140, 15.7 s)
JY22 bins: no per-spectrum exceptions
/tmp/pyqz084-runtime-p5t3ebn4/pyqz/pyqz.py:849: RuntimeWarning: invalid value encountered in divide
  gridZ/= peak_val
pyqz integrated HII: no per-spectrum exceptions
pyqz integrated HII: BINID 0 adaptive-local-KDE recovery: non-finite native flag=1234; adaptive local KDE 257x257
/tmp/pyqz084-runtime-p5t3ebn4/pyqz/pyqz.py:849: RuntimeWarning: invalid value encountered in divide
  gridZ/= peak_val
pyqz integrated SF: no per-spectrum exceptions
pyqz integrated SF: BINID 1 adaptive-local-KDE recovery: non-finite native flag=1234; adaptive local KDE 257x257
NebulaBayes integrated: no per-spectrum exceptions
JY22 integrated: no per-spectrum exceptions
Integrated HII/SF model-grid results (common six-line raw aperture)
  HII: 30940 pixels, 1459 bins; integrated E(B-V)=0.18578+/-0.00007
    pyqz: O/H=8.19881+/-0.00023; LogQ=6.77980+/-0.00011; logU=-3.69732+/-0.00011; flag=13; off-grid=0.00%; valid=1; method=adaptive-local-KDE recovery (uncertainties: 0.61 KDE contour)
    NebulaBayes means: O/H=8.52884 [8.47169, 8.58455]; logU=-3.38622 [-3.43590, -3.33333]; log(P/k)=5.66965 [4.89474, 6.28421]; sampled modes=(8.54223, -3.38462, 6.05263); reliable=(1, 1, 1); chi2_red=2.719e+05; nlocalmax=1; flag=0; valid=1
    JY22 gas O/H=8.63514 [8.63514, 8.63514]; pre-depletion O/H=8.85514 [8.85514, 8.85514]; logU=-1.73116 [-1.73116, -1.73116]; chi2_min=2.572e+06; residuals(N2,S2,R3)=(-0.0352, -0.0107, -0.0754); residual norm=0.0839; fit_ok=0; flag=32; valid=1 (posterior means; marginal equal-tailed p16/p84)
  SF: 30940 pixels, 1459 bins; integrated E(B-V)=0.18578+/-0.00007
    pyqz: O/H=8.19881+/-0.00023; LogQ=6.77980+/-0.00011; logU=-3.69732+/-0.00011; flag=13; off-grid=0.00%; valid=1; method=adaptive-local-KDE recovery (uncertainties: 0.61 KDE contour)
    NebulaBayes means: O/H=8.52884 [8.47169, 8.58455]; logU=-3.38622 [-3.43590, -3.33333]; log(P/k)=5.66965 [4.89474, 6.28421]; sampled modes=(8.54223, -3.38462, 6.05263); reliable=(1, 1, 1); chi2_red=2.719e+05; nlocalmax=1; flag=0; valid=1
    JY22 gas O/H=8.63514 [8.63514, 8.63514]; pre-depletion O/H=8.85514 [8.85514, 8.85514]; logU=-1.73116 [-1.73116, -1.73116]; chi2_min=2.572e+06; residuals(N2,S2,R3)=(-0.0352, -0.0107, -0.0754); residual norm=0.0839; fit_ok=0; flag=32; valid=1 (posterior means; marginal equal-tailed p16/p84)
Model covariance note: JY22 uses the full first-order N2/S2/R3 covariance from raw close-pair ratios and shared denominators; pyqz/NebulaBayes independent-error APIs do not represent the analogous shared covariance.
--------------------------------------------------------------
Loaded SII density lookup table: /arc/home/RongjunHuang/ICRAR/further/pyneb_sii_6716_6731_density_lookup_te8000_13000_step1000_ne20_100000_n4096.npz
DEBUG Creating converter from 3 to 5
PyNeb Te-method valid-pixel counts:
  NE_SII finite pixels: 51598
  NE_SII fixed at 20 cm^-3: 24323/51598 (47.1%)
  NE_SII exact high-density fallback pixels: 0
  NE_SII_ALL finite pixels: 180136
  Te(NII) HII pixels: 263
  Te(NII) SF pixels: 263
  Brazzini+2024 direct HII pixels: 0
  Brazzini+2024 direct SF pixels: 0
  NII+OII7325 semi-direct HII pixels: 195
  NII+OII7325 semi-direct SF pixels: 195
  Kreckel+2025 NII-only HII pixels: 177
  Kreckel+2025 NII-only SF pixels: 177
Integrated PyNeb Te-method values:
  SF:
    NE_SII: 20.00 +/- 0.00 cm^-3 (n_pix=30222, fixed20=0, exact_high_density=0)
    Te(NII): 10129.8 +/- 59.6 K (n_pix=273)
    O_H_BR24_DIRECT: nan dex (n_pix=0)
    O_H_NII_OII7325: 8.0252 +/- 0.0546 dex (n_pix=195)
    O_H_NII_K25: 8.4746 +/- 0.2065 dex (n_pix=273)
  HII:
    NE_SII: 20.00 +/- 0.00 cm^-3 (n_pix=30222, fixed20=0, exact_high_density=0)
    Te(NII): 10129.8 +/- 59.6 K (n_pix=273)
    O_H_BR24_DIRECT: nan dex (n_pix=0)
    O_H_NII_OII7325: 8.0252 +/- 0.0546 dex (n_pix=195)
    O_H_NII_K25: 8.4746 +/- 0.2065 dex (n_pix=273)
WARNING: VerifyWarning: Card is too long, comment will be truncated. [astropy.io.fits.card]
WARNING VerifyWarning: Card is too long, comment will be truncated.
Further file written ➜ /arc/projects/mauve/products/v3tk_v7.6.8/NGC4351/NGC4351_gas_bin_maps_further.fits
--------------------------------------------------------------
Total non-nan spaxels: 180136
Number of pixels with Halpha not detected: 91262
Number of pixels with Halpha detected, Hbeta not detected: 41481
Number of pixels with Halpha detected, Hbeta detected, NII not detected, OIII not detected and unclassified1: 0
Number of pixels with Halpha detected, Hbeta detected, NII not detected, OIII detected and unclassified1: 0
Number of pixels with Halpha detected, Hbeta detected, NII detected, OIII not detected and unclassified1: 0
Number of pixels with Halpha detected, Hbeta detected, NII detected, OIII detected and unclassified1: 0
Number of pixels with Halpha detected, Hbeta detected, SII not detected, OIII not detected and unclassified1: 0
Number of pixels with Halpha detected, Hbeta detected, SII not detected, OIII detected and unclassified1: 0
Number of pixels with Halpha detected, Hbeta detected, SII detected, OIII not detected and unclassified1: 0
Number of pixels with Halpha detected, Hbeta detected, SII detected, OIII detected and unclassified1: 0
--------------------------------------------------------------
Total Halpha luminosity map sum (detections + upper-limit substitutions): 2.21e+40 erg/s
Total corrected Halpha luminosity from SF region: 1.93e+40 erg/s
Total Halpha SFR map sum (detections + upper-limit substitutions): 0.11 M☉/yr or in log10 scale: -0.96 log(M☉/yr)
Total Halpha SFR from SF region: 0.10 M☉/yr or in log10 scale: -1.02 log(M☉/yr)
Total Halpha SFR from HII region: 0.10 M☉/yr or in log10 scale: -1.02 log(M☉/yr)
--------------------------------------------------------------
[O/H] D16 SF: Total metallicity in SF region:  8.415961712588413
[O/H] PG16 SF: Total metallicity in SF region:  8.383611888360226
[O/H] N2S2-N06 SF: Total metallicity in SF region:  8.761183615275723
[O/H] O3N2-M13 SF: Total metallicity in SF region:  8.47481653574941
[O/H] N2-M13 SF: Total metallicity in SF region:  8.467098457663102
[O/H] O3N2-PP04 SF: Total metallicity in SF region:  8.642996688971081
[O/H] N2-PP04 SF: Total metallicity in SF region:  8.53891257026923
[O/H] O3N2-C20 SF: Total metallicity in SF region:  8.691911095414627
[O/H] O3S2-C20 SF: Total metallicity in SF region:  8.814164332043749
[O/H] RS32-C20 SF: Total metallicity in SF region:  8.692504165307103
[O/H] R3-C20 SF: Total metallicity in SF region:  8.703427433166587
[O/H] N2-C20 SF: Total metallicity in SF region:  8.62474389511329
[O/H] S2-C20 SF: Total metallicity in SF region:  nan
[O/H] Combined-C20 SF: Total metallicity in SF region:  8.700658855870454 (weighted 5 methods; dominant R3)
--------------------------------------------------------------
[O/H] D16 HII: Total metallicity in HII region:  8.415961712588413
[O/H] PG16 HII: Total metallicity in HII region:  8.383611888360226
[O/H] N2S2-N06 HII: Total metallicity in HII region:  8.761183615275723
[O/H] O3N2-M13 HII: Total metallicity in HII region:  8.47481653574941
[O/H] N2-M13 HII: Total metallicity in HII region:  8.467098457663102
[O/H] O3N2-PP04 HII: Total metallicity in HII region:  8.642996688971081
[O/H] N2-PP04 HII: Total metallicity in HII region:  8.53891257026923
[O/H] O3N2-C20 HII: Total metallicity in HII region:  8.691911095414627
[O/H] O3S2-C20 HII: Total metallicity in HII region:  8.814164332043749
[O/H] RS32-C20 HII: Total metallicity in HII region:  8.692504165307103
[O/H] R3-C20 HII: Total metallicity in HII region:  8.703427433166587
[O/H] N2-C20 HII: Total metallicity in HII region:  8.62474389511329
[O/H] S2-C20 HII: Total metallicity in HII region:  nan
[O/H] Combined-C20 HII: Total metallicity in HII region:  8.700658855870454 (weighted 5 methods; dominant R3)
--------------------------------------------------------------
[O/H] D16: Total metallicity in total region:  8.389523802783081
[O/H] PG16: Total metallicity in total region:  8.38089200169398
[O/H] N2S2-N06: Total metallicity in total region:  8.718382978764476
[O/H] O3N2-M13: Total metallicity in total region:  8.471765560835093
[O/H] N2-M13: Total metallicity in total region:  8.480781268289645
[O/H] O3N2-PP04: Total metallicity in total region:  8.63843448349173
[O/H] N2-PP04: Total metallicity in total region:  8.565214090174242
[O/H] O3N2-C20: Total metallicity in total region:  8.688920276363095
[O/H] O3S2-C20: Total metallicity in total region:  8.818222989440125
[O/H] RS32-C20: Total metallicity in total region:  8.671376369148216
[O/H] R3-C20: Total metallicity in total region:  8.691246882298492
[O/H] N2-C20: Total metallicity in total region:  8.641631722930464
[O/H] S2-C20: Total metallicity in total region:  nan
[O/H] Combined-C20: Total metallicity in total region:  8.694458573410788 (weighted 5 methods; dominant R3)
--------------------------------------------------------------
Total runtime: 1818.0 s
✅  NGC4351 finished in 36m23s
