Python executable: /arc/home/RongjunHuang/.conda/envs/ICRAR/bin/python
Python 3.13.3
PYTHONUNBUFFERED: 1
Product root     : /arc/projects/mauve/products
Product subdir   : v3tk_v7.6.8
Local fallback   : /arc/home/RongjunHuang/ICRAR/further

Shared input keyword ➜ <none>
Reading gas-line FITS ➜ /arc/projects/mauve/products/v3tk_v7.6.8/NGC4501/NGC4501_gas_bin_maps.fits
Matched binning FITS ➜ /arc/projects/mauve/products/v3tk_v7.6.8/NGC4501/NGC4501_spatial_binning_maps_further.fits
Spatial mask FITS ➜ /arc/projects/mauve/products/v3tk_v7.6.8/NGC4501/NGC4501_mask.fits
Gas-line maps collapsed onto spatial BINID: 74008 bins
Available gas-line flux/error pairs:
  - HB4861
  - OIII4958
  - OIII5006
  - NII5754
  - OI6300
  - SIII6312
  - OI6363
  - NII6548
  - HA6562
  - NII6583
  - SII6716
  - SII6730
  - OII7318
  - OII7319
  - OII7329
  - OII7330
Te-method optional emission-line availability:
  - OIII4958: available
  - NII5754: available
  - SIII6312: available
  - NII6548: available
  - OII7318: available
  - OII7319: available
  - OII7329: available
  - OII7330: available
  - SIII9068: missing
Spatial mask applied: MASKFILE[MASK] table; row-major MASK == 0; keep=664236, masked=825144, finite H-alpha after mask=664236
/arc/home/RongjunHuang/ICRAR/further/SFR+Z.py:1211: RuntimeWarning: divide by zero encountered in divide
  BD = HA6562_FLUX / HB4861_FLUX
/arc/home/RongjunHuang/ICRAR/further/SFR+Z.py:1211: RuntimeWarning: invalid value encountered in divide
  BD = HA6562_FLUX / HB4861_FLUX
--------------------------------------------------------------
Extinction law for k(λ)=A(λ)/E(B−V): calzetti
k(Hβ 4861Å)  = 4.5981   at λ=0.4861 µm
k(Hα 6562Å)  = 3.3264   at λ=0.6562 µm
k([OIII]5006)= 4.4647   at λ=0.5006 µm
k([NII]6583) = 3.3130   at λ=0.6583 µm
k([SII]6716) = 3.2298   at λ=0.6716 µm
k([SII]6730) = 3.2212   at λ=0.6730 µm
k(OIII4958) = 4.5083   at λ=0.4958 µm
k(NII5754) = 3.8531   at λ=0.5755 µm
k(OI6300) = 3.5017   at λ=0.6300 µm
k(SIII6312) = 3.4934   at λ=0.6312 µm
k(OI6363) = 3.4582   at λ=0.6363 µm
k(NII6548) = 3.3355   at λ=0.6548 µm
k(OII7318) = 2.8906   at λ=0.7319 µm
k(OII7319) = 2.8901   at λ=0.7320 µm
k(OII7329) = 2.8854   at λ=0.7329 µm
k(OII7330) = 2.8844   at λ=0.7331 µm
k(SIII9068) = 2.1615   at λ=0.9069 µm (line missing; NaN placeholder)
--------------------------------------------------------------
/arc/home/RongjunHuang/ICRAR/further/SFR+Z.py:2091: RuntimeWarning: divide by zero encountered in divide
  y = np.log10(NII6583_FLUX_corr / (SII6716_FLUX_corr + SII6730_FLUX_corr)) + 0.264*np.log10(NII6583_FLUX_corr / HA6562_FLUX_corr)
/arc/home/RongjunHuang/ICRAR/further/SFR+Z.py:2091: RuntimeWarning: invalid value encountered in divide
  y = np.log10(NII6583_FLUX_corr / (SII6716_FLUX_corr + SII6730_FLUX_corr)) + 0.264*np.log10(NII6583_FLUX_corr / HA6562_FLUX_corr)
/arc/home/RongjunHuang/ICRAR/further/SFR+Z.py:2091: RuntimeWarning: divide by zero encountered in log10
  y = np.log10(NII6583_FLUX_corr / (SII6716_FLUX_corr + SII6730_FLUX_corr)) + 0.264*np.log10(NII6583_FLUX_corr / HA6562_FLUX_corr)
/arc/home/RongjunHuang/ICRAR/further/SFR+Z.py:2102: RuntimeWarning: divide by zero encountered in divide
  N2 = NII_scaled / HB4861_FLUX_corr   # N2 = I([N II]λ6548 + λ6584)/I(Hβ)
/arc/home/RongjunHuang/ICRAR/further/SFR+Z.py:2102: RuntimeWarning: invalid value encountered in divide
  N2 = NII_scaled / HB4861_FLUX_corr   # N2 = I([N II]λ6548 + λ6584)/I(Hβ)
/arc/home/RongjunHuang/ICRAR/further/SFR+Z.py:2103: RuntimeWarning: divide by zero encountered in divide
  S2 = (SII6716_FLUX_corr + SII6730_FLUX_corr) / HB4861_FLUX_corr  # S2 = I([S II]λ6717 + λ6731)/I(Hβ)
/arc/home/RongjunHuang/ICRAR/further/SFR+Z.py:2103: RuntimeWarning: invalid value encountered in divide
  S2 = (SII6716_FLUX_corr + SII6730_FLUX_corr) / HB4861_FLUX_corr  # S2 = I([S II]λ6717 + λ6731)/I(Hβ)
/arc/home/RongjunHuang/ICRAR/further/SFR+Z.py:2104: RuntimeWarning: divide by zero encountered in divide
  R3 = OIII_scaled / HB4861_FLUX_corr  # R3 = I([O III]λ4959 + λ5007)/I(Hβ) (same value as R2 in this case)
/arc/home/RongjunHuang/ICRAR/further/SFR+Z.py:2104: RuntimeWarning: invalid value encountered in divide
  R3 = OIII_scaled / HB4861_FLUX_corr  # R3 = I([O III]λ4959 + λ5007)/I(Hβ) (same value as R2 in this case)
/arc/home/RongjunHuang/ICRAR/further/SFR+Z.py:2106: RuntimeWarning: divide by zero encountered in divide
  log_R3_S2 = np.log10(R3/S2)
/arc/home/RongjunHuang/ICRAR/further/SFR+Z.py:2106: RuntimeWarning: invalid value encountered in divide
  log_R3_S2 = np.log10(R3/S2)
/arc/home/RongjunHuang/ICRAR/further/SFR+Z.py:2106: RuntimeWarning: divide by zero encountered in log10
  log_R3_S2 = np.log10(R3/S2)
/arc/home/RongjunHuang/ICRAR/further/SFR+Z.py:2107: RuntimeWarning: divide by zero encountered in log10
  log_N2 = np.log10(N2)
/arc/home/RongjunHuang/ICRAR/further/SFR+Z.py:2108: RuntimeWarning: divide by zero encountered in log10
  log_S2 = np.log10(S2)
/arc/home/RongjunHuang/ICRAR/further/SFR+Z.py:2131: RuntimeWarning: invalid value encountered in add
  O_H_PG16[upper_mask] = (a1_upper + a2_upper * log_R3_S2[upper_mask] + a3_upper * log_N2[upper_mask] +
/arc/home/RongjunHuang/ICRAR/further/SFR+Z.py:2134: RuntimeWarning: invalid value encountered in add
  O_H_PG16[lower_mask] = (a1_lower + a2_lower * log_R3_S2[lower_mask] + a3_lower * log_N2[lower_mask] +
/arc/home/RongjunHuang/ICRAR/further/SFR+Z.py:2135: RuntimeWarning: invalid value encountered in add
  (a4_lower + a5_lower * log_R3_S2[lower_mask] + a6_lower * log_N2[lower_mask]) * log_S2[lower_mask])
/arc/home/RongjunHuang/ICRAR/further/SFR+Z.py:2156: RuntimeWarning: divide by zero encountered in divide
  n2s2_ratio = np.log10(nii6583_flux / sii_total)
/arc/home/RongjunHuang/ICRAR/further/SFR+Z.py:2156: RuntimeWarning: invalid value encountered in divide
  n2s2_ratio = np.log10(nii6583_flux / sii_total)
/arc/home/RongjunHuang/ICRAR/further/SFR+Z.py:2156: RuntimeWarning: divide by zero encountered in log10
  n2s2_ratio = np.log10(nii6583_flux / sii_total)
/arc/home/RongjunHuang/ICRAR/further/SFR+Z.py:2201: RuntimeWarning: divide by zero encountered in divide
  oiii_hb = oiii5006_flux / hb4861_flux
/arc/home/RongjunHuang/ICRAR/further/SFR+Z.py:2201: RuntimeWarning: invalid value encountered in divide
  oiii_hb = oiii5006_flux / hb4861_flux
/arc/home/RongjunHuang/ICRAR/further/SFR+Z.py:2202: RuntimeWarning: divide by zero encountered in divide
  nii_ha = nii6583_flux / ha6562_flux
/arc/home/RongjunHuang/ICRAR/further/SFR+Z.py:2202: RuntimeWarning: invalid value encountered in divide
  nii_ha = nii6583_flux / ha6562_flux
/arc/home/RongjunHuang/ICRAR/further/SFR+Z.py:2203: RuntimeWarning: divide by zero encountered in divide
  o3n2_ratio = np.log10(oiii_hb / nii_ha)
/arc/home/RongjunHuang/ICRAR/further/SFR+Z.py:2203: RuntimeWarning: invalid value encountered in divide
  o3n2_ratio = np.log10(oiii_hb / nii_ha)
/arc/home/RongjunHuang/ICRAR/further/SFR+Z.py:2203: RuntimeWarning: divide by zero encountered in log10
  o3n2_ratio = np.log10(oiii_hb / nii_ha)
/arc/home/RongjunHuang/ICRAR/further/SFR+Z.py:2225: RuntimeWarning: divide by zero encountered in divide
  n2_ratio = np.log10(nii6583_flux / ha6562_flux)
/arc/home/RongjunHuang/ICRAR/further/SFR+Z.py:2225: RuntimeWarning: invalid value encountered in divide
  n2_ratio = np.log10(nii6583_flux / ha6562_flux)
/arc/home/RongjunHuang/ICRAR/further/SFR+Z.py:2225: RuntimeWarning: divide by zero encountered in log10
  n2_ratio = np.log10(nii6583_flux / ha6562_flux)
/arc/home/RongjunHuang/ICRAR/further/SFR+Z.py:2248: RuntimeWarning: divide by zero encountered in divide
  oiii_hb = oiii5006_flux / hb4861_flux
/arc/home/RongjunHuang/ICRAR/further/SFR+Z.py:2248: RuntimeWarning: invalid value encountered in divide
  oiii_hb = oiii5006_flux / hb4861_flux
/arc/home/RongjunHuang/ICRAR/further/SFR+Z.py:2249: RuntimeWarning: divide by zero encountered in divide
  nii_ha = nii6583_flux / ha6562_flux
/arc/home/RongjunHuang/ICRAR/further/SFR+Z.py:2249: RuntimeWarning: invalid value encountered in divide
  nii_ha = nii6583_flux / ha6562_flux
/arc/home/RongjunHuang/ICRAR/further/SFR+Z.py:2250: RuntimeWarning: divide by zero encountered in divide
  o3n2_ratio = np.log10(oiii_hb / nii_ha)
/arc/home/RongjunHuang/ICRAR/further/SFR+Z.py:2250: RuntimeWarning: invalid value encountered in divide
  o3n2_ratio = np.log10(oiii_hb / nii_ha)
/arc/home/RongjunHuang/ICRAR/further/SFR+Z.py:2250: RuntimeWarning: divide by zero encountered in log10
  o3n2_ratio = np.log10(oiii_hb / nii_ha)
/arc/home/RongjunHuang/ICRAR/further/SFR+Z.py:2272: RuntimeWarning: divide by zero encountered in divide
  n2_ratio = np.log10(nii6583_flux / ha6562_flux)
/arc/home/RongjunHuang/ICRAR/further/SFR+Z.py:2272: RuntimeWarning: invalid value encountered in divide
  n2_ratio = np.log10(nii6583_flux / ha6562_flux)
/arc/home/RongjunHuang/ICRAR/further/SFR+Z.py:2272: RuntimeWarning: divide by zero encountered in log10
  n2_ratio = np.log10(nii6583_flux / ha6562_flux)
/arc/home/RongjunHuang/ICRAR/further/SFR+Z.py:2307: RuntimeWarning: divide by zero encountered in divide
  oiii_hb = oiii5006_flux / hb4861_flux
/arc/home/RongjunHuang/ICRAR/further/SFR+Z.py:2307: RuntimeWarning: invalid value encountered in divide
  oiii_hb = oiii5006_flux / hb4861_flux
/arc/home/RongjunHuang/ICRAR/further/SFR+Z.py:2308: RuntimeWarning: divide by zero encountered in divide
  nii_ha = nii6583_flux / ha6562_flux
/arc/home/RongjunHuang/ICRAR/further/SFR+Z.py:2308: RuntimeWarning: invalid value encountered in divide
  nii_ha = nii6583_flux / ha6562_flux
/arc/home/RongjunHuang/ICRAR/further/SFR+Z.py:2309: RuntimeWarning: divide by zero encountered in divide
  o3n2_ratio = np.log10(oiii_hb / nii_ha)
/arc/home/RongjunHuang/ICRAR/further/SFR+Z.py:2309: RuntimeWarning: invalid value encountered in divide
  o3n2_ratio = np.log10(oiii_hb / nii_ha)
/arc/home/RongjunHuang/ICRAR/further/SFR+Z.py:2309: RuntimeWarning: divide by zero encountered in log10
  o3n2_ratio = np.log10(oiii_hb / nii_ha)
/arc/home/RongjunHuang/ICRAR/further/SFR+Z.py:2409: RuntimeWarning: divide by zero encountered in divide
  oiii_hb = oiii5006_flux / hb4861_flux
/arc/home/RongjunHuang/ICRAR/further/SFR+Z.py:2409: RuntimeWarning: invalid value encountered in divide
  oiii_hb = oiii5006_flux / hb4861_flux
/arc/home/RongjunHuang/ICRAR/further/SFR+Z.py:2412: RuntimeWarning: divide by zero encountered in divide
  sii_hb = sii_total / hb4861_flux
/arc/home/RongjunHuang/ICRAR/further/SFR+Z.py:2412: RuntimeWarning: invalid value encountered in divide
  sii_hb = sii_total / hb4861_flux
/arc/home/RongjunHuang/ICRAR/further/SFR+Z.py:2415: RuntimeWarning: divide by zero encountered in divide
  o3s2_ratio = np.log10(oiii_hb / sii_hb)
/arc/home/RongjunHuang/ICRAR/further/SFR+Z.py:2415: RuntimeWarning: invalid value encountered in divide
  o3s2_ratio = np.log10(oiii_hb / sii_hb)
/arc/home/RongjunHuang/ICRAR/further/SFR+Z.py:2415: RuntimeWarning: divide by zero encountered in log10
  o3s2_ratio = np.log10(oiii_hb / sii_hb)
Calculating all 6 C20 metallicities for NGC4501...
Combined C20 metallicity: median = 8.733, range = (8.074, 8.950)
Combined C20 dominant-weight method usage: O3N2=115295, O3S2=1572, RS32=14680, R3=318418, N2=1375, S2=194102
Galaxy NGC4501 inclination: 65.0° (cos θ = 0.423)
Inclination correction ENABLED: applying b/a = 0.460 (adopting intrinsic thickness q₀ = 0.2 for disc galaxy)
/arc/home/RongjunHuang/ICRAR/further/SFR+Z.py:3123: RuntimeWarning: divide by zero encountered in divide
  logN2  = np.log10(NII6583_FLUX_corr / HA6562_FLUX_corr)        # [N II]/Hα
/arc/home/RongjunHuang/ICRAR/further/SFR+Z.py:3123: RuntimeWarning: invalid value encountered in divide
  logN2  = np.log10(NII6583_FLUX_corr / HA6562_FLUX_corr)        # [N II]/Hα
/arc/home/RongjunHuang/ICRAR/further/SFR+Z.py:3123: RuntimeWarning: divide by zero encountered in log10
  logN2  = np.log10(NII6583_FLUX_corr / HA6562_FLUX_corr)        # [N II]/Hα
/arc/home/RongjunHuang/ICRAR/further/SFR+Z.py:3124: RuntimeWarning: divide by zero encountered in divide
  logS2  = np.log10((SII6716_FLUX_corr+SII6730_FLUX_corr) / HA6562_FLUX_corr)   # Σ[S II]/Hα
/arc/home/RongjunHuang/ICRAR/further/SFR+Z.py:3124: RuntimeWarning: invalid value encountered in divide
  logS2  = np.log10((SII6716_FLUX_corr+SII6730_FLUX_corr) / HA6562_FLUX_corr)   # Σ[S II]/Hα
/arc/home/RongjunHuang/ICRAR/further/SFR+Z.py:3124: RuntimeWarning: divide by zero encountered in log10
  logS2  = np.log10((SII6716_FLUX_corr+SII6730_FLUX_corr) / HA6562_FLUX_corr)   # Σ[S II]/Hα
/arc/home/RongjunHuang/ICRAR/further/SFR+Z.py:3125: RuntimeWarning: divide by zero encountered in divide
  logO3  = np.log10(OIII5006_FLUX_corr / HB4861_FLUX_corr)       # [O III]/Hβ
/arc/home/RongjunHuang/ICRAR/further/SFR+Z.py:3125: RuntimeWarning: invalid value encountered in divide
  logO3  = np.log10(OIII5006_FLUX_corr / HB4861_FLUX_corr)       # [O III]/Hβ
/arc/home/RongjunHuang/ICRAR/further/SFR+Z.py:3125: RuntimeWarning: divide by zero encountered in log10
  logO3  = np.log10(OIII5006_FLUX_corr / HB4861_FLUX_corr)       # [O III]/Hβ
/arc/home/RongjunHuang/ICRAR/further/SFR+Z.py:3211: RuntimeWarning: invalid value encountered in add
  mask_N2_right, mask_S2_right = apply_bpt_masks(logN2=logN2+logN2_err, logS2=logS2+logS2_err, logO3=logO3)
/arc/home/RongjunHuang/ICRAR/further/SFR+Z.py:3213: RuntimeWarning: invalid value encountered in add
  mask_N2_up, mask_S2_up = apply_bpt_masks(logN2=logN2, logS2=logS2, logO3=logO3+logO3_err)
--------------------------------------------------------------
HII-region model-grid inference
pyqz/NebulaBayes six-line corrected-input aperture: 387178 pixels in 43130 unique spatial bins; no extra S/N cut
JY22 six-line raw-input aperture: 387178 pixels in 43130 unique spatial bins; no extra S/N cut
Python interpreter: /arc/home/RongjunHuang/.conda/envs/ICRAR/bin/python
pyqz/NebulaBayes compatibility layer: model_grid_compat.py
pyqz 0.8.4.0: diagnostic=[NII]/[SII]+;[OIII]/[SII]+; Pk=5.0; struct=pp; kappa=inf; sampling=2; srs=800; KDE=multiv; seed=20260823; nproc=1
pyqz runtime overlay: /tmp/pyqz084-runtime-b_wrgoly/pyqz/__init__.py
pyqz grid identity: MAPPINGS V HII Region Grid: QZ pp_GCZO_Pk50_kinf
pyqz bins: 1/43130 spectra complete (BINID 4657, 1.5 s)
pyqz bins: 4313/43130 spectra complete (BINID 14247, 5169.9 s)
pyqz bins: 8626/43130 spectra complete (BINID 23018, 7200.1 s)
pyqz bins: 12939/43130 spectra complete (BINID 33352, 8751.4 s)
pyqz bins: 17252/43130 spectra complete (BINID 39384, 10111.0 s)
pyqz bins: 21565/43130 spectra complete (BINID 45028, 11382.5 s)
pyqz bins: 25878/43130 spectra complete (BINID 50613, 12773.1 s)
pyqz bins: 30191/43130 spectra complete (BINID 56078, 13814.1 s)
pyqz bins: 34504/43130 spectra complete (BINID 63063, 15022.3 s)
pyqz bins: 38817/43130 spectra complete (BINID 68011, 16007.8 s)
pyqz bins: 43130/43130 spectra complete (BINID 74006, 16931.9 s)
pyqz bins: no per-spectrum exceptions
Initialising NebulaBayes (v0.9.9) model...
INFO Initialising NebulaBayes (v0.9.9) model...
Loading input grid data...
INFO Loading input grid data...
Building flux arrays for the model grids...
INFO Building flux arrays for the model grids...
Resampling model emission line flux grids to shape (40, 20, 160) using linear interpolation...
INFO Resampling model emission line flux grids to shape (40, 20, 160) using linear interpolation...
    Interpolating for Hbeta...
INFO     Interpolating for Hbeta...
    Interpolating for OIII5007...
INFO     Interpolating for OIII5007...
    Interpolating for Halpha...
INFO     Interpolating for Halpha...
    Interpolating for NII6583...
INFO     Interpolating for NII6583...
    Interpolating for SII6716...
INFO     Interpolating for SII6716...
    Interpolating for SII6731...
INFO     Interpolating for SII6731...
Interpolated flux grid size is 1.02MB for 1 line and 6.14MB total for all 6 lines
DEBUG Interpolated flux grid size is 1.02MB for 1 line and 6.14MB total for all 6 lines
NebulaBayes 0.9.9: grid=/arc/home/RongjunHuang/.conda/envs/ICRAR/lib/python3.13/site-packages/NebulaBayes/grids/NB_HII_grid.fits.gz; parameters=['log U', 'log P/k', '12 + log O/H']; shape=(40, 20, 160); order=1; grid_error=0.1; norm=Hbeta; deredden=False; prior=Uniform
NebulaBayes bins: 1/43130 spectra complete (BINID 4657, 0.0 s)
NebulaBayes bins: 4313/43130 spectra complete (BINID 14247, 69.2 s)
NebulaBayes bins: 8626/43130 spectra complete (BINID 23018, 142.6 s)
NebulaBayes bins: 12939/43130 spectra complete (BINID 33352, 210.3 s)
NebulaBayes bins: 17252/43130 spectra complete (BINID 39384, 278.1 s)
NebulaBayes bins: 21565/43130 spectra complete (BINID 45028, 350.1 s)
NebulaBayes bins: 25878/43130 spectra complete (BINID 50613, 425.7 s)
NebulaBayes bins: 30191/43130 spectra complete (BINID 56078, 504.3 s)
NebulaBayes bins: 34504/43130 spectra complete (BINID 63063, 579.0 s)
NebulaBayes bins: 38817/43130 spectra complete (BINID 68011, 647.0 s)
NebulaBayes bins: 43130/43130 spectra complete (BINID 74006, 715.4 s)
NebulaBayes bins: no per-spectrum exceptions
JY22/Peng2026: raw close-pair ratios=N2,S2,R3; posterior means with marginal equal-tailed p16/p84; full raw-ratio covariance; post-depletion O/H=pre-depletion-0.22; nominal fit_ok chi2<=9; error inflation=1.0
JY22 grid: /arc/home/RongjunHuang/ICRAR/further/Peng2026/photoionization_models/photoionization_grid_interpolated.fits; sha256=d7a219b60c9a1ea8b29339988c84b1832028b28b3c417d1c3c58b420831eb38a; inference_shape=(200, 200); requested logU=(-4.0, -0.5); retained logU=(-4.0, -0.5); solar O/H=8.69
JY22 bins: 1/43130 spectra complete (BINID 4657, 0.0 s)
JY22 bins: 4313/43130 spectra complete (BINID 14247, 5.6 s)
JY22 bins: 8626/43130 spectra complete (BINID 23018, 11.3 s)
JY22 bins: 12939/43130 spectra complete (BINID 33352, 16.9 s)
JY22 bins: 17252/43130 spectra complete (BINID 39384, 23.7 s)
JY22 bins: 21565/43130 spectra complete (BINID 45028, 32.6 s)
JY22 bins: 25878/43130 spectra complete (BINID 50613, 41.6 s)
JY22 bins: 30191/43130 spectra complete (BINID 56078, 50.4 s)
JY22 bins: 34504/43130 spectra complete (BINID 63063, 59.3 s)
JY22 bins: 38817/43130 spectra complete (BINID 68011, 68.1 s)
JY22 bins: 43130/43130 spectra complete (BINID 74006, 76.8 s)
JY22 bins: no per-spectrum exceptions
/tmp/pyqz084-runtime-b_wrgoly/pyqz/pyqz.py:849: RuntimeWarning: invalid value encountered in divide
  gridZ/= peak_val
pyqz integrated HII: no per-spectrum exceptions
/tmp/pyqz084-runtime-b_wrgoly/pyqz/pyqz.py:849: RuntimeWarning: invalid value encountered in divide
  gridZ/= peak_val
pyqz integrated SF: no per-spectrum exceptions
NebulaBayes integrated: no per-spectrum exceptions
JY22 integrated: no per-spectrum exceptions
Integrated HII/SF model-grid results (common six-line raw aperture)
  HII: 263640 pixels, 29083 bins; integrated E(B-V)=0.46255+/-0.00004
    pyqz: O/H=nan+/-nan; LogQ=nan+/-nan; logU=nan+/-nan; flag=1234; off-grid=0.00%; valid=0 (uncertainties: 0.61 KDE contour)
    NebulaBayes means: O/H=8.83800 [8.79615, 8.89490]; logU=-2.98448 [-3.07692, -2.92308]; log(P/k)=4.96017 [-inf, 5.58947]; sampled modes=(8.82436, -2.97436, 4.20000); reliable=(1, 1, 0); chi2_red=1.933e+05; nlocalmax=2; flag=12; valid=1
    JY22 gas O/H=8.88855 [8.88855, 8.88855]; pre-depletion O/H=9.10855 [9.10855, 9.10855]; logU=-0.99246 [-0.99246, -0.99246]; chi2_min=6.279e+04; residuals(N2,S2,R3)=(-0.0025, 0.0020, -0.0006); residual norm=0.0032; fit_ok=0; flag=32; valid=1 (posterior means; marginal equal-tailed p16/p84)
  SF: 387178 pixels, 43130 bins; integrated E(B-V)=0.45607+/-0.00004
    pyqz: O/H=nan+/-nan; LogQ=nan+/-nan; logU=nan+/-nan; flag=1234; off-grid=0.00%; valid=0 (uncertainties: 0.61 KDE contour)
    NebulaBayes means: O/H=8.78754 [8.73972, 8.82436]; logU=-3.02603 [-3.12821, -2.92308]; log(P/k)=5.30624 [4.43158, 6.05263]; sampled modes=(8.76794, -3.02564, 5.58947); reliable=(1, 1, 1); chi2_red=4.614e+04; nlocalmax=2; flag=0; valid=1
    JY22 gas O/H=8.87950 [8.87950, 8.87950]; pre-depletion O/H=9.09950 [9.09950, 9.09950]; logU=-1.13317 [-1.13317, -1.13317]; chi2_min=8.534e+06; residuals(N2,S2,R3)=(0.0260, -0.0006, 0.1200); residual norm=0.1228; fit_ok=0; flag=32; valid=1 (posterior means; marginal equal-tailed p16/p84)
Model covariance note: JY22 uses the full first-order N2/S2/R3 covariance from raw close-pair ratios and shared denominators; pyqz/NebulaBayes independent-error APIs do not represent the analogous shared covariance.
--------------------------------------------------------------
Loaded SII density lookup table: /arc/home/RongjunHuang/ICRAR/further/pyneb_sii_6716_6731_density_lookup_te8000_13000_step1000_ne20_100000_n4096.npz
DEBUG Creating converter from 3 to 5
PyNeb Te-method valid-pixel counts:
  NE_SII finite pixels: 540890
  NE_SII fixed at 20 cm^-3: 248738/540890 (46.0%)
  NE_SII exact high-density fallback pixels: 7
  NE_SII_ALL finite pixels: 664236
  Te(NII) HII pixels: 4378
  Te(NII) SF pixels: 5301
  Brazzini+2024 direct HII pixels: 0
  Brazzini+2024 direct SF pixels: 0
  NII+OII7325 semi-direct HII pixels: 131
  NII+OII7325 semi-direct SF pixels: 147
  Kreckel+2025 NII-only HII pixels: 422
  Kreckel+2025 NII-only SF pixels: 436
Integrated PyNeb Te-method values:
  SF:
    NE_SII: 20.13 +/- 0.11 cm^-3 (n_pix=382632, fixed20=0, exact_high_density=0)
    Te(NII): 20746.1 +/- 49.6 K (n_pix=8419)
    O_H_BR24_DIRECT: nan dex (n_pix=0)
    O_H_NII_OII7325: 7.8408 +/- 0.0339 dex (n_pix=160)
    O_H_NII_K25: nan dex (n_pix=8419)
  HII:
    NE_SII: 22.18 +/- 0.11 cm^-3 (n_pix=261929, fixed20=0, exact_high_density=0)
    Te(NII): 18716.1 +/- 49.0 K (n_pix=5994)
    O_H_BR24_DIRECT: nan dex (n_pix=0)
    O_H_NII_OII7325: 7.8990 +/- 0.0351 dex (n_pix=133)
    O_H_NII_K25: nan dex (n_pix=5994)
Further file written ➜ /arc/projects/mauve/products/v3tk_v7.6.8/NGC4501/NGC4501_gas_bin_maps_further.fits
--------------------------------------------------------------
Total non-nan spaxels: 664236
Number of pixels with Halpha not detected: 53727
Number of pixels with Halpha detected, Hbeta not detected: 95113
Number of pixels with Halpha detected, Hbeta detected, NII not detected, OIII not detected and unclassified1: 508
Number of pixels with Halpha detected, Hbeta detected, NII not detected, OIII detected and unclassified1: 0
Number of pixels with Halpha detected, Hbeta detected, NII detected, OIII not detected and unclassified1: 10554
Number of pixels with Halpha detected, Hbeta detected, NII detected, OIII detected and unclassified1: 59610
Number of pixels with Halpha detected, Hbeta detected, SII not detected, OIII not detected and unclassified1: 2011
Number of pixels with Halpha detected, Hbeta detected, SII not detected, OIII detected and unclassified1: 1662
Number of pixels with Halpha detected, Hbeta detected, SII detected, OIII not detected and unclassified1: 9051
Number of pixels with Halpha detected, Hbeta detected, SII detected, OIII detected and unclassified1: 57948
--------------------------------------------------------------
Total Halpha luminosity map sum (detections + upper-limit substitutions): 5.87e+41 erg/s
Total corrected Halpha luminosity from SF region: 5.38e+41 erg/s
Total Halpha SFR map sum (detections + upper-limit substitutions): 2.92 M☉/yr or in log10 scale: 0.47 log(M☉/yr)
Total Halpha SFR from SF region: 2.68 M☉/yr or in log10 scale: 0.43 log(M☉/yr)
Total Halpha SFR from HII region: 2.36 M☉/yr or in log10 scale: 0.37 log(M☉/yr)
--------------------------------------------------------------
[O/H] D16 SF: Total metallicity in SF region:  8.820184765821374
[O/H] PG16 SF: Total metallicity in SF region:  8.572415957149795
[O/H] N2S2-N06 SF: Total metallicity in SF region:  9.100947780630769
[O/H] O3N2-M13 SF: Total metallicity in SF region:  8.56728733283289
[O/H] N2-M13 SF: Total metallicity in SF region:  8.541396537513236
[O/H] O3N2-PP04 SF: Total metallicity in SF region:  8.781270778067874
[O/H] N2-PP04 SF: Total metallicity in SF region:  8.697505526671476
[O/H] O3N2-C20 SF: Total metallicity in SF region:  8.7788396687372
[O/H] O3S2-C20 SF: Total metallicity in SF region:  8.828826709665112
[O/H] RS32-C20 SF: Total metallicity in SF region:  8.779300385118734
[O/H] R3-C20 SF: Total metallicity in SF region:  8.77293091074112
[O/H] N2-C20 SF: Total metallicity in SF region:  8.727321200160096
[O/H] S2-C20 SF: Total metallicity in SF region:  8.813854260651846
[O/H] Combined-C20 SF: Total metallicity in SF region:  8.786858754627952 (weighted 6 methods; dominant S2)
--------------------------------------------------------------
[O/H] D16 HII: Total metallicity in HII region:  8.809619312125943
[O/H] PG16 HII: Total metallicity in HII region:  8.559867274594485
[O/H] N2S2-N06 HII: Total metallicity in HII region:  9.101055908531029
[O/H] O3N2-M13 HII: Total metallicity in HII region:  8.577435282122382
[O/H] N2-M13 HII: Total metallicity in HII region:  8.523216262264716
[O/H] O3N2-PP04 HII: Total metallicity in HII region:  8.796445281678329
[O/H] N2-PP04 HII: Total metallicity in HII region:  8.65498471352591
[O/H] O3N2-C20 HII: Total metallicity in HII region:  8.787978814247051
[O/H] O3S2-C20 HII: Total metallicity in HII region:  8.838257147040588
[O/H] RS32-C20 HII: Total metallicity in HII region:  8.800607476159117
[O/H] R3-C20 HII: Total metallicity in HII region:  8.793376408309394
[O/H] N2-C20 HII: Total metallicity in HII region:  8.698912259712058
[O/H] S2-C20 HII: Total metallicity in HII region:  8.829771697422887
[O/H] Combined-C20 HII: Total metallicity in HII region:  8.798498172716146 (weighted 6 methods; dominant S2)
--------------------------------------------------------------
[O/H] D16: Total metallicity in total region:  8.859644632482597
[O/H] PG16: Total metallicity in total region:  8.612071031476466
[O/H] N2S2-N06: Total metallicity in total region:  9.112639924686729
[O/H] O3N2-M13: Total metallicity in total region:  8.542435245594852
[O/H] N2-M13: Total metallicity in total region:  8.580732839869707
[O/H] O3N2-PP04: Total metallicity in total region:  8.744108778459594
[O/H] N2-PP04: Total metallicity in total region:  8.798577716897862
[O/H] O3N2-C20: Total metallicity in total region:  8.756142264078342
[O/H] O3S2-C20: Total metallicity in total region:  8.802106925404122
[O/H] RS32-C20: Total metallicity in total region:  8.729014070798895
[O/H] R3-C20: Total metallicity in total region:  8.722274433190085
[O/H] N2-C20: Total metallicity in total region:  8.814327220633773
[O/H] S2-C20: Total metallicity in total region:  8.778961795713485
[O/H] Combined-C20: Total metallicity in total region:  8.761231584372014 (weighted 6 methods; dominant S2)
--------------------------------------------------------------
Total runtime: 19277.9 s
✅  NGC4501 finished in 321m25s
