Python executable: /arc/home/RongjunHuang/.conda/envs/ICRAR/bin/python
Python 3.13.3
PYTHONUNBUFFERED: 1
Product root     : /arc/projects/mauve/products
Product subdir   : v3tk_v7.6.8
Local fallback   : /arc/home/RongjunHuang/ICRAR/further

Shared input keyword ➜ <none>
Reading gas-line FITS ➜ /arc/projects/mauve/products/v3tk_v7.6.8/NGC4457/NGC4457_gas_bin_maps.fits
Matched binning FITS ➜ /arc/projects/mauve/products/v3tk_v7.6.8/NGC4457/NGC4457_spatial_binning_maps_further.fits
Spatial mask FITS ➜ /arc/projects/mauve/products/v3tk_v7.6.8/NGC4457/NGC4457_mask.fits
Gas-line maps collapsed onto spatial BINID: 19382 bins
Available gas-line flux/error pairs:
  - HB4861
  - OIII4958
  - OIII5006
  - NII5754
  - OI6300
  - SIII6312
  - OI6363
  - NII6548
  - HA6562
  - NII6583
  - SII6716
  - SII6730
  - OII7318
  - OII7319
  - OII7329
  - OII7330
Te-method optional emission-line availability:
  - OIII4958: available
  - NII5754: available
  - SIII6312: available
  - NII6548: available
  - OII7318: available
  - OII7319: available
  - OII7329: available
  - OII7330: available
  - SIII9068: missing
Spatial mask applied: MASKFILE[MASK] table; row-major MASK == 0; keep=338082, masked=187543, finite H-alpha after mask=338082
/arc/home/RongjunHuang/ICRAR/further/SFR+Z.py:1061: RuntimeWarning: divide by zero encountered in divide
  BD = HA6562_FLUX / HB4861_FLUX
--------------------------------------------------------------
Extinction law for k(λ)=A(λ)/E(B−V): calzetti
k(Hβ 4861Å)  = 4.5981   at λ=0.4861 µm
k(Hα 6562Å)  = 3.3264   at λ=0.6562 µm
k([OIII]5006)= 4.4647   at λ=0.5006 µm
k([NII]6583) = 3.3130   at λ=0.6583 µm
k([SII]6716) = 3.2298   at λ=0.6716 µm
k([SII]6730) = 3.2212   at λ=0.6730 µm
k(OIII4958) = 4.5083   at λ=0.4958 µm
k(NII5754) = 3.8531   at λ=0.5755 µm
k(OI6300) = 3.5017   at λ=0.6300 µm
k(SIII6312) = 3.4934   at λ=0.6312 µm
k(OI6363) = 3.4582   at λ=0.6363 µm
k(NII6548) = 3.3355   at λ=0.6548 µm
k(OII7318) = 2.8906   at λ=0.7319 µm
k(OII7319) = 2.8901   at λ=0.7320 µm
k(OII7329) = 2.8854   at λ=0.7329 µm
k(OII7330) = 2.8844   at λ=0.7331 µm
k(SIII9068) = 2.1615   at λ=0.9069 µm (line missing; NaN placeholder)
--------------------------------------------------------------
/arc/home/RongjunHuang/ICRAR/further/SFR+Z.py:1952: RuntimeWarning: divide by zero encountered in divide
  N2 = NII_scaled / HB4861_FLUX_corr   # N2 = I([N II]λ6548 + λ6584)/I(Hβ)
/arc/home/RongjunHuang/ICRAR/further/SFR+Z.py:1953: RuntimeWarning: divide by zero encountered in divide
  S2 = (SII6716_FLUX_corr + SII6730_FLUX_corr) / HB4861_FLUX_corr  # S2 = I([S II]λ6717 + λ6731)/I(Hβ)
/arc/home/RongjunHuang/ICRAR/further/SFR+Z.py:1954: RuntimeWarning: divide by zero encountered in divide
  R3 = OIII_scaled / HB4861_FLUX_corr  # R3 = I([O III]λ4959 + λ5007)/I(Hβ) (same value as R2 in this case)
/arc/home/RongjunHuang/ICRAR/further/SFR+Z.py:1956: RuntimeWarning: invalid value encountered in divide
  log_R3_S2 = np.log10(R3/S2)
/arc/home/RongjunHuang/ICRAR/further/SFR+Z.py:1956: RuntimeWarning: divide by zero encountered in log10
  log_R3_S2 = np.log10(R3/S2)
/arc/home/RongjunHuang/ICRAR/further/SFR+Z.py:2051: RuntimeWarning: divide by zero encountered in divide
  oiii_hb = oiii5006_flux / hb4861_flux
/arc/home/RongjunHuang/ICRAR/further/SFR+Z.py:2053: RuntimeWarning: divide by zero encountered in log10
  o3n2_ratio = np.log10(oiii_hb / nii_ha)
/arc/home/RongjunHuang/ICRAR/further/SFR+Z.py:2098: RuntimeWarning: divide by zero encountered in divide
  oiii_hb = oiii5006_flux / hb4861_flux
/arc/home/RongjunHuang/ICRAR/further/SFR+Z.py:2100: RuntimeWarning: divide by zero encountered in log10
  o3n2_ratio = np.log10(oiii_hb / nii_ha)
/arc/home/RongjunHuang/ICRAR/further/SFR+Z.py:2157: RuntimeWarning: divide by zero encountered in divide
  oiii_hb = oiii5006_flux / hb4861_flux
/arc/home/RongjunHuang/ICRAR/further/SFR+Z.py:2159: RuntimeWarning: divide by zero encountered in log10
  o3n2_ratio = np.log10(oiii_hb / nii_ha)
/arc/home/RongjunHuang/ICRAR/further/SFR+Z.py:2259: RuntimeWarning: divide by zero encountered in divide
  oiii_hb = oiii5006_flux / hb4861_flux
/arc/home/RongjunHuang/ICRAR/further/SFR+Z.py:2262: RuntimeWarning: divide by zero encountered in divide
  sii_hb = sii_total / hb4861_flux
/arc/home/RongjunHuang/ICRAR/further/SFR+Z.py:2265: RuntimeWarning: invalid value encountered in divide
  o3s2_ratio = np.log10(oiii_hb / sii_hb)
/arc/home/RongjunHuang/ICRAR/further/SFR+Z.py:2265: RuntimeWarning: divide by zero encountered in log10
  o3s2_ratio = np.log10(oiii_hb / sii_hb)
Calculating all 6 C20 metallicities for NGC4457...
Combined C20 metallicity: median = 8.608, range = (8.319, 8.873)
Combined C20 dominant-weight method usage: O3N2=167686, O3S2=0, RS32=1898, R3=158677, N2=0, S2=9659
Galaxy NGC4457 inclination: 37.0° (cos θ = 0.799)
Inclination correction ENABLED: applying b/a = 0.808 (adopting intrinsic thickness q₀ = 0.2 for disc galaxy)
/arc/home/RongjunHuang/ICRAR/further/SFR+Z.py:2975: RuntimeWarning: divide by zero encountered in divide
  logO3  = np.log10(OIII5006_FLUX_corr / HB4861_FLUX_corr)       # [O III]/Hβ
/arc/home/RongjunHuang/ICRAR/further/SFR+Z.py:2975: RuntimeWarning: divide by zero encountered in log10
  logO3  = np.log10(OIII5006_FLUX_corr / HB4861_FLUX_corr)       # [O III]/Hβ
/arc/home/RongjunHuang/ICRAR/further/SFR+Z.py:3063: RuntimeWarning: invalid value encountered in add
  mask_N2_up, mask_S2_up = apply_bpt_masks(logN2=logN2, logS2=logS2, logO3=logO3+logO3_err)
Loaded SII density lookup table: /arc/home/RongjunHuang/ICRAR/further/pyneb_sii_6716_6731_density_lookup_te8000_13000_step1000_ne20_100000_n4096.npz
PyNeb Te-method valid-pixel counts:
  NE_SII finite pixels: 130729
  NE_SII fixed at 20 cm^-3: 62044/130729 (47.5%)
  NE_SII exact high-density fallback pixels: 0
  NE_SII_ALL finite pixels: 338082
  Te(NII) HII pixels: 969
  Te(NII) SF pixels: 1501
  Brazzini+2024 direct HII pixels: 0
  Brazzini+2024 direct SF pixels: 0
  NII+OII7325 semi-direct HII pixels: 624
  NII+OII7325 semi-direct SF pixels: 764
  Kreckel+2025 NII-only HII pixels: 575
  Kreckel+2025 NII-only SF pixels: 759
Integrated PyNeb Te-method values:
  SF:
    NE_SII: 27.38 +/- 0.25 cm^-3 (n_pix=18252, fixed20=0, exact_high_density=0)
    Te(NII): 9412.5 +/- 18.4 K (n_pix=1554)
    O_H_BR24_DIRECT: nan dex (n_pix=0)
    O_H_NII_OII7325: 8.3827 +/- 0.0369 dex (n_pix=764)
    O_H_NII_K25: 8.5599 +/- 0.1997 dex (n_pix=1554)
  HII:
    NE_SII: 31.56 +/- 0.25 cm^-3 (n_pix=5651, fixed20=0, exact_high_density=0)
    Te(NII): 8449.2 +/- 18.4 K (n_pix=969)
    O_H_BR24_DIRECT: nan dex (n_pix=0)
    O_H_NII_OII7325: 8.4373 +/- 0.0359 dex (n_pix=624)
    O_H_NII_K25: 8.6745 +/- 0.1910 dex (n_pix=969)
Further file written ➜ /arc/projects/mauve/products/v3tk_v7.6.8/NGC4457/NGC4457_gas_bin_maps_further.fits
--------------------------------------------------------------
Total non-nan spaxels: 338082
Number of pixels with Halpha not detected: 92135
Number of pixels with Halpha detected, Hbeta not detected: 123545
Number of pixels with Halpha detected, Hbeta detected, NII not detected, OIII not detected and unclassified1: 0
Number of pixels with Halpha detected, Hbeta detected, NII not detected, OIII detected and unclassified1: 0
Number of pixels with Halpha detected, Hbeta detected, NII detected, OIII not detected and unclassified1: 2550
Number of pixels with Halpha detected, Hbeta detected, NII detected, OIII detected and unclassified1: 55118
Number of pixels with Halpha detected, Hbeta detected, SII not detected, OIII not detected and unclassified1: 380
Number of pixels with Halpha detected, Hbeta detected, SII not detected, OIII detected and unclassified1: 3933
Number of pixels with Halpha detected, Hbeta detected, SII detected, OIII not detected and unclassified1: 2170
Number of pixels with Halpha detected, Hbeta detected, SII detected, OIII detected and unclassified1: 51185
--------------------------------------------------------------
Total Halpha luminosity map sum (detections + upper-limit substitutions): 6.47e+40 erg/s
Total corrected Halpha luminosity from SF region: 2.88e+40 erg/s
Total Halpha SFR map sum (detections + upper-limit substitutions): 0.32 M☉/yr or in log10 scale: -0.49 log(M☉/yr)
Total Halpha SFR from SF region: 0.14 M☉/yr or in log10 scale: -0.84 log(M☉/yr)
Total Halpha SFR from HII region: 0.09 M☉/yr or in log10 scale: -1.05 log(M☉/yr)
--------------------------------------------------------------
[O/H] D16 SF: Total metallicity in SF region:  8.814439679665828
[O/H] PG16 SF: Total metallicity in SF region:  8.612242332907234
[O/H] N2S2-N06 SF: Total metallicity in SF region:  9.07223912203047
[O/H] O3N2-M13 SF: Total metallicity in SF region:  8.547055438795553
[O/H] N2-M13 SF: Total metallicity in SF region:  8.59632682801299
[O/H] O3N2-PP04 SF: Total metallicity in SF region:  8.75101747857279
[O/H] N2-PP04 SF: Total metallicity in SF region:  8.842282925815061
[O/H] O3N2-C20 SF: Total metallicity in SF region:  8.760396666158456
[O/H] O3S2-C20 SF: Total metallicity in SF region:  8.817219732869258
[O/H] RS32-C20 SF: Total metallicity in SF region:  8.712128079873516
[O/H] R3-C20 SF: Total metallicity in SF region:  8.719049834457772
[O/H] N2-C20 SF: Total metallicity in SF region:  nan
[O/H] S2-C20 SF: Total metallicity in SF region:  8.694172488663991
[O/H] Combined-C20 SF: Total metallicity in SF region:  8.725240614662823 (weighted 5 methods; dominant S2)
--------------------------------------------------------------
[O/H] D16 HII: Total metallicity in HII region:  8.840198126930714
[O/H] PG16 HII: Total metallicity in HII region:  8.60270699836492
[O/H] N2S2-N06 HII: Total metallicity in HII region:  9.09983880387936
[O/H] O3N2-M13 HII: Total metallicity in HII region:  8.560832437410616
[O/H] N2-M13 HII: Total metallicity in HII region:  8.577717009739244
[O/H] O3N2-PP04 HII: Total metallicity in HII region:  8.771618597997183
[O/H] N2-PP04 HII: Total metallicity in HII region:  8.790370203903693
[O/H] O3N2-C20 HII: Total metallicity in HII region:  8.772988109749658
[O/H] O3S2-C20 HII: Total metallicity in HII region:  8.823056524242357
[O/H] RS32-C20 HII: Total metallicity in HII region:  8.74583759163598
[O/H] R3-C20 HII: Total metallicity in HII region:  8.746158935388728
[O/H] N2-C20 HII: Total metallicity in HII region:  8.804397487313361
[O/H] S2-C20 HII: Total metallicity in HII region:  8.772606523161992
[O/H] Combined-C20 HII: Total metallicity in HII region:  8.770292939348026 (weighted 6 methods; dominant S2)
--------------------------------------------------------------
[O/H] D16: Total metallicity in total region:  8.824746210203521
[O/H] PG16: Total metallicity in total region:  8.725123336946584
[O/H] N2S2-N06: Total metallicity in total region:  9.04064388125163
[O/H] O3N2-M13: Total metallicity in total region:  8.50979904388884
[O/H] N2-M13: Total metallicity in total region:  nan
[O/H] O3N2-PP04: Total metallicity in total region:  8.695306981516023
[O/H] N2-PP04: Total metallicity in total region:  nan
[O/H] O3N2-C20: Total metallicity in total region:  8.725615415508424
[O/H] O3S2-C20: Total metallicity in total region:  8.789476790807843
[O/H] RS32-C20: Total metallicity in total region:  8.585087244745482
[O/H] R3-C20: Total metallicity in total region:  8.612434224388922
[O/H] N2-C20: Total metallicity in total region:  nan
[O/H] S2-C20: Total metallicity in total region:  nan
[O/H] Combined-C20: Total metallicity in total region:  8.65539017794064 (weighted 4 methods; dominant R3)
--------------------------------------------------------------
Total runtime: 469.0 s
✅  NGC4457 finished in 7m51s
