Python executable: /arc/home/RongjunHuang/.conda/envs/ICRAR/bin/python
Python 3.13.3
PYTHONUNBUFFERED: 1
Product root     : /arc/projects/mauve/products
Product subdir   : v3tk_v7.6.8
Local fallback   : /arc/home/RongjunHuang/ICRAR/further

Shared input keyword ➜ <none>
Reading gas-line FITS ➜ /arc/projects/mauve/products/v3tk_v7.6.8/NGC4569/NGC4569_gas_bin_maps.fits
Matched binning FITS ➜ /arc/projects/mauve/products/v3tk_v7.6.8/NGC4569/NGC4569_spatial_binning_maps_further.fits
Spatial mask FITS ➜ /arc/projects/mauve/products/v3tk_v7.6.8/NGC4569/NGC4569_mask.fits
Gas-line maps collapsed onto spatial BINID: 47494 bins
Available gas-line flux/error pairs:
  - HB4861
  - OIII4958
  - OIII5006
  - NII5754
  - OI6300
  - SIII6312
  - OI6363
  - NII6548
  - HA6562
  - NII6583
  - SII6716
  - SII6730
  - OII7318
  - OII7319
  - OII7329
  - OII7330
Te-method optional emission-line availability:
  - OIII4958: available
  - NII5754: available
  - SIII6312: available
  - NII6548: available
  - OII7318: available
  - OII7319: available
  - OII7329: available
  - OII7330: available
  - SIII9068: missing
Spatial mask applied: MASKFILE[MASK] table; row-major MASK == 0; keep=659174, masked=459706, finite H-alpha after mask=659174
/arc/home/RongjunHuang/ICRAR/further/SFR+Z.py:1061: RuntimeWarning: divide by zero encountered in divide
  BD = HA6562_FLUX / HB4861_FLUX
/arc/home/RongjunHuang/ICRAR/further/SFR+Z.py:1061: RuntimeWarning: invalid value encountered in divide
  BD = HA6562_FLUX / HB4861_FLUX
--------------------------------------------------------------
Extinction law for k(λ)=A(λ)/E(B−V): calzetti
k(Hβ 4861Å)  = 4.5981   at λ=0.4861 µm
k(Hα 6562Å)  = 3.3264   at λ=0.6562 µm
k([OIII]5006)= 4.4647   at λ=0.5006 µm
k([NII]6583) = 3.3130   at λ=0.6583 µm
k([SII]6716) = 3.2298   at λ=0.6716 µm
k([SII]6730) = 3.2212   at λ=0.6730 µm
k(OIII4958) = 4.5083   at λ=0.4958 µm
k(NII5754) = 3.8531   at λ=0.5755 µm
k(OI6300) = 3.5017   at λ=0.6300 µm
k(SIII6312) = 3.4934   at λ=0.6312 µm
k(OI6363) = 3.4582   at λ=0.6363 µm
k(NII6548) = 3.3355   at λ=0.6548 µm
k(OII7318) = 2.8906   at λ=0.7319 µm
k(OII7319) = 2.8901   at λ=0.7320 µm
k(OII7329) = 2.8854   at λ=0.7329 µm
k(OII7330) = 2.8844   at λ=0.7331 µm
k(SIII9068) = 2.1615   at λ=0.9069 µm (line missing; NaN placeholder)
--------------------------------------------------------------
/arc/home/RongjunHuang/ICRAR/further/SFR+Z.py:1941: RuntimeWarning: divide by zero encountered in divide
  y = np.log10(NII6583_FLUX_corr / (SII6716_FLUX_corr + SII6730_FLUX_corr)) + 0.264*np.log10(NII6583_FLUX_corr / HA6562_FLUX_corr)
/arc/home/RongjunHuang/ICRAR/further/SFR+Z.py:1941: RuntimeWarning: invalid value encountered in divide
  y = np.log10(NII6583_FLUX_corr / (SII6716_FLUX_corr + SII6730_FLUX_corr)) + 0.264*np.log10(NII6583_FLUX_corr / HA6562_FLUX_corr)
/arc/home/RongjunHuang/ICRAR/further/SFR+Z.py:1941: RuntimeWarning: divide by zero encountered in log10
  y = np.log10(NII6583_FLUX_corr / (SII6716_FLUX_corr + SII6730_FLUX_corr)) + 0.264*np.log10(NII6583_FLUX_corr / HA6562_FLUX_corr)
/arc/home/RongjunHuang/ICRAR/further/SFR+Z.py:1952: RuntimeWarning: divide by zero encountered in divide
  N2 = NII_scaled / HB4861_FLUX_corr   # N2 = I([N II]λ6548 + λ6584)/I(Hβ)
/arc/home/RongjunHuang/ICRAR/further/SFR+Z.py:1952: RuntimeWarning: invalid value encountered in divide
  N2 = NII_scaled / HB4861_FLUX_corr   # N2 = I([N II]λ6548 + λ6584)/I(Hβ)
/arc/home/RongjunHuang/ICRAR/further/SFR+Z.py:1953: RuntimeWarning: divide by zero encountered in divide
  S2 = (SII6716_FLUX_corr + SII6730_FLUX_corr) / HB4861_FLUX_corr  # S2 = I([S II]λ6717 + λ6731)/I(Hβ)
/arc/home/RongjunHuang/ICRAR/further/SFR+Z.py:1953: RuntimeWarning: invalid value encountered in divide
  S2 = (SII6716_FLUX_corr + SII6730_FLUX_corr) / HB4861_FLUX_corr  # S2 = I([S II]λ6717 + λ6731)/I(Hβ)
/arc/home/RongjunHuang/ICRAR/further/SFR+Z.py:1954: RuntimeWarning: divide by zero encountered in divide
  R3 = OIII_scaled / HB4861_FLUX_corr  # R3 = I([O III]λ4959 + λ5007)/I(Hβ) (same value as R2 in this case)
/arc/home/RongjunHuang/ICRAR/further/SFR+Z.py:1954: RuntimeWarning: invalid value encountered in divide
  R3 = OIII_scaled / HB4861_FLUX_corr  # R3 = I([O III]λ4959 + λ5007)/I(Hβ) (same value as R2 in this case)
/arc/home/RongjunHuang/ICRAR/further/SFR+Z.py:1956: RuntimeWarning: divide by zero encountered in divide
  log_R3_S2 = np.log10(R3/S2)
/arc/home/RongjunHuang/ICRAR/further/SFR+Z.py:1956: RuntimeWarning: invalid value encountered in divide
  log_R3_S2 = np.log10(R3/S2)
/arc/home/RongjunHuang/ICRAR/further/SFR+Z.py:1956: RuntimeWarning: divide by zero encountered in log10
  log_R3_S2 = np.log10(R3/S2)
/arc/home/RongjunHuang/ICRAR/further/SFR+Z.py:1957: RuntimeWarning: divide by zero encountered in log10
  log_N2 = np.log10(N2)
/arc/home/RongjunHuang/ICRAR/further/SFR+Z.py:1958: RuntimeWarning: divide by zero encountered in log10
  log_S2 = np.log10(S2)
/arc/home/RongjunHuang/ICRAR/further/SFR+Z.py:1981: RuntimeWarning: invalid value encountered in add
  O_H_PG16[upper_mask] = (a1_upper + a2_upper * log_R3_S2[upper_mask] + a3_upper * log_N2[upper_mask] +
/arc/home/RongjunHuang/ICRAR/further/SFR+Z.py:1984: RuntimeWarning: invalid value encountered in add
  O_H_PG16[lower_mask] = (a1_lower + a2_lower * log_R3_S2[lower_mask] + a3_lower * log_N2[lower_mask] +
/arc/home/RongjunHuang/ICRAR/further/SFR+Z.py:1985: RuntimeWarning: invalid value encountered in add
  (a4_lower + a5_lower * log_R3_S2[lower_mask] + a6_lower * log_N2[lower_mask]) * log_S2[lower_mask])
/arc/home/RongjunHuang/ICRAR/further/SFR+Z.py:2006: RuntimeWarning: divide by zero encountered in divide
  n2s2_ratio = np.log10(nii6583_flux / sii_total)
/arc/home/RongjunHuang/ICRAR/further/SFR+Z.py:2006: RuntimeWarning: invalid value encountered in divide
  n2s2_ratio = np.log10(nii6583_flux / sii_total)
/arc/home/RongjunHuang/ICRAR/further/SFR+Z.py:2006: RuntimeWarning: divide by zero encountered in log10
  n2s2_ratio = np.log10(nii6583_flux / sii_total)
/arc/home/RongjunHuang/ICRAR/further/SFR+Z.py:2051: RuntimeWarning: divide by zero encountered in divide
  oiii_hb = oiii5006_flux / hb4861_flux
/arc/home/RongjunHuang/ICRAR/further/SFR+Z.py:2051: RuntimeWarning: invalid value encountered in divide
  oiii_hb = oiii5006_flux / hb4861_flux
/arc/home/RongjunHuang/ICRAR/further/SFR+Z.py:2052: RuntimeWarning: divide by zero encountered in divide
  nii_ha = nii6583_flux / ha6562_flux
/arc/home/RongjunHuang/ICRAR/further/SFR+Z.py:2052: RuntimeWarning: invalid value encountered in divide
  nii_ha = nii6583_flux / ha6562_flux
/arc/home/RongjunHuang/ICRAR/further/SFR+Z.py:2053: RuntimeWarning: divide by zero encountered in divide
  o3n2_ratio = np.log10(oiii_hb / nii_ha)
/arc/home/RongjunHuang/ICRAR/further/SFR+Z.py:2053: RuntimeWarning: invalid value encountered in divide
  o3n2_ratio = np.log10(oiii_hb / nii_ha)
/arc/home/RongjunHuang/ICRAR/further/SFR+Z.py:2053: RuntimeWarning: divide by zero encountered in log10
  o3n2_ratio = np.log10(oiii_hb / nii_ha)
/arc/home/RongjunHuang/ICRAR/further/SFR+Z.py:2075: RuntimeWarning: divide by zero encountered in divide
  n2_ratio = np.log10(nii6583_flux / ha6562_flux)
/arc/home/RongjunHuang/ICRAR/further/SFR+Z.py:2075: RuntimeWarning: invalid value encountered in divide
  n2_ratio = np.log10(nii6583_flux / ha6562_flux)
/arc/home/RongjunHuang/ICRAR/further/SFR+Z.py:2075: RuntimeWarning: divide by zero encountered in log10
  n2_ratio = np.log10(nii6583_flux / ha6562_flux)
/arc/home/RongjunHuang/ICRAR/further/SFR+Z.py:2098: RuntimeWarning: divide by zero encountered in divide
  oiii_hb = oiii5006_flux / hb4861_flux
/arc/home/RongjunHuang/ICRAR/further/SFR+Z.py:2098: RuntimeWarning: invalid value encountered in divide
  oiii_hb = oiii5006_flux / hb4861_flux
/arc/home/RongjunHuang/ICRAR/further/SFR+Z.py:2099: RuntimeWarning: divide by zero encountered in divide
  nii_ha = nii6583_flux / ha6562_flux
/arc/home/RongjunHuang/ICRAR/further/SFR+Z.py:2099: RuntimeWarning: invalid value encountered in divide
  nii_ha = nii6583_flux / ha6562_flux
/arc/home/RongjunHuang/ICRAR/further/SFR+Z.py:2100: RuntimeWarning: divide by zero encountered in divide
  o3n2_ratio = np.log10(oiii_hb / nii_ha)
/arc/home/RongjunHuang/ICRAR/further/SFR+Z.py:2100: RuntimeWarning: invalid value encountered in divide
  o3n2_ratio = np.log10(oiii_hb / nii_ha)
/arc/home/RongjunHuang/ICRAR/further/SFR+Z.py:2100: RuntimeWarning: divide by zero encountered in log10
  o3n2_ratio = np.log10(oiii_hb / nii_ha)
/arc/home/RongjunHuang/ICRAR/further/SFR+Z.py:2122: RuntimeWarning: divide by zero encountered in divide
  n2_ratio = np.log10(nii6583_flux / ha6562_flux)
/arc/home/RongjunHuang/ICRAR/further/SFR+Z.py:2122: RuntimeWarning: invalid value encountered in divide
  n2_ratio = np.log10(nii6583_flux / ha6562_flux)
/arc/home/RongjunHuang/ICRAR/further/SFR+Z.py:2122: RuntimeWarning: divide by zero encountered in log10
  n2_ratio = np.log10(nii6583_flux / ha6562_flux)
/arc/home/RongjunHuang/ICRAR/further/SFR+Z.py:2157: RuntimeWarning: divide by zero encountered in divide
  oiii_hb = oiii5006_flux / hb4861_flux
/arc/home/RongjunHuang/ICRAR/further/SFR+Z.py:2157: RuntimeWarning: invalid value encountered in divide
  oiii_hb = oiii5006_flux / hb4861_flux
/arc/home/RongjunHuang/ICRAR/further/SFR+Z.py:2158: RuntimeWarning: divide by zero encountered in divide
  nii_ha = nii6583_flux / ha6562_flux
/arc/home/RongjunHuang/ICRAR/further/SFR+Z.py:2158: RuntimeWarning: invalid value encountered in divide
  nii_ha = nii6583_flux / ha6562_flux
/arc/home/RongjunHuang/ICRAR/further/SFR+Z.py:2159: RuntimeWarning: divide by zero encountered in divide
  o3n2_ratio = np.log10(oiii_hb / nii_ha)
/arc/home/RongjunHuang/ICRAR/further/SFR+Z.py:2159: RuntimeWarning: invalid value encountered in divide
  o3n2_ratio = np.log10(oiii_hb / nii_ha)
/arc/home/RongjunHuang/ICRAR/further/SFR+Z.py:2159: RuntimeWarning: divide by zero encountered in log10
  o3n2_ratio = np.log10(oiii_hb / nii_ha)
/arc/home/RongjunHuang/ICRAR/further/SFR+Z.py:2259: RuntimeWarning: divide by zero encountered in divide
  oiii_hb = oiii5006_flux / hb4861_flux
/arc/home/RongjunHuang/ICRAR/further/SFR+Z.py:2259: RuntimeWarning: invalid value encountered in divide
  oiii_hb = oiii5006_flux / hb4861_flux
/arc/home/RongjunHuang/ICRAR/further/SFR+Z.py:2262: RuntimeWarning: divide by zero encountered in divide
  sii_hb = sii_total / hb4861_flux
/arc/home/RongjunHuang/ICRAR/further/SFR+Z.py:2262: RuntimeWarning: invalid value encountered in divide
  sii_hb = sii_total / hb4861_flux
/arc/home/RongjunHuang/ICRAR/further/SFR+Z.py:2265: RuntimeWarning: divide by zero encountered in divide
  o3s2_ratio = np.log10(oiii_hb / sii_hb)
/arc/home/RongjunHuang/ICRAR/further/SFR+Z.py:2265: RuntimeWarning: invalid value encountered in divide
  o3s2_ratio = np.log10(oiii_hb / sii_hb)
/arc/home/RongjunHuang/ICRAR/further/SFR+Z.py:2265: RuntimeWarning: divide by zero encountered in log10
  o3s2_ratio = np.log10(oiii_hb / sii_hb)
Calculating all 6 C20 metallicities for NGC4569...
Combined C20 metallicity: median = 8.649, range = (8.018, 8.980)
Combined C20 dominant-weight method usage: O3N2=407706, O3S2=6215, RS32=19518, R3=93711, N2=1776, S2=57144
Galaxy NGC4569 inclination: 69.0° (cos θ = 0.358)
Inclination correction ENABLED: applying b/a = 0.404 (adopting intrinsic thickness q₀ = 0.2 for disc galaxy)
/arc/home/RongjunHuang/ICRAR/further/SFR+Z.py:2973: RuntimeWarning: divide by zero encountered in divide
  logN2  = np.log10(NII6583_FLUX_corr / HA6562_FLUX_corr)        # [N II]/Hα
/arc/home/RongjunHuang/ICRAR/further/SFR+Z.py:2973: RuntimeWarning: invalid value encountered in divide
  logN2  = np.log10(NII6583_FLUX_corr / HA6562_FLUX_corr)        # [N II]/Hα
/arc/home/RongjunHuang/ICRAR/further/SFR+Z.py:2973: RuntimeWarning: divide by zero encountered in log10
  logN2  = np.log10(NII6583_FLUX_corr / HA6562_FLUX_corr)        # [N II]/Hα
/arc/home/RongjunHuang/ICRAR/further/SFR+Z.py:2974: RuntimeWarning: divide by zero encountered in divide
  logS2  = np.log10((SII6716_FLUX_corr+SII6730_FLUX_corr) / HA6562_FLUX_corr)   # Σ[S II]/Hα
/arc/home/RongjunHuang/ICRAR/further/SFR+Z.py:2974: RuntimeWarning: invalid value encountered in divide
  logS2  = np.log10((SII6716_FLUX_corr+SII6730_FLUX_corr) / HA6562_FLUX_corr)   # Σ[S II]/Hα
/arc/home/RongjunHuang/ICRAR/further/SFR+Z.py:2974: RuntimeWarning: divide by zero encountered in log10
  logS2  = np.log10((SII6716_FLUX_corr+SII6730_FLUX_corr) / HA6562_FLUX_corr)   # Σ[S II]/Hα
/arc/home/RongjunHuang/ICRAR/further/SFR+Z.py:2975: RuntimeWarning: divide by zero encountered in divide
  logO3  = np.log10(OIII5006_FLUX_corr / HB4861_FLUX_corr)       # [O III]/Hβ
/arc/home/RongjunHuang/ICRAR/further/SFR+Z.py:2975: RuntimeWarning: invalid value encountered in divide
  logO3  = np.log10(OIII5006_FLUX_corr / HB4861_FLUX_corr)       # [O III]/Hβ
/arc/home/RongjunHuang/ICRAR/further/SFR+Z.py:2975: RuntimeWarning: divide by zero encountered in log10
  logO3  = np.log10(OIII5006_FLUX_corr / HB4861_FLUX_corr)       # [O III]/Hβ
/arc/home/RongjunHuang/ICRAR/further/SFR+Z.py:3061: RuntimeWarning: invalid value encountered in add
  mask_N2_right, mask_S2_right = apply_bpt_masks(logN2=logN2+logN2_err, logS2=logS2+logS2_err, logO3=logO3)
/arc/home/RongjunHuang/ICRAR/further/SFR+Z.py:3063: RuntimeWarning: invalid value encountered in add
  mask_N2_up, mask_S2_up = apply_bpt_masks(logN2=logN2, logS2=logS2, logO3=logO3+logO3_err)
Loaded SII density lookup table: /arc/home/RongjunHuang/ICRAR/further/pyneb_sii_6716_6731_density_lookup_te8000_13000_step1000_ne20_100000_n4096.npz
PyNeb Te-method valid-pixel counts:
  NE_SII finite pixels: 221720
  NE_SII fixed at 20 cm^-3: 95191/221720 (42.9%)
  NE_SII exact high-density fallback pixels: 0
  NE_SII_ALL finite pixels: 659174
  Te(NII) HII pixels: 1321
  Te(NII) SF pixels: 1658
  Brazzini+2024 direct HII pixels: 0
  Brazzini+2024 direct SF pixels: 0
  NII+OII7325 semi-direct HII pixels: 64
  NII+OII7325 semi-direct SF pixels: 96
  Kreckel+2025 NII-only HII pixels: 222
  Kreckel+2025 NII-only SF pixels: 294
Integrated PyNeb Te-method values:
  SF:
    NE_SII: 62.63 +/- 0.41 cm^-3 (n_pix=79822, fixed20=0, exact_high_density=0)
    Te(NII): 13862.1 +/- 87.4 K (n_pix=3472)
    O_H_BR24_DIRECT: nan dex (n_pix=0)
    O_H_NII_OII7325: 7.7164 +/- 0.0407 dex (n_pix=109)
    O_H_NII_K25: nan dex (n_pix=3472)
  HII:
    NE_SII: 27.05 +/- 0.24 cm^-3 (n_pix=47736, fixed20=0, exact_high_density=0)
    Te(NII): 16932.6 +/- 63.0 K (n_pix=2011)
    O_H_BR24_DIRECT: nan dex (n_pix=0)
    O_H_NII_OII7325: 7.5803 +/- 0.0357 dex (n_pix=77)
    O_H_NII_K25: nan dex (n_pix=2011)
Further file written ➜ /arc/projects/mauve/products/v3tk_v7.6.8/NGC4569/NGC4569_gas_bin_maps_further.fits
--------------------------------------------------------------
Total non-nan spaxels: 659174
Number of pixels with Halpha not detected: 194983
Number of pixels with Halpha detected, Hbeta not detected: 256929
Number of pixels with Halpha detected, Hbeta detected, NII not detected, OIII not detected and unclassified1: 345
Number of pixels with Halpha detected, Hbeta detected, NII not detected, OIII detected and unclassified1: 47
Number of pixels with Halpha detected, Hbeta detected, NII detected, OIII not detected and unclassified1: 11994
Number of pixels with Halpha detected, Hbeta detected, NII detected, OIII detected and unclassified1: 54608
Number of pixels with Halpha detected, Hbeta detected, SII not detected, OIII not detected and unclassified1: 6791
Number of pixels with Halpha detected, Hbeta detected, SII not detected, OIII detected and unclassified1: 8530
Number of pixels with Halpha detected, Hbeta detected, SII detected, OIII not detected and unclassified1: 5548
Number of pixels with Halpha detected, Hbeta detected, SII detected, OIII detected and unclassified1: 46125
--------------------------------------------------------------
Total Halpha luminosity map sum (detections + upper-limit substitutions): 3.10e+41 erg/s
Total corrected Halpha luminosity from SF region: 2.35e+41 erg/s
Total Halpha SFR map sum (detections + upper-limit substitutions): 1.55 M☉/yr or in log10 scale: 0.19 log(M☉/yr)
Total Halpha SFR from SF region: 1.17 M☉/yr or in log10 scale: 0.07 log(M☉/yr)
Total Halpha SFR from HII region: 1.01 M☉/yr or in log10 scale: 0.00 log(M☉/yr)
--------------------------------------------------------------
[O/H] D16 SF: Total metallicity in SF region:  8.876650749988537
[O/H] PG16 SF: Total metallicity in SF region:  8.599084742429794
[O/H] N2S2-N06 SF: Total metallicity in SF region:  9.134752541242303
[O/H] O3N2-M13 SF: Total metallicity in SF region:  8.54660086703075
[O/H] N2-M13 SF: Total metallicity in SF region:  8.556837124236708
[O/H] O3N2-PP04 SF: Total metallicity in SF region:  8.75033774509271
[O/H] N2-PP04 SF: Total metallicity in SF region:  8.735659656576598
[O/H] O3N2-C20 SF: Total metallicity in SF region:  8.759978800357976
[O/H] O3S2-C20 SF: Total metallicity in SF region:  8.799979692114427
[O/H] RS32-C20 SF: Total metallicity in SF region:  8.756448939430955
[O/H] R3-C20 SF: Total metallicity in SF region:  8.740752914502467
[O/H] N2-C20 SF: Total metallicity in SF region:  8.972469196014655
[O/H] S2-C20 SF: Total metallicity in SF region:  8.81882530005158
[O/H] Combined-C20 SF: Total metallicity in SF region:  8.798556978921475 (weighted 6 methods; dominant S2)
--------------------------------------------------------------
[O/H] D16 HII: Total metallicity in HII region:  8.832598244313033
[O/H] PG16 HII: Total metallicity in HII region:  8.563770000042462
[O/H] N2S2-N06 HII: Total metallicity in HII region:  9.121827586516154
[O/H] O3N2-M13 HII: Total metallicity in HII region:  8.572082577089914
[O/H] N2-M13 HII: Total metallicity in HII region:  8.513889500324105
[O/H] O3N2-PP04 HII: Total metallicity in HII region:  8.788441236769966
[O/H] N2-PP04 HII: Total metallicity in HII region:  8.634143794525402
[O/H] O3N2-C20 HII: Total metallicity in HII region:  8.783167321157354
[O/H] O3S2-C20 HII: Total metallicity in HII region:  8.827763890470155
[O/H] RS32-C20 HII: Total metallicity in HII region:  8.80796536276425
[O/H] R3-C20 HII: Total metallicity in HII region:  8.79225927767967
[O/H] N2-C20 HII: Total metallicity in HII region:  8.68546715923479
[O/H] S2-C20 HII: Total metallicity in HII region:  8.846728118068633
[O/H] Combined-C20 HII: Total metallicity in HII region:  8.801491225836074 (weighted 6 methods; dominant S2)
--------------------------------------------------------------
[O/H] D16: Total metallicity in total region:  8.947036636410587
[O/H] PG16: Total metallicity in total region:  8.724652372519724
[O/H] N2S2-N06: Total metallicity in total region:  9.137795970628906
[O/H] O3N2-M13: Total metallicity in total region:  8.498538925870506
[O/H] N2-M13: Total metallicity in total region:  nan
[O/H] O3N2-PP04: Total metallicity in total region:  8.67846942186244
[O/H] N2-PP04: Total metallicity in total region:  nan
[O/H] O3N2-C20: Total metallicity in total region:  8.714882012903287
[O/H] O3S2-C20: Total metallicity in total region:  8.75156977111958
[O/H] RS32-C20: Total metallicity in total region:  8.607687425196684
[O/H] R3-C20: Total metallicity in total region:  8.608491664445085
[O/H] N2-C20: Total metallicity in total region:  nan
[O/H] S2-C20: Total metallicity in total region:  nan
[O/H] Combined-C20: Total metallicity in total region:  8.652333756143443 (weighted 4 methods; dominant R3)
--------------------------------------------------------------
Total runtime: 1608.6 s
✅  NGC4569 finished in 26m51s
