Python executable: /arc/home/RongjunHuang/.conda/envs/ICRAR/bin/python
Python 3.13.3
PYTHONUNBUFFERED: 1
Product root     : /arc/projects/mauve/products
Product subdir   : v3tk_v7.6.8
Local fallback   : /arc/home/RongjunHuang/ICRAR/further

Shared input keyword ➜ <none>
Reading gas-line FITS ➜ /arc/projects/mauve/products/v3tk_v7.6.8/NGC4402/NGC4402_gas_bin_maps.fits
Matched binning FITS ➜ /arc/projects/mauve/products/v3tk_v7.6.8/NGC4402/NGC4402_spatial_binning_maps_further.fits
Spatial mask FITS ➜ /arc/projects/mauve/products/v3tk_v7.6.8/NGC4402/NGC4402_mask.fits
Gas-line maps collapsed onto spatial BINID: 7507 bins
Available gas-line flux/error pairs:
  - HB4861
  - OIII4958
  - OIII5006
  - NII5754
  - OI6300
  - SIII6312
  - OI6363
  - NII6548
  - HA6562
  - NII6583
  - SII6716
  - SII6730
  - OII7318
  - OII7319
  - OII7329
  - OII7330
Te-method optional emission-line availability:
  - OIII4958: available
  - NII5754: available
  - SIII6312: available
  - NII6548: available
  - OII7318: available
  - OII7319: available
  - OII7329: available
  - OII7330: available
  - SIII9068: missing
Spatial mask applied: MASKFILE[MASK] table; row-major MASK == 0; keep=345273, masked=21063, finite H-alpha after mask=345273
/arc/home/RongjunHuang/ICRAR/further/SFR+Z.py:1211: RuntimeWarning: divide by zero encountered in divide
  BD = HA6562_FLUX / HB4861_FLUX
/arc/home/RongjunHuang/ICRAR/further/SFR+Z.py:1211: RuntimeWarning: invalid value encountered in divide
  BD = HA6562_FLUX / HB4861_FLUX
--------------------------------------------------------------
Extinction law for k(λ)=A(λ)/E(B−V): calzetti
k(Hβ 4861Å)  = 4.5981   at λ=0.4861 µm
k(Hα 6562Å)  = 3.3264   at λ=0.6562 µm
k([OIII]5006)= 4.4647   at λ=0.5006 µm
k([NII]6583) = 3.3130   at λ=0.6583 µm
k([SII]6716) = 3.2298   at λ=0.6716 µm
k([SII]6730) = 3.2212   at λ=0.6730 µm
k(OIII4958) = 4.5083   at λ=0.4958 µm
k(NII5754) = 3.8531   at λ=0.5755 µm
k(OI6300) = 3.5017   at λ=0.6300 µm
k(SIII6312) = 3.4934   at λ=0.6312 µm
k(OI6363) = 3.4582   at λ=0.6363 µm
k(NII6548) = 3.3355   at λ=0.6548 µm
k(OII7318) = 2.8906   at λ=0.7319 µm
k(OII7319) = 2.8901   at λ=0.7320 µm
k(OII7329) = 2.8854   at λ=0.7329 µm
k(OII7330) = 2.8844   at λ=0.7331 µm
k(SIII9068) = 2.1615   at λ=0.9069 µm (line missing; NaN placeholder)
--------------------------------------------------------------
/arc/home/RongjunHuang/ICRAR/further/SFR+Z.py:2091: RuntimeWarning: divide by zero encountered in divide
  y = np.log10(NII6583_FLUX_corr / (SII6716_FLUX_corr + SII6730_FLUX_corr)) + 0.264*np.log10(NII6583_FLUX_corr / HA6562_FLUX_corr)
/arc/home/RongjunHuang/ICRAR/further/SFR+Z.py:2091: RuntimeWarning: invalid value encountered in divide
  y = np.log10(NII6583_FLUX_corr / (SII6716_FLUX_corr + SII6730_FLUX_corr)) + 0.264*np.log10(NII6583_FLUX_corr / HA6562_FLUX_corr)
/arc/home/RongjunHuang/ICRAR/further/SFR+Z.py:2091: RuntimeWarning: divide by zero encountered in log10
  y = np.log10(NII6583_FLUX_corr / (SII6716_FLUX_corr + SII6730_FLUX_corr)) + 0.264*np.log10(NII6583_FLUX_corr / HA6562_FLUX_corr)
/arc/home/RongjunHuang/ICRAR/further/SFR+Z.py:2102: RuntimeWarning: divide by zero encountered in divide
  N2 = NII_scaled / HB4861_FLUX_corr   # N2 = I([N II]λ6548 + λ6584)/I(Hβ)
/arc/home/RongjunHuang/ICRAR/further/SFR+Z.py:2102: RuntimeWarning: invalid value encountered in divide
  N2 = NII_scaled / HB4861_FLUX_corr   # N2 = I([N II]λ6548 + λ6584)/I(Hβ)
/arc/home/RongjunHuang/ICRAR/further/SFR+Z.py:2103: RuntimeWarning: divide by zero encountered in divide
  S2 = (SII6716_FLUX_corr + SII6730_FLUX_corr) / HB4861_FLUX_corr  # S2 = I([S II]λ6717 + λ6731)/I(Hβ)
/arc/home/RongjunHuang/ICRAR/further/SFR+Z.py:2103: RuntimeWarning: invalid value encountered in divide
  S2 = (SII6716_FLUX_corr + SII6730_FLUX_corr) / HB4861_FLUX_corr  # S2 = I([S II]λ6717 + λ6731)/I(Hβ)
/arc/home/RongjunHuang/ICRAR/further/SFR+Z.py:2104: RuntimeWarning: divide by zero encountered in divide
  R3 = OIII_scaled / HB4861_FLUX_corr  # R3 = I([O III]λ4959 + λ5007)/I(Hβ) (same value as R2 in this case)
/arc/home/RongjunHuang/ICRAR/further/SFR+Z.py:2104: RuntimeWarning: invalid value encountered in divide
  R3 = OIII_scaled / HB4861_FLUX_corr  # R3 = I([O III]λ4959 + λ5007)/I(Hβ) (same value as R2 in this case)
/arc/home/RongjunHuang/ICRAR/further/SFR+Z.py:2106: RuntimeWarning: divide by zero encountered in divide
  log_R3_S2 = np.log10(R3/S2)
/arc/home/RongjunHuang/ICRAR/further/SFR+Z.py:2106: RuntimeWarning: invalid value encountered in divide
  log_R3_S2 = np.log10(R3/S2)
/arc/home/RongjunHuang/ICRAR/further/SFR+Z.py:2106: RuntimeWarning: divide by zero encountered in log10
  log_R3_S2 = np.log10(R3/S2)
/arc/home/RongjunHuang/ICRAR/further/SFR+Z.py:2107: RuntimeWarning: divide by zero encountered in log10
  log_N2 = np.log10(N2)
/arc/home/RongjunHuang/ICRAR/further/SFR+Z.py:2108: RuntimeWarning: divide by zero encountered in log10
  log_S2 = np.log10(S2)
/arc/home/RongjunHuang/ICRAR/further/SFR+Z.py:2131: RuntimeWarning: invalid value encountered in add
  O_H_PG16[upper_mask] = (a1_upper + a2_upper * log_R3_S2[upper_mask] + a3_upper * log_N2[upper_mask] +
/arc/home/RongjunHuang/ICRAR/further/SFR+Z.py:2134: RuntimeWarning: invalid value encountered in add
  O_H_PG16[lower_mask] = (a1_lower + a2_lower * log_R3_S2[lower_mask] + a3_lower * log_N2[lower_mask] +
/arc/home/RongjunHuang/ICRAR/further/SFR+Z.py:2135: RuntimeWarning: invalid value encountered in add
  (a4_lower + a5_lower * log_R3_S2[lower_mask] + a6_lower * log_N2[lower_mask]) * log_S2[lower_mask])
/arc/home/RongjunHuang/ICRAR/further/SFR+Z.py:2156: RuntimeWarning: divide by zero encountered in divide
  n2s2_ratio = np.log10(nii6583_flux / sii_total)
/arc/home/RongjunHuang/ICRAR/further/SFR+Z.py:2156: RuntimeWarning: invalid value encountered in divide
  n2s2_ratio = np.log10(nii6583_flux / sii_total)
/arc/home/RongjunHuang/ICRAR/further/SFR+Z.py:2156: RuntimeWarning: divide by zero encountered in log10
  n2s2_ratio = np.log10(nii6583_flux / sii_total)
/arc/home/RongjunHuang/ICRAR/further/SFR+Z.py:2201: RuntimeWarning: divide by zero encountered in divide
  oiii_hb = oiii5006_flux / hb4861_flux
/arc/home/RongjunHuang/ICRAR/further/SFR+Z.py:2201: RuntimeWarning: invalid value encountered in divide
  oiii_hb = oiii5006_flux / hb4861_flux
/arc/home/RongjunHuang/ICRAR/further/SFR+Z.py:2202: RuntimeWarning: divide by zero encountered in divide
  nii_ha = nii6583_flux / ha6562_flux
/arc/home/RongjunHuang/ICRAR/further/SFR+Z.py:2202: RuntimeWarning: invalid value encountered in divide
  nii_ha = nii6583_flux / ha6562_flux
/arc/home/RongjunHuang/ICRAR/further/SFR+Z.py:2203: RuntimeWarning: divide by zero encountered in divide
  o3n2_ratio = np.log10(oiii_hb / nii_ha)
/arc/home/RongjunHuang/ICRAR/further/SFR+Z.py:2203: RuntimeWarning: invalid value encountered in divide
  o3n2_ratio = np.log10(oiii_hb / nii_ha)
/arc/home/RongjunHuang/ICRAR/further/SFR+Z.py:2203: RuntimeWarning: divide by zero encountered in log10
  o3n2_ratio = np.log10(oiii_hb / nii_ha)
/arc/home/RongjunHuang/ICRAR/further/SFR+Z.py:2225: RuntimeWarning: divide by zero encountered in divide
  n2_ratio = np.log10(nii6583_flux / ha6562_flux)
/arc/home/RongjunHuang/ICRAR/further/SFR+Z.py:2225: RuntimeWarning: invalid value encountered in divide
  n2_ratio = np.log10(nii6583_flux / ha6562_flux)
/arc/home/RongjunHuang/ICRAR/further/SFR+Z.py:2225: RuntimeWarning: divide by zero encountered in log10
  n2_ratio = np.log10(nii6583_flux / ha6562_flux)
/arc/home/RongjunHuang/ICRAR/further/SFR+Z.py:2248: RuntimeWarning: divide by zero encountered in divide
  oiii_hb = oiii5006_flux / hb4861_flux
/arc/home/RongjunHuang/ICRAR/further/SFR+Z.py:2248: RuntimeWarning: invalid value encountered in divide
  oiii_hb = oiii5006_flux / hb4861_flux
/arc/home/RongjunHuang/ICRAR/further/SFR+Z.py:2249: RuntimeWarning: divide by zero encountered in divide
  nii_ha = nii6583_flux / ha6562_flux
/arc/home/RongjunHuang/ICRAR/further/SFR+Z.py:2249: RuntimeWarning: invalid value encountered in divide
  nii_ha = nii6583_flux / ha6562_flux
/arc/home/RongjunHuang/ICRAR/further/SFR+Z.py:2250: RuntimeWarning: divide by zero encountered in divide
  o3n2_ratio = np.log10(oiii_hb / nii_ha)
/arc/home/RongjunHuang/ICRAR/further/SFR+Z.py:2250: RuntimeWarning: invalid value encountered in divide
  o3n2_ratio = np.log10(oiii_hb / nii_ha)
/arc/home/RongjunHuang/ICRAR/further/SFR+Z.py:2250: RuntimeWarning: divide by zero encountered in log10
  o3n2_ratio = np.log10(oiii_hb / nii_ha)
/arc/home/RongjunHuang/ICRAR/further/SFR+Z.py:2272: RuntimeWarning: divide by zero encountered in divide
  n2_ratio = np.log10(nii6583_flux / ha6562_flux)
/arc/home/RongjunHuang/ICRAR/further/SFR+Z.py:2272: RuntimeWarning: invalid value encountered in divide
  n2_ratio = np.log10(nii6583_flux / ha6562_flux)
/arc/home/RongjunHuang/ICRAR/further/SFR+Z.py:2272: RuntimeWarning: divide by zero encountered in log10
  n2_ratio = np.log10(nii6583_flux / ha6562_flux)
/arc/home/RongjunHuang/ICRAR/further/SFR+Z.py:2307: RuntimeWarning: divide by zero encountered in divide
  oiii_hb = oiii5006_flux / hb4861_flux
/arc/home/RongjunHuang/ICRAR/further/SFR+Z.py:2307: RuntimeWarning: invalid value encountered in divide
  oiii_hb = oiii5006_flux / hb4861_flux
/arc/home/RongjunHuang/ICRAR/further/SFR+Z.py:2308: RuntimeWarning: divide by zero encountered in divide
  nii_ha = nii6583_flux / ha6562_flux
/arc/home/RongjunHuang/ICRAR/further/SFR+Z.py:2308: RuntimeWarning: invalid value encountered in divide
  nii_ha = nii6583_flux / ha6562_flux
/arc/home/RongjunHuang/ICRAR/further/SFR+Z.py:2309: RuntimeWarning: divide by zero encountered in divide
  o3n2_ratio = np.log10(oiii_hb / nii_ha)
/arc/home/RongjunHuang/ICRAR/further/SFR+Z.py:2309: RuntimeWarning: invalid value encountered in divide
  o3n2_ratio = np.log10(oiii_hb / nii_ha)
/arc/home/RongjunHuang/ICRAR/further/SFR+Z.py:2309: RuntimeWarning: divide by zero encountered in log10
  o3n2_ratio = np.log10(oiii_hb / nii_ha)
/arc/home/RongjunHuang/ICRAR/further/SFR+Z.py:2409: RuntimeWarning: divide by zero encountered in divide
  oiii_hb = oiii5006_flux / hb4861_flux
/arc/home/RongjunHuang/ICRAR/further/SFR+Z.py:2409: RuntimeWarning: invalid value encountered in divide
  oiii_hb = oiii5006_flux / hb4861_flux
/arc/home/RongjunHuang/ICRAR/further/SFR+Z.py:2412: RuntimeWarning: divide by zero encountered in divide
  sii_hb = sii_total / hb4861_flux
/arc/home/RongjunHuang/ICRAR/further/SFR+Z.py:2412: RuntimeWarning: invalid value encountered in divide
  sii_hb = sii_total / hb4861_flux
/arc/home/RongjunHuang/ICRAR/further/SFR+Z.py:2415: RuntimeWarning: divide by zero encountered in divide
  o3s2_ratio = np.log10(oiii_hb / sii_hb)
/arc/home/RongjunHuang/ICRAR/further/SFR+Z.py:2415: RuntimeWarning: invalid value encountered in divide
  o3s2_ratio = np.log10(oiii_hb / sii_hb)
/arc/home/RongjunHuang/ICRAR/further/SFR+Z.py:2415: RuntimeWarning: divide by zero encountered in log10
  o3s2_ratio = np.log10(oiii_hb / sii_hb)
Calculating all 6 C20 metallicities for NGC4402...
Combined C20 metallicity: median = 8.701, range = (8.061, 8.952)
Combined C20 dominant-weight method usage: O3N2=46325, O3S2=894, RS32=8182, R3=210050, N2=11499, S2=40585
Galaxy NGC4402 inclination: 80.0° (cos θ = 0.174)
Inclination correction ENABLED: applying b/a = 0.263 (adopting intrinsic thickness q₀ = 0.2 for disc galaxy)
/arc/home/RongjunHuang/ICRAR/further/SFR+Z.py:3123: RuntimeWarning: divide by zero encountered in divide
  logN2  = np.log10(NII6583_FLUX_corr / HA6562_FLUX_corr)        # [N II]/Hα
/arc/home/RongjunHuang/ICRAR/further/SFR+Z.py:3123: RuntimeWarning: invalid value encountered in divide
  logN2  = np.log10(NII6583_FLUX_corr / HA6562_FLUX_corr)        # [N II]/Hα
/arc/home/RongjunHuang/ICRAR/further/SFR+Z.py:3123: RuntimeWarning: divide by zero encountered in log10
  logN2  = np.log10(NII6583_FLUX_corr / HA6562_FLUX_corr)        # [N II]/Hα
/arc/home/RongjunHuang/ICRAR/further/SFR+Z.py:3124: RuntimeWarning: divide by zero encountered in divide
  logS2  = np.log10((SII6716_FLUX_corr+SII6730_FLUX_corr) / HA6562_FLUX_corr)   # Σ[S II]/Hα
/arc/home/RongjunHuang/ICRAR/further/SFR+Z.py:3124: RuntimeWarning: invalid value encountered in divide
  logS2  = np.log10((SII6716_FLUX_corr+SII6730_FLUX_corr) / HA6562_FLUX_corr)   # Σ[S II]/Hα
/arc/home/RongjunHuang/ICRAR/further/SFR+Z.py:3124: RuntimeWarning: divide by zero encountered in log10
  logS2  = np.log10((SII6716_FLUX_corr+SII6730_FLUX_corr) / HA6562_FLUX_corr)   # Σ[S II]/Hα
/arc/home/RongjunHuang/ICRAR/further/SFR+Z.py:3125: RuntimeWarning: divide by zero encountered in divide
  logO3  = np.log10(OIII5006_FLUX_corr / HB4861_FLUX_corr)       # [O III]/Hβ
/arc/home/RongjunHuang/ICRAR/further/SFR+Z.py:3125: RuntimeWarning: invalid value encountered in divide
  logO3  = np.log10(OIII5006_FLUX_corr / HB4861_FLUX_corr)       # [O III]/Hβ
/arc/home/RongjunHuang/ICRAR/further/SFR+Z.py:3125: RuntimeWarning: divide by zero encountered in log10
  logO3  = np.log10(OIII5006_FLUX_corr / HB4861_FLUX_corr)       # [O III]/Hβ
/arc/home/RongjunHuang/ICRAR/further/SFR+Z.py:3211: RuntimeWarning: invalid value encountered in add
  mask_N2_right, mask_S2_right = apply_bpt_masks(logN2=logN2+logN2_err, logS2=logS2+logS2_err, logO3=logO3)
/arc/home/RongjunHuang/ICRAR/further/SFR+Z.py:3213: RuntimeWarning: invalid value encountered in add
  mask_N2_up, mask_S2_up = apply_bpt_masks(logN2=logN2, logS2=logS2, logO3=logO3+logO3_err)
--------------------------------------------------------------
HII-region model-grid inference
pyqz/NebulaBayes six-line corrected-input aperture: 65393 pixels in 4866 unique spatial bins; no extra S/N cut
JY22 six-line raw-input aperture: 65393 pixels in 4866 unique spatial bins; no extra S/N cut
Python interpreter: /arc/home/RongjunHuang/.conda/envs/ICRAR/bin/python
pyqz/NebulaBayes compatibility layer: model_grid_compat.py
pyqz 0.8.4.0: diagnostic=[NII]/[SII]+;[OIII]/[SII]+; Pk=5.0; struct=pp; kappa=inf; sampling=2; srs=800; KDE=multiv; seed=20260823; nproc=1
pyqz runtime overlay: /tmp/pyqz084-runtime-n3cbyf32/pyqz/__init__.py
pyqz grid identity: MAPPINGS V HII Region Grid: QZ pp_GCZO_Pk50_kinf
pyqz bins: 1/4866 spectra complete (BINID 0, 0.9 s)
pyqz bins: 486/4866 spectra complete (BINID 524, 575.9 s)
pyqz bins: 972/4866 spectra complete (BINID 1429, 1189.6 s)
pyqz bins: 1458/4866 spectra complete (BINID 2053, 1750.6 s)
pyqz bins: 1944/4866 spectra complete (BINID 2629, 2292.8 s)
pyqz bins: 2430/4866 spectra complete (BINID 3289, 2803.4 s)
pyqz bins: 2916/4866 spectra complete (BINID 3949, 3358.7 s)
pyqz bins: 3402/4866 spectra complete (BINID 4602, 3940.0 s)
pyqz bins: 3888/4866 spectra complete (BINID 5272, 4485.0 s)
pyqz bins: 4374/4866 spectra complete (BINID 5993, 5107.5 s)
pyqz bins: 4860/4866 spectra complete (BINID 6984, 5803.1 s)
pyqz bins: 4866/4866 spectra complete (BINID 7164, 5821.2 s)
pyqz bins: no per-spectrum exceptions
Initialising NebulaBayes (v0.9.9) model...
INFO Initialising NebulaBayes (v0.9.9) model...
Loading input grid data...
INFO Loading input grid data...
Building flux arrays for the model grids...
INFO Building flux arrays for the model grids...
Resampling model emission line flux grids to shape (40, 20, 160) using linear interpolation...
INFO Resampling model emission line flux grids to shape (40, 20, 160) using linear interpolation...
    Interpolating for Hbeta...
INFO     Interpolating for Hbeta...
    Interpolating for OIII5007...
INFO     Interpolating for OIII5007...
    Interpolating for Halpha...
INFO     Interpolating for Halpha...
    Interpolating for NII6583...
INFO     Interpolating for NII6583...
    Interpolating for SII6716...
INFO     Interpolating for SII6716...
    Interpolating for SII6731...
INFO     Interpolating for SII6731...
Interpolated flux grid size is 1.02MB for 1 line and 6.14MB total for all 6 lines
DEBUG Interpolated flux grid size is 1.02MB for 1 line and 6.14MB total for all 6 lines
NebulaBayes 0.9.9: grid=/arc/home/RongjunHuang/.conda/envs/ICRAR/lib/python3.13/site-packages/NebulaBayes/grids/NB_HII_grid.fits.gz; parameters=['log U', 'log P/k', '12 + log O/H']; shape=(40, 20, 160); order=1; grid_error=0.1; norm=Hbeta; deredden=False; prior=Uniform
NebulaBayes bins: 1/4866 spectra complete (BINID 0, 0.1 s)
NebulaBayes bins: 486/4866 spectra complete (BINID 524, 32.4 s)
NebulaBayes bins: 972/4866 spectra complete (BINID 1429, 63.6 s)
NebulaBayes bins: 1458/4866 spectra complete (BINID 2053, 93.0 s)
NebulaBayes bins: 1944/4866 spectra complete (BINID 2629, 123.9 s)
NebulaBayes bins: 2430/4866 spectra complete (BINID 3289, 153.1 s)
NebulaBayes bins: 2916/4866 spectra complete (BINID 3949, 182.8 s)
NebulaBayes bins: 3402/4866 spectra complete (BINID 4602, 216.8 s)
NebulaBayes bins: 3888/4866 spectra complete (BINID 5272, 251.8 s)
NebulaBayes bins: 4374/4866 spectra complete (BINID 5993, 287.9 s)
NebulaBayes bins: 4860/4866 spectra complete (BINID 6984, 323.7 s)
NebulaBayes bins: 4866/4866 spectra complete (BINID 7164, 324.1 s)
NebulaBayes bins: no per-spectrum exceptions
JY22/Peng2026: raw close-pair ratios=N2,S2,R3; posterior means with marginal equal-tailed p16/p84; full raw-ratio covariance; post-depletion O/H=pre-depletion-0.22; nominal fit_ok chi2<=9; error inflation=1.0
JY22 grid: /arc/home/RongjunHuang/ICRAR/further/Peng2026/photoionization_models/photoionization_grid_interpolated.fits; sha256=d7a219b60c9a1ea8b29339988c84b1832028b28b3c417d1c3c58b420831eb38a; inference_shape=(200, 200); requested logU=(-4.0, -0.5); retained logU=(-4.0, -0.5); solar O/H=8.69
JY22 bins: 1/4866 spectra complete (BINID 0, 0.0 s)
JY22 bins: 486/4866 spectra complete (BINID 524, 5.9 s)
JY22 bins: 972/4866 spectra complete (BINID 1429, 11.8 s)
JY22 bins: 1458/4866 spectra complete (BINID 2053, 17.7 s)
JY22 bins: 1944/4866 spectra complete (BINID 2629, 23.6 s)
JY22 bins: 2430/4866 spectra complete (BINID 3289, 29.5 s)
JY22 bins: 2916/4866 spectra complete (BINID 3949, 35.5 s)
JY22 bins: 3402/4866 spectra complete (BINID 4602, 41.5 s)
JY22 bins: 3888/4866 spectra complete (BINID 5272, 47.5 s)
JY22 bins: 4374/4866 spectra complete (BINID 5993, 53.3 s)
JY22 bins: 4860/4866 spectra complete (BINID 6984, 59.2 s)
JY22 bins: 4866/4866 spectra complete (BINID 7164, 59.3 s)
JY22 bins: no per-spectrum exceptions
/tmp/pyqz084-runtime-n3cbyf32/pyqz/pyqz.py:849: RuntimeWarning: invalid value encountered in divide
  gridZ/= peak_val
pyqz integrated HII: no per-spectrum exceptions
/tmp/pyqz084-runtime-n3cbyf32/pyqz/pyqz.py:849: RuntimeWarning: invalid value encountered in divide
  gridZ/= peak_val
pyqz integrated SF: no per-spectrum exceptions
NebulaBayes integrated: no per-spectrum exceptions
JY22 integrated: no per-spectrum exceptions
Integrated HII/SF model-grid results (common six-line raw aperture)
  HII: 54083 pixels, 4237 bins; integrated E(B-V)=0.67505+/-0.00010
    pyqz: O/H=nan+/-nan; LogQ=nan+/-nan; logU=nan+/-nan; flag=1234; off-grid=0.00%; valid=0 (uncertainties: 0.61 KDE contour)
    NebulaBayes means: O/H=8.78948 [8.75383, 8.83847]; logU=-3.08844 [-3.17949, -3.02564]; log(P/k)=4.98046 [-inf, 5.58947]; sampled modes=(8.76794, -3.07692, 4.20000); reliable=(1, 1, 0); chi2_red=1.155e+05; nlocalmax=2; flag=12; valid=1
    JY22 gas O/H=8.80709 [8.80709, 8.80709]; pre-depletion O/H=9.02709 [9.02709, 9.02709]; logU=-1.13317 [-1.13317, -1.13317]; chi2_min=2.436e+06; residuals(N2,S2,R3)=(-0.0303, 0.0086, -0.2403); residual norm=0.2424; fit_ok=0; flag=32; valid=1 (posterior means; marginal equal-tailed p16/p84)
  SF: 65393 pixels, 4866 bins; integrated E(B-V)=0.65322+/-0.00010
    pyqz: O/H=nan+/-nan; LogQ=nan+/-nan; logU=nan+/-nan; flag=1234; off-grid=0.00%; valid=0 (uncertainties: 0.61 KDE contour)
    NebulaBayes means: O/H=8.75267 [8.71151, 8.79615]; logU=-3.13871 [-3.23077, -3.02564]; log(P/k)=5.10531 [4.43158, 5.82105]; sampled modes=(8.75383, -3.07692, 4.20000); reliable=(1, 1, 0); chi2_red=1.046e+05; nlocalmax=2; flag=4; valid=1
    JY22 gas O/H=8.80709 [8.80709, 8.80709]; pre-depletion O/H=9.02709 [9.02709, 9.02709]; logU=-1.22111 [-1.22111, -1.22111]; chi2_min=1.316e+06; residuals(N2,S2,R3)=(-0.0219, 0.0051, -0.1511); residual norm=0.1528; fit_ok=0; flag=32; valid=1 (posterior means; marginal equal-tailed p16/p84)
Model covariance note: JY22 uses the full first-order N2/S2/R3 covariance from raw close-pair ratios and shared denominators; pyqz/NebulaBayes independent-error APIs do not represent the analogous shared covariance.
--------------------------------------------------------------
Loaded SII density lookup table: /arc/home/RongjunHuang/ICRAR/further/pyneb_sii_6716_6731_density_lookup_te8000_13000_step1000_ne20_100000_n4096.npz
DEBUG Creating converter from 3 to 5
PyNeb Te-method valid-pixel counts:
  NE_SII finite pixels: 94963
  NE_SII fixed at 20 cm^-3: 43354/94963 (45.7%)
  NE_SII exact high-density fallback pixels: 0
  NE_SII_ALL finite pixels: 345273
  Te(NII) HII pixels: 151
  Te(NII) SF pixels: 190
  Brazzini+2024 direct HII pixels: 0
  Brazzini+2024 direct SF pixels: 0
  NII+OII7325 semi-direct HII pixels: 5
  NII+OII7325 semi-direct SF pixels: 28
  Kreckel+2025 NII-only HII pixels: 0
  Kreckel+2025 NII-only SF pixels: 6
Integrated PyNeb Te-method values:
  SF:
    NE_SII: 20.00 +/- 0.00 cm^-3 (n_pix=60773, fixed20=0, exact_high_density=0)
    Te(NII): nan K (n_pix=483)
    O_H_BR24_DIRECT: nan dex (n_pix=0)
    O_H_NII_OII7325: 7.2573 +/- 0.0449 dex (n_pix=28)
    O_H_NII_K25: nan dex (n_pix=483)
  HII:
    NE_SII: 20.62 +/- 0.22 cm^-3 (n_pix=50249, fixed20=0, exact_high_density=0)
    Te(NII): nan K (n_pix=410)
    O_H_BR24_DIRECT: nan dex (n_pix=0)
    O_H_NII_OII7325: 6.9290 +/- 0.1086 dex (n_pix=5)
    O_H_NII_K25: nan dex (n_pix=410)
Further file written ➜ /arc/projects/mauve/products/v3tk_v7.6.8/NGC4402/NGC4402_gas_bin_maps_further.fits
--------------------------------------------------------------
Total non-nan spaxels: 345273
Number of pixels with Halpha not detected: 186938
Number of pixels with Halpha detected, Hbeta not detected: 68106
Number of pixels with Halpha detected, Hbeta detected, NII not detected, OIII not detected and unclassified1: 67
Number of pixels with Halpha detected, Hbeta detected, NII not detected, OIII detected and unclassified1: 0
Number of pixels with Halpha detected, Hbeta detected, NII detected, OIII not detected and unclassified1: 4716
Number of pixels with Halpha detected, Hbeta detected, NII detected, OIII detected and unclassified1: 5916
Number of pixels with Halpha detected, Hbeta detected, SII not detected, OIII not detected and unclassified1: 336
Number of pixels with Halpha detected, Hbeta detected, SII not detected, OIII detected and unclassified1: 163
Number of pixels with Halpha detected, Hbeta detected, SII detected, OIII not detected and unclassified1: 4447
Number of pixels with Halpha detected, Hbeta detected, SII detected, OIII detected and unclassified1: 5753
--------------------------------------------------------------
Total Halpha luminosity map sum (detections + upper-limit substitutions): 2.21e+41 erg/s
Total corrected Halpha luminosity from SF region: 2.08e+41 erg/s
Total Halpha SFR map sum (detections + upper-limit substitutions): 1.10 M☉/yr or in log10 scale: 0.04 log(M☉/yr)
Total Halpha SFR from SF region: 1.04 M☉/yr or in log10 scale: 0.02 log(M☉/yr)
Total Halpha SFR from HII region: 1.02 M☉/yr or in log10 scale: 0.01 log(M☉/yr)
--------------------------------------------------------------
[O/H] D16 SF: Total metallicity in SF region:  8.682961168343985
[O/H] PG16 SF: Total metallicity in SF region:  8.507708838609602
[O/H] N2S2-N06 SF: Total metallicity in SF region:  9.005120518891527
[O/H] O3N2-M13 SF: Total metallicity in SF region:  8.565027604650478
[O/H] N2-M13 SF: Total metallicity in SF region:  8.512009515030329
[O/H] O3N2-PP04 SF: Total metallicity in SF region:  8.777891745271743
[O/H] N2-PP04 SF: Total metallicity in SF region:  8.63002080158763
[O/H] O3N2-C20 SF: Total metallicity in SF region:  8.776794581526739
[O/H] O3S2-C20 SF: Total metallicity in SF region:  8.850198243850096
[O/H] RS32-C20 SF: Total metallicity in SF region:  8.777918986661867
[O/H] R3-C20 SF: Total metallicity in SF region:  8.785520673729557
[O/H] N2-C20 SF: Total metallicity in SF region:  8.68282881212557
[O/H] S2-C20 SF: Total metallicity in SF region:  8.78748611190436
[O/H] Combined-C20 SF: Total metallicity in SF region:  8.778485134511012 (weighted 6 methods; dominant S2)
--------------------------------------------------------------
[O/H] D16 HII: Total metallicity in HII region:  8.680249679438905
[O/H] PG16 HII: Total metallicity in HII region:  8.502138802004762
[O/H] N2S2-N06 HII: Total metallicity in HII region:  9.007487790059551
[O/H] O3N2-M13 HII: Total metallicity in HII region:  8.571637796551002
[O/H] N2-M13 HII: Total metallicity in HII region:  8.502467767563
[O/H] O3N2-PP04 HII: Total metallicity in HII region:  8.787776144375332
[O/H] N2-PP04 HII: Total metallicity in HII region:  8.609490373481353
[O/H] O3N2-C20 HII: Total metallicity in HII region:  8.782766601146506
[O/H] O3S2-C20 HII: Total metallicity in HII region:  8.85570513828167
[O/H] RS32-C20 HII: Total metallicity in HII region:  8.790123892495393
[O/H] R3-C20 HII: Total metallicity in HII region:  8.797482823640047
[O/H] N2-C20 HII: Total metallicity in HII region:  8.669755926767632
[O/H] S2-C20 HII: Total metallicity in HII region:  8.799536091084756
[O/H] Combined-C20 HII: Total metallicity in HII region:  8.7865136392251 (weighted 6 methods; dominant S2)
--------------------------------------------------------------
[O/H] D16: Total metallicity in total region:  8.698122747198143
[O/H] PG16: Total metallicity in total region:  8.533456658733016
[O/H] N2S2-N06: Total metallicity in total region:  9.00285404408852
[O/H] O3N2-M13: Total metallicity in total region:  8.540917651278082
[O/H] N2-M13: Total metallicity in total region:  8.543000988463334
[O/H] O3N2-PP04: Total metallicity in total region:  8.741839478546666
[O/H] N2-PP04: Total metallicity in total region:  8.701381465266733
[O/H] O3N2-C20: Total metallicity in total region:  8.75474128008939
[O/H] O3S2-C20: Total metallicity in total region:  8.828373550562336
[O/H] RS32-C20: Total metallicity in total region:  8.734586620123418
[O/H] R3-C20: Total metallicity in total region:  8.74161703492411
[O/H] N2-C20: Total metallicity in total region:  8.73001107064788
[O/H] S2-C20: Total metallicity in total region:  8.738351955621185
[O/H] Combined-C20: Total metallicity in total region:  8.747573530144347 (weighted 6 methods; dominant S2)
--------------------------------------------------------------
Total runtime: 6722.9 s
✅  NGC4402 finished in 112m10s
