Python executable: /arc/home/RongjunHuang/.conda/envs/ICRAR/bin/python
Python 3.13.3
PYTHONUNBUFFERED: 1
Product root     : /arc/projects/mauve/products
Product subdir   : v3tk_v7.6.8
Local fallback   : /arc/home/RongjunHuang/ICRAR/further

Shared input keyword ➜ <none>
Reading gas-line FITS ➜ /arc/projects/mauve/products/v3tk_v7.6.8/NGC4388/NGC4388_gas_bin_maps.fits
Matched binning FITS ➜ /arc/projects/mauve/products/v3tk_v7.6.8/NGC4388/NGC4388_spatial_binning_maps_further.fits
Spatial mask FITS ➜ /arc/projects/mauve/products/v3tk_v7.6.8/NGC4388/NGC4388_mask.fits
Gas-line maps collapsed onto spatial BINID: 15476 bins
Available gas-line flux/error pairs:
  - HB4861
  - OIII4958
  - OIII5006
  - NII5754
  - OI6300
  - SIII6312
  - OI6363
  - NII6548
  - HA6562
  - NII6583
  - SII6716
  - SII6730
  - OII7318
  - OII7319
  - OII7329
  - OII7330
Te-method optional emission-line availability:
  - OIII4958: available
  - NII5754: available
  - SIII6312: available
  - NII6548: available
  - OII7318: available
  - OII7319: available
  - OII7329: available
  - OII7330: available
  - SIII9068: missing
Spatial mask applied: MASKFILE[MASK] table; row-major MASK == 0; keep=266190, masked=14820, finite H-alpha after mask=266190
/arc/home/RongjunHuang/ICRAR/further/SFR+Z.py:1223: RuntimeWarning: divide by zero encountered in divide
  BD = HA6562_FLUX / HB4861_FLUX
/arc/home/RongjunHuang/ICRAR/further/SFR+Z.py:1223: RuntimeWarning: invalid value encountered in divide
  BD = HA6562_FLUX / HB4861_FLUX
--------------------------------------------------------------
Extinction law for k(λ)=A(λ)/E(B−V): calzetti
k(Hβ 4861Å)  = 4.5981   at λ=0.4861 µm
k(Hα 6562Å)  = 3.3264   at λ=0.6562 µm
k([OIII]5006)= 4.4647   at λ=0.5006 µm
k([NII]6583) = 3.3130   at λ=0.6583 µm
k([SII]6716) = 3.2298   at λ=0.6716 µm
k([SII]6730) = 3.2212   at λ=0.6730 µm
k(OIII4958) = 4.5083   at λ=0.4958 µm
k(NII5754) = 3.8531   at λ=0.5755 µm
k(OI6300) = 3.5017   at λ=0.6300 µm
k(SIII6312) = 3.4934   at λ=0.6312 µm
k(OI6363) = 3.4582   at λ=0.6363 µm
k(NII6548) = 3.3355   at λ=0.6548 µm
k(OII7318) = 2.8906   at λ=0.7319 µm
k(OII7319) = 2.8901   at λ=0.7320 µm
k(OII7329) = 2.8854   at λ=0.7329 µm
k(OII7330) = 2.8844   at λ=0.7331 µm
k(SIII9068) = 2.1615   at λ=0.9069 µm (line missing; NaN placeholder)
--------------------------------------------------------------
/arc/home/RongjunHuang/ICRAR/further/SFR+Z.py:2103: RuntimeWarning: divide by zero encountered in divide
  y = np.log10(NII6583_FLUX_corr / (SII6716_FLUX_corr + SII6730_FLUX_corr)) + 0.264*np.log10(NII6583_FLUX_corr / HA6562_FLUX_corr)
/arc/home/RongjunHuang/ICRAR/further/SFR+Z.py:2103: RuntimeWarning: invalid value encountered in divide
  y = np.log10(NII6583_FLUX_corr / (SII6716_FLUX_corr + SII6730_FLUX_corr)) + 0.264*np.log10(NII6583_FLUX_corr / HA6562_FLUX_corr)
/arc/home/RongjunHuang/ICRAR/further/SFR+Z.py:2103: RuntimeWarning: divide by zero encountered in log10
  y = np.log10(NII6583_FLUX_corr / (SII6716_FLUX_corr + SII6730_FLUX_corr)) + 0.264*np.log10(NII6583_FLUX_corr / HA6562_FLUX_corr)
/arc/home/RongjunHuang/ICRAR/further/SFR+Z.py:2114: RuntimeWarning: divide by zero encountered in divide
  N2 = NII_scaled / HB4861_FLUX_corr   # N2 = I([N II]λ6548 + λ6584)/I(Hβ)
/arc/home/RongjunHuang/ICRAR/further/SFR+Z.py:2114: RuntimeWarning: invalid value encountered in divide
  N2 = NII_scaled / HB4861_FLUX_corr   # N2 = I([N II]λ6548 + λ6584)/I(Hβ)
/arc/home/RongjunHuang/ICRAR/further/SFR+Z.py:2115: RuntimeWarning: divide by zero encountered in divide
  S2 = (SII6716_FLUX_corr + SII6730_FLUX_corr) / HB4861_FLUX_corr  # S2 = I([S II]λ6717 + λ6731)/I(Hβ)
/arc/home/RongjunHuang/ICRAR/further/SFR+Z.py:2115: RuntimeWarning: invalid value encountered in divide
  S2 = (SII6716_FLUX_corr + SII6730_FLUX_corr) / HB4861_FLUX_corr  # S2 = I([S II]λ6717 + λ6731)/I(Hβ)
/arc/home/RongjunHuang/ICRAR/further/SFR+Z.py:2116: RuntimeWarning: divide by zero encountered in divide
  R3 = OIII_scaled / HB4861_FLUX_corr  # R3 = I([O III]λ4959 + λ5007)/I(Hβ) (same value as R2 in this case)
/arc/home/RongjunHuang/ICRAR/further/SFR+Z.py:2116: RuntimeWarning: invalid value encountered in divide
  R3 = OIII_scaled / HB4861_FLUX_corr  # R3 = I([O III]λ4959 + λ5007)/I(Hβ) (same value as R2 in this case)
/arc/home/RongjunHuang/ICRAR/further/SFR+Z.py:2118: RuntimeWarning: divide by zero encountered in divide
  log_R3_S2 = np.log10(R3/S2)
/arc/home/RongjunHuang/ICRAR/further/SFR+Z.py:2118: RuntimeWarning: invalid value encountered in divide
  log_R3_S2 = np.log10(R3/S2)
/arc/home/RongjunHuang/ICRAR/further/SFR+Z.py:2118: RuntimeWarning: divide by zero encountered in log10
  log_R3_S2 = np.log10(R3/S2)
/arc/home/RongjunHuang/ICRAR/further/SFR+Z.py:2119: RuntimeWarning: divide by zero encountered in log10
  log_N2 = np.log10(N2)
/arc/home/RongjunHuang/ICRAR/further/SFR+Z.py:2120: RuntimeWarning: divide by zero encountered in log10
  log_S2 = np.log10(S2)
/arc/home/RongjunHuang/ICRAR/further/SFR+Z.py:2143: RuntimeWarning: invalid value encountered in add
  O_H_PG16[upper_mask] = (a1_upper + a2_upper * log_R3_S2[upper_mask] + a3_upper * log_N2[upper_mask] +
/arc/home/RongjunHuang/ICRAR/further/SFR+Z.py:2146: RuntimeWarning: invalid value encountered in add
  O_H_PG16[lower_mask] = (a1_lower + a2_lower * log_R3_S2[lower_mask] + a3_lower * log_N2[lower_mask] +
/arc/home/RongjunHuang/ICRAR/further/SFR+Z.py:2147: RuntimeWarning: invalid value encountered in add
  (a4_lower + a5_lower * log_R3_S2[lower_mask] + a6_lower * log_N2[lower_mask]) * log_S2[lower_mask])
/arc/home/RongjunHuang/ICRAR/further/SFR+Z.py:2168: RuntimeWarning: divide by zero encountered in divide
  n2s2_ratio = np.log10(nii6583_flux / sii_total)
/arc/home/RongjunHuang/ICRAR/further/SFR+Z.py:2168: RuntimeWarning: invalid value encountered in divide
  n2s2_ratio = np.log10(nii6583_flux / sii_total)
/arc/home/RongjunHuang/ICRAR/further/SFR+Z.py:2168: RuntimeWarning: divide by zero encountered in log10
  n2s2_ratio = np.log10(nii6583_flux / sii_total)
/arc/home/RongjunHuang/ICRAR/further/SFR+Z.py:2213: RuntimeWarning: divide by zero encountered in divide
  oiii_hb = oiii5006_flux / hb4861_flux
/arc/home/RongjunHuang/ICRAR/further/SFR+Z.py:2213: RuntimeWarning: invalid value encountered in divide
  oiii_hb = oiii5006_flux / hb4861_flux
/arc/home/RongjunHuang/ICRAR/further/SFR+Z.py:2214: RuntimeWarning: divide by zero encountered in divide
  nii_ha = nii6583_flux / ha6562_flux
/arc/home/RongjunHuang/ICRAR/further/SFR+Z.py:2214: RuntimeWarning: invalid value encountered in divide
  nii_ha = nii6583_flux / ha6562_flux
/arc/home/RongjunHuang/ICRAR/further/SFR+Z.py:2215: RuntimeWarning: divide by zero encountered in divide
  o3n2_ratio = np.log10(oiii_hb / nii_ha)
/arc/home/RongjunHuang/ICRAR/further/SFR+Z.py:2215: RuntimeWarning: invalid value encountered in divide
  o3n2_ratio = np.log10(oiii_hb / nii_ha)
/arc/home/RongjunHuang/ICRAR/further/SFR+Z.py:2215: RuntimeWarning: divide by zero encountered in log10
  o3n2_ratio = np.log10(oiii_hb / nii_ha)
/arc/home/RongjunHuang/ICRAR/further/SFR+Z.py:2237: RuntimeWarning: divide by zero encountered in divide
  n2_ratio = np.log10(nii6583_flux / ha6562_flux)
/arc/home/RongjunHuang/ICRAR/further/SFR+Z.py:2237: RuntimeWarning: invalid value encountered in divide
  n2_ratio = np.log10(nii6583_flux / ha6562_flux)
/arc/home/RongjunHuang/ICRAR/further/SFR+Z.py:2237: RuntimeWarning: divide by zero encountered in log10
  n2_ratio = np.log10(nii6583_flux / ha6562_flux)
/arc/home/RongjunHuang/ICRAR/further/SFR+Z.py:2260: RuntimeWarning: divide by zero encountered in divide
  oiii_hb = oiii5006_flux / hb4861_flux
/arc/home/RongjunHuang/ICRAR/further/SFR+Z.py:2260: RuntimeWarning: invalid value encountered in divide
  oiii_hb = oiii5006_flux / hb4861_flux
/arc/home/RongjunHuang/ICRAR/further/SFR+Z.py:2261: RuntimeWarning: divide by zero encountered in divide
  nii_ha = nii6583_flux / ha6562_flux
/arc/home/RongjunHuang/ICRAR/further/SFR+Z.py:2261: RuntimeWarning: invalid value encountered in divide
  nii_ha = nii6583_flux / ha6562_flux
/arc/home/RongjunHuang/ICRAR/further/SFR+Z.py:2262: RuntimeWarning: divide by zero encountered in divide
  o3n2_ratio = np.log10(oiii_hb / nii_ha)
/arc/home/RongjunHuang/ICRAR/further/SFR+Z.py:2262: RuntimeWarning: invalid value encountered in divide
  o3n2_ratio = np.log10(oiii_hb / nii_ha)
/arc/home/RongjunHuang/ICRAR/further/SFR+Z.py:2262: RuntimeWarning: divide by zero encountered in log10
  o3n2_ratio = np.log10(oiii_hb / nii_ha)
/arc/home/RongjunHuang/ICRAR/further/SFR+Z.py:2284: RuntimeWarning: divide by zero encountered in divide
  n2_ratio = np.log10(nii6583_flux / ha6562_flux)
/arc/home/RongjunHuang/ICRAR/further/SFR+Z.py:2284: RuntimeWarning: invalid value encountered in divide
  n2_ratio = np.log10(nii6583_flux / ha6562_flux)
/arc/home/RongjunHuang/ICRAR/further/SFR+Z.py:2284: RuntimeWarning: divide by zero encountered in log10
  n2_ratio = np.log10(nii6583_flux / ha6562_flux)
/arc/home/RongjunHuang/ICRAR/further/SFR+Z.py:2319: RuntimeWarning: divide by zero encountered in divide
  oiii_hb = oiii5006_flux / hb4861_flux
/arc/home/RongjunHuang/ICRAR/further/SFR+Z.py:2319: RuntimeWarning: invalid value encountered in divide
  oiii_hb = oiii5006_flux / hb4861_flux
/arc/home/RongjunHuang/ICRAR/further/SFR+Z.py:2320: RuntimeWarning: divide by zero encountered in divide
  nii_ha = nii6583_flux / ha6562_flux
/arc/home/RongjunHuang/ICRAR/further/SFR+Z.py:2320: RuntimeWarning: invalid value encountered in divide
  nii_ha = nii6583_flux / ha6562_flux
/arc/home/RongjunHuang/ICRAR/further/SFR+Z.py:2321: RuntimeWarning: divide by zero encountered in divide
  o3n2_ratio = np.log10(oiii_hb / nii_ha)
/arc/home/RongjunHuang/ICRAR/further/SFR+Z.py:2321: RuntimeWarning: invalid value encountered in divide
  o3n2_ratio = np.log10(oiii_hb / nii_ha)
/arc/home/RongjunHuang/ICRAR/further/SFR+Z.py:2321: RuntimeWarning: divide by zero encountered in log10
  o3n2_ratio = np.log10(oiii_hb / nii_ha)
/arc/home/RongjunHuang/ICRAR/further/SFR+Z.py:2421: RuntimeWarning: divide by zero encountered in divide
  oiii_hb = oiii5006_flux / hb4861_flux
/arc/home/RongjunHuang/ICRAR/further/SFR+Z.py:2421: RuntimeWarning: invalid value encountered in divide
  oiii_hb = oiii5006_flux / hb4861_flux
/arc/home/RongjunHuang/ICRAR/further/SFR+Z.py:2424: RuntimeWarning: divide by zero encountered in divide
  sii_hb = sii_total / hb4861_flux
/arc/home/RongjunHuang/ICRAR/further/SFR+Z.py:2424: RuntimeWarning: invalid value encountered in divide
  sii_hb = sii_total / hb4861_flux
/arc/home/RongjunHuang/ICRAR/further/SFR+Z.py:2427: RuntimeWarning: divide by zero encountered in divide
  o3s2_ratio = np.log10(oiii_hb / sii_hb)
/arc/home/RongjunHuang/ICRAR/further/SFR+Z.py:2427: RuntimeWarning: invalid value encountered in divide
  o3s2_ratio = np.log10(oiii_hb / sii_hb)
/arc/home/RongjunHuang/ICRAR/further/SFR+Z.py:2427: RuntimeWarning: divide by zero encountered in log10
  o3s2_ratio = np.log10(oiii_hb / sii_hb)
Calculating all 6 C20 metallicities for NGC4388...
Combined C20 metallicity: median = 8.602, range = (8.104, 8.930)
Combined C20 dominant-weight method usage: O3N2=89161, O3S2=3474, RS32=4077, R3=144029, N2=2768, S2=9564
Galaxy NGC4388 inclination: 83.0° (cos θ = 0.122)
Inclination correction ENABLED: applying b/a = 0.233 (adopting intrinsic thickness q₀ = 0.2 for disc galaxy)
/arc/home/RongjunHuang/ICRAR/further/SFR+Z.py:3135: RuntimeWarning: divide by zero encountered in divide
  logN2  = np.log10(NII6583_FLUX_corr / HA6562_FLUX_corr)        # [N II]/Hα
/arc/home/RongjunHuang/ICRAR/further/SFR+Z.py:3135: RuntimeWarning: invalid value encountered in divide
  logN2  = np.log10(NII6583_FLUX_corr / HA6562_FLUX_corr)        # [N II]/Hα
/arc/home/RongjunHuang/ICRAR/further/SFR+Z.py:3135: RuntimeWarning: divide by zero encountered in log10
  logN2  = np.log10(NII6583_FLUX_corr / HA6562_FLUX_corr)        # [N II]/Hα
/arc/home/RongjunHuang/ICRAR/further/SFR+Z.py:3136: RuntimeWarning: divide by zero encountered in divide
  logS2  = np.log10((SII6716_FLUX_corr+SII6730_FLUX_corr) / HA6562_FLUX_corr)   # Σ[S II]/Hα
/arc/home/RongjunHuang/ICRAR/further/SFR+Z.py:3136: RuntimeWarning: invalid value encountered in divide
  logS2  = np.log10((SII6716_FLUX_corr+SII6730_FLUX_corr) / HA6562_FLUX_corr)   # Σ[S II]/Hα
/arc/home/RongjunHuang/ICRAR/further/SFR+Z.py:3136: RuntimeWarning: divide by zero encountered in log10
  logS2  = np.log10((SII6716_FLUX_corr+SII6730_FLUX_corr) / HA6562_FLUX_corr)   # Σ[S II]/Hα
/arc/home/RongjunHuang/ICRAR/further/SFR+Z.py:3137: RuntimeWarning: divide by zero encountered in divide
  logO3  = np.log10(OIII5006_FLUX_corr / HB4861_FLUX_corr)       # [O III]/Hβ
/arc/home/RongjunHuang/ICRAR/further/SFR+Z.py:3137: RuntimeWarning: invalid value encountered in divide
  logO3  = np.log10(OIII5006_FLUX_corr / HB4861_FLUX_corr)       # [O III]/Hβ
/arc/home/RongjunHuang/ICRAR/further/SFR+Z.py:3137: RuntimeWarning: divide by zero encountered in log10
  logO3  = np.log10(OIII5006_FLUX_corr / HB4861_FLUX_corr)       # [O III]/Hβ
/arc/home/RongjunHuang/ICRAR/further/SFR+Z.py:3223: RuntimeWarning: invalid value encountered in add
  mask_N2_right, mask_S2_right = apply_bpt_masks(logN2=logN2+logN2_err, logS2=logS2+logS2_err, logO3=logO3)
/arc/home/RongjunHuang/ICRAR/further/SFR+Z.py:3225: RuntimeWarning: invalid value encountered in add
  mask_N2_up, mask_S2_up = apply_bpt_masks(logN2=logN2, logS2=logS2, logO3=logO3+logO3_err)
--------------------------------------------------------------
HII-region model-grid inference
pyqz/NebulaBayes six-line corrected-input aperture: 21797 pixels in 3881 unique spatial bins; no extra S/N cut
JY22 six-line raw-input aperture: 21797 pixels in 3881 unique spatial bins; no extra S/N cut
Python interpreter: /arc/home/RongjunHuang/.conda/envs/ICRAR/bin/python
pyqz/NebulaBayes compatibility layer: model_grid_compat.py
pyqz 0.8.4.0: diagnostic=[NII]/[SII]+;[OIII]/[SII]+; Pk=5.0; struct=pp; kappa=inf; sampling=2; srs=800; KDE=multiv; seed=20260823; nproc=1
pyqz runtime overlay: /tmp/pyqz084-runtime-z0zgsblu/pyqz/__init__.py
pyqz grid identity: MAPPINGS V HII Region Grid: QZ pp_GCZO_Pk50_kinf
pyqz bins: 1/3881 spectra complete (BINID 129, 0.8 s)
pyqz bins: 388/3881 spectra complete (BINID 1618, 339.8 s)
pyqz bins: 776/3881 spectra complete (BINID 3137, 684.4 s)
pyqz bins: 1164/3881 spectra complete (BINID 4848, 1026.9 s)
pyqz bins: 1552/3881 spectra complete (BINID 7059, 1359.3 s)
pyqz bins: 1940/3881 spectra complete (BINID 8389, 1625.0 s)
pyqz bins: 2328/3881 spectra complete (BINID 9640, 1936.9 s)
pyqz bins: 2716/3881 spectra complete (BINID 10737, 2278.4 s)
pyqz bins: 3104/3881 spectra complete (BINID 12587, 2624.9 s)
pyqz bins: 3492/3881 spectra complete (BINID 13666, 2969.6 s)
pyqz bins: 3880/3881 spectra complete (BINID 15277, 3296.9 s)
pyqz bins: 3881/3881 spectra complete (BINID 15366, 3298.0 s)
pyqz bins: no per-spectrum exceptions
Initialising NebulaBayes (v0.9.9) model...
INFO Initialising NebulaBayes (v0.9.9) model...
Loading input grid data...
INFO Loading input grid data...
Building flux arrays for the model grids...
INFO Building flux arrays for the model grids...
Resampling model emission line flux grids to shape (40, 20, 160) using linear interpolation...
INFO Resampling model emission line flux grids to shape (40, 20, 160) using linear interpolation...
    Interpolating for Hbeta...
INFO     Interpolating for Hbeta...
    Interpolating for OIII5007...
INFO     Interpolating for OIII5007...
    Interpolating for Halpha...
INFO     Interpolating for Halpha...
    Interpolating for NII6583...
INFO     Interpolating for NII6583...
    Interpolating for SII6716...
INFO     Interpolating for SII6716...
    Interpolating for SII6731...
INFO     Interpolating for SII6731...
Interpolated flux grid size is 1.02MB for 1 line and 6.14MB total for all 6 lines
DEBUG Interpolated flux grid size is 1.02MB for 1 line and 6.14MB total for all 6 lines
NebulaBayes 0.9.9: grid=/arc/home/RongjunHuang/.conda/envs/ICRAR/lib/python3.13/site-packages/NebulaBayes/grids/NB_HII_grid.fits.gz; parameters=['log U', 'log P/k', '12 + log O/H']; shape=(40, 20, 160); order=1; grid_error=0.1; norm=Hbeta; deredden=False; prior=Uniform
NebulaBayes bins: 1/3881 spectra complete (BINID 129, 0.1 s)
NebulaBayes bins: 388/3881 spectra complete (BINID 1618, 33.8 s)
NebulaBayes bins: 776/3881 spectra complete (BINID 3137, 59.1 s)
NebulaBayes bins: 1164/3881 spectra complete (BINID 4848, 83.4 s)
NebulaBayes bins: 1552/3881 spectra complete (BINID 7059, 104.6 s)
NebulaBayes bins: 1940/3881 spectra complete (BINID 8389, 124.0 s)
NebulaBayes bins: 2328/3881 spectra complete (BINID 9640, 140.8 s)
NebulaBayes bins: 2716/3881 spectra complete (BINID 10737, 157.0 s)
NebulaBayes bins: 3104/3881 spectra complete (BINID 12587, 173.7 s)
NebulaBayes bins: 3492/3881 spectra complete (BINID 13666, 188.7 s)
NebulaBayes bins: 3880/3881 spectra complete (BINID 15277, 206.4 s)
NebulaBayes bins: 3881/3881 spectra complete (BINID 15366, 206.4 s)
NebulaBayes bins: no per-spectrum exceptions
JY22/Peng2026: raw close-pair ratios=N2,S2,R3; posterior means with marginal equal-tailed p16/p84; full raw-ratio covariance; post-depletion O/H=pre-depletion-0.22; empirical chi2<=25 gross-mismatch cut; not a physical boundary; error inflation=1.0
JY22 grid: /arc/home/RongjunHuang/ICRAR/further/Peng2026/photoionization_models/photoionization_grid_interpolated.fits; sha256=d7a219b60c9a1ea8b29339988c84b1832028b28b3c417d1c3c58b420831eb38a; inference_shape=(200, 200); requested logU=(-4.0, -0.5); retained logU=(-4.0, -0.5); solar O/H=8.69
JY22 bins: 1/3881 spectra complete (BINID 129, 0.0 s)
JY22 bins: 388/3881 spectra complete (BINID 1618, 3.8 s)
JY22 bins: 776/3881 spectra complete (BINID 3137, 7.4 s)
JY22 bins: 1164/3881 spectra complete (BINID 4848, 11.1 s)
JY22 bins: 1552/3881 spectra complete (BINID 7059, 14.9 s)
JY22 bins: 1940/3881 spectra complete (BINID 8389, 18.9 s)
JY22 bins: 2328/3881 spectra complete (BINID 9640, 22.9 s)
JY22 bins: 2716/3881 spectra complete (BINID 10737, 26.9 s)
JY22 bins: 3104/3881 spectra complete (BINID 12587, 30.9 s)
JY22 bins: 3492/3881 spectra complete (BINID 13666, 34.9 s)
JY22 bins: 3880/3881 spectra complete (BINID 15277, 39.1 s)
JY22 bins: 3881/3881 spectra complete (BINID 15366, 39.1 s)
JY22 bins: no per-spectrum exceptions
/tmp/pyqz084-runtime-z0zgsblu/pyqz/pyqz.py:849: RuntimeWarning: invalid value encountered in divide
  gridZ/= peak_val
pyqz integrated HII: no per-spectrum exceptions
pyqz integrated HII: BINID 0 adaptive-local-KDE recovery: non-finite native flag=1234; adaptive local KDE 257x257
/tmp/pyqz084-runtime-z0zgsblu/pyqz/pyqz.py:849: RuntimeWarning: invalid value encountered in divide
  gridZ/= peak_val
pyqz integrated SF: no per-spectrum exceptions
pyqz integrated SF: BINID 1 adaptive-local-KDE recovery: non-finite native flag=1234; adaptive local KDE 257x257
NebulaBayes integrated: no per-spectrum exceptions
JY22 integrated: no per-spectrum exceptions
Integrated HII/SF model-grid results (common six-line raw aperture)
  HII: 19685 pixels, 3460 bins; integrated E(B-V)=0.37832+/-0.00008
    pyqz: O/H=8.42013+/-0.00020; LogQ=6.96628+/-0.00016; logU=-3.51084+/-0.00016; flag=13; off-grid=0.00%; valid=1; method=adaptive-local-KDE recovery (uncertainties: 0.61 KDE contour)
    NebulaBayes means: O/H=8.57624 [8.52812, 8.61276]; logU=-3.26851 [-3.33333, -3.17949]; log(P/k)=6.02500 [5.35789, 6.51579]; sampled modes=(8.59865, -3.28205, 6.28421); reliable=(1, 1, 1); chi2_red=2.5e+05; nlocalmax=1; flag=0; valid=1
    JY22 gas O/H=8.70754 [8.70754, 8.70754]; pre-depletion O/H=8.92754 [8.92754, 8.92754]; logU=-1.44975 [-1.44975, -1.44975]; chi2_min=7.938e+06; residuals(N2,S2,R3)=(0.0457, 0.0233, 0.1171); residual norm=0.1278; fit_ok=0; flag=32; valid=1 (posterior means; marginal equal-tailed p16/p84)
  SF: 21797 pixels, 3881 bins; integrated E(B-V)=0.37716+/-0.00007
    pyqz: O/H=8.41064+/-0.00020; LogQ=6.96665+/-0.00016; logU=-3.51047+/-0.00016; flag=13; off-grid=0.00%; valid=1; method=adaptive-local-KDE recovery (uncertainties: 0.61 KDE contour)
    NebulaBayes means: O/H=8.58059 [8.54223, 8.61276]; logU=-3.25777 [-3.33333, -3.17949]; log(P/k)=6.09895 [5.58947, 6.51579]; sampled modes=(8.59865, -3.28205, 6.28421); reliable=(1, 1, 1); chi2_red=3.414e+05; nlocalmax=1; flag=0; valid=1
    JY22 gas O/H=8.70754 [8.70754, 8.70754]; pre-depletion O/H=8.92754 [8.92754, 8.92754]; logU=-1.44975 [-1.44975, -1.44975]; chi2_min=1.16e+07; residuals(N2,S2,R3)=(0.0503, 0.0308, 0.1404); residual norm=0.1523; fit_ok=0; flag=32; valid=1 (posterior means; marginal equal-tailed p16/p84)
Model covariance note: JY22 uses the full first-order N2/S2/R3 covariance from raw close-pair ratios and shared denominators; pyqz/NebulaBayes independent-error APIs do not represent the analogous shared covariance.
--------------------------------------------------------------
Loaded SII density lookup table: /arc/home/RongjunHuang/ICRAR/further/pyneb_sii_6716_6731_density_lookup_te8000_13000_step1000_ne20_100000_n4096.npz
DEBUG Creating converter from 3 to 5
PyNeb Te-method valid-pixel counts:
  NE_SII finite pixels: 136982
  NE_SII fixed at 20 cm^-3: 53258/136982 (38.9%)
  NE_SII exact high-density fallback pixels: 0
  NE_SII_ALL finite pixels: 266190
  Te(NII) HII pixels: 2771
  Te(NII) SF pixels: 3036
  Brazzini+2024 direct HII pixels: 0
  Brazzini+2024 direct SF pixels: 0
  NII+OII7325 semi-direct HII pixels: 2359
  NII+OII7325 semi-direct SF pixels: 2526
  Kreckel+2025 NII-only HII pixels: 1939
  Kreckel+2025 NII-only SF pixels: 2080
Integrated PyNeb Te-method values:
  SF:
    NE_SII: 28.35 +/- 0.13 cm^-3 (n_pix=21407, fixed20=0, exact_high_density=0)
    Te(NII): 9371.7 +/- 16.3 K (n_pix=3036)
    O_H_BR24_DIRECT: nan dex (n_pix=0)
    O_H_NII_OII7325: 8.2523 +/- 0.0563 dex (n_pix=2526)
    O_H_NII_K25: 8.5648 +/- 0.1993 dex (n_pix=3036)
  HII:
    NE_SII: 28.17 +/- 0.14 cm^-3 (n_pix=19439, fixed20=0, exact_high_density=0)
    Te(NII): 9254.4 +/- 14.1 K (n_pix=2771)
    O_H_BR24_DIRECT: nan dex (n_pix=0)
    O_H_NII_OII7325: 8.2617 +/- 0.0547 dex (n_pix=2359)
    O_H_NII_K25: 8.5787 +/- 0.1982 dex (n_pix=2771)
WARNING: VerifyWarning: Card is too long, comment will be truncated. [astropy.io.fits.card]
WARNING VerifyWarning: Card is too long, comment will be truncated.
Further file written ➜ /arc/projects/mauve/products/v3tk_v7.6.8/NGC4388/NGC4388_gas_bin_maps_further.fits
--------------------------------------------------------------
Total non-nan spaxels: 266190
Number of pixels with Halpha not detected: 60444
Number of pixels with Halpha detected, Hbeta not detected: 71998
Number of pixels with Halpha detected, Hbeta detected, NII not detected, OIII not detected and unclassified1: 257
Number of pixels with Halpha detected, Hbeta detected, NII not detected, OIII detected and unclassified1: 88
Number of pixels with Halpha detected, Hbeta detected, NII detected, OIII not detected and unclassified1: 124
Number of pixels with Halpha detected, Hbeta detected, NII detected, OIII detected and unclassified1: 19923
Number of pixels with Halpha detected, Hbeta detected, SII not detected, OIII not detected and unclassified1: 293
Number of pixels with Halpha detected, Hbeta detected, SII not detected, OIII detected and unclassified1: 889
Number of pixels with Halpha detected, Hbeta detected, SII detected, OIII not detected and unclassified1: 88
Number of pixels with Halpha detected, Hbeta detected, SII detected, OIII detected and unclassified1: 19122
--------------------------------------------------------------
Total Halpha luminosity map sum (detections + upper-limit substitutions): 2.48e+41 erg/s
Total corrected Halpha luminosity from SF region: 1.12e+41 erg/s
Total Halpha SFR map sum (detections + upper-limit substitutions): 1.24 M☉/yr or in log10 scale: 0.09 log(M☉/yr)
Total Halpha SFR from SF region: 0.56 M☉/yr or in log10 scale: -0.25 log(M☉/yr)
Total Halpha SFR from HII region: 0.52 M☉/yr or in log10 scale: -0.28 log(M☉/yr)
--------------------------------------------------------------
[O/H] D16 SF: Total metallicity in SF region:  8.600615802353833
[O/H] PG16 SF: Total metallicity in SF region:  8.494668202040506
[O/H] N2S2-N06 SF: Total metallicity in SF region:  8.925562609882185
[O/H] O3N2-M13 SF: Total metallicity in SF region:  8.464038608112602
[O/H] N2-M13 SF: Total metallicity in SF region:  8.521720069242942
[O/H] O3N2-PP04 SF: Total metallicity in SF region:  8.626880161663706
[O/H] N2-PP04 SF: Total metallicity in SF region:  8.651597744600195
[O/H] O3N2-C20 SF: Total metallicity in SF region:  8.681307266932999
[O/H] O3S2-C20 SF: Total metallicity in SF region:  8.77181021461109
[O/H] RS32-C20 SF: Total metallicity in SF region:  8.65746477706055
[O/H] R3-C20 SF: Total metallicity in SF region:  8.654868822202724
[O/H] N2-C20 SF: Total metallicity in SF region:  8.696712352743232
[O/H] S2-C20 SF: Total metallicity in SF region:  nan
[O/H] Combined-C20 SF: Total metallicity in SF region:  8.68115586918858 (weighted 5 methods; dominant R3)
--------------------------------------------------------------
[O/H] D16 HII: Total metallicity in HII region:  8.602361688192627
[O/H] PG16 HII: Total metallicity in HII region:  8.492970482169191
[O/H] N2S2-N06 HII: Total metallicity in HII region:  8.92839766325252
[O/H] O3N2-M13 HII: Total metallicity in HII region:  8.468052758288326
[O/H] N2-M13 HII: Total metallicity in HII region:  8.51957869593111
[O/H] O3N2-PP04 HII: Total metallicity in HII region:  8.63288262921619
[O/H] N2-PP04 HII: Total metallicity in HII region:  8.646779451149795
[O/H] O3N2-C20 HII: Total metallicity in HII region:  8.685269140845396
[O/H] O3S2-C20 HII: Total metallicity in HII region:  8.775159754291952
[O/H] RS32-C20 HII: Total metallicity in HII region:  8.66481947999058
[O/H] R3-C20 HII: Total metallicity in HII region:  8.66190469046027
[O/H] N2-C20 HII: Total metallicity in HII region:  8.693593744078845
[O/H] S2-C20 HII: Total metallicity in HII region:  8.622961185528638
[O/H] Combined-C20 HII: Total metallicity in HII region:  8.667254665398278 (weighted 6 methods; dominant S2)
--------------------------------------------------------------
[O/H] D16: Total metallicity in total region:  8.60376307962687
[O/H] PG16: Total metallicity in total region:  8.58668309242117
[O/H] N2S2-N06: Total metallicity in total region:  8.897156764056053
[O/H] O3N2-M13: Total metallicity in total region:  8.332631206847301
[O/H] N2-M13: Total metallicity in total region:  8.578178027386052
[O/H] O3N2-PP04: Total metallicity in total region:  8.430383113042696
[O/H] N2-PP04: Total metallicity in total region:  8.791619781961037
[O/H] O3N2-C20: Total metallicity in total region:  8.542058370219001
[O/H] O3S2-C20: Total metallicity in total region:  8.637863853931945
[O/H] RS32-C20: Total metallicity in total region:  8.304245175944095
[O/H] R3-C20: Total metallicity in total region:  8.330900237647366
[O/H] N2-C20: Total metallicity in total region:  8.805828968403592
[O/H] S2-C20: Total metallicity in total region:  nan
[O/H] Combined-C20: Total metallicity in total region:  8.473098896355975 (weighted 5 methods; dominant R3)
--------------------------------------------------------------
Total runtime: 4294.2 s
✅  NGC4388 finished in 77m39s
