Python executable: /arc/home/RongjunHuang/.conda/envs/ICRAR/bin/python
Python 3.13.3
PYTHONUNBUFFERED: 1
Product root     : /arc/projects/mauve/products
Product subdir   : v3tk_v7.6.8
Local fallback   : /arc/home/RongjunHuang/ICRAR/further

Shared input keyword ➜ <none>
Reading gas-line FITS ➜ /arc/projects/mauve/products/v3tk_v7.6.8/NGC4222/NGC4222_gas_bin_maps.fits
Matched binning FITS ➜ /arc/projects/mauve/products/v3tk_v7.6.8/NGC4222/NGC4222_spatial_binning_maps_further.fits
Spatial mask FITS ➜ /arc/projects/mauve/products/v3tk_v7.6.8/NGC4222/NGC4222_mask.fits
Gas-line maps collapsed onto spatial BINID: 1620 bins
Available gas-line flux/error pairs:
  - HB4861
  - OIII4958
  - OIII5006
  - NII5754
  - OI6300
  - SIII6312
  - OI6363
  - NII6548
  - HA6562
  - NII6583
  - SII6716
  - SII6730
  - OII7318
  - OII7319
  - OII7329
  - OII7330
Te-method optional emission-line availability:
  - OIII4958: available
  - NII5754: available
  - SIII6312: available
  - NII6548: available
  - OII7318: available
  - OII7319: available
  - OII7329: available
  - OII7330: available
  - SIII9068: missing
Spatial mask applied: MASKFILE[MASK] table; row-major MASK == 0; keep=260027, masked=405693, finite H-alpha after mask=260027
--------------------------------------------------------------
Extinction law for k(λ)=A(λ)/E(B−V): calzetti
k(Hβ 4861Å)  = 4.5981   at λ=0.4861 µm
k(Hα 6562Å)  = 3.3264   at λ=0.6562 µm
k([OIII]5006)= 4.4647   at λ=0.5006 µm
k([NII]6583) = 3.3130   at λ=0.6583 µm
k([SII]6716) = 3.2298   at λ=0.6716 µm
k([SII]6730) = 3.2212   at λ=0.6730 µm
k(OIII4958) = 4.5083   at λ=0.4958 µm
k(NII5754) = 3.8531   at λ=0.5755 µm
k(OI6300) = 3.5017   at λ=0.6300 µm
k(SIII6312) = 3.4934   at λ=0.6312 µm
k(OI6363) = 3.4582   at λ=0.6363 µm
k(NII6548) = 3.3355   at λ=0.6548 µm
k(OII7318) = 2.8906   at λ=0.7319 µm
k(OII7319) = 2.8901   at λ=0.7320 µm
k(OII7329) = 2.8854   at λ=0.7329 µm
k(OII7330) = 2.8844   at λ=0.7331 µm
k(SIII9068) = 2.1615   at λ=0.9069 µm (line missing; NaN placeholder)
--------------------------------------------------------------
/arc/home/RongjunHuang/ICRAR/further/SFR+Z.py:2103: RuntimeWarning: invalid value encountered in divide
  y = np.log10(NII6583_FLUX_corr / (SII6716_FLUX_corr + SII6730_FLUX_corr)) + 0.264*np.log10(NII6583_FLUX_corr / HA6562_FLUX_corr)
/arc/home/RongjunHuang/ICRAR/further/SFR+Z.py:2103: RuntimeWarning: divide by zero encountered in log10
  y = np.log10(NII6583_FLUX_corr / (SII6716_FLUX_corr + SII6730_FLUX_corr)) + 0.264*np.log10(NII6583_FLUX_corr / HA6562_FLUX_corr)
/arc/home/RongjunHuang/ICRAR/further/SFR+Z.py:2118: RuntimeWarning: invalid value encountered in divide
  log_R3_S2 = np.log10(R3/S2)
/arc/home/RongjunHuang/ICRAR/further/SFR+Z.py:2118: RuntimeWarning: divide by zero encountered in log10
  log_R3_S2 = np.log10(R3/S2)
/arc/home/RongjunHuang/ICRAR/further/SFR+Z.py:2119: RuntimeWarning: divide by zero encountered in log10
  log_N2 = np.log10(N2)
/arc/home/RongjunHuang/ICRAR/further/SFR+Z.py:2120: RuntimeWarning: divide by zero encountered in log10
  log_S2 = np.log10(S2)
/arc/home/RongjunHuang/ICRAR/further/SFR+Z.py:2146: RuntimeWarning: invalid value encountered in add
  O_H_PG16[lower_mask] = (a1_lower + a2_lower * log_R3_S2[lower_mask] + a3_lower * log_N2[lower_mask] +
/arc/home/RongjunHuang/ICRAR/further/SFR+Z.py:2168: RuntimeWarning: invalid value encountered in divide
  n2s2_ratio = np.log10(nii6583_flux / sii_total)
/arc/home/RongjunHuang/ICRAR/further/SFR+Z.py:2168: RuntimeWarning: divide by zero encountered in log10
  n2s2_ratio = np.log10(nii6583_flux / sii_total)
/arc/home/RongjunHuang/ICRAR/further/SFR+Z.py:2215: RuntimeWarning: divide by zero encountered in divide
  o3n2_ratio = np.log10(oiii_hb / nii_ha)
/arc/home/RongjunHuang/ICRAR/further/SFR+Z.py:2215: RuntimeWarning: invalid value encountered in divide
  o3n2_ratio = np.log10(oiii_hb / nii_ha)
/arc/home/RongjunHuang/ICRAR/further/SFR+Z.py:2215: RuntimeWarning: divide by zero encountered in log10
  o3n2_ratio = np.log10(oiii_hb / nii_ha)
/arc/home/RongjunHuang/ICRAR/further/SFR+Z.py:2237: RuntimeWarning: divide by zero encountered in log10
  n2_ratio = np.log10(nii6583_flux / ha6562_flux)
/arc/home/RongjunHuang/ICRAR/further/SFR+Z.py:2262: RuntimeWarning: divide by zero encountered in divide
  o3n2_ratio = np.log10(oiii_hb / nii_ha)
/arc/home/RongjunHuang/ICRAR/further/SFR+Z.py:2262: RuntimeWarning: invalid value encountered in divide
  o3n2_ratio = np.log10(oiii_hb / nii_ha)
/arc/home/RongjunHuang/ICRAR/further/SFR+Z.py:2262: RuntimeWarning: divide by zero encountered in log10
  o3n2_ratio = np.log10(oiii_hb / nii_ha)
/arc/home/RongjunHuang/ICRAR/further/SFR+Z.py:2284: RuntimeWarning: divide by zero encountered in log10
  n2_ratio = np.log10(nii6583_flux / ha6562_flux)
/arc/home/RongjunHuang/ICRAR/further/SFR+Z.py:2321: RuntimeWarning: divide by zero encountered in divide
  o3n2_ratio = np.log10(oiii_hb / nii_ha)
/arc/home/RongjunHuang/ICRAR/further/SFR+Z.py:2321: RuntimeWarning: invalid value encountered in divide
  o3n2_ratio = np.log10(oiii_hb / nii_ha)
/arc/home/RongjunHuang/ICRAR/further/SFR+Z.py:2321: RuntimeWarning: divide by zero encountered in log10
  o3n2_ratio = np.log10(oiii_hb / nii_ha)
/arc/home/RongjunHuang/ICRAR/further/SFR+Z.py:2427: RuntimeWarning: invalid value encountered in divide
  o3s2_ratio = np.log10(oiii_hb / sii_hb)
/arc/home/RongjunHuang/ICRAR/further/SFR+Z.py:2427: RuntimeWarning: divide by zero encountered in log10
  o3s2_ratio = np.log10(oiii_hb / sii_hb)
Calculating all 6 C20 metallicities for NGC4222...
Combined C20 metallicity: median = 8.713, range = (8.480, 8.980)
Combined C20 dominant-weight method usage: O3N2=0, O3S2=0, RS32=11998, R3=216275, N2=0, S2=7554
Galaxy NGC4222 inclination: 90.0° (cos θ = 0.000)
Inclination correction ENABLED: applying b/a = 0.200 (adopting intrinsic thickness q₀ = 0.2 for disc galaxy)
/arc/home/RongjunHuang/ICRAR/further/SFR+Z.py:3135: RuntimeWarning: divide by zero encountered in log10
  logN2  = np.log10(NII6583_FLUX_corr / HA6562_FLUX_corr)        # [N II]/Hα
/arc/home/RongjunHuang/ICRAR/further/SFR+Z.py:3136: RuntimeWarning: divide by zero encountered in log10
  logS2  = np.log10((SII6716_FLUX_corr+SII6730_FLUX_corr) / HA6562_FLUX_corr)   # Σ[S II]/Hα
/arc/home/RongjunHuang/ICRAR/further/SFR+Z.py:3137: RuntimeWarning: divide by zero encountered in log10
  logO3  = np.log10(OIII5006_FLUX_corr / HB4861_FLUX_corr)       # [O III]/Hβ
/arc/home/RongjunHuang/ICRAR/further/SFR+Z.py:3223: RuntimeWarning: invalid value encountered in add
  mask_N2_right, mask_S2_right = apply_bpt_masks(logN2=logN2+logN2_err, logS2=logS2+logS2_err, logO3=logO3)
/arc/home/RongjunHuang/ICRAR/further/SFR+Z.py:3225: RuntimeWarning: invalid value encountered in add
  mask_N2_up, mask_S2_up = apply_bpt_masks(logN2=logN2, logS2=logS2, logO3=logO3+logO3_err)
--------------------------------------------------------------
HII-region model-grid inference
pyqz/NebulaBayes six-line corrected-input aperture: 44054 pixels in 1276 unique spatial bins; no extra S/N cut
JY22 six-line raw-input aperture: 44054 pixels in 1276 unique spatial bins; no extra S/N cut
Python interpreter: /arc/home/RongjunHuang/.conda/envs/ICRAR/bin/python
pyqz/NebulaBayes compatibility layer: model_grid_compat.py
pyqz 0.8.4.0: diagnostic=[NII]/[SII]+;[OIII]/[SII]+; Pk=5.0; struct=pp; kappa=inf; sampling=2; srs=800; KDE=multiv; seed=20260823; nproc=1
pyqz runtime overlay: /tmp/pyqz084-runtime-78bvfcsd/pyqz/__init__.py
pyqz grid identity: MAPPINGS V HII Region Grid: QZ pp_GCZO_Pk50_kinf
pyqz bins: 1/1276 spectra complete (BINID 0, 0.5 s)
pyqz bins: 127/1276 spectra complete (BINID 183, 111.4 s)
pyqz bins: 254/1276 spectra complete (BINID 314, 229.9 s)
pyqz bins: 381/1276 spectra complete (BINID 451, 345.4 s)
pyqz bins: 508/1276 spectra complete (BINID 621, 461.0 s)
pyqz bins: 635/1276 spectra complete (BINID 785, 574.9 s)
pyqz bins: 762/1276 spectra complete (BINID 945, 686.9 s)
pyqz bins: 889/1276 spectra complete (BINID 1094, 797.3 s)
pyqz bins: 1016/1276 spectra complete (BINID 1242, 907.5 s)
pyqz bins: 1143/1276 spectra complete (BINID 1404, 1016.0 s)
pyqz bins: 1270/1276 spectra complete (BINID 1606, 1118.0 s)
pyqz bins: 1276/1276 spectra complete (BINID 1616, 1122.8 s)
pyqz bins: no per-spectrum exceptions
Initialising NebulaBayes (v0.9.9) model...
INFO Initialising NebulaBayes (v0.9.9) model...
Loading input grid data...
INFO Loading input grid data...
Building flux arrays for the model grids...
INFO Building flux arrays for the model grids...
Resampling model emission line flux grids to shape (40, 20, 160) using linear interpolation...
INFO Resampling model emission line flux grids to shape (40, 20, 160) using linear interpolation...
    Interpolating for Hbeta...
INFO     Interpolating for Hbeta...
    Interpolating for OIII5007...
INFO     Interpolating for OIII5007...
    Interpolating for Halpha...
INFO     Interpolating for Halpha...
    Interpolating for NII6583...
INFO     Interpolating for NII6583...
    Interpolating for SII6716...
INFO     Interpolating for SII6716...
    Interpolating for SII6731...
INFO     Interpolating for SII6731...
Interpolated flux grid size is 1.02MB for 1 line and 6.14MB total for all 6 lines
DEBUG Interpolated flux grid size is 1.02MB for 1 line and 6.14MB total for all 6 lines
NebulaBayes 0.9.9: grid=/arc/home/RongjunHuang/.conda/envs/ICRAR/lib/python3.13/site-packages/NebulaBayes/grids/NB_HII_grid.fits.gz; parameters=['log U', 'log P/k', '12 + log O/H']; shape=(40, 20, 160); order=1; grid_error=0.1; norm=Hbeta; deredden=False; prior=Uniform
NebulaBayes bins: 1/1276 spectra complete (BINID 0, 0.1 s)
NebulaBayes bins: 127/1276 spectra complete (BINID 183, 9.8 s)
NebulaBayes bins: 254/1276 spectra complete (BINID 314, 19.3 s)
NebulaBayes bins: 381/1276 spectra complete (BINID 451, 28.1 s)
NebulaBayes bins: 508/1276 spectra complete (BINID 621, 40.5 s)
NebulaBayes bins: 635/1276 spectra complete (BINID 785, 50.1 s)
NebulaBayes bins: 762/1276 spectra complete (BINID 945, 59.4 s)
NebulaBayes bins: 889/1276 spectra complete (BINID 1094, 68.6 s)
NebulaBayes bins: 1016/1276 spectra complete (BINID 1242, 78.1 s)
NebulaBayes bins: 1143/1276 spectra complete (BINID 1404, 87.3 s)
NebulaBayes bins: 1270/1276 spectra complete (BINID 1606, 96.3 s)
NebulaBayes bins: 1276/1276 spectra complete (BINID 1616, 96.8 s)
NebulaBayes bins: no per-spectrum exceptions
JY22/Peng2026: raw close-pair ratios=N2,S2,R3; posterior means with marginal equal-tailed p16/p84; full raw-ratio covariance; post-depletion O/H=pre-depletion-0.22; empirical chi2<=25 gross-mismatch cut; not a physical boundary; error inflation=1.0
JY22 grid: /arc/home/RongjunHuang/ICRAR/further/Peng2026/photoionization_models/photoionization_grid_interpolated.fits; sha256=d7a219b60c9a1ea8b29339988c84b1832028b28b3c417d1c3c58b420831eb38a; inference_shape=(200, 200); requested logU=(-4.0, -0.5); retained logU=(-4.0, -0.5); solar O/H=8.69
JY22 bins: 1/1276 spectra complete (BINID 0, 0.0 s)
JY22 bins: 127/1276 spectra complete (BINID 183, 1.5 s)
JY22 bins: 254/1276 spectra complete (BINID 314, 2.9 s)
JY22 bins: 381/1276 spectra complete (BINID 451, 4.4 s)
JY22 bins: 508/1276 spectra complete (BINID 621, 5.9 s)
JY22 bins: 635/1276 spectra complete (BINID 785, 7.4 s)
JY22 bins: 762/1276 spectra complete (BINID 945, 8.8 s)
JY22 bins: 889/1276 spectra complete (BINID 1094, 10.2 s)
JY22 bins: 1016/1276 spectra complete (BINID 1242, 11.6 s)
JY22 bins: 1143/1276 spectra complete (BINID 1404, 13.1 s)
JY22 bins: 1270/1276 spectra complete (BINID 1606, 14.6 s)
JY22 bins: 1276/1276 spectra complete (BINID 1616, 14.6 s)
JY22 bins: no per-spectrum exceptions
/tmp/pyqz084-runtime-78bvfcsd/pyqz/pyqz.py:849: RuntimeWarning: invalid value encountered in divide
  gridZ/= peak_val
pyqz integrated HII: no per-spectrum exceptions
pyqz integrated HII: BINID 0 adaptive-local-KDE recovery: non-finite native flag=1234; adaptive local KDE 257x257
/tmp/pyqz084-runtime-78bvfcsd/pyqz/pyqz.py:849: RuntimeWarning: invalid value encountered in divide
  gridZ/= peak_val
pyqz integrated SF: no per-spectrum exceptions
pyqz integrated SF: BINID 1 adaptive-local-KDE recovery: non-finite native flag=1234; adaptive local KDE 257x257
NebulaBayes integrated: no per-spectrum exceptions
JY22 integrated: no per-spectrum exceptions
Integrated HII/SF model-grid results (common six-line raw aperture)
  HII: 44054 pixels, 1276 bins; integrated E(B-V)=0.38511+/-0.00008
    pyqz: O/H=8.04211+/-0.00027; LogQ=6.78920+/-0.00009; logU=-3.68792+/-0.00009; flag=13; off-grid=0.00%; valid=1; method=adaptive-local-KDE recovery (uncertainties: 0.61 KDE contour)
    NebulaBayes means: O/H=8.54358 [8.51401, 8.58455]; logU=-3.34534 [-3.38462, -3.28205]; log(P/k)=6.01972 [5.58947, 6.51579]; sampled modes=(8.55633, -3.33333, 6.28421); reliable=(1, 1, 1); chi2_red=6.911e+05; nlocalmax=1; flag=0; valid=1
    JY22 gas O/H=8.56273 [8.56273, 8.56273]; pre-depletion O/H=8.78273 [8.78273, 8.78273]; logU=-1.90704 [-1.90704, -1.90704]; chi2_min=5.543e+05; residuals(N2,S2,R3)=(-0.0166, -0.0018, -0.0322); residual norm=0.0363; fit_ok=0; flag=32; valid=1 (posterior means; marginal equal-tailed p16/p84)
  SF: 44054 pixels, 1276 bins; integrated E(B-V)=0.38511+/-0.00008
    pyqz: O/H=8.04211+/-0.00027; LogQ=6.78920+/-0.00009; logU=-3.68792+/-0.00009; flag=13; off-grid=0.00%; valid=1; method=adaptive-local-KDE recovery (uncertainties: 0.61 KDE contour)
    NebulaBayes means: O/H=8.54358 [8.51401, 8.58455]; logU=-3.34534 [-3.38462, -3.28205]; log(P/k)=6.01972 [5.58947, 6.51579]; sampled modes=(8.55633, -3.33333, 6.28421); reliable=(1, 1, 1); chi2_red=6.911e+05; nlocalmax=1; flag=0; valid=1
    JY22 gas O/H=8.56273 [8.56273, 8.56273]; pre-depletion O/H=8.78273 [8.78273, 8.78273]; logU=-1.90704 [-1.90704, -1.90704]; chi2_min=5.543e+05; residuals(N2,S2,R3)=(-0.0166, -0.0018, -0.0322); residual norm=0.0363; fit_ok=0; flag=32; valid=1 (posterior means; marginal equal-tailed p16/p84)
Model covariance note: JY22 uses the full first-order N2/S2/R3 covariance from raw close-pair ratios and shared denominators; pyqz/NebulaBayes independent-error APIs do not represent the analogous shared covariance.
--------------------------------------------------------------
Loaded SII density lookup table: /arc/home/RongjunHuang/ICRAR/further/pyneb_sii_6716_6731_density_lookup_te8000_13000_step1000_ne20_100000_n4096.npz
DEBUG Creating converter from 3 to 5
PyNeb Te-method valid-pixel counts:
  NE_SII finite pixels: 66190
  NE_SII fixed at 20 cm^-3: 28619/66190 (43.2%)
  NE_SII exact high-density fallback pixels: 0
  NE_SII_ALL finite pixels: 260027
  Te(NII) HII pixels: 38
  Te(NII) SF pixels: 38
  Brazzini+2024 direct HII pixels: 0
  Brazzini+2024 direct SF pixels: 0
  NII+OII7325 semi-direct HII pixels: 29
  NII+OII7325 semi-direct SF pixels: 29
  Kreckel+2025 NII-only HII pixels: 18
  Kreckel+2025 NII-only SF pixels: 18
Integrated PyNeb Te-method values:
  SF:
    NE_SII: 20.00 +/- 0.00 cm^-3 (n_pix=39448, fixed20=0, exact_high_density=0)
    Te(NII): 12664.3 +/- 156.9 K (n_pix=45)
    O_H_BR24_DIRECT: nan dex (n_pix=0)
    O_H_NII_OII7325: 7.9832 +/- 0.0643 dex (n_pix=29)
    O_H_NII_K25: 8.1729 +/- 0.2330 dex (n_pix=45)
  HII:
    NE_SII: 20.00 +/- 0.00 cm^-3 (n_pix=39448, fixed20=0, exact_high_density=0)
    Te(NII): 12664.3 +/- 156.9 K (n_pix=45)
    O_H_BR24_DIRECT: nan dex (n_pix=0)
    O_H_NII_OII7325: 7.9832 +/- 0.0643 dex (n_pix=29)
    O_H_NII_K25: 8.1729 +/- 0.2330 dex (n_pix=45)
WARNING: VerifyWarning: Card is too long, comment will be truncated. [astropy.io.fits.card]
WARNING VerifyWarning: Card is too long, comment will be truncated.
Further file written ➜ /arc/projects/mauve/products/v3tk_v7.6.8/NGC4222/NGC4222_gas_bin_maps_further.fits
--------------------------------------------------------------
Total non-nan spaxels: 260027
Number of pixels with Halpha not detected: 142995
Number of pixels with Halpha detected, Hbeta not detected: 46829
Number of pixels with Halpha detected, Hbeta detected, NII not detected, OIII not detected and unclassified1: 0
Number of pixels with Halpha detected, Hbeta detected, NII not detected, OIII detected and unclassified1: 0
Number of pixels with Halpha detected, Hbeta detected, NII detected, OIII not detected and unclassified1: 0
Number of pixels with Halpha detected, Hbeta detected, NII detected, OIII detected and unclassified1: 0
Number of pixels with Halpha detected, Hbeta detected, SII not detected, OIII not detected and unclassified1: 0
Number of pixels with Halpha detected, Hbeta detected, SII not detected, OIII detected and unclassified1: 0
Number of pixels with Halpha detected, Hbeta detected, SII detected, OIII not detected and unclassified1: 0
Number of pixels with Halpha detected, Hbeta detected, SII detected, OIII detected and unclassified1: 0
--------------------------------------------------------------
Total Halpha luminosity map sum (detections + upper-limit substitutions): 3.58e+40 erg/s
Total corrected Halpha luminosity from SF region: 3.24e+40 erg/s
Total Halpha SFR map sum (detections + upper-limit substitutions): 0.18 M☉/yr or in log10 scale: -0.75 log(M☉/yr)
Total Halpha SFR from SF region: 0.16 M☉/yr or in log10 scale: -0.79 log(M☉/yr)
Total Halpha SFR from HII region: 0.16 M☉/yr or in log10 scale: -0.79 log(M☉/yr)
--------------------------------------------------------------
[O/H] D16 SF: Total metallicity in SF region:  8.345021046285186
[O/H] PG16 SF: Total metallicity in SF region:  8.35267338692014
[O/H] N2S2-N06 SF: Total metallicity in SF region:  8.67725998576401
[O/H] O3N2-M13 SF: Total metallicity in SF region:  8.442736811604341
[O/H] N2-M13 SF: Total metallicity in SF region:  8.456911836983185
[O/H] O3N2-PP04 SF: Total metallicity in SF region:  8.595027008006493
[O/H] N2-PP04 SF: Total metallicity in SF region:  8.520116558306151
[O/H] O3N2-C20 SF: Total metallicity in SF region:  8.660025534798937
[O/H] O3S2-C20 SF: Total metallicity in SF region:  8.796765810348992
[O/H] RS32-C20 SF: Total metallicity in SF region:  8.655792253826462
[O/H] R3-C20 SF: Total metallicity in SF region:  8.667054966309387
[O/H] N2-C20 SF: Total metallicity in SF region:  8.612499248283942
[O/H] S2-C20 SF: Total metallicity in SF region:  nan
[O/H] Combined-C20 SF: Total metallicity in SF region:  8.671011412662182 (weighted 5 methods; dominant R3)
--------------------------------------------------------------
[O/H] D16 HII: Total metallicity in HII region:  8.345021046285186
[O/H] PG16 HII: Total metallicity in HII region:  8.35267338692014
[O/H] N2S2-N06 HII: Total metallicity in HII region:  8.67725998576401
[O/H] O3N2-M13 HII: Total metallicity in HII region:  8.442736811604341
[O/H] N2-M13 HII: Total metallicity in HII region:  8.456911836983185
[O/H] O3N2-PP04 HII: Total metallicity in HII region:  8.595027008006493
[O/H] N2-PP04 HII: Total metallicity in HII region:  8.520116558306151
[O/H] O3N2-C20 HII: Total metallicity in HII region:  8.660025534798937
[O/H] O3S2-C20 HII: Total metallicity in HII region:  8.796765810348992
[O/H] RS32-C20 HII: Total metallicity in HII region:  8.655792253826462
[O/H] R3-C20 HII: Total metallicity in HII region:  8.667054966309387
[O/H] N2-C20 HII: Total metallicity in HII region:  8.612499248283942
[O/H] S2-C20 HII: Total metallicity in HII region:  nan
[O/H] Combined-C20 HII: Total metallicity in HII region:  8.671011412662182 (weighted 5 methods; dominant R3)
--------------------------------------------------------------
[O/H] D16: Total metallicity in total region:  8.31040203206596
[O/H] PG16: Total metallicity in total region:  8.342777971496979
[O/H] N2S2-N06: Total metallicity in total region:  8.61705786638851
[O/H] O3N2-M13: Total metallicity in total region:  8.451654325279222
[O/H] N2-M13: Total metallicity in total region:  8.469322474057495
[O/H] O3N2-PP04: Total metallicity in total region:  8.608361607894164
[O/H] N2-PP04: Total metallicity in total region:  8.543104337977919
[O/H] O3N2-C20: Total metallicity in total region:  8.668988187008274
[O/H] O3S2-C20: Total metallicity in total region:  8.813869326849407
[O/H] RS32-C20: Total metallicity in total region:  8.646928817986012
[O/H] R3-C20: Total metallicity in total region:  8.671408869087447
[O/H] N2-C20: Total metallicity in total region:  8.627452047751671
[O/H] S2-C20: Total metallicity in total region:  nan
[O/H] Combined-C20: Total metallicity in total region:  8.676291661353186 (weighted 5 methods; dominant R3)
--------------------------------------------------------------
Total runtime: 1633.7 s
✅  NGC4222 finished in 33m19s
