Python executable: /arc/home/RongjunHuang/.conda/envs/ICRAR/bin/python
Python 3.13.3
PYTHONUNBUFFERED: 1
Product root     : /arc/projects/mauve/products
Product subdir   : v3tk_v7.6.8
Local fallback   : /arc/home/RongjunHuang/ICRAR/further

Shared input keyword ➜ <none>
Reading gas-line FITS ➜ /arc/projects/mauve/products/v3tk_v7.6.8/NGC4698/NGC4698_gas_bin_maps.fits
Matched binning FITS ➜ /arc/projects/mauve/products/v3tk_v7.6.8/NGC4698/NGC4698_spatial_binning_maps_further.fits
Spatial mask FITS ➜ /arc/projects/mauve/products/v3tk_v7.6.8/NGC4698/NGC4698_mask.fits
Gas-line maps collapsed onto spatial BINID: 23887 bins
Available gas-line flux/error pairs:
  - HB4861
  - OIII4958
  - OIII5006
  - NII5754
  - OI6300
  - SIII6312
  - OI6363
  - NII6548
  - HA6562
  - NII6583
  - SII6716
  - SII6730
  - OII7318
  - OII7319
  - OII7329
  - OII7330
Te-method optional emission-line availability:
  - OIII4958: available
  - NII5754: available
  - SIII6312: available
  - NII6548: available
  - OII7318: available
  - OII7319: available
  - OII7329: available
  - OII7330: available
  - SIII9068: missing
Spatial mask applied: MASKFILE[MASK] table; row-major MASK == 0; keep=352550, masked=370362, finite H-alpha after mask=352550
/arc/home/RongjunHuang/ICRAR/further/SFR+Z.py:1198: RuntimeWarning: divide by zero encountered in divide
  BD = HA6562_FLUX / HB4861_FLUX
--------------------------------------------------------------
Extinction law for k(λ)=A(λ)/E(B−V): calzetti
k(Hβ 4861Å)  = 4.5981   at λ=0.4861 µm
k(Hα 6562Å)  = 3.3264   at λ=0.6562 µm
k([OIII]5006)= 4.4647   at λ=0.5006 µm
k([NII]6583) = 3.3130   at λ=0.6583 µm
k([SII]6716) = 3.2298   at λ=0.6716 µm
k([SII]6730) = 3.2212   at λ=0.6730 µm
k(OIII4958) = 4.5083   at λ=0.4958 µm
k(NII5754) = 3.8531   at λ=0.5755 µm
k(OI6300) = 3.5017   at λ=0.6300 µm
k(SIII6312) = 3.4934   at λ=0.6312 µm
k(OI6363) = 3.4582   at λ=0.6363 µm
k(NII6548) = 3.3355   at λ=0.6548 µm
k(OII7318) = 2.8906   at λ=0.7319 µm
k(OII7319) = 2.8901   at λ=0.7320 µm
k(OII7329) = 2.8854   at λ=0.7329 µm
k(OII7330) = 2.8844   at λ=0.7331 µm
k(SIII9068) = 2.1615   at λ=0.9069 µm (line missing; NaN placeholder)
--------------------------------------------------------------
/arc/home/RongjunHuang/ICRAR/further/SFR+Z.py:2078: RuntimeWarning: divide by zero encountered in divide
  y = np.log10(NII6583_FLUX_corr / (SII6716_FLUX_corr + SII6730_FLUX_corr)) + 0.264*np.log10(NII6583_FLUX_corr / HA6562_FLUX_corr)
/arc/home/RongjunHuang/ICRAR/further/SFR+Z.py:2089: RuntimeWarning: divide by zero encountered in divide
  N2 = NII_scaled / HB4861_FLUX_corr   # N2 = I([N II]λ6548 + λ6584)/I(Hβ)
/arc/home/RongjunHuang/ICRAR/further/SFR+Z.py:2090: RuntimeWarning: divide by zero encountered in divide
  S2 = (SII6716_FLUX_corr + SII6730_FLUX_corr) / HB4861_FLUX_corr  # S2 = I([S II]λ6717 + λ6731)/I(Hβ)
/arc/home/RongjunHuang/ICRAR/further/SFR+Z.py:2090: RuntimeWarning: invalid value encountered in divide
  S2 = (SII6716_FLUX_corr + SII6730_FLUX_corr) / HB4861_FLUX_corr  # S2 = I([S II]λ6717 + λ6731)/I(Hβ)
/arc/home/RongjunHuang/ICRAR/further/SFR+Z.py:2091: RuntimeWarning: divide by zero encountered in divide
  R3 = OIII_scaled / HB4861_FLUX_corr  # R3 = I([O III]λ4959 + λ5007)/I(Hβ) (same value as R2 in this case)
/arc/home/RongjunHuang/ICRAR/further/SFR+Z.py:2093: RuntimeWarning: divide by zero encountered in divide
  log_R3_S2 = np.log10(R3/S2)
/arc/home/RongjunHuang/ICRAR/further/SFR+Z.py:2093: RuntimeWarning: invalid value encountered in divide
  log_R3_S2 = np.log10(R3/S2)
/arc/home/RongjunHuang/ICRAR/further/SFR+Z.py:2093: RuntimeWarning: divide by zero encountered in log10
  log_R3_S2 = np.log10(R3/S2)
/arc/home/RongjunHuang/ICRAR/further/SFR+Z.py:2095: RuntimeWarning: divide by zero encountered in log10
  log_S2 = np.log10(S2)
/arc/home/RongjunHuang/ICRAR/further/SFR+Z.py:2118: RuntimeWarning: invalid value encountered in add
  O_H_PG16[upper_mask] = (a1_upper + a2_upper * log_R3_S2[upper_mask] + a3_upper * log_N2[upper_mask] +
/arc/home/RongjunHuang/ICRAR/further/SFR+Z.py:2143: RuntimeWarning: divide by zero encountered in divide
  n2s2_ratio = np.log10(nii6583_flux / sii_total)
/arc/home/RongjunHuang/ICRAR/further/SFR+Z.py:2188: RuntimeWarning: divide by zero encountered in divide
  oiii_hb = oiii5006_flux / hb4861_flux
/arc/home/RongjunHuang/ICRAR/further/SFR+Z.py:2190: RuntimeWarning: divide by zero encountered in log10
  o3n2_ratio = np.log10(oiii_hb / nii_ha)
/arc/home/RongjunHuang/ICRAR/further/SFR+Z.py:2235: RuntimeWarning: divide by zero encountered in divide
  oiii_hb = oiii5006_flux / hb4861_flux
/arc/home/RongjunHuang/ICRAR/further/SFR+Z.py:2237: RuntimeWarning: divide by zero encountered in log10
  o3n2_ratio = np.log10(oiii_hb / nii_ha)
/arc/home/RongjunHuang/ICRAR/further/SFR+Z.py:2294: RuntimeWarning: divide by zero encountered in divide
  oiii_hb = oiii5006_flux / hb4861_flux
/arc/home/RongjunHuang/ICRAR/further/SFR+Z.py:2296: RuntimeWarning: divide by zero encountered in log10
  o3n2_ratio = np.log10(oiii_hb / nii_ha)
/arc/home/RongjunHuang/ICRAR/further/SFR+Z.py:2396: RuntimeWarning: divide by zero encountered in divide
  oiii_hb = oiii5006_flux / hb4861_flux
/arc/home/RongjunHuang/ICRAR/further/SFR+Z.py:2399: RuntimeWarning: divide by zero encountered in divide
  sii_hb = sii_total / hb4861_flux
/arc/home/RongjunHuang/ICRAR/further/SFR+Z.py:2399: RuntimeWarning: invalid value encountered in divide
  sii_hb = sii_total / hb4861_flux
/arc/home/RongjunHuang/ICRAR/further/SFR+Z.py:2402: RuntimeWarning: divide by zero encountered in divide
  o3s2_ratio = np.log10(oiii_hb / sii_hb)
/arc/home/RongjunHuang/ICRAR/further/SFR+Z.py:2402: RuntimeWarning: invalid value encountered in divide
  o3s2_ratio = np.log10(oiii_hb / sii_hb)
/arc/home/RongjunHuang/ICRAR/further/SFR+Z.py:2402: RuntimeWarning: divide by zero encountered in log10
  o3s2_ratio = np.log10(oiii_hb / sii_hb)
Calculating all 6 C20 metallicities for NGC4698...
Combined C20 metallicity: median = 8.623, range = (8.019, 8.869)
Combined C20 dominant-weight method usage: O3N2=227208, O3S2=1, RS32=4587, R3=98294, N2=137, S2=20737
Galaxy NGC4698 inclination: 66.0° (cos θ = 0.407)
Inclination correction ENABLED: applying b/a = 0.446 (adopting intrinsic thickness q₀ = 0.2 for disc galaxy)
/arc/home/RongjunHuang/ICRAR/further/SFR+Z.py:3111: RuntimeWarning: divide by zero encountered in log10
  logS2  = np.log10((SII6716_FLUX_corr+SII6730_FLUX_corr) / HA6562_FLUX_corr)   # Σ[S II]/Hα
/arc/home/RongjunHuang/ICRAR/further/SFR+Z.py:3112: RuntimeWarning: divide by zero encountered in divide
  logO3  = np.log10(OIII5006_FLUX_corr / HB4861_FLUX_corr)       # [O III]/Hβ
/arc/home/RongjunHuang/ICRAR/further/SFR+Z.py:3112: RuntimeWarning: divide by zero encountered in log10
  logO3  = np.log10(OIII5006_FLUX_corr / HB4861_FLUX_corr)       # [O III]/Hβ
/arc/home/RongjunHuang/ICRAR/further/SFR+Z.py:3198: RuntimeWarning: invalid value encountered in add
  mask_N2_right, mask_S2_right = apply_bpt_masks(logN2=logN2+logN2_err, logS2=logS2+logS2_err, logO3=logO3)
/arc/home/RongjunHuang/ICRAR/further/SFR+Z.py:3200: RuntimeWarning: invalid value encountered in add
  mask_N2_up, mask_S2_up = apply_bpt_masks(logN2=logN2, logS2=logS2, logO3=logO3+logO3_err)
--------------------------------------------------------------
HII-region model-grid inference
pyqz/NebulaBayes six-line corrected-input aperture: 27882 pixels in 1164 unique spatial bins; no extra S/N cut
JY22 six-line raw-input aperture: 27882 pixels in 1164 unique spatial bins; no extra S/N cut
Python interpreter: /arc/home/RongjunHuang/.conda/envs/ICRAR/bin/python
pyqz/NebulaBayes compatibility layer: model_grid_compat.py
pyqz 0.8.4.0: diagnostic=[NII]/[SII]+;[OIII]/[SII]+; Pk=5.0; struct=pp; kappa=inf; sampling=2; srs=800; KDE=multiv; seed=20260823; nproc=1
pyqz runtime overlay: /tmp/pyqz084-runtime-wtj5v4aq/pyqz/__init__.py
pyqz grid identity: MAPPINGS V HII Region Grid: QZ pp_GCZO_Pk50_kinf
pyqz bins: 1/1164 spectra complete (BINID 385, 2.6 s)
pyqz bins: 116/1164 spectra complete (BINID 10468, 281.5 s)
pyqz bins: 232/1164 spectra complete (BINID 12302, 469.3 s)
pyqz bins: 348/1164 spectra complete (BINID 12779, 621.1 s)
pyqz bins: 464/1164 spectra complete (BINID 13580, 766.9 s)
pyqz bins: 580/1164 spectra complete (BINID 13914, 873.2 s)
pyqz bins: 696/1164 spectra complete (BINID 15577, 988.2 s)
pyqz bins: 812/1164 spectra complete (BINID 18602, 1090.4 s)
pyqz bins: 928/1164 spectra complete (BINID 22037, 1195.7 s)
pyqz bins: 1044/1164 spectra complete (BINID 23300, 1291.0 s)
pyqz bins: 1160/1164 spectra complete (BINID 23769, 1375.9 s)
pyqz bins: 1164/1164 spectra complete (BINID 23812, 1378.2 s)
pyqz bins: no per-spectrum exceptions
Initialising NebulaBayes (v0.9.9) model...
INFO Initialising NebulaBayes (v0.9.9) model...
Loading input grid data...
INFO Loading input grid data...
Building flux arrays for the model grids...
INFO Building flux arrays for the model grids...
Resampling model emission line flux grids to shape (40, 20, 160) using linear interpolation...
INFO Resampling model emission line flux grids to shape (40, 20, 160) using linear interpolation...
    Interpolating for Hbeta...
INFO     Interpolating for Hbeta...
    Interpolating for OIII5007...
INFO     Interpolating for OIII5007...
    Interpolating for Halpha...
INFO     Interpolating for Halpha...
    Interpolating for NII6583...
INFO     Interpolating for NII6583...
    Interpolating for SII6716...
INFO     Interpolating for SII6716...
    Interpolating for SII6731...
INFO     Interpolating for SII6731...
Interpolated flux grid size is 1.02MB for 1 line and 6.14MB total for all 6 lines
DEBUG Interpolated flux grid size is 1.02MB for 1 line and 6.14MB total for all 6 lines
NebulaBayes 0.9.9: grid=/arc/home/RongjunHuang/.conda/envs/ICRAR/lib/python3.13/site-packages/NebulaBayes/grids/NB_HII_grid.fits.gz; parameters=['log U', 'log P/k', '12 + log O/H']; shape=(40, 20, 160); order=1; grid_error=0.1; norm=Hbeta; deredden=False; prior=Uniform
NebulaBayes bins: 1/1164 spectra complete (BINID 385, 0.0 s)
NebulaBayes bins: 116/1164 spectra complete (BINID 10468, 5.8 s)
NebulaBayes bins: 232/1164 spectra complete (BINID 12302, 11.5 s)
NebulaBayes bins: 348/1164 spectra complete (BINID 12779, 17.3 s)
NebulaBayes bins: 464/1164 spectra complete (BINID 13580, 23.0 s)
NebulaBayes bins: 580/1164 spectra complete (BINID 13914, 28.7 s)
NebulaBayes bins: 696/1164 spectra complete (BINID 15577, 34.5 s)
NebulaBayes bins: 812/1164 spectra complete (BINID 18602, 40.4 s)
NebulaBayes bins: 928/1164 spectra complete (BINID 22037, 46.1 s)
NebulaBayes bins: 1044/1164 spectra complete (BINID 23300, 51.8 s)
NebulaBayes bins: 1160/1164 spectra complete (BINID 23769, 57.3 s)
NebulaBayes bins: 1164/1164 spectra complete (BINID 23812, 57.4 s)
NebulaBayes bins: no per-spectrum exceptions
JY22/Peng2026: raw close-pair ratios=N2,S2,R3; posterior means with marginal equal-tailed p16/p84; full raw-ratio covariance; post-depletion O/H=pre-depletion-0.22; nominal fit_ok chi2<=9; error inflation=1.0
JY22 grid: /arc/home/RongjunHuang/ICRAR/further/Peng2026/photoionization_models/photoionization_grid_interpolated.fits; sha256=d7a219b60c9a1ea8b29339988c84b1832028b28b3c417d1c3c58b420831eb38a; requested logU=(-4.0, -0.5); retained logU=(-4.0, -0.5384615384615388); solar O/H=8.69
JY22 bins: 1/1164 spectra complete (BINID 385, 0.0 s)
JY22 bins: 116/1164 spectra complete (BINID 10468, 0.1 s)
JY22 bins: 232/1164 spectra complete (BINID 12302, 0.2 s)
JY22 bins: 348/1164 spectra complete (BINID 12779, 0.2 s)
JY22 bins: 464/1164 spectra complete (BINID 13580, 0.3 s)
JY22 bins: 580/1164 spectra complete (BINID 13914, 0.3 s)
JY22 bins: 696/1164 spectra complete (BINID 15577, 0.4 s)
JY22 bins: 812/1164 spectra complete (BINID 18602, 0.5 s)
JY22 bins: 928/1164 spectra complete (BINID 22037, 0.6 s)
JY22 bins: 1044/1164 spectra complete (BINID 23300, 0.6 s)
JY22 bins: 1160/1164 spectra complete (BINID 23769, 0.7 s)
JY22 bins: 1164/1164 spectra complete (BINID 23812, 0.7 s)
JY22 bins: no per-spectrum exceptions
/tmp/pyqz084-runtime-wtj5v4aq/pyqz/pyqz.py:849: RuntimeWarning: invalid value encountered in divide
  gridZ/= peak_val
pyqz integrated HII: no per-spectrum exceptions
pyqz integrated SF: 1 per-spectrum exception(s)
  BINID(s) 1: UnboundLocalError: cannot access local variable 'path' where it is not associated with a value
NebulaBayes integrated: no per-spectrum exceptions
JY22 integrated: no per-spectrum exceptions
Integrated HII/SF model-grid results (common six-line raw aperture)
  HII: 10162 pixels, 484 bins; integrated E(B-V)=0.21651+/-0.00084
    pyqz: O/H=nan+/-nan; LogQ=nan+/-nan; logU=nan+/-nan; flag=1234; off-grid=0.00%; valid=0 (uncertainties: 0.61 KDE contour)
    NebulaBayes means: O/H=8.78550 [8.73972, 8.83847]; logU=-3.00173 [-3.07692, -2.92308]; log(P/k)=5.45380 [4.66316, 6.28421]; sampled modes=(8.75383, -2.97436, 5.82105); reliable=(1, 1, 1); chi2_red=1435; nlocalmax=2; flag=0; valid=1
    JY22 gas O/H=8.87764 [8.87764, 8.87764]; pre-depletion O/H=9.09764 [9.09764, 9.09764]; logU=-1.05128 [-1.05128, -1.05128]; chi2_min=1.306e+05; residuals(N2,S2,R3)=(0.0544, -0.0003, 0.1074); residual norm=0.1204; fit_ok=0; flag=32; valid=1 (posterior means; marginal equal-tailed p16/p84)
  SF: 27882 pixels, 1164 bins; integrated E(B-V)=0.19756+/-0.00053
    pyqz: O/H=nan+/-nan; LogQ=nan+/-nan; logU=nan+/-nan; flag=-99; off-grid=nan%; valid=0 (uncertainties: 0.61 KDE contour)
    NebulaBayes means: O/H=8.68988 [8.65508, 8.72562]; logU=-3.16179 [-3.23077, -3.07692]; log(P/k)=6.16978 [5.58947, 6.74737]; sampled modes=(8.69740, -3.17949, 6.51579); reliable=(1, 1, 1); chi2_red=3905; nlocalmax=1; flag=0; valid=1
    JY22 gas O/H=8.78528 [8.78528, 8.78528]; pre-depletion O/H=9.00528 [9.00528, 9.00528]; logU=-1.43590 [-1.43590, -1.43590]; chi2_min=1.814e+06; residuals(N2,S2,R3)=(0.1117, -0.0774, 0.1395); residual norm=0.1947; fit_ok=0; flag=32; valid=1 (posterior means; marginal equal-tailed p16/p84)
Model covariance note: JY22 uses the full first-order N2/S2/R3 covariance from raw close-pair ratios and shared denominators; pyqz/NebulaBayes independent-error APIs do not represent the analogous shared covariance.
--------------------------------------------------------------
Loaded SII density lookup table: /arc/home/RongjunHuang/ICRAR/further/pyneb_sii_6716_6731_density_lookup_te8000_13000_step1000_ne20_100000_n4096.npz
PyNeb Te-method valid-pixel counts:
  NE_SII finite pixels: 81460
  NE_SII fixed at 20 cm^-3: 40244/81460 (49.4%)
  NE_SII exact high-density fallback pixels: 10
  NE_SII_ALL finite pixels: 352550
  Te(NII) HII pixels: 0
  Te(NII) SF pixels: 0
  Brazzini+2024 direct HII pixels: 0
  Brazzini+2024 direct SF pixels: 0
  NII+OII7325 semi-direct HII pixels: 0
  NII+OII7325 semi-direct SF pixels: 0
  Kreckel+2025 NII-only HII pixels: 0
  Kreckel+2025 NII-only SF pixels: 0
Integrated PyNeb Te-method values:
  SF:
    NE_SII: 20.00 +/- 0.00 cm^-3 (n_pix=12934, fixed20=0, exact_high_density=0)
    Te(NII): nan K (n_pix=12)
    O_H_BR24_DIRECT: nan dex (n_pix=0)
    O_H_NII_OII7325: nan dex (n_pix=0)
    O_H_NII_K25: nan dex (n_pix=12)
  HII:
    NE_SII: 20.00 +/- 0.00 cm^-3 (n_pix=6294, fixed20=0, exact_high_density=0)
    Te(NII): nan K (n_pix=0)
    O_H_BR24_DIRECT: nan dex (n_pix=0)
    O_H_NII_OII7325: nan dex (n_pix=0)
    O_H_NII_K25: nan dex (n_pix=0)
Further file written ➜ /arc/projects/mauve/products/v3tk_v7.6.8/NGC4698/NGC4698_gas_bin_maps_further.fits
--------------------------------------------------------------
Total non-nan spaxels: 352550
Number of pixels with Halpha not detected: 108975
Number of pixels with Halpha detected, Hbeta not detected: 130948
Number of pixels with Halpha detected, Hbeta detected, NII not detected, OIII not detected and unclassified1: 12
Number of pixels with Halpha detected, Hbeta detected, NII not detected, OIII detected and unclassified1: 18
Number of pixels with Halpha detected, Hbeta detected, NII detected, OIII not detected and unclassified1: 2203
Number of pixels with Halpha detected, Hbeta detected, NII detected, OIII detected and unclassified1: 42338
Number of pixels with Halpha detected, Hbeta detected, SII not detected, OIII not detected and unclassified1: 1977
Number of pixels with Halpha detected, Hbeta detected, SII not detected, OIII detected and unclassified1: 17470
Number of pixels with Halpha detected, Hbeta detected, SII detected, OIII not detected and unclassified1: 238
Number of pixels with Halpha detected, Hbeta detected, SII detected, OIII detected and unclassified1: 24886
--------------------------------------------------------------
Total Halpha luminosity map sum (detections + upper-limit substitutions): 1.33e+40 erg/s
Total corrected Halpha luminosity from SF region: 4.07e+39 erg/s
Total Halpha SFR map sum (detections + upper-limit substitutions): 0.07 M☉/yr or in log10 scale: -1.18 log(M☉/yr)
Total Halpha SFR from SF region: 0.02 M☉/yr or in log10 scale: -1.69 log(M☉/yr)
Total Halpha SFR from HII region: 0.01 M☉/yr or in log10 scale: -1.91 log(M☉/yr)
--------------------------------------------------------------
[O/H] D16 SF: Total metallicity in SF region:  8.879722758781652
[O/H] PG16 SF: Total metallicity in SF region:  8.622642819881397
[O/H] N2S2-N06 SF: Total metallicity in SF region:  9.124432916115854
[O/H] O3N2-M13 SF: Total metallicity in SF region:  8.533945415328416
[O/H] N2-M13 SF: Total metallicity in SF region:  8.58641126396674
[O/H] O3N2-PP04 SF: Total metallicity in SF region:  8.731413705163988
[O/H] N2-PP04 SF: Total metallicity in SF region:  8.814245294175183
[O/H] O3N2-C20 SF: Total metallicity in SF region:  8.748282034887296
[O/H] O3S2-C20 SF: Total metallicity in SF region:  8.790621273960204
[O/H] RS32-C20 SF: Total metallicity in SF region:  8.718053711330269
[O/H] R3-C20 SF: Total metallicity in SF region:  8.708353919563272
[O/H] N2-C20 SF: Total metallicity in SF region:  8.901179190066609
[O/H] S2-C20 SF: Total metallicity in SF region:  8.781015972629461
[O/H] Combined-C20 SF: Total metallicity in SF region:  8.764168518514232 (weighted 6 methods; dominant S2)
--------------------------------------------------------------
[O/H] D16 HII: Total metallicity in HII region:  8.859132992963092
[O/H] PG16 HII: Total metallicity in HII region:  8.590171411707821
[O/H] N2S2-N06 HII: Total metallicity in HII region:  9.12501203757291
[O/H] O3N2-M13 HII: Total metallicity in HII region:  8.5612804062227
[O/H] N2-M13 HII: Total metallicity in HII region:  8.550886874105775
[O/H] O3N2-PP04 HII: Total metallicity in HII region:  8.772288457903104
[O/H] N2-PP04 HII: Total metallicity in HII region:  8.720729328772894
[O/H] O3N2-C20 HII: Total metallicity in HII region:  8.773395182242162
[O/H] O3S2-C20 HII: Total metallicity in HII region:  8.816716649630719
[O/H] RS32-C20 HII: Total metallicity in HII region:  8.772459534212414
[O/H] R3-C20 HII: Total metallicity in HII region:  8.76113210903841
[O/H] N2-C20 HII: Total metallicity in HII region:  8.743810057568306
[O/H] S2-C20 HII: Total metallicity in HII region:  8.818684870797568
[O/H] Combined-C20 HII: Total metallicity in HII region:  8.784572342240484 (weighted 6 methods; dominant S2)
--------------------------------------------------------------
[O/H] D16: Total metallicity in total region:  8.88219391460926
[O/H] PG16: Total metallicity in total region:  8.804271650957665
[O/H] N2S2-N06: Total metallicity in total region:  9.069289958095451
[O/H] O3N2-M13: Total metallicity in total region:  8.466394572114726
[O/H] N2-M13: Total metallicity in total region:  nan
[O/H] O3N2-PP04: Total metallicity in total region:  8.630403098489312
[O/H] N2-PP04: Total metallicity in total region:  nan
[O/H] O3N2-C20: Total metallicity in total region:  8.683634371593024
[O/H] O3S2-C20: Total metallicity in total region:  8.738408875221122
[O/H] RS32-C20: Total metallicity in total region:  8.482200217517066
[O/H] R3-C20: Total metallicity in total region:  8.509010779421034
[O/H] N2-C20: Total metallicity in total region:  nan
[O/H] S2-C20: Total metallicity in total region:  nan
[O/H] Combined-C20: Total metallicity in total region:  8.573146322347217 (weighted 4 methods; dominant R3)
--------------------------------------------------------------
Total runtime: 2714.0 s
✅  NGC4698 finished in 45m21s
