Python executable: /arc/home/RongjunHuang/.conda/envs/ICRAR/bin/python
Python 3.13.3
PYTHONUNBUFFERED: 1
Product root     : /arc/projects/mauve/products
Product subdir   : v3tk_v7.6.8
Local fallback   : /arc/home/RongjunHuang/ICRAR/further

Shared input keyword ➜ <none>
Reading gas-line FITS ➜ /arc/projects/mauve/products/v3tk_v7.6.8/NGC4383/NGC4383_gas_bin_maps.fits
Matched binning FITS ➜ /arc/projects/mauve/products/v3tk_v7.6.8/NGC4383/NGC4383_spatial_binning_maps_further.fits
Spatial mask FITS ➜ /arc/projects/mauve/products/v3tk_v7.6.8/NGC4383/NGC4383_mask.fits
Gas-line maps collapsed onto spatial BINID: 8838 bins
Available gas-line flux/error pairs:
  - HB4861
  - OIII4958
  - OIII5006
  - NII5754
  - OI6300
  - SIII6312
  - OI6363
  - NII6548
  - HA6562
  - NII6583
  - SII6716
  - SII6730
  - OII7318
  - OII7319
  - OII7329
  - OII7330
Te-method optional emission-line availability:
  - OIII4958: available
  - NII5754: available
  - SIII6312: available
  - NII6548: available
  - OII7318: available
  - OII7319: available
  - OII7329: available
  - OII7330: available
  - SIII9068: missing
Spatial mask applied: MASKFILE[MASK] table; row-major MASK == 0; keep=227045, masked=219220, finite H-alpha after mask=227045
--------------------------------------------------------------
Extinction law for k(λ)=A(λ)/E(B−V): calzetti
k(Hβ 4861Å)  = 4.5981   at λ=0.4861 µm
k(Hα 6562Å)  = 3.3264   at λ=0.6562 µm
k([OIII]5006)= 4.4647   at λ=0.5006 µm
k([NII]6583) = 3.3130   at λ=0.6583 µm
k([SII]6716) = 3.2298   at λ=0.6716 µm
k([SII]6730) = 3.2212   at λ=0.6730 µm
k(OIII4958) = 4.5083   at λ=0.4958 µm
k(NII5754) = 3.8531   at λ=0.5755 µm
k(OI6300) = 3.5017   at λ=0.6300 µm
k(SIII6312) = 3.4934   at λ=0.6312 µm
k(OI6363) = 3.4582   at λ=0.6363 µm
k(NII6548) = 3.3355   at λ=0.6548 µm
k(OII7318) = 2.8906   at λ=0.7319 µm
k(OII7319) = 2.8901   at λ=0.7320 µm
k(OII7329) = 2.8854   at λ=0.7329 µm
k(OII7330) = 2.8844   at λ=0.7331 µm
k(SIII9068) = 2.1615   at λ=0.9069 µm (line missing; NaN placeholder)
--------------------------------------------------------------
Calculating all 6 C20 metallicities for NGC4383...
Combined C20 metallicity: median = 8.614, range = (8.421, 8.706)
Combined C20 dominant-weight method usage: O3N2=0, O3S2=0, RS32=0, R3=192208, N2=0, S2=34837
Galaxy NGC4383 inclination: 56.0° (cos θ = 0.559)
Inclination correction ENABLED: applying b/a = 0.583 (adopting intrinsic thickness q₀ = 0.2 for disc galaxy)
--------------------------------------------------------------
HII-region model-grid inference
pyqz/NebulaBayes six-line corrected-input aperture: 112945 pixels in 8176 unique spatial bins; no extra S/N cut
JY22 six-line raw-input aperture: 112945 pixels in 8176 unique spatial bins; no extra S/N cut
Python interpreter: /arc/home/RongjunHuang/.conda/envs/ICRAR/bin/python
pyqz/NebulaBayes compatibility layer: model_grid_compat.py
pyqz 0.8.4.0: diagnostic=[NII]/[SII]+;[OIII]/[SII]+; Pk=5.0; struct=pp; kappa=inf; sampling=2; srs=800; KDE=multiv; seed=20260823; nproc=1
pyqz runtime overlay: /tmp/pyqz084-runtime-5w6e1ui2/pyqz/__init__.py
pyqz grid identity: MAPPINGS V HII Region Grid: QZ pp_GCZO_Pk50_kinf
pyqz bins: 1/8176 spectra complete (BINID 0, 0.7 s)
pyqz bins: 817/8176 spectra complete (BINID 816, 626.9 s)
pyqz bins: 1634/8176 spectra complete (BINID 1633, 1259.8 s)
pyqz bins: 2451/8176 spectra complete (BINID 2450, 1910.5 s)
pyqz bins: 3268/8176 spectra complete (BINID 3292, 2571.0 s)
pyqz bins: 4085/8176 spectra complete (BINID 4287, 3198.7 s)
pyqz bins: 4902/8176 spectra complete (BINID 5138, 3831.4 s)
pyqz bins: 5719/8176 spectra complete (BINID 5977, 4463.1 s)
pyqz bins: 6536/8176 spectra complete (BINID 6813, 5133.4 s)
pyqz bins: 7353/8176 spectra complete (BINID 7678, 5812.9 s)
pyqz bins: 8170/8176 spectra complete (BINID 8821, 6492.1 s)
pyqz bins: 8176/8176 spectra complete (BINID 8836, 6496.8 s)
pyqz bins: no per-spectrum exceptions
Initialising NebulaBayes (v0.9.9) model...
INFO Initialising NebulaBayes (v0.9.9) model...
Loading input grid data...
INFO Loading input grid data...
Building flux arrays for the model grids...
INFO Building flux arrays for the model grids...
Resampling model emission line flux grids to shape (40, 20, 160) using linear interpolation...
INFO Resampling model emission line flux grids to shape (40, 20, 160) using linear interpolation...
    Interpolating for Hbeta...
INFO     Interpolating for Hbeta...
    Interpolating for OIII5007...
INFO     Interpolating for OIII5007...
    Interpolating for Halpha...
INFO     Interpolating for Halpha...
    Interpolating for NII6583...
INFO     Interpolating for NII6583...
    Interpolating for SII6716...
INFO     Interpolating for SII6716...
    Interpolating for SII6731...
INFO     Interpolating for SII6731...
Interpolated flux grid size is 1.02MB for 1 line and 6.14MB total for all 6 lines
DEBUG Interpolated flux grid size is 1.02MB for 1 line and 6.14MB total for all 6 lines
NebulaBayes 0.9.9: grid=/arc/home/RongjunHuang/.conda/envs/ICRAR/lib/python3.13/site-packages/NebulaBayes/grids/NB_HII_grid.fits.gz; parameters=['log U', 'log P/k', '12 + log O/H']; shape=(40, 20, 160); order=1; grid_error=0.1; norm=Hbeta; deredden=False; prior=Uniform
NebulaBayes bins: 1/8176 spectra complete (BINID 0, 0.1 s)
NebulaBayes bins: 817/8176 spectra complete (BINID 816, 65.0 s)
NebulaBayes bins: 1634/8176 spectra complete (BINID 1633, 130.3 s)
NebulaBayes bins: 2451/8176 spectra complete (BINID 2450, 194.7 s)
NebulaBayes bins: 3268/8176 spectra complete (BINID 3292, 257.3 s)
NebulaBayes bins: 4085/8176 spectra complete (BINID 4287, 318.4 s)
NebulaBayes bins: 4902/8176 spectra complete (BINID 5138, 375.4 s)
NebulaBayes bins: 5719/8176 spectra complete (BINID 5977, 432.1 s)
NebulaBayes bins: 6536/8176 spectra complete (BINID 6813, 487.4 s)
NebulaBayes bins: 7353/8176 spectra complete (BINID 7678, 542.6 s)
NebulaBayes bins: 8170/8176 spectra complete (BINID 8821, 593.9 s)
NebulaBayes bins: 8176/8176 spectra complete (BINID 8836, 594.3 s)
NebulaBayes bins: no per-spectrum exceptions
JY22/Peng2026: raw close-pair ratios=N2,S2,R3; posterior means with marginal equal-tailed p16/p84; full raw-ratio covariance; post-depletion O/H=pre-depletion-0.22; nominal fit_ok chi2<=9; error inflation=1.0
JY22 grid: /arc/home/RongjunHuang/ICRAR/further/Peng2026/photoionization_models/photoionization_grid_interpolated.fits; sha256=d7a219b60c9a1ea8b29339988c84b1832028b28b3c417d1c3c58b420831eb38a; requested logU=(-4.0, -0.5); retained logU=(-4.0, -0.5384615384615388); solar O/H=8.69
JY22 bins: 1/8176 spectra complete (BINID 0, 0.0 s)
JY22 bins: 817/8176 spectra complete (BINID 816, 0.6 s)
JY22 bins: 1634/8176 spectra complete (BINID 1633, 1.2 s)
JY22 bins: 2451/8176 spectra complete (BINID 2450, 1.7 s)
JY22 bins: 3268/8176 spectra complete (BINID 3292, 2.3 s)
JY22 bins: 4085/8176 spectra complete (BINID 4287, 2.9 s)
JY22 bins: 4902/8176 spectra complete (BINID 5138, 3.5 s)
JY22 bins: 5719/8176 spectra complete (BINID 5977, 4.2 s)
JY22 bins: 6536/8176 spectra complete (BINID 6813, 4.7 s)
JY22 bins: 7353/8176 spectra complete (BINID 7678, 5.4 s)
JY22 bins: 8170/8176 spectra complete (BINID 8821, 6.0 s)
JY22 bins: 8176/8176 spectra complete (BINID 8836, 6.0 s)
JY22 bins: no per-spectrum exceptions
/tmp/pyqz084-runtime-5w6e1ui2/pyqz/pyqz.py:849: RuntimeWarning: invalid value encountered in divide
  gridZ/= peak_val
pyqz integrated HII: no per-spectrum exceptions
/tmp/pyqz084-runtime-5w6e1ui2/pyqz/pyqz.py:849: RuntimeWarning: invalid value encountered in divide
  gridZ/= peak_val
pyqz integrated SF: no per-spectrum exceptions
NebulaBayes integrated: no per-spectrum exceptions
JY22 integrated: no per-spectrum exceptions
Integrated HII/SF model-grid results (common six-line raw aperture)
  HII: 112945 pixels, 8176 bins; integrated E(B-V)=0.28518+/-0.00006
    pyqz: O/H=nan+/-nan; LogQ=nan+/-nan; logU=nan+/-nan; flag=1234; off-grid=0.00%; valid=0 (uncertainties: 0.61 KDE contour)
    NebulaBayes means: O/H=8.49488 [8.44348, 8.54223]; logU=-3.17082 [-3.23077, -3.12821]; log(P/k)=5.87479 [5.12632, 6.51579]; sampled modes=(8.48580, -3.17949, 6.28421); reliable=(1, 1, 1); chi2_red=8.751e+05; nlocalmax=1; flag=0; valid=1
    JY22 gas O/H=8.55438 [8.55438, 8.55438]; pre-depletion O/H=8.77438 [8.77438, 8.77438]; logU=-1.43590 [-1.43590, -1.43590]; chi2_min=1.658e+06; residuals(N2,S2,R3)=(0.0005, -0.0234, -0.0242); residual norm=0.0336; fit_ok=0; flag=32; valid=1 (posterior means; marginal equal-tailed p16/p84)
  SF: 112945 pixels, 8176 bins; integrated E(B-V)=0.28518+/-0.00006
    pyqz: O/H=nan+/-nan; LogQ=nan+/-nan; logU=nan+/-nan; flag=1234; off-grid=0.00%; valid=0 (uncertainties: 0.61 KDE contour)
    NebulaBayes means: O/H=8.49488 [8.44348, 8.54223]; logU=-3.17082 [-3.23077, -3.12821]; log(P/k)=5.87479 [5.12632, 6.51579]; sampled modes=(8.48580, -3.17949, 6.28421); reliable=(1, 1, 1); chi2_red=8.751e+05; nlocalmax=1; flag=0; valid=1
    JY22 gas O/H=8.55438 [8.55438, 8.55438]; pre-depletion O/H=8.77438 [8.77438, 8.77438]; logU=-1.43590 [-1.43590, -1.43590]; chi2_min=1.658e+06; residuals(N2,S2,R3)=(0.0005, -0.0234, -0.0242); residual norm=0.0336; fit_ok=0; flag=32; valid=1 (posterior means; marginal equal-tailed p16/p84)
Model covariance note: JY22 uses the full first-order N2/S2/R3 covariance from raw close-pair ratios and shared denominators; pyqz/NebulaBayes independent-error APIs do not represent the analogous shared covariance.
--------------------------------------------------------------
Loaded SII density lookup table: /arc/home/RongjunHuang/ICRAR/further/pyneb_sii_6716_6731_density_lookup_te8000_13000_step1000_ne20_100000_n4096.npz
DEBUG Creating converter from 3 to 5
PyNeb Te-method valid-pixel counts:
  NE_SII finite pixels: 126958
  NE_SII fixed at 20 cm^-3: 57178/126958 (45.0%)
  NE_SII exact high-density fallback pixels: 0
  NE_SII_ALL finite pixels: 227045
  Te(NII) HII pixels: 2436
  Te(NII) SF pixels: 2436
  Brazzini+2024 direct HII pixels: 0
  Brazzini+2024 direct SF pixels: 0
  NII+OII7325 semi-direct HII pixels: 2367
  NII+OII7325 semi-direct SF pixels: 2367
  Kreckel+2025 NII-only HII pixels: 1863
  Kreckel+2025 NII-only SF pixels: 1863
Integrated PyNeb Te-method values:
  SF:
    NE_SII: 60.15 +/- 0.12 cm^-3 (n_pix=87557, fixed20=0, exact_high_density=0)
    Te(NII): 8845.9 +/- 17.3 K (n_pix=2441)
    O_H_BR24_DIRECT: nan dex (n_pix=0)
    O_H_NII_OII7325: 8.3786 +/- 0.0802 dex (n_pix=2377)
    O_H_NII_K25: 8.6273 +/- 0.1945 dex (n_pix=2441)
  HII:
    NE_SII: 60.15 +/- 0.12 cm^-3 (n_pix=87557, fixed20=0, exact_high_density=0)
    Te(NII): 8845.9 +/- 17.3 K (n_pix=2441)
    O_H_BR24_DIRECT: nan dex (n_pix=0)
    O_H_NII_OII7325: 8.3786 +/- 0.0802 dex (n_pix=2377)
    O_H_NII_K25: 8.6273 +/- 0.1945 dex (n_pix=2441)
Further file written ➜ /arc/projects/mauve/products/v3tk_v7.6.8/NGC4383/NGC4383_gas_bin_maps_further.fits
--------------------------------------------------------------
Total non-nan spaxels: 227045
Number of pixels with Halpha not detected: 6276
Number of pixels with Halpha detected, Hbeta not detected: 58994
Number of pixels with Halpha detected, Hbeta detected, NII not detected, OIII not detected and unclassified1: 0
Number of pixels with Halpha detected, Hbeta detected, NII not detected, OIII detected and unclassified1: 0
Number of pixels with Halpha detected, Hbeta detected, NII detected, OIII not detected and unclassified1: 0
Number of pixels with Halpha detected, Hbeta detected, NII detected, OIII detected and unclassified1: 0
Number of pixels with Halpha detected, Hbeta detected, SII not detected, OIII not detected and unclassified1: 0
Number of pixels with Halpha detected, Hbeta detected, SII not detected, OIII detected and unclassified1: 0
Number of pixels with Halpha detected, Hbeta detected, SII detected, OIII not detected and unclassified1: 0
Number of pixels with Halpha detected, Hbeta detected, SII detected, OIII detected and unclassified1: 0
--------------------------------------------------------------
Total Halpha luminosity map sum (detections + upper-limit substitutions): 2.17e+41 erg/s
Total corrected Halpha luminosity from SF region: 2.12e+41 erg/s
Total Halpha SFR map sum (detections + upper-limit substitutions): 1.08 M☉/yr or in log10 scale: 0.03 log(M☉/yr)
Total Halpha SFR from SF region: 1.06 M☉/yr or in log10 scale: 0.02 log(M☉/yr)
Total Halpha SFR from HII region: 1.06 M☉/yr or in log10 scale: 0.02 log(M☉/yr)
--------------------------------------------------------------
[O/H] D16 SF: Total metallicity in SF region:  8.393009567785404
[O/H] PG16 SF: Total metallicity in SF region:  8.35816553813545
[O/H] N2S2-N06 SF: Total metallicity in SF region:  8.771545058298218
[O/H] O3N2-M13 SF: Total metallicity in SF region:  8.370468398251894
[O/H] N2-M13 SF: Total metallicity in SF region:  8.4118294612529
[O/H] O3N2-PP04 SF: Total metallicity in SF region:  8.486962090843956
[O/H] N2-PP04 SF: Total metallicity in SF region:  8.444419049201695
[O/H] O3N2-C20 SF: Total metallicity in SF region:  8.584259823756016
[O/H] O3S2-C20 SF: Total metallicity in SF region:  8.707439398280577
[O/H] RS32-C20 SF: Total metallicity in SF region:  8.606048446492236
[O/H] R3-C20 SF: Total metallicity in SF region:  8.590096806771726
[O/H] N2-C20 SF: Total metallicity in SF region:  8.56063276331364
[O/H] S2-C20 SF: Total metallicity in SF region:  8.515546568058147
[O/H] Combined-C20 SF: Total metallicity in SF region:  8.57719162632107 (weighted 6 methods; dominant S2)
--------------------------------------------------------------
[O/H] D16 HII: Total metallicity in HII region:  8.393009567785404
[O/H] PG16 HII: Total metallicity in HII region:  8.35816553813545
[O/H] N2S2-N06 HII: Total metallicity in HII region:  8.771545058298218
[O/H] O3N2-M13 HII: Total metallicity in HII region:  8.370468398251894
[O/H] N2-M13 HII: Total metallicity in HII region:  8.4118294612529
[O/H] O3N2-PP04 HII: Total metallicity in HII region:  8.486962090843956
[O/H] N2-PP04 HII: Total metallicity in HII region:  8.444419049201695
[O/H] O3N2-C20 HII: Total metallicity in HII region:  8.584259823756016
[O/H] O3S2-C20 HII: Total metallicity in HII region:  8.707439398280577
[O/H] RS32-C20 HII: Total metallicity in HII region:  8.606048446492236
[O/H] R3-C20 HII: Total metallicity in HII region:  8.590096806771726
[O/H] N2-C20 HII: Total metallicity in HII region:  8.56063276331364
[O/H] S2-C20 HII: Total metallicity in HII region:  8.515546568058147
[O/H] Combined-C20 HII: Total metallicity in HII region:  8.57719162632107 (weighted 6 methods; dominant S2)
--------------------------------------------------------------
[O/H] D16: Total metallicity in total region:  8.379813868932734
[O/H] PG16: Total metallicity in total region:  8.354144464523417
[O/H] N2S2-N06: Total metallicity in total region:  8.75392755750493
[O/H] O3N2-M13: Total metallicity in total region:  8.371936993421343
[O/H] N2-M13: Total metallicity in total region:  8.414282803698239
[O/H] O3N2-PP04: Total metallicity in total region:  8.48915812100388
[O/H] N2-PP04: Total metallicity in total region:  8.448242109400942
[O/H] O3N2-C20: Total metallicity in total region:  8.585859872228244
[O/H] O3S2-C20: Total metallicity in total region:  8.712324325521884
[O/H] RS32-C20: Total metallicity in total region:  8.604658598123766
[O/H] R3-C20: Total metallicity in total region:  8.590639151005504
[O/H] N2-C20: Total metallicity in total region:  8.563383209037779
[O/H] S2-C20: Total metallicity in total region:  8.533747239956975
[O/H] Combined-C20: Total metallicity in total region:  8.58336138464922 (weighted 6 methods; dominant S2)
--------------------------------------------------------------
Total runtime: 7557.5 s
✅  NGC4383 finished in 126m11s
