Python executable: /arc/home/RongjunHuang/.conda/envs/ICRAR/bin/python
Python 3.13.3
PYTHONUNBUFFERED: 1
Product root     : /arc/projects/mauve/products
Product subdir   : v3tk_v7.6.8
Local fallback   : /arc/home/RongjunHuang/ICRAR/further

Matplotlib is building the font cache; this may take a moment.
Shared input keyword ➜ <none>
Reading gas-line FITS ➜ /arc/projects/mauve/products/v3tk_v7.6.8/NGC4294/NGC4294_gas_bin_maps.fits
Matched binning FITS ➜ /arc/projects/mauve/products/v3tk_v7.6.8/NGC4294/NGC4294_spatial_binning_maps_further.fits
Spatial mask FITS ➜ /arc/projects/mauve/products/v3tk_v7.6.8/NGC4294/NGC4294_mask.fits
Gas-line maps collapsed onto spatial BINID: 4552 bins
Available gas-line flux/error pairs:
  - HB4861
  - OIII4958
  - OIII5006
  - NII5754
  - OI6300
  - SIII6312
  - OI6363
  - NII6548
  - HA6562
  - NII6583
  - SII6716
  - SII6730
  - OII7318
  - OII7319
  - OII7329
  - OII7330
Te-method optional emission-line availability:
  - OIII4958: available
  - NII5754: available
  - SIII6312: available
  - NII6548: available
  - OII7318: available
  - OII7319: available
  - OII7329: available
  - OII7330: available
  - SIII9068: missing
Spatial mask applied: MASKFILE[MASK] table; row-major MASK == 0; keep=179357, masked=196564, finite H-alpha after mask=179357
--------------------------------------------------------------
Extinction law for k(λ)=A(λ)/E(B−V): calzetti
k(Hβ 4861Å)  = 4.5981   at λ=0.4861 µm
k(Hα 6562Å)  = 3.3264   at λ=0.6562 µm
k([OIII]5006)= 4.4647   at λ=0.5006 µm
k([NII]6583) = 3.3130   at λ=0.6583 µm
k([SII]6716) = 3.2298   at λ=0.6716 µm
k([SII]6730) = 3.2212   at λ=0.6730 µm
k(OIII4958) = 4.5083   at λ=0.4958 µm
k(NII5754) = 3.8531   at λ=0.5755 µm
k(OI6300) = 3.5017   at λ=0.6300 µm
k(SIII6312) = 3.4934   at λ=0.6312 µm
k(OI6363) = 3.4582   at λ=0.6363 µm
k(NII6548) = 3.3355   at λ=0.6548 µm
k(OII7318) = 2.8906   at λ=0.7319 µm
k(OII7319) = 2.8901   at λ=0.7320 µm
k(OII7329) = 2.8854   at λ=0.7329 µm
k(OII7330) = 2.8844   at λ=0.7331 µm
k(SIII9068) = 2.1615   at λ=0.9069 µm (line missing; NaN placeholder)
--------------------------------------------------------------
Calculating all 6 C20 metallicities for NGC4294...
Combined C20 metallicity: median = 8.623, range = (8.326, 8.706)
Combined C20 dominant-weight method usage: O3N2=0, O3S2=0, RS32=0, R3=164180, N2=0, S2=15177
Galaxy NGC4294 inclination: 74.0° (cos θ = 0.276)
Inclination correction ENABLED: applying b/a = 0.336 (adopting intrinsic thickness q₀ = 0.2 for disc galaxy)
Loaded SII density lookup table: /arc/home/RongjunHuang/ICRAR/further/pyneb_sii_6716_6731_density_lookup_te8000_13000_step1000_ne20_100000_n4096.npz
PyNeb Te-method valid-pixel counts:
  NE_SII finite pixels: 133824
  NE_SII fixed at 20 cm^-3: 56296/133824 (42.1%)
  NE_SII exact high-density fallback pixels: 0
  NE_SII_ALL finite pixels: 179357
  Te(NII) HII pixels: 1799
  Te(NII) SF pixels: 1799
  Brazzini+2024 direct HII pixels: 0
  Brazzini+2024 direct SF pixels: 0
  NII+OII7325 semi-direct HII pixels: 1697
  NII+OII7325 semi-direct SF pixels: 1697
  Kreckel+2025 NII-only HII pixels: 1390
  Kreckel+2025 NII-only SF pixels: 1390
Integrated PyNeb Te-method values:
  SF:
    NE_SII: 20.00 +/- 0.00 cm^-3 (n_pix=69207, fixed20=0, exact_high_density=0)
    Te(NII): 10300.5 +/- 17.9 K (n_pix=1808)
    O_H_BR24_DIRECT: nan dex (n_pix=0)
    O_H_NII_OII7325: 8.2383 +/- 0.0767 dex (n_pix=1706)
    O_H_NII_K25: 8.4542 +/- 0.2081 dex (n_pix=1808)
  HII:
    NE_SII: 20.00 +/- 0.00 cm^-3 (n_pix=69207, fixed20=0, exact_high_density=0)
    Te(NII): 10300.5 +/- 17.9 K (n_pix=1808)
    O_H_BR24_DIRECT: nan dex (n_pix=0)
    O_H_NII_OII7325: 8.2383 +/- 0.0767 dex (n_pix=1706)
    O_H_NII_K25: 8.4542 +/- 0.2081 dex (n_pix=1808)
Further file written ➜ /arc/projects/mauve/products/v3tk_v7.6.8/NGC4294/NGC4294_gas_bin_maps_further.fits
--------------------------------------------------------------
Total non-nan spaxels: 179357
Number of pixels with Halpha not detected: 9857
Number of pixels with Halpha detected, Hbeta not detected: 41420
Number of pixels with Halpha detected, Hbeta detected, NII not detected, OIII not detected and unclassified1: 0
Number of pixels with Halpha detected, Hbeta detected, NII not detected, OIII detected and unclassified1: 0
Number of pixels with Halpha detected, Hbeta detected, NII detected, OIII not detected and unclassified1: 0
Number of pixels with Halpha detected, Hbeta detected, NII detected, OIII detected and unclassified1: 0
Number of pixels with Halpha detected, Hbeta detected, SII not detected, OIII not detected and unclassified1: 0
Number of pixels with Halpha detected, Hbeta detected, SII not detected, OIII detected and unclassified1: 0
Number of pixels with Halpha detected, Hbeta detected, SII detected, OIII not detected and unclassified1: 0
Number of pixels with Halpha detected, Hbeta detected, SII detected, OIII detected and unclassified1: 0
--------------------------------------------------------------
Total Halpha luminosity map sum (detections + upper-limit substitutions): 9.83e+40 erg/s
Total corrected Halpha luminosity from SF region: 8.65e+40 erg/s
Total Halpha SFR map sum (detections + upper-limit substitutions): 0.49 M☉/yr or in log10 scale: -0.31 log(M☉/yr)
Total Halpha SFR from SF region: 0.43 M☉/yr or in log10 scale: -0.37 log(M☉/yr)
Total Halpha SFR from HII region: 0.43 M☉/yr or in log10 scale: -0.37 log(M☉/yr)
--------------------------------------------------------------
[O/H] D16 SF: Total metallicity in SF region:  8.157774763884632
[O/H] PG16 SF: Total metallicity in SF region:  8.236274278322396
[O/H] N2S2-N06 SF: Total metallicity in SF region:  8.472731169292267
[O/H] O3N2-M13 SF: Total metallicity in SF region:  8.317609317100253
[O/H] N2-M13 SF: Total metallicity in SF region:  8.352043059251018
[O/H] O3N2-PP04 SF: Total metallicity in SF region:  8.407920474168604
[O/H] N2-PP04 SF: Total metallicity in SF region:  8.360530630047665
[O/H] O3N2-C20 SF: Total metallicity in SF region:  8.52474606019179
[O/H] O3S2-C20 SF: Total metallicity in SF region:  8.696586949479
[O/H] RS32-C20 SF: Total metallicity in SF region:  8.55491546462702
[O/H] R3-C20 SF: Total metallicity in SF region:  8.546857045679866
[O/H] N2-C20 SF: Total metallicity in SF region:  8.494910651491995
[O/H] S2-C20 SF: Total metallicity in SF region:  8.59311798096873
[O/H] Combined-C20 SF: Total metallicity in SF region:  8.566512993908008 (weighted 6 methods; dominant S2)
--------------------------------------------------------------
[O/H] D16 HII: Total metallicity in HII region:  8.157774763884632
[O/H] PG16 HII: Total metallicity in HII region:  8.236274278322396
[O/H] N2S2-N06 HII: Total metallicity in HII region:  8.472731169292267
[O/H] O3N2-M13 HII: Total metallicity in HII region:  8.317609317100253
[O/H] N2-M13 HII: Total metallicity in HII region:  8.352043059251018
[O/H] O3N2-PP04 HII: Total metallicity in HII region:  8.407920474168604
[O/H] N2-PP04 HII: Total metallicity in HII region:  8.360530630047665
[O/H] O3N2-C20 HII: Total metallicity in HII region:  8.52474606019179
[O/H] O3S2-C20 HII: Total metallicity in HII region:  8.696586949479
[O/H] RS32-C20 HII: Total metallicity in HII region:  8.55491546462702
[O/H] R3-C20 HII: Total metallicity in HII region:  8.546857045679866
[O/H] N2-C20 HII: Total metallicity in HII region:  8.494910651491995
[O/H] S2-C20 HII: Total metallicity in HII region:  8.59311798096873
[O/H] Combined-C20 HII: Total metallicity in HII region:  8.566512993908008 (weighted 6 methods; dominant S2)
--------------------------------------------------------------
[O/H] D16: Total metallicity in total region:  8.130581006958067
[O/H] PG16: Total metallicity in total region:  8.225737976961323
[O/H] N2S2-N06: Total metallicity in total region:  8.411335353721853
[O/H] O3N2-M13: Total metallicity in total region:  8.322440956621072
[O/H] N2-M13: Total metallicity in total region:  8.357803641521182
[O/H] O3N2-PP04: Total metallicity in total region:  8.415145355695062
[O/H] N2-PP04: Total metallicity in total region:  8.367894636934643
[O/H] O3N2-C20: Total metallicity in total region:  8.530351095002011
[O/H] O3S2-C20: Total metallicity in total region:  8.708616900190574
[O/H] RS32-C20: Total metallicity in total region:  8.554639639813503
[O/H] R3-C20: Total metallicity in total region:  8.550755519395425
[O/H] N2-C20: Total metallicity in total region:  8.501177954244202
[O/H] S2-C20: Total metallicity in total region:  nan
[O/H] Combined-C20: Total metallicity in total region:  8.56002346941095 (weighted 5 methods; dominant R3)
--------------------------------------------------------------
Total runtime: 213.3 s
✅  NGC4294 finished in 4m21s
