Python executable: /arc/home/RongjunHuang/.conda/envs/ICRAR/bin/python
Python 3.13.3
PYTHONUNBUFFERED: 1
CANFAR base root : arc/projects/mauve/cubes/v3tk
Local fallback   : /arc/home/RongjunHuang/ICRAR/v7.6.8_test/v3tk_v7.6.8_VELSCALE40_use/IC3392
MASS_DISABLE_STAT: 0
MASS_NCPUS       : 16
MASS_ROW_BLOCK_SIZE: default


=== Using the following files ===
Primary root : /arc/home/RongjunHuang/ICRAR/v7.6.8_test/v3tk_v7.6.8_VELSCALE40_use/IC3392/arc/projects/mauve/cubes/v3tk
Fallback root: /arc/home/RongjunHuang/ICRAR/v7.6.8_test/v3tk_v7.6.8_VELSCALE40_use/IC3392
Input keyword: <none>
Cube         : /arc/home/RongjunHuang/ICRAR/v7.6.8_test/v3tk_v7.6.8_VELSCALE40_use/IC3392/IC3392_DATACUBE_FINAL_WCS_Pall_mad_red_v3tk.fits
Binning map  : /arc/home/RongjunHuang/ICRAR/v7.6.8_test/v3tk_v7.6.8_VELSCALE40_use/IC3392/IC3392_spatial_binning_maps.fits
SFH map      : /arc/home/RongjunHuang/ICRAR/v7.6.8_test/v3tk_v7.6.8_VELSCALE40_use/IC3392/IC3392_sfh_maps.fits
Weights      : /arc/home/RongjunHuang/ICRAR/v7.6.8_test/v3tk_v7.6.8_VELSCALE40_use/IC3392/IC3392_sfh_weights.fits
Photometry   : /arc/home/RongjunHuang/ICRAR/v7.6.8_test/v3tk_v7.6.8_VELSCALE40_use/IC3392/BaSTI+Chabrier.dat
Output       : IC3392_spatial_binning_maps_extended.fits 

Thread control: forcing 16 BLAS/OpenMP threads
Vectorized processing row-block size: 16
Loading: /arc/home/RongjunHuang/ICRAR/v7.6.8_test/v3tk_v7.6.8_VELSCALE40_use/IC3392/IC3392_spatial_binning_maps.fits
Filename: /arc/home/RongjunHuang/ICRAR/v7.6.8_test/v3tk_v7.6.8_VELSCALE40_use/IC3392/IC3392_spatial_binning_maps.fits
No.    Name      Ver    Type      Cards   Dimensions   Format
  0  PRIMARY       1 PrimaryHDU       4   ()      
  1  BINID         1 ImageHDU        26   (437, 438)   float64   
  2  FLUX          1 ImageHDU        26   (437, 438)   float64   
  3  SNR           1 ImageHDU        26   (437, 438)   float64   
  4  SNRBIN        1 ImageHDU        26   (437, 438)   float64   
  5  XBIN          1 ImageHDU        26   (437, 438)   float64   
  6  YBIN          1 ImageHDU        26   (437, 438)   float64   
None
Loading: /arc/home/RongjunHuang/ICRAR/v7.6.8_test/v3tk_v7.6.8_VELSCALE40_use/IC3392/IC3392_sfh_weights.fits
Filename: /arc/home/RongjunHuang/ICRAR/v7.6.8_test/v3tk_v7.6.8_VELSCALE40_use/IC3392/IC3392_sfh_weights.fits
No.    Name      Ver    Type      Cards   Dimensions   Format
  0  PRIMARY       1 PrimaryHDU      27   ()      
  1  WEIGHTS       1 BinTableHDU     31   4032R x 1C   [477D]   
  2  GRID          1 BinTableHDU     35   477R x 3C   [D, D, D]   
None
Loaded 636 out of 636 rows of data from BaSTI+Chabrier.dat
Warning: Exact light_norm_to_r conversion is unavailable because the original SSP template library could not be resolved. Falling back to 'light_v_to_r'.
Template-library resolution detail: No valid SSP template mean-flux measurements were found in /arc/home/RongjunHuang/ICRAR/v7.6.8_test/v3tk_v7.6.8_VELSCALE40_use/IC3392/EMILES_baseFe_safe for the normalization window [4800.0, 9100.0] Angstrom.
Raw SFH weight-sum [min, p16, p50, p84, max] = [1.0000e+00, 1.0000e+00, 1.0000e+00, 1.0000e+00, 1.0000e+00]
Normalized SFH weight-sum check [min, max] = [1.000000, 1.000000]
/arc/home/RongjunHuang/ICRAR/v7.6.8_test/v3tk_v7.6.8_VELSCALE40_use/IC3392/Mass.py:1025: RuntimeWarning: All-NaN slice encountered
  f"{np.nanmedian(light_norm_to_r):.4f}, "
Composite ML_R candidates [median] (light_r, light_norm_to_r, light_v_to_r, mass_harmonic) = [1.9406, nan, 2.0808, 0.8438]
Template-library LIGHT normalization for ML_R: /arc/home/RongjunHuang/ICRAR/v7.6.8_test/v3tk_v7.6.8_VELSCALE40_use/IC3392/EMILES_baseFe_safe (LMIN=4800.0, LMAX=9100.0 Angstrom)
Selected SFH-weight interpretation for ML_R: light_v_to_r
BINID range check for ML_R mapping: max BINID=4031, n_weight_rows=4032
Loading: /arc/home/RongjunHuang/ICRAR/v7.6.8_test/v3tk_v7.6.8_VELSCALE40_use/IC3392/IC3392_DATACUBE_FINAL_WCS_Pall_mad_red_v3tk.fits
Using STAT variance extension for photometric error propagation.
Cube dimensions (nz, ny, nx): 3761, 438, 437
Approx. DATA footprint: 2.68 GiB
Approx. STAT footprint: 2.68 GiB
Building exact speclite linear operator for AB maggies...
  Linear-operator chunk 1/8 (wave bins 0:512, elapsed 0.1s)
  Linear-operator chunk 2/8 (wave bins 512:1024, elapsed 0.1s)
  Linear-operator chunk 3/8 (wave bins 1024:1536, elapsed 0.1s)
  Linear-operator chunk 4/8 (wave bins 1536:2048, elapsed 0.1s)
  Linear-operator chunk 5/8 (wave bins 2048:2560, elapsed 0.1s)
  Linear-operator chunk 6/8 (wave bins 2560:3072, elapsed 0.2s)
  Linear-operator chunk 7/8 (wave bins 3072:3584, elapsed 0.2s)
  Linear-operator chunk 8/8 (wave bins 3584:3761, elapsed 0.2s)
Using contiguous filter-support slice: [641:3441] (2800 bins).
Photometric propagation method: exact discrete first-order Jacobian through speclite AB-maggies operator (support bins=2800/3761).
STAT assumption: independent spectral-bin variances (no covariance provided by cube).
Computing AB maggies with vectorized blocks... (estimated support-slice stream volume: 3.99 GiB, DATA+STAT)
Processed rows 0:16/438 (  3.7%, block 1/28, block 52.70s, elapsed 0.88 min, ETA 23.72 min)
Processed rows 16:32/438 (  7.3%, block 2/28, block 0.52s, elapsed 0.89 min, ETA 11.53 min)
Processed rows 32:48/438 ( 11.0%, block 3/28, block 0.42s, elapsed 0.89 min, ETA 7.45 min)
Processed rows 48:64/438 ( 14.6%, block 4/28, block 0.37s, elapsed 0.90 min, ETA 5.40 min)
Processed rows 64:80/438 ( 18.3%, block 5/28, block 0.38s, elapsed 0.91 min, ETA 4.17 min)
Processed rows 80:96/438 ( 21.9%, block 6/28, block 0.36s, elapsed 0.91 min, ETA 3.35 min)
Processed rows 96:112/438 ( 25.6%, block 7/28, block 0.37s, elapsed 0.92 min, ETA 2.76 min)
Processed rows 112:128/438 ( 29.2%, block 8/28, block 0.37s, elapsed 0.92 min, ETA 2.31 min)
Processed rows 128:144/438 ( 32.9%, block 9/28, block 0.38s, elapsed 0.93 min, ETA 1.97 min)
Processed rows 144:160/438 ( 36.5%, block 10/28, block 0.38s, elapsed 0.94 min, ETA 1.69 min)
Processed rows 160:176/438 ( 40.2%, block 11/28, block 0.41s, elapsed 0.94 min, ETA 1.46 min)
Processed rows 176:192/438 ( 43.8%, block 12/28, block 0.40s, elapsed 0.95 min, ETA 1.27 min)
Processed rows 192:208/438 ( 47.5%, block 13/28, block 0.41s, elapsed 0.96 min, ETA 1.11 min)
Processed rows 208:224/438 ( 51.1%, block 14/28, block 0.41s, elapsed 0.96 min, ETA 0.96 min)
Processed rows 224:240/438 ( 54.8%, block 15/28, block 0.40s, elapsed 0.97 min, ETA 0.84 min)
Processed rows 240:256/438 ( 58.4%, block 16/28, block 0.38s, elapsed 0.98 min, ETA 0.73 min)
Processed rows 256:272/438 ( 62.1%, block 17/28, block 0.41s, elapsed 0.98 min, ETA 0.64 min)
Processed rows 272:288/438 ( 65.8%, block 18/28, block 0.41s, elapsed 0.99 min, ETA 0.55 min)
Processed rows 288:304/438 ( 69.4%, block 19/28, block 0.38s, elapsed 1.00 min, ETA 0.47 min)
Processed rows 304:320/438 ( 73.1%, block 20/28, block 0.40s, elapsed 1.00 min, ETA 0.40 min)
Processed rows 320:336/438 ( 76.7%, block 21/28, block 0.50s, elapsed 1.01 min, ETA 0.34 min)
Processed rows 336:352/438 ( 80.4%, block 22/28, block 0.38s, elapsed 1.02 min, ETA 0.28 min)
Processed rows 352:368/438 ( 84.0%, block 23/28, block 0.39s, elapsed 1.03 min, ETA 0.22 min)
Processed rows 368:384/438 ( 87.7%, block 24/28, block 0.41s, elapsed 1.03 min, ETA 0.17 min)
Processed rows 384:400/438 ( 91.3%, block 25/28, block 0.40s, elapsed 1.04 min, ETA 0.12 min)
Processed rows 400:416/438 ( 95.0%, block 26/28, block 0.40s, elapsed 1.05 min, ETA 0.08 min)
Processed rows 416:432/438 ( 98.6%, block 27/28, block 0.38s, elapsed 1.05 min, ETA 0.04 min)
Processed rows 432:438/438 (100.0%, block 28/28, block 0.13s, elapsed 1.05 min, ETA 0.00 min)
AB maggies vectorized pass completed in 1.05 min
Estimated effective streaming throughput: 64.6 MiB/s over support-slice read volume
Filter-support fraction [p16, p50, p84] = [0.000000, 0.858871, 1.000000]
Strict all-finite support pixels vs accepted relaxed-support pixels = 95,037 vs 95,302 (threshold=0.9900)
Finite binned flux-error bins: 4032/4032 (STAT=4032, sample=4032)
Finite binned magnitude-error bins: 4032/4032
Median binned relative flux error : 5.7099e-04
Binned magnitude error min/max   : 5.1390e-04 .. 8.1445e-04 mag
Binned magnitude error [p16, p50, p84] = [5.8656e-04, 6.1994e-04, 6.5314e-04] mag
Warning: No EBV error extension found; EBV uncertainty term will be omitted.
R-band magnitude calculation completed!
Filter used: bessell-R
Magnitude range: 21.08 to 26.96
Distance modulus: 31.09 mag
Total R-band magnitude (uncorrected) : 12.260 mag (AB)
Total R-band magnitude (corrected)   : 12.077 mag (AB)
Total R-band luminosity              : 9.448 log10(L☉)
Total stellar mass (R)               : 9.779 log10(M☉)
Integrated stellar M/L_R             : 2.1402 M☉/L☉
Median LOGMSTAR_ERR      : 2.4364e-04 dex
LOGMSTAR_ERR [p16, p50, p84] = [2.3123e-04, 2.4364e-04, 2.6051e-04] dex
LOGMSTAR_ERR min/max     : 2.0556e-04 .. 3.2578e-04 dex
Error budget note (LOGMSTAR): includes photometric+extinction propagation; excludes M/L model, distance, and inclination/area systematic uncertainties.
Saved extended file to /arc/home/RongjunHuang/ICRAR/v7.6.8_test/v3tk_v7.6.8_VELSCALE40_use/IC3392/IC3392_spatial_binning_maps_extended.fits
M/L_R layer saved ➜ /arc/home/RongjunHuang/ICRAR/v7.6.8_test/v3tk_v7.6.8_VELSCALE40_use/IC3392/IC3392_spatial_binning_maps_extended.fits
Stellar-mass layer saved ➜ /arc/home/RongjunHuang/ICRAR/v7.6.8_test/v3tk_v7.6.8_VELSCALE40_use/IC3392/IC3392_spatial_binning_maps_extended.fits
Galaxy IC3392 inclination: 68.0° (cos θ = 0.375)
Inclination correction ENABLED: applying b/a = 0.418 (adopting intrinsic thickness q₀ = 0.2 for disc galaxy)
Median LOGMASS_SURFACE_DENSITY_ERR: 2.4364e-04 dex
LOGMASS_SURFACE_DENSITY_ERR [p16, p50, p84] = [2.3123e-04, 2.4364e-04, 2.6051e-04] dex
LOGMASS_SURFACE_DENSITY_ERR min/max: 2.0556e-04 .. 3.2578e-04 dex
Consistency check |LOGMSTAR_ERR - LOGMASS_SURFACE_DENSITY_ERR| median=2.7105e-20 dex, max=1.0842e-19 dex
Stellar mass surface density layer saved ➜ /arc/home/RongjunHuang/ICRAR/v7.6.8_test/v3tk_v7.6.8_VELSCALE40_use/IC3392/IC3392_spatial_binning_maps_extended.fits
r-band magnitude layer saved ➜ /arc/home/RongjunHuang/ICRAR/v7.6.8_test/v3tk_v7.6.8_VELSCALE40_use/IC3392/IC3392_spatial_binning_maps_extended.fits
r-band uncorrected magnitude layer saved ➜ /arc/home/RongjunHuang/ICRAR/v7.6.8_test/v3tk_v7.6.8_VELSCALE40_use/IC3392/IC3392_spatial_binning_maps_extended.fits
✅  IC3392 finished in 1m30s
