Python executable: /arc/home/RongjunHuang/.conda/envs/ICRAR/bin/python
Python 3.13.3
PYTHONUNBUFFERED: 1
Product root     : /arc/projects/mauve/products
Product subdir   : v3tk_v7.6.8_7000
Cube root        : /arc/projects/mauve/cubes/v3tk
PHANGS cube root : <none>
PHANGS VOS dir   : vos:phangs/RELEASES/PHANGS-MUSE/DR1.0/DATACUBES
PHANGS stage root: /scratch
Local fallback   : /arc/home/RongjunHuang/ICRAR/further
MASS_DISABLE_STAT: 0
MASS_NCPUS       : 16
MASS_ROW_BLOCK_SIZE: default


=== Using the following files ===
Product root : /arc/projects/mauve/products
Product subdir: v3tk_v7.6.8_7000
Cube root    : /arc/projects/mauve/cubes/v3tk
Fallback root: /arc/home/RongjunHuang/ICRAR/further
Input keyword: <none>
Cube         : /arc/projects/mauve/cubes/v3tk/IC3392_DATACUBE_FINAL_WCS_Pall_mad_red_v3tk.fits.gz
Binning map  : /arc/projects/mauve/products/v3tk_v7.6.8_7000/IC3392/IC3392_spatial_binning_maps.fits
SFH map      : /arc/projects/mauve/products/v3tk_v7.6.8_7000/IC3392/IC3392_sfh_maps.fits
Weights      : /arc/projects/mauve/products/v3tk_v7.6.8_7000/IC3392/IC3392_sfh_weights.fits
Photometry   : /arc/home/RongjunHuang/ICRAR/further/BaSTI+Chabrier.dat
Output       : /arc/projects/mauve/products/v3tk_v7.6.8_7000/IC3392/IC3392_spatial_binning_maps_further.fits 

Thread control: forcing 16 BLAS/OpenMP threads
Vectorized processing row-block size: 16
Loading: /arc/projects/mauve/products/v3tk_v7.6.8_7000/IC3392/IC3392_spatial_binning_maps.fits
Filename: /arc/projects/mauve/products/v3tk_v7.6.8_7000/IC3392/IC3392_spatial_binning_maps.fits
No.    Name      Ver    Type      Cards   Dimensions   Format
  0  PRIMARY       1 PrimaryHDU       4   ()      
  1  BINID         1 ImageHDU        26   (437, 438)   float64   
  2  FLUX          1 ImageHDU        26   (437, 438)   float64   
  3  SNR           1 ImageHDU        26   (437, 438)   float64   
  4  SNRBIN        1 ImageHDU        26   (437, 438)   float64   
  5  XBIN          1 ImageHDU        26   (437, 438)   float64   
  6  YBIN          1 ImageHDU        26   (437, 438)   float64   
None
Loading: /arc/projects/mauve/products/v3tk_v7.6.8_7000/IC3392/IC3392_sfh_weights.fits
Filename: /arc/projects/mauve/products/v3tk_v7.6.8_7000/IC3392/IC3392_sfh_weights.fits
No.    Name      Ver    Type      Cards   Dimensions   Format
  0  PRIMARY       1 PrimaryHDU      27   ()      
  1  WEIGHTS       1 BinTableHDU     31   3750R x 1C   [477D]   
  2  GRID          1 BinTableHDU     35   477R x 3C   [D, D, D]   
None
Loaded 636 out of 636 rows of data from BaSTI+Chabrier.dat
