Python executable: /arc/home/RongjunHuang/.conda/envs/ICRAR/bin/python
Python 3.13.3
PYTHONUNBUFFERED: 1
Product root     : /arc/projects/mauve/products
Product subdir   : v3tk_v7.6.8_7000
Cube root        : /arc/projects/mauve/cubes/v3tk
PHANGS cube root : <none>
PHANGS VOS dir   : vos:phangs/RELEASES/PHANGS-MUSE/DR1.0/DATACUBES
PHANGS stage root: /scratch
Local fallback   : /arc/home/RongjunHuang/ICRAR/further
MASS_DISABLE_STAT: 0
MASS_NCPUS       : 16
MASS_ROW_BLOCK_SIZE: default


=== Using the following files ===
Product root : /arc/projects/mauve/products
Product subdir: v3tk_v7.6.8_7000
Cube root    : /arc/projects/mauve/cubes/v3tk
Fallback root: /arc/home/RongjunHuang/ICRAR/further
Input keyword: <none>
Cube         : /arc/projects/mauve/cubes/v3tk/NGC4580_DATACUBE_FINAL_WCS_Pall_mad_red_v3tk.fits.gz
Binning map  : /arc/projects/mauve/products/v3tk_v7.6.8_7000/NGC4580/NGC4580_spatial_binning_maps.fits
SFH map      : /arc/projects/mauve/products/v3tk_v7.6.8_7000/NGC4580/NGC4580_sfh_maps.fits
Weights      : /arc/projects/mauve/products/v3tk_v7.6.8_7000/NGC4580/NGC4580_sfh_weights.fits
Photometry   : /arc/home/RongjunHuang/ICRAR/further/BaSTI+Chabrier.dat
Output       : /arc/projects/mauve/products/v3tk_v7.6.8_7000/NGC4580/NGC4580_spatial_binning_maps_further.fits 

Thread control: forcing 16 BLAS/OpenMP threads
Vectorized processing row-block size: 16
Loading: /arc/projects/mauve/products/v3tk_v7.6.8_7000/NGC4580/NGC4580_spatial_binning_maps.fits
Filename: /arc/projects/mauve/products/v3tk_v7.6.8_7000/NGC4580/NGC4580_spatial_binning_maps.fits
No.    Name      Ver    Type      Cards   Dimensions   Format
  0  PRIMARY       1 PrimaryHDU       4   ()      
  1  BINID         1 ImageHDU        26   (647, 619)   float64   
  2  FLUX          1 ImageHDU        26   (647, 619)   float64   
  3  SNR           1 ImageHDU        26   (647, 619)   float64   
  4  SNRBIN        1 ImageHDU        26   (647, 619)   float64   
  5  XBIN          1 ImageHDU        26   (647, 619)   float64   
  6  YBIN          1 ImageHDU        26   (647, 619)   float64   
None
Loading: /arc/projects/mauve/products/v3tk_v7.6.8_7000/NGC4580/NGC4580_sfh_weights.fits
Filename: /arc/projects/mauve/products/v3tk_v7.6.8_7000/NGC4580/NGC4580_sfh_weights.fits
No.    Name      Ver    Type      Cards   Dimensions   Format
  0  PRIMARY       1 PrimaryHDU      27   ()      
  1  WEIGHTS       1 BinTableHDU     31   7232R x 1C   [477D]   
  2  GRID          1 BinTableHDU     35   477R x 3C   [D, D, D]   
None
Loaded 636 out of 636 rows of data from BaSTI+Chabrier.dat
Raw SFH weight-sum [min, p16, p50, p84, max] = [1.0000e+00, 1.0000e+00, 1.0000e+00, 1.0000e+00, 1.0000e+00]
Normalized SFH weight-sum check [min, max] = [1.000000, 1.000000]
Composite ML_R candidates [median] (light_r, light_norm_to_r, light_v_to_r, mass_harmonic) = [1.8605, 1.9397, 1.9814, 0.6262]
Template-library LIGHT normalization for ML_R: /arc/home/RongjunHuang/ICRAR/further/EMILES_baseFe_safe (LMIN=4800.0, LMAX=7000.0 Angstrom)
Selected SFH-weight interpretation for ML_R: light_norm_to_r
BINID range check for ML_R mapping: max BINID=7231, n_weight_rows=7232
Loading: /arc/projects/mauve/cubes/v3tk/NGC4580_DATACUBE_FINAL_WCS_Pall_mad_red_v3tk.fits.gz
Using STAT variance extension for photometric error propagation.
Cube dimensions (nz, ny, nx): 3761, 619, 647
Approx. DATA footprint: 5.61 GiB
Approx. STAT footprint: 5.61 GiB
Building exact speclite linear operator for AB maggies...
  Linear-operator chunk 1/8 (wave bins 0:512, elapsed 0.0s)
  Linear-operator chunk 2/8 (wave bins 512:1024, elapsed 0.0s)
  Linear-operator chunk 3/8 (wave bins 1024:1536, elapsed 0.1s)
  Linear-operator chunk 4/8 (wave bins 1536:2048, elapsed 0.1s)
  Linear-operator chunk 5/8 (wave bins 2048:2560, elapsed 0.1s)
  Linear-operator chunk 6/8 (wave bins 2560:3072, elapsed 0.1s)
  Linear-operator chunk 7/8 (wave bins 3072:3584, elapsed 0.1s)
  Linear-operator chunk 8/8 (wave bins 3584:3761, elapsed 0.1s)
Using contiguous filter-support slice: [641:3441] (2800 bins).
Photometric propagation method: exact discrete first-order Jacobian through speclite AB-maggies operator (support bins=2800/3761).
STAT assumption: independent spectral-bin variances (no covariance provided by cube).
Computing AB maggies with vectorized blocks... (estimated support-slice stream volume: 8.35 GiB, DATA+STAT)
Processed rows 0:16/619 (  2.6%, block 1/39, block 0.38s, elapsed 0.01 min, ETA 0.24 min)
Processed rows 16:32/619 (  5.2%, block 2/39, block 0.44s, elapsed 0.01 min, ETA 0.25 min)
Processed rows 32:48/619 (  7.8%, block 3/39, block 0.39s, elapsed 0.02 min, ETA 0.24 min)
Processed rows 48:64/619 ( 10.3%, block 4/39, block 0.40s, elapsed 0.03 min, ETA 0.23 min)
Processed rows 64:80/619 ( 12.9%, block 5/39, block 0.39s, elapsed 0.03 min, ETA 0.23 min)
Processed rows 80:96/619 ( 15.5%, block 6/39, block 0.38s, elapsed 0.04 min, ETA 0.22 min)
Processed rows 96:112/619 ( 18.1%, block 7/39, block 0.40s, elapsed 0.05 min, ETA 0.21 min)
Processed rows 112:128/619 ( 20.7%, block 8/39, block 0.38s, elapsed 0.05 min, ETA 0.20 min)
Processed rows 128:144/619 ( 23.3%, block 9/39, block 0.39s, elapsed 0.06 min, ETA 0.20 min)
Processed rows 144:160/619 ( 25.8%, block 10/39, block 0.39s, elapsed 0.07 min, ETA 0.19 min)
Processed rows 160:176/619 ( 28.4%, block 11/39, block 0.39s, elapsed 0.07 min, ETA 0.18 min)
Processed rows 176:192/619 ( 31.0%, block 12/39, block 0.40s, elapsed 0.08 min, ETA 0.18 min)
Processed rows 192:208/619 ( 33.6%, block 13/39, block 0.39s, elapsed 0.09 min, ETA 0.17 min)
Processed rows 208:224/619 ( 36.2%, block 14/39, block 0.40s, elapsed 0.09 min, ETA 0.16 min)
Processed rows 224:240/619 ( 38.8%, block 15/39, block 0.40s, elapsed 0.10 min, ETA 0.16 min)
Processed rows 240:256/619 ( 41.4%, block 16/39, block 0.39s, elapsed 0.11 min, ETA 0.15 min)
Processed rows 256:272/619 ( 43.9%, block 17/39, block 0.39s, elapsed 0.11 min, ETA 0.14 min)
Processed rows 272:288/619 ( 46.5%, block 18/39, block 0.39s, elapsed 0.12 min, ETA 0.14 min)
Processed rows 288:304/619 ( 49.1%, block 19/39, block 0.39s, elapsed 0.12 min, ETA 0.13 min)
Processed rows 304:320/619 ( 51.7%, block 20/39, block 0.40s, elapsed 0.13 min, ETA 0.12 min)
Processed rows 320:336/619 ( 54.3%, block 21/39, block 0.39s, elapsed 0.14 min, ETA 0.12 min)
Processed rows 336:352/619 ( 56.9%, block 22/39, block 0.40s, elapsed 0.14 min, ETA 0.11 min)
Processed rows 352:368/619 ( 59.5%, block 23/39, block 0.39s, elapsed 0.15 min, ETA 0.11 min)
Processed rows 368:384/619 ( 62.0%, block 24/39, block 0.39s, elapsed 0.16 min, ETA 0.10 min)
Processed rows 384:400/619 ( 64.6%, block 25/39, block 0.39s, elapsed 0.16 min, ETA 0.09 min)
Processed rows 400:416/619 ( 67.2%, block 26/39, block 0.39s, elapsed 0.17 min, ETA 0.09 min)
Processed rows 416:432/619 ( 69.8%, block 27/39, block 0.39s, elapsed 0.18 min, ETA 0.08 min)
Processed rows 432:448/619 ( 72.4%, block 28/39, block 0.40s, elapsed 0.18 min, ETA 0.07 min)
Processed rows 448:464/619 ( 75.0%, block 29/39, block 0.40s, elapsed 0.19 min, ETA 0.07 min)
Processed rows 464:480/619 ( 77.5%, block 30/39, block 0.41s, elapsed 0.20 min, ETA 0.06 min)
Processed rows 480:496/619 ( 80.1%, block 31/39, block 0.39s, elapsed 0.20 min, ETA 0.05 min)
Processed rows 496:512/619 ( 82.7%, block 32/39, block 0.40s, elapsed 0.21 min, ETA 0.05 min)
Processed rows 512:528/619 ( 85.3%, block 33/39, block 0.40s, elapsed 0.22 min, ETA 0.04 min)
Processed rows 528:544/619 ( 87.9%, block 34/39, block 0.40s, elapsed 0.22 min, ETA 0.03 min)
Processed rows 544:560/619 ( 90.5%, block 35/39, block 0.40s, elapsed 0.23 min, ETA 0.03 min)
Processed rows 560:576/619 ( 93.1%, block 36/39, block 0.40s, elapsed 0.24 min, ETA 0.02 min)
Processed rows 576:592/619 ( 95.6%, block 37/39, block 0.40s, elapsed 0.24 min, ETA 0.01 min)
Processed rows 592:608/619 ( 98.2%, block 38/39, block 0.41s, elapsed 0.25 min, ETA 0.01 min)
Processed rows 608:619/619 (100.0%, block 39/39, block 0.31s, elapsed 0.26 min, ETA 0.00 min)
AB maggies vectorized pass completed in 0.26 min
Estimated effective streaming throughput: 557.6 MiB/s over support-slice read volume
Filter-support fraction [p16, p50, p84] = [0.000000, 0.000000, 1.000000]
Strict all-finite support pixels vs accepted relaxed-support pixels = 181,151 vs 182,032 (threshold=0.9000)
/arc/home/RongjunHuang/ICRAR/further/Mass.py:1396: RuntimeWarning: invalid value encountered in log10
  m_r_map = np.where(maggies_map > 0, -2.5 * np.log10(maggies_map), np.nan).astype(np.float32)
Finite binned flux-error bins: 7232/7232 (STAT=7232, sample=7232)
Finite binned magnitude-error bins: 7232/7232
Median binned relative flux error : 5.7086e-04
Binned magnitude error min/max   : 4.2071e-04 .. 7.8319e-04 mag
Binned magnitude error [p16, p50, p84] = [5.8379e-04, 6.1981e-04, 6.5895e-04] mag
Warning: No EBV error extension found; EBV uncertainty term will be omitted.
R-band magnitude calculation completed!
Filter used: bessell-R
Magnitude range: 21.05 to 27.20
Distance modulus: 31.09 mag
Total R-band magnitude (uncorrected) : 11.671 mag (AB)
Total R-band magnitude (corrected)   : 11.409 mag (AB)
Total R-band luminosity              : 9.715 log10(L☉)
Total stellar mass (R)               : 10.006 log10(M☉)
Integrated stellar M/L_R             : 1.9510 M☉/L☉
Median LOGMSTAR_ERR      : 2.5228e-04 dex
LOGMSTAR_ERR [p16, p50, p84] = [2.3647e-04, 2.5228e-04, 2.7315e-04] dex
LOGMSTAR_ERR min/max     : 1.6828e-04 .. 3.1327e-04 dex
Error budget note (LOGMSTAR): includes photometric+extinction propagation; excludes M/L model, distance, and inclination/area systematic uncertainties.
Saved further file to /arc/projects/mauve/products/v3tk_v7.6.8_7000/NGC4580/NGC4580_spatial_binning_maps_further.fits
M/L_R layer saved ➜ /arc/projects/mauve/products/v3tk_v7.6.8_7000/NGC4580/NGC4580_spatial_binning_maps_further.fits
Stellar-mass layer saved ➜ /arc/projects/mauve/products/v3tk_v7.6.8_7000/NGC4580/NGC4580_spatial_binning_maps_further.fits
Galaxy NGC4580 inclination: 46.0° (cos θ = 0.695)
Inclination correction ENABLED: applying b/a = 0.709 (adopting intrinsic thickness q₀ = 0.2 for disc galaxy)
Median LOGMASS_SURFACE_DENSITY_ERR: 2.5228e-04 dex
LOGMASS_SURFACE_DENSITY_ERR [p16, p50, p84] = [2.3647e-04, 2.5228e-04, 2.7315e-04] dex
LOGMASS_SURFACE_DENSITY_ERR min/max: 1.6828e-04 .. 3.1327e-04 dex
Consistency check |LOGMSTAR_ERR - LOGMASS_SURFACE_DENSITY_ERR| median=0.0000e+00 dex, max=1.0842e-19 dex
Stellar mass surface density layer saved ➜ /arc/projects/mauve/products/v3tk_v7.6.8_7000/NGC4580/NGC4580_spatial_binning_maps_further.fits
r-band magnitude layer saved ➜ /arc/projects/mauve/products/v3tk_v7.6.8_7000/NGC4580/NGC4580_spatial_binning_maps_further.fits
r-band uncorrected magnitude layer saved ➜ /arc/projects/mauve/products/v3tk_v7.6.8_7000/NGC4580/NGC4580_spatial_binning_maps_further.fits
✅  NGC4580 finished in 5m7s
