Python executable: /arc/home/RongjunHuang/.conda/envs/ICRAR/bin/python
Python 3.13.3
PYTHONUNBUFFERED: 1
Product root     : /arc/projects/mauve/products
Product subdir   : v3tk_v7.6.8_7000
Cube root        : /arc/projects/mauve/cubes/v3tk
PHANGS cube root : <none>
PHANGS VOS dir   : vos:phangs/RELEASES/PHANGS-MUSE/DR1.0/DATACUBES
PHANGS stage root: /scratch
Local fallback   : /arc/home/RongjunHuang/ICRAR/further
MASS_DISABLE_STAT: 0
MASS_NCPUS       : 16
MASS_ROW_BLOCK_SIZE: default


=== Using the following files ===
Product root : /arc/projects/mauve/products
Product subdir: v3tk_v7.6.8_7000
Cube root    : /arc/projects/mauve/cubes/v3tk
Fallback root: /arc/home/RongjunHuang/ICRAR/further
Input keyword: <none>
Cube         : /arc/projects/mauve/cubes/v3tk/NGC4457_DATACUBE_FINAL_WCS_Pall_mad_red_v3tk.fits.gz
Binning map  : /arc/projects/mauve/products/v3tk_v7.6.8_7000/NGC4457/NGC4457_spatial_binning_maps.fits
SFH map      : /arc/projects/mauve/products/v3tk_v7.6.8_7000/NGC4457/NGC4457_sfh_maps.fits
Weights      : /arc/projects/mauve/products/v3tk_v7.6.8_7000/NGC4457/NGC4457_sfh_weights.fits
Photometry   : /arc/home/RongjunHuang/ICRAR/further/BaSTI+Chabrier.dat
Output       : /arc/projects/mauve/products/v3tk_v7.6.8_7000/NGC4457/NGC4457_spatial_binning_maps_further.fits 

Thread control: forcing 16 BLAS/OpenMP threads
Vectorized processing row-block size: 16
Loading: /arc/projects/mauve/products/v3tk_v7.6.8_7000/NGC4457/NGC4457_spatial_binning_maps.fits
Filename: /arc/projects/mauve/products/v3tk_v7.6.8_7000/NGC4457/NGC4457_spatial_binning_maps.fits
No.    Name      Ver    Type      Cards   Dimensions   Format
  0  PRIMARY       1 PrimaryHDU       4   ()      
  1  BINID         1 ImageHDU        26   (725, 725)   float64   
  2  FLUX          1 ImageHDU        26   (725, 725)   float64   
  3  SNR           1 ImageHDU        26   (725, 725)   float64   
  4  SNRBIN        1 ImageHDU        26   (725, 725)   float64   
  5  XBIN          1 ImageHDU        26   (725, 725)   float64   
  6  YBIN          1 ImageHDU        26   (725, 725)   float64   
None
Loading: /arc/projects/mauve/products/v3tk_v7.6.8_7000/NGC4457/NGC4457_sfh_weights.fits
Filename: /arc/projects/mauve/products/v3tk_v7.6.8_7000/NGC4457/NGC4457_sfh_weights.fits
No.    Name      Ver    Type      Cards   Dimensions   Format
  0  PRIMARY       1 PrimaryHDU      27   ()      
  1  WEIGHTS       1 BinTableHDU     31   18751R x 1C   [477D]   
  2  GRID          1 BinTableHDU     35   477R x 3C   [D, D, D]   
None
Loaded 636 out of 636 rows of data from BaSTI+Chabrier.dat
Raw SFH weight-sum [min, p16, p50, p84, max] = [1.0000e+00, 1.0000e+00, 1.0000e+00, 1.0000e+00, 1.0000e+00]
Normalized SFH weight-sum check [min, max] = [1.000000, 1.000000]
Composite ML_R candidates [median] (light_r, light_norm_to_r, light_v_to_r, mass_harmonic) = [1.7251, 1.7967, 1.8370, 0.6386]
Template-library LIGHT normalization for ML_R: /arc/home/RongjunHuang/ICRAR/further/EMILES_baseFe_safe (LMIN=4800.0, LMAX=7000.0 Angstrom)
Selected SFH-weight interpretation for ML_R: light_norm_to_r
BINID range check for ML_R mapping: max BINID=18750, n_weight_rows=18751
Loading: /arc/projects/mauve/cubes/v3tk/NGC4457_DATACUBE_FINAL_WCS_Pall_mad_red_v3tk.fits.gz
Using STAT variance extension for photometric error propagation.
Cube dimensions (nz, ny, nx): 3761, 725, 725
Approx. DATA footprint: 7.36 GiB
Approx. STAT footprint: 7.36 GiB
Building exact speclite linear operator for AB maggies...
  Linear-operator chunk 1/8 (wave bins 0:512, elapsed 0.0s)
  Linear-operator chunk 2/8 (wave bins 512:1024, elapsed 0.0s)
  Linear-operator chunk 3/8 (wave bins 1024:1536, elapsed 0.1s)
  Linear-operator chunk 4/8 (wave bins 1536:2048, elapsed 0.1s)
  Linear-operator chunk 5/8 (wave bins 2048:2560, elapsed 0.1s)
  Linear-operator chunk 6/8 (wave bins 2560:3072, elapsed 0.1s)
  Linear-operator chunk 7/8 (wave bins 3072:3584, elapsed 0.1s)
  Linear-operator chunk 8/8 (wave bins 3584:3761, elapsed 0.1s)
Using contiguous filter-support slice: [641:3441] (2800 bins).
Photometric propagation method: exact discrete first-order Jacobian through speclite AB-maggies operator (support bins=2800/3761).
STAT assumption: independent spectral-bin variances (no covariance provided by cube).
Computing AB maggies with vectorized blocks... (estimated support-slice stream volume: 10.97 GiB, DATA+STAT)
Processed rows 0:16/725 (  2.2%, block 1/46, block 0.45s, elapsed 0.01 min, ETA 0.34 min)
Processed rows 16:32/725 (  4.4%, block 2/46, block 0.45s, elapsed 0.01 min, ETA 0.33 min)
Processed rows 32:48/725 (  6.6%, block 3/46, block 0.45s, elapsed 0.02 min, ETA 0.32 min)
Processed rows 48:64/725 (  8.8%, block 4/46, block 0.44s, elapsed 0.03 min, ETA 0.31 min)
Processed rows 64:80/725 ( 11.0%, block 5/46, block 0.43s, elapsed 0.04 min, ETA 0.30 min)
Processed rows 80:96/725 ( 13.2%, block 6/46, block 0.50s, elapsed 0.05 min, ETA 0.30 min)
Processed rows 96:112/725 ( 15.4%, block 7/46, block 0.50s, elapsed 0.05 min, ETA 0.30 min)
Processed rows 112:128/725 ( 17.7%, block 8/46, block 0.48s, elapsed 0.06 min, ETA 0.29 min)
Processed rows 128:144/725 ( 19.9%, block 9/46, block 0.50s, elapsed 0.07 min, ETA 0.29 min)
Processed rows 144:160/725 ( 22.1%, block 10/46, block 0.46s, elapsed 0.08 min, ETA 0.28 min)
Processed rows 160:176/725 ( 24.3%, block 11/46, block 0.49s, elapsed 0.09 min, ETA 0.27 min)
Processed rows 176:192/725 ( 26.5%, block 12/46, block 0.52s, elapsed 0.09 min, ETA 0.27 min)
Processed rows 192:208/725 ( 28.7%, block 13/46, block 0.50s, elapsed 0.10 min, ETA 0.26 min)
Processed rows 208:224/725 ( 30.9%, block 14/46, block 0.49s, elapsed 0.11 min, ETA 0.25 min)
Processed rows 224:240/725 ( 33.1%, block 15/46, block 0.49s, elapsed 0.12 min, ETA 0.25 min)
Processed rows 240:256/725 ( 35.3%, block 16/46, block 0.48s, elapsed 0.13 min, ETA 0.24 min)
Processed rows 256:272/725 ( 37.5%, block 17/46, block 0.50s, elapsed 0.14 min, ETA 0.23 min)
Processed rows 272:288/725 ( 39.7%, block 18/46, block 0.54s, elapsed 0.14 min, ETA 0.22 min)
Processed rows 288:304/725 ( 41.9%, block 19/46, block 0.51s, elapsed 0.15 min, ETA 0.22 min)
Processed rows 304:320/725 ( 44.1%, block 20/46, block 0.47s, elapsed 0.16 min, ETA 0.21 min)
Processed rows 320:336/725 ( 46.3%, block 21/46, block 0.48s, elapsed 0.17 min, ETA 0.20 min)
Processed rows 336:352/725 ( 48.6%, block 22/46, block 0.46s, elapsed 0.18 min, ETA 0.19 min)
Processed rows 352:368/725 ( 50.8%, block 23/46, block 0.46s, elapsed 0.18 min, ETA 0.18 min)
Processed rows 368:384/725 ( 53.0%, block 24/46, block 0.50s, elapsed 0.19 min, ETA 0.18 min)
Processed rows 384:400/725 ( 55.2%, block 25/46, block 0.47s, elapsed 0.20 min, ETA 0.17 min)
Processed rows 400:416/725 ( 57.4%, block 26/46, block 0.49s, elapsed 0.21 min, ETA 0.16 min)
Processed rows 416:432/725 ( 59.6%, block 27/46, block 0.48s, elapsed 0.22 min, ETA 0.15 min)
Processed rows 432:448/725 ( 61.8%, block 28/46, block 0.48s, elapsed 0.22 min, ETA 0.14 min)
Processed rows 448:464/725 ( 64.0%, block 29/46, block 0.47s, elapsed 0.23 min, ETA 0.14 min)
Processed rows 464:480/725 ( 66.2%, block 30/46, block 0.45s, elapsed 0.24 min, ETA 0.13 min)
Processed rows 480:496/725 ( 68.4%, block 31/46, block 0.45s, elapsed 0.25 min, ETA 0.12 min)
Processed rows 496:512/725 ( 70.6%, block 32/46, block 0.46s, elapsed 0.26 min, ETA 0.11 min)
Processed rows 512:528/725 ( 72.8%, block 33/46, block 0.49s, elapsed 0.26 min, ETA 0.10 min)
Processed rows 528:544/725 ( 75.0%, block 34/46, block 0.51s, elapsed 0.27 min, ETA 0.10 min)
Processed rows 544:560/725 ( 77.2%, block 35/46, block 0.51s, elapsed 0.28 min, ETA 0.09 min)
Processed rows 560:576/725 ( 79.4%, block 36/46, block 0.51s, elapsed 0.29 min, ETA 0.08 min)
Processed rows 576:592/725 ( 81.7%, block 37/46, block 0.51s, elapsed 0.30 min, ETA 0.07 min)
Processed rows 592:608/725 ( 83.9%, block 38/46, block 0.52s, elapsed 0.31 min, ETA 0.06 min)
Processed rows 608:624/725 ( 86.1%, block 39/46, block 0.56s, elapsed 0.32 min, ETA 0.06 min)
Processed rows 624:640/725 ( 88.3%, block 40/46, block 0.51s, elapsed 0.32 min, ETA 0.05 min)
Processed rows 640:656/725 ( 90.5%, block 41/46, block 0.53s, elapsed 0.33 min, ETA 0.04 min)
Processed rows 656:672/725 ( 92.7%, block 42/46, block 0.56s, elapsed 0.34 min, ETA 0.03 min)
Processed rows 672:688/725 ( 94.9%, block 43/46, block 0.54s, elapsed 0.35 min, ETA 0.02 min)
Processed rows 688:704/725 ( 97.1%, block 44/46, block 0.54s, elapsed 0.36 min, ETA 0.02 min)
Processed rows 704:720/725 ( 99.3%, block 45/46, block 0.53s, elapsed 0.37 min, ETA 0.01 min)
Processed rows 720:725/725 (100.0%, block 46/46, block 0.16s, elapsed 0.37 min, ETA 0.00 min)
AB maggies vectorized pass completed in 0.37 min
Estimated effective streaming throughput: 504.2 MiB/s over support-slice read volume
Filter-support fraction [p16, p50, p84] = [0.000000, 1.000000, 1.000000]
Strict all-finite support pixels vs accepted relaxed-support pixels = 339,179 vs 340,408 (threshold=0.9000)
Finite binned flux-error bins: 18751/18751 (STAT=18751, sample=18751)
Finite binned magnitude-error bins: 18751/18751
Median binned relative flux error : 5.7370e-04
Binned magnitude error min/max   : 1.0313e-04 .. 1.7767e-03 mag
Binned magnitude error [p16, p50, p84] = [4.8531e-04, 6.2289e-04, 6.9319e-04] mag
Warning: No EBV error extension found; EBV uncertainty term will be omitted.
R-band magnitude calculation completed!
Filter used: bessell-R
Magnitude range: 17.28 to 26.24
Distance modulus: 31.09 mag
Total R-band magnitude (uncorrected) : 10.486 mag (AB)
Total R-band magnitude (corrected)   : 9.974 mag (AB)
Total R-band luminosity              : 10.289 log10(L☉)
Total stellar mass (R)               : 10.550 log10(M☉)
Integrated stellar M/L_R             : 1.8206 M☉/L☉
Median LOGMSTAR_ERR      : 2.6189e-04 dex
LOGMSTAR_ERR [p16, p50, p84] = [2.4193e-04, 2.6189e-04, 2.9537e-04] dex
LOGMSTAR_ERR min/max     : 4.1252e-05 .. 7.1069e-04 dex
Error budget note (LOGMSTAR): includes photometric+extinction propagation; excludes M/L model, distance, and inclination/area systematic uncertainties.
Saved further file to /arc/projects/mauve/products/v3tk_v7.6.8_7000/NGC4457/NGC4457_spatial_binning_maps_further.fits
M/L_R layer saved ➜ /arc/projects/mauve/products/v3tk_v7.6.8_7000/NGC4457/NGC4457_spatial_binning_maps_further.fits
Stellar-mass layer saved ➜ /arc/projects/mauve/products/v3tk_v7.6.8_7000/NGC4457/NGC4457_spatial_binning_maps_further.fits
Galaxy NGC4457 inclination: 37.0° (cos θ = 0.799)
Inclination correction ENABLED: applying b/a = 0.808 (adopting intrinsic thickness q₀ = 0.2 for disc galaxy)
Median LOGMASS_SURFACE_DENSITY_ERR: 2.6189e-04 dex
LOGMASS_SURFACE_DENSITY_ERR [p16, p50, p84] = [2.4193e-04, 2.6189e-04, 2.9537e-04] dex
LOGMASS_SURFACE_DENSITY_ERR min/max: 4.1252e-05 .. 7.1069e-04 dex
Consistency check |LOGMSTAR_ERR - LOGMASS_SURFACE_DENSITY_ERR| median=0.0000e+00 dex, max=1.0842e-19 dex
Stellar mass surface density layer saved ➜ /arc/projects/mauve/products/v3tk_v7.6.8_7000/NGC4457/NGC4457_spatial_binning_maps_further.fits
r-band magnitude layer saved ➜ /arc/projects/mauve/products/v3tk_v7.6.8_7000/NGC4457/NGC4457_spatial_binning_maps_further.fits
r-band uncorrected magnitude layer saved ➜ /arc/projects/mauve/products/v3tk_v7.6.8_7000/NGC4457/NGC4457_spatial_binning_maps_further.fits
✅  NGC4457 finished in 4m23s
