Python executable: /arc/home/RongjunHuang/.conda/envs/ICRAR/bin/python
Python 3.13.3
PYTHONUNBUFFERED: 1
Product root     : /arc/projects/mauve/products
Product subdir   : v3tk_v7.6.8_7000
Cube root        : /arc/projects/mauve/cubes/v3tk
PHANGS cube root : <none>
PHANGS VOS dir   : vos:phangs/RELEASES/PHANGS-MUSE/DR1.0/DATACUBES
PHANGS stage root: /scratch
Local fallback   : /arc/home/RongjunHuang/ICRAR/further
MASS_DISABLE_STAT: 0
MASS_NCPUS       : 16
MASS_ROW_BLOCK_SIZE: default


=== Using the following files ===
Product root : /arc/projects/mauve/products
Product subdir: v3tk_v7.6.8_7000
Cube root    : /arc/projects/mauve/cubes/v3tk
Fallback root: /arc/home/RongjunHuang/ICRAR/further
Input keyword: <none>
Cube         : /arc/projects/mauve/cubes/v3tk/NGC4501_DATACUBE_FINAL_WCS_Pall_mad_red_v3tk.fits.gz
Binning map  : /arc/projects/mauve/products/v3tk_v7.6.8_7000/NGC4501/NGC4501_spatial_binning_maps.fits
SFH map      : /arc/projects/mauve/products/v3tk_v7.6.8_7000/NGC4501/NGC4501_sfh_maps.fits
Weights      : /arc/projects/mauve/products/v3tk_v7.6.8_7000/NGC4501/NGC4501_sfh_weights.fits
Photometry   : /arc/home/RongjunHuang/ICRAR/further/BaSTI+Chabrier.dat
Output       : /arc/projects/mauve/products/v3tk_v7.6.8_7000/NGC4501/NGC4501_spatial_binning_maps_further.fits 

Thread control: forcing 16 BLAS/OpenMP threads
Vectorized processing row-block size: 16
Loading: /arc/projects/mauve/products/v3tk_v7.6.8_7000/NGC4501/NGC4501_spatial_binning_maps.fits
Filename: /arc/projects/mauve/products/v3tk_v7.6.8_7000/NGC4501/NGC4501_spatial_binning_maps.fits
No.    Name      Ver    Type      Cards   Dimensions   Format
  0  PRIMARY       1 PrimaryHDU       4   ()      
  1  BINID         1 ImageHDU        26   (1205, 1236)   float64   
  2  FLUX          1 ImageHDU        26   (1205, 1236)   float64   
  3  SNR           1 ImageHDU        26   (1205, 1236)   float64   
  4  SNRBIN        1 ImageHDU        26   (1205, 1236)   float64   
  5  XBIN          1 ImageHDU        26   (1205, 1236)   float64   
  6  YBIN          1 ImageHDU        26   (1205, 1236)   float64   
None
Loading: /arc/projects/mauve/products/v3tk_v7.6.8_7000/NGC4501/NGC4501_sfh_weights.fits
Filename: /arc/projects/mauve/products/v3tk_v7.6.8_7000/NGC4501/NGC4501_sfh_weights.fits
No.    Name      Ver    Type      Cards   Dimensions   Format
  0  PRIMARY       1 PrimaryHDU      27   ()      
  1  WEIGHTS       1 BinTableHDU     31   69393R x 1C   [477D]   
  2  GRID          1 BinTableHDU     35   477R x 3C   [D, D, D]   
None
Loaded 636 out of 636 rows of data from BaSTI+Chabrier.dat
Raw SFH weight-sum [min, p16, p50, p84, max] = [1.0000e+00, 1.0000e+00, 1.0000e+00, 1.0000e+00, 1.0000e+00]
Normalized SFH weight-sum check [min, max] = [1.000000, 1.000000]
Composite ML_R candidates [median] (light_r, light_norm_to_r, light_v_to_r, mass_harmonic) = [1.9431, 2.0539, 2.1106, 0.5481]
Template-library LIGHT normalization for ML_R: /arc/home/RongjunHuang/ICRAR/further/EMILES_baseFe_safe (LMIN=4800.0, LMAX=7000.0 Angstrom)
Selected SFH-weight interpretation for ML_R: light_norm_to_r
BINID range check for ML_R mapping: max BINID=69392, n_weight_rows=69393
Loading: /arc/projects/mauve/cubes/v3tk/NGC4501_DATACUBE_FINAL_WCS_Pall_mad_red_v3tk.fits.gz
Using STAT variance extension for photometric error propagation.
Cube dimensions (nz, ny, nx): 3761, 1236, 1205
Approx. DATA footprint: 20.87 GiB
Approx. STAT footprint: 20.87 GiB
Building exact speclite linear operator for AB maggies...
  Linear-operator chunk 1/8 (wave bins 0:512, elapsed 0.1s)
  Linear-operator chunk 2/8 (wave bins 512:1024, elapsed 0.1s)
  Linear-operator chunk 3/8 (wave bins 1024:1536, elapsed 0.1s)
  Linear-operator chunk 4/8 (wave bins 1536:2048, elapsed 0.1s)
  Linear-operator chunk 5/8 (wave bins 2048:2560, elapsed 0.1s)
  Linear-operator chunk 6/8 (wave bins 2560:3072, elapsed 0.1s)
  Linear-operator chunk 7/8 (wave bins 3072:3584, elapsed 0.1s)
  Linear-operator chunk 8/8 (wave bins 3584:3761, elapsed 0.1s)
Using contiguous filter-support slice: [641:3441] (2800 bins).
Photometric propagation method: exact discrete first-order Jacobian through speclite AB-maggies operator (support bins=2800/3761).
STAT assumption: independent spectral-bin variances (no covariance provided by cube).
Computing AB maggies with vectorized blocks... (estimated support-slice stream volume: 31.07 GiB, DATA+STAT)
Processed rows 0:16/1236 (  1.3%, block 1/78, block 1.08s, elapsed 0.02 min, ETA 1.38 min)
Processed rows 16:32/1236 (  2.6%, block 2/78, block 0.78s, elapsed 0.03 min, ETA 1.17 min)
Processed rows 32:48/1236 (  3.9%, block 3/78, block 0.79s, elapsed 0.04 min, ETA 1.10 min)
Processed rows 48:64/1236 (  5.2%, block 4/78, block 0.79s, elapsed 0.06 min, ETA 1.06 min)
Processed rows 64:80/1236 (  6.5%, block 5/78, block 0.76s, elapsed 0.07 min, ETA 1.02 min)
Processed rows 80:96/1236 (  7.8%, block 6/78, block 0.79s, elapsed 0.08 min, ETA 1.00 min)
Processed rows 96:112/1236 (  9.1%, block 7/78, block 0.78s, elapsed 0.10 min, ETA 0.98 min)
Processed rows 112:128/1236 ( 10.4%, block 8/78, block 0.77s, elapsed 0.11 min, ETA 0.96 min)
Processed rows 128:144/1236 ( 11.7%, block 9/78, block 0.77s, elapsed 0.12 min, ETA 0.94 min)
Processed rows 144:160/1236 ( 12.9%, block 10/78, block 0.77s, elapsed 0.13 min, ETA 0.92 min)
Processed rows 160:176/1236 ( 14.2%, block 11/78, block 0.79s, elapsed 0.15 min, ETA 0.90 min)
Processed rows 176:192/1236 ( 15.5%, block 12/78, block 0.78s, elapsed 0.16 min, ETA 0.88 min)
Processed rows 192:208/1236 ( 16.8%, block 13/78, block 0.77s, elapsed 0.17 min, ETA 0.87 min)
Processed rows 208:224/1236 ( 18.1%, block 14/78, block 0.77s, elapsed 0.19 min, ETA 0.85 min)
Processed rows 224:240/1236 ( 19.4%, block 15/78, block 0.77s, elapsed 0.20 min, ETA 0.84 min)
Processed rows 240:256/1236 ( 20.7%, block 16/78, block 0.79s, elapsed 0.21 min, ETA 0.82 min)
Processed rows 256:272/1236 ( 22.0%, block 17/78, block 0.76s, elapsed 0.23 min, ETA 0.81 min)
Processed rows 272:288/1236 ( 23.3%, block 18/78, block 0.77s, elapsed 0.24 min, ETA 0.79 min)
Processed rows 288:304/1236 ( 24.6%, block 19/78, block 0.78s, elapsed 0.25 min, ETA 0.78 min)
Processed rows 304:320/1236 ( 25.9%, block 20/78, block 0.79s, elapsed 0.26 min, ETA 0.77 min)
Processed rows 320:336/1236 ( 27.2%, block 21/78, block 0.83s, elapsed 0.28 min, ETA 0.76 min)
Processed rows 336:352/1236 ( 28.5%, block 22/78, block 0.88s, elapsed 0.29 min, ETA 0.75 min)
Processed rows 352:368/1236 ( 29.8%, block 23/78, block 0.85s, elapsed 0.31 min, ETA 0.73 min)
Processed rows 368:384/1236 ( 31.1%, block 24/78, block 0.79s, elapsed 0.32 min, ETA 0.72 min)
Processed rows 384:400/1236 ( 32.4%, block 25/78, block 0.78s, elapsed 0.33 min, ETA 0.71 min)
Processed rows 400:416/1236 ( 33.7%, block 26/78, block 0.78s, elapsed 0.35 min, ETA 0.69 min)
Processed rows 416:432/1236 ( 35.0%, block 27/78, block 0.78s, elapsed 0.36 min, ETA 0.68 min)
Processed rows 432:448/1236 ( 36.2%, block 28/78, block 0.79s, elapsed 0.37 min, ETA 0.66 min)
Processed rows 448:464/1236 ( 37.5%, block 29/78, block 0.77s, elapsed 0.39 min, ETA 0.65 min)
Processed rows 464:480/1236 ( 38.8%, block 30/78, block 0.77s, elapsed 0.40 min, ETA 0.64 min)
Processed rows 480:496/1236 ( 40.1%, block 31/78, block 0.77s, elapsed 0.41 min, ETA 0.62 min)
Processed rows 496:512/1236 ( 41.4%, block 32/78, block 0.77s, elapsed 0.42 min, ETA 0.61 min)
Processed rows 512:528/1236 ( 42.7%, block 33/78, block 0.77s, elapsed 0.44 min, ETA 0.60 min)
Processed rows 528:544/1236 ( 44.0%, block 34/78, block 0.78s, elapsed 0.45 min, ETA 0.58 min)
Processed rows 544:560/1236 ( 45.3%, block 35/78, block 0.78s, elapsed 0.46 min, ETA 0.57 min)
Processed rows 560:576/1236 ( 46.6%, block 36/78, block 0.79s, elapsed 0.48 min, ETA 0.55 min)
Processed rows 576:592/1236 ( 47.9%, block 37/78, block 0.78s, elapsed 0.49 min, ETA 0.54 min)
Processed rows 592:608/1236 ( 49.2%, block 38/78, block 0.80s, elapsed 0.50 min, ETA 0.53 min)
Processed rows 608:624/1236 ( 50.5%, block 39/78, block 0.79s, elapsed 0.52 min, ETA 0.52 min)
Processed rows 624:640/1236 ( 51.8%, block 40/78, block 0.79s, elapsed 0.53 min, ETA 0.50 min)
Processed rows 640:656/1236 ( 53.1%, block 41/78, block 0.82s, elapsed 0.54 min, ETA 0.49 min)
Processed rows 656:672/1236 ( 54.4%, block 42/78, block 0.81s, elapsed 0.56 min, ETA 0.48 min)
Processed rows 672:688/1236 ( 55.7%, block 43/78, block 0.78s, elapsed 0.57 min, ETA 0.46 min)
Processed rows 688:704/1236 ( 57.0%, block 44/78, block 0.80s, elapsed 0.58 min, ETA 0.45 min)
Processed rows 704:720/1236 ( 58.3%, block 45/78, block 0.80s, elapsed 0.60 min, ETA 0.44 min)
Processed rows 720:736/1236 ( 59.5%, block 46/78, block 0.79s, elapsed 0.61 min, ETA 0.42 min)
Processed rows 736:752/1236 ( 60.8%, block 47/78, block 0.80s, elapsed 0.62 min, ETA 0.41 min)
Processed rows 752:768/1236 ( 62.1%, block 48/78, block 0.80s, elapsed 0.63 min, ETA 0.40 min)
Processed rows 768:784/1236 ( 63.4%, block 49/78, block 0.81s, elapsed 0.65 min, ETA 0.38 min)
Processed rows 784:800/1236 ( 64.7%, block 50/78, block 0.81s, elapsed 0.66 min, ETA 0.37 min)
Processed rows 800:816/1236 ( 66.0%, block 51/78, block 0.81s, elapsed 0.68 min, ETA 0.36 min)
Processed rows 816:832/1236 ( 67.3%, block 52/78, block 0.80s, elapsed 0.69 min, ETA 0.34 min)
Processed rows 832:848/1236 ( 68.6%, block 53/78, block 0.83s, elapsed 0.70 min, ETA 0.33 min)
Processed rows 848:864/1236 ( 69.9%, block 54/78, block 0.78s, elapsed 0.72 min, ETA 0.32 min)
Processed rows 864:880/1236 ( 71.2%, block 55/78, block 0.78s, elapsed 0.73 min, ETA 0.30 min)
Processed rows 880:896/1236 ( 72.5%, block 56/78, block 0.78s, elapsed 0.74 min, ETA 0.29 min)
Processed rows 896:912/1236 ( 73.8%, block 57/78, block 0.78s, elapsed 0.75 min, ETA 0.28 min)
Processed rows 912:928/1236 ( 75.1%, block 58/78, block 0.78s, elapsed 0.77 min, ETA 0.26 min)
Processed rows 928:944/1236 ( 76.4%, block 59/78, block 0.77s, elapsed 0.78 min, ETA 0.25 min)
Processed rows 944:960/1236 ( 77.7%, block 60/78, block 0.77s, elapsed 0.79 min, ETA 0.24 min)
Processed rows 960:976/1236 ( 79.0%, block 61/78, block 0.79s, elapsed 0.81 min, ETA 0.22 min)
Processed rows 976:992/1236 ( 80.3%, block 62/78, block 0.79s, elapsed 0.82 min, ETA 0.21 min)
Processed rows 992:1008/1236 ( 81.6%, block 63/78, block 0.79s, elapsed 0.83 min, ETA 0.20 min)
Processed rows 1008:1024/1236 ( 82.8%, block 64/78, block 0.79s, elapsed 0.85 min, ETA 0.19 min)
Processed rows 1024:1040/1236 ( 84.1%, block 65/78, block 0.79s, elapsed 0.86 min, ETA 0.17 min)
Processed rows 1040:1056/1236 ( 85.4%, block 66/78, block 0.78s, elapsed 0.87 min, ETA 0.16 min)
Processed rows 1056:1072/1236 ( 86.7%, block 67/78, block 0.77s, elapsed 0.88 min, ETA 0.15 min)
Processed rows 1072:1088/1236 ( 88.0%, block 68/78, block 0.78s, elapsed 0.90 min, ETA 0.13 min)
Processed rows 1088:1104/1236 ( 89.3%, block 69/78, block 0.77s, elapsed 0.91 min, ETA 0.12 min)
Processed rows 1104:1120/1236 ( 90.6%, block 70/78, block 0.78s, elapsed 0.92 min, ETA 0.11 min)
Processed rows 1120:1136/1236 ( 91.9%, block 71/78, block 0.78s, elapsed 0.94 min, ETA 0.09 min)
Processed rows 1136:1152/1236 ( 93.2%, block 72/78, block 0.78s, elapsed 0.95 min, ETA 0.08 min)
Processed rows 1152:1168/1236 ( 94.5%, block 73/78, block 0.79s, elapsed 0.96 min, ETA 0.07 min)
Processed rows 1168:1184/1236 ( 95.8%, block 74/78, block 0.79s, elapsed 0.98 min, ETA 0.05 min)
Processed rows 1184:1200/1236 ( 97.1%, block 75/78, block 0.79s, elapsed 0.99 min, ETA 0.04 min)
Processed rows 1200:1216/1236 ( 98.4%, block 76/78, block 0.84s, elapsed 1.00 min, ETA 0.03 min)
Processed rows 1216:1232/1236 ( 99.7%, block 77/78, block 0.79s, elapsed 1.02 min, ETA 0.01 min)
Processed rows 1232:1236/1236 (100.0%, block 78/78, block 0.23s, elapsed 1.02 min, ETA 0.00 min)
AB maggies vectorized pass completed in 1.02 min
Estimated effective streaming throughput: 519.8 MiB/s over support-slice read volume
Filter-support fraction [p16, p50, p84] = [0.000000, 0.000000, 1.000000]
Strict all-finite support pixels vs accepted relaxed-support pixels = 665,913 vs 667,464 (threshold=0.9000)
Finite binned flux-error bins: 69393/69393 (STAT=69393, sample=69393)
Finite binned magnitude-error bins: 69393/69393
Median binned relative flux error : 5.9938e-04
Binned magnitude error min/max   : 1.6919e-04 .. 9.7552e-04 mag
Binned magnitude error [p16, p50, p84] = [5.8433e-04, 6.5077e-04, 7.1342e-04] mag
Warning: No EBV error extension found; EBV uncertainty term will be omitted.
R-band magnitude calculation completed!
Filter used: bessell-R
Magnitude range: 18.01 to 25.97
Distance modulus: 31.09 mag
Total R-band magnitude (uncorrected) : 9.364 mag (AB)
Total R-band magnitude (corrected)   : 8.725 mag (AB)
Total R-band luminosity              : 10.789 log10(L☉)
Total stellar mass (R)               : 11.108 log10(M☉)
Integrated stellar M/L_R             : 2.0825 M☉/L☉
Median LOGMSTAR_ERR      : 2.7217e-04 dex
LOGMSTAR_ERR [p16, p50, p84] = [2.4989e-04, 2.7217e-04, 3.0333e-04] dex
LOGMSTAR_ERR min/max     : 6.7677e-05 .. 3.9021e-04 dex
Error budget note (LOGMSTAR): includes photometric+extinction propagation; excludes M/L model, distance, and inclination/area systematic uncertainties.
Saved further file to /arc/projects/mauve/products/v3tk_v7.6.8_7000/NGC4501/NGC4501_spatial_binning_maps_further.fits
M/L_R layer saved ➜ /arc/projects/mauve/products/v3tk_v7.6.8_7000/NGC4501/NGC4501_spatial_binning_maps_further.fits
Stellar-mass layer saved ➜ /arc/projects/mauve/products/v3tk_v7.6.8_7000/NGC4501/NGC4501_spatial_binning_maps_further.fits
Galaxy NGC4501 inclination: 65.0° (cos θ = 0.423)
Inclination correction ENABLED: applying b/a = 0.460 (adopting intrinsic thickness q₀ = 0.2 for disc galaxy)
Median LOGMASS_SURFACE_DENSITY_ERR: 2.7217e-04 dex
LOGMASS_SURFACE_DENSITY_ERR [p16, p50, p84] = [2.4989e-04, 2.7217e-04, 3.0333e-04] dex
LOGMASS_SURFACE_DENSITY_ERR min/max: 6.7677e-05 .. 3.9021e-04 dex
Consistency check |LOGMSTAR_ERR - LOGMASS_SURFACE_DENSITY_ERR| median=0.0000e+00 dex, max=1.6263e-19 dex
Stellar mass surface density layer saved ➜ /arc/projects/mauve/products/v3tk_v7.6.8_7000/NGC4501/NGC4501_spatial_binning_maps_further.fits
r-band magnitude layer saved ➜ /arc/projects/mauve/products/v3tk_v7.6.8_7000/NGC4501/NGC4501_spatial_binning_maps_further.fits
r-band uncorrected magnitude layer saved ➜ /arc/projects/mauve/products/v3tk_v7.6.8_7000/NGC4501/NGC4501_spatial_binning_maps_further.fits
✅  NGC4501 finished in 12m33s
