Python executable: /arc/home/RongjunHuang/.conda/envs/ICRAR/bin/python
Python 3.13.3
PYTHONUNBUFFERED: 1
Product root     : /arc/projects/mauve/products
Product subdir   : v3tk_v7.6.8_7000
Cube root        : /arc/projects/mauve/cubes/v3tk
PHANGS cube root : <none>
PHANGS VOS dir   : vos:phangs/RELEASES/PHANGS-MUSE/DR1.0/DATACUBES
PHANGS stage root: /scratch
Local fallback   : /arc/home/RongjunHuang/ICRAR/further
MASS_DISABLE_STAT: 0
MASS_NCPUS       : 16
MASS_ROW_BLOCK_SIZE: default


=== Using the following files ===
Product root : /arc/projects/mauve/products
Product subdir: v3tk_v7.6.8_7000
Cube root    : /arc/projects/mauve/cubes/v3tk
Fallback root: /arc/home/RongjunHuang/ICRAR/further
Input keyword: <none>
Cube         : /arc/projects/mauve/cubes/v3tk/NGC4698_DATACUBE_FINAL_WCS_Pall_mad_red_v3tk.fits.gz
Binning map  : /arc/projects/mauve/products/v3tk_v7.6.8_7000/NGC4698/NGC4698_spatial_binning_maps.fits
SFH map      : /arc/projects/mauve/products/v3tk_v7.6.8_7000/NGC4698/NGC4698_sfh_maps.fits
Weights      : /arc/projects/mauve/products/v3tk_v7.6.8_7000/NGC4698/NGC4698_sfh_weights.fits
Photometry   : /arc/home/RongjunHuang/ICRAR/further/BaSTI+Chabrier.dat
Output       : /arc/projects/mauve/products/v3tk_v7.6.8_7000/NGC4698/NGC4698_spatial_binning_maps_further.fits 

Thread control: forcing 16 BLAS/OpenMP threads
Vectorized processing row-block size: 16
Loading: /arc/projects/mauve/products/v3tk_v7.6.8_7000/NGC4698/NGC4698_spatial_binning_maps.fits
Filename: /arc/projects/mauve/products/v3tk_v7.6.8_7000/NGC4698/NGC4698_spatial_binning_maps.fits
No.    Name      Ver    Type      Cards   Dimensions   Format
  0  PRIMARY       1 PrimaryHDU       4   ()      
  1  BINID         1 ImageHDU        26   (608, 1189)   float64   
  2  FLUX          1 ImageHDU        26   (608, 1189)   float64   
  3  SNR           1 ImageHDU        26   (608, 1189)   float64   
  4  SNRBIN        1 ImageHDU        26   (608, 1189)   float64   
  5  XBIN          1 ImageHDU        26   (608, 1189)   float64   
  6  YBIN          1 ImageHDU        26   (608, 1189)   float64   
None
Loading: /arc/projects/mauve/products/v3tk_v7.6.8_7000/NGC4698/NGC4698_sfh_weights.fits
Filename: /arc/projects/mauve/products/v3tk_v7.6.8_7000/NGC4698/NGC4698_sfh_weights.fits
No.    Name      Ver    Type      Cards   Dimensions   Format
  0  PRIMARY       1 PrimaryHDU      27   ()      
  1  WEIGHTS       1 BinTableHDU     31   22547R x 1C   [477D]   
  2  GRID          1 BinTableHDU     35   477R x 3C   [D, D, D]   
None
Loaded 636 out of 636 rows of data from BaSTI+Chabrier.dat
Raw SFH weight-sum [min, p16, p50, p84, max] = [1.0000e+00, 1.0000e+00, 1.0000e+00, 1.0000e+00, 1.0000e+00]
Normalized SFH weight-sum check [min, max] = [1.000000, 1.000000]
Composite ML_R candidates [median] (light_r, light_norm_to_r, light_v_to_r, mass_harmonic) = [3.1268, 3.1689, 3.1889, 2.5362]
Template-library LIGHT normalization for ML_R: /arc/home/RongjunHuang/ICRAR/further/EMILES_baseFe_safe (LMIN=4800.0, LMAX=7000.0 Angstrom)
Selected SFH-weight interpretation for ML_R: light_norm_to_r
BINID range check for ML_R mapping: max BINID=22546, n_weight_rows=22547
Loading: /arc/projects/mauve/cubes/v3tk/NGC4698_DATACUBE_FINAL_WCS_Pall_mad_red_v3tk.fits.gz
Using STAT variance extension for photometric error propagation.
Cube dimensions (nz, ny, nx): 3761, 1189, 608
Approx. DATA footprint: 10.13 GiB
Approx. STAT footprint: 10.13 GiB
Building exact speclite linear operator for AB maggies...
  Linear-operator chunk 1/8 (wave bins 0:512, elapsed 0.0s)
  Linear-operator chunk 2/8 (wave bins 512:1024, elapsed 0.0s)
  Linear-operator chunk 3/8 (wave bins 1024:1536, elapsed 0.1s)
  Linear-operator chunk 4/8 (wave bins 1536:2048, elapsed 0.1s)
  Linear-operator chunk 5/8 (wave bins 2048:2560, elapsed 0.1s)
  Linear-operator chunk 6/8 (wave bins 2560:3072, elapsed 0.1s)
  Linear-operator chunk 7/8 (wave bins 3072:3584, elapsed 0.1s)
  Linear-operator chunk 8/8 (wave bins 3584:3761, elapsed 0.1s)
Using contiguous filter-support slice: [641:3441] (2800 bins).
Photometric propagation method: exact discrete first-order Jacobian through speclite AB-maggies operator (support bins=2800/3761).
STAT assumption: independent spectral-bin variances (no covariance provided by cube).
Computing AB maggies with vectorized blocks... (estimated support-slice stream volume: 15.08 GiB, DATA+STAT)
Processed rows 0:16/1189 (  1.3%, block 1/75, block 0.40s, elapsed 0.01 min, ETA 0.49 min)
Processed rows 16:32/1189 (  2.7%, block 2/75, block 0.40s, elapsed 0.01 min, ETA 0.48 min)
Processed rows 32:48/1189 (  4.0%, block 3/75, block 0.39s, elapsed 0.02 min, ETA 0.48 min)
Processed rows 48:64/1189 (  5.4%, block 4/75, block 0.40s, elapsed 0.03 min, ETA 0.47 min)
Processed rows 64:80/1189 (  6.7%, block 5/75, block 0.39s, elapsed 0.03 min, ETA 0.46 min)
Processed rows 80:96/1189 (  8.1%, block 6/75, block 0.39s, elapsed 0.04 min, ETA 0.45 min)
Processed rows 96:112/1189 (  9.4%, block 7/75, block 0.39s, elapsed 0.05 min, ETA 0.45 min)
Processed rows 112:128/1189 ( 10.8%, block 8/75, block 0.39s, elapsed 0.05 min, ETA 0.44 min)
Processed rows 128:144/1189 ( 12.1%, block 9/75, block 0.45s, elapsed 0.06 min, ETA 0.44 min)
Processed rows 144:160/1189 ( 13.5%, block 10/75, block 0.41s, elapsed 0.07 min, ETA 0.43 min)
Processed rows 160:176/1189 ( 14.8%, block 11/75, block 0.41s, elapsed 0.07 min, ETA 0.43 min)
Processed rows 176:192/1189 ( 16.1%, block 12/75, block 0.38s, elapsed 0.08 min, ETA 0.42 min)
Processed rows 192:208/1189 ( 17.5%, block 13/75, block 0.38s, elapsed 0.09 min, ETA 0.41 min)
Processed rows 208:224/1189 ( 18.8%, block 14/75, block 0.39s, elapsed 0.09 min, ETA 0.40 min)
Processed rows 224:240/1189 ( 20.2%, block 15/75, block 0.39s, elapsed 0.10 min, ETA 0.40 min)
Processed rows 240:256/1189 ( 21.5%, block 16/75, block 0.45s, elapsed 0.11 min, ETA 0.39 min)
Processed rows 256:272/1189 ( 22.9%, block 17/75, block 0.38s, elapsed 0.11 min, ETA 0.39 min)
Processed rows 272:288/1189 ( 24.2%, block 18/75, block 0.39s, elapsed 0.12 min, ETA 0.38 min)
Processed rows 288:304/1189 ( 25.6%, block 19/75, block 0.39s, elapsed 0.13 min, ETA 0.37 min)
Processed rows 304:320/1189 ( 26.9%, block 20/75, block 0.38s, elapsed 0.13 min, ETA 0.36 min)
Processed rows 320:336/1189 ( 28.3%, block 21/75, block 0.39s, elapsed 0.14 min, ETA 0.36 min)
Processed rows 336:352/1189 ( 29.6%, block 22/75, block 0.40s, elapsed 0.15 min, ETA 0.35 min)
Processed rows 352:368/1189 ( 31.0%, block 23/75, block 0.38s, elapsed 0.15 min, ETA 0.34 min)
Processed rows 368:384/1189 ( 32.3%, block 24/75, block 0.37s, elapsed 0.16 min, ETA 0.34 min)
Processed rows 384:400/1189 ( 33.6%, block 25/75, block 0.40s, elapsed 0.16 min, ETA 0.33 min)
Processed rows 400:416/1189 ( 35.0%, block 26/75, block 0.37s, elapsed 0.17 min, ETA 0.32 min)
Processed rows 416:432/1189 ( 36.3%, block 27/75, block 0.39s, elapsed 0.18 min, ETA 0.32 min)
Processed rows 432:448/1189 ( 37.7%, block 28/75, block 0.39s, elapsed 0.18 min, ETA 0.31 min)
Processed rows 448:464/1189 ( 39.0%, block 29/75, block 0.38s, elapsed 0.19 min, ETA 0.30 min)
Processed rows 464:480/1189 ( 40.4%, block 30/75, block 0.39s, elapsed 0.20 min, ETA 0.30 min)
Processed rows 480:496/1189 ( 41.7%, block 31/75, block 0.39s, elapsed 0.20 min, ETA 0.29 min)
Processed rows 496:512/1189 ( 43.1%, block 32/75, block 0.38s, elapsed 0.21 min, ETA 0.28 min)
Processed rows 512:528/1189 ( 44.4%, block 33/75, block 0.36s, elapsed 0.22 min, ETA 0.27 min)
Processed rows 528:544/1189 ( 45.8%, block 34/75, block 0.41s, elapsed 0.22 min, ETA 0.27 min)
Processed rows 544:560/1189 ( 47.1%, block 35/75, block 0.37s, elapsed 0.23 min, ETA 0.26 min)
Processed rows 560:576/1189 ( 48.4%, block 36/75, block 0.37s, elapsed 0.23 min, ETA 0.25 min)
Processed rows 576:592/1189 ( 49.8%, block 37/75, block 0.40s, elapsed 0.24 min, ETA 0.25 min)
Processed rows 592:608/1189 ( 51.1%, block 38/75, block 0.36s, elapsed 0.25 min, ETA 0.24 min)
Processed rows 608:624/1189 ( 52.5%, block 39/75, block 0.39s, elapsed 0.25 min, ETA 0.23 min)
Processed rows 624:640/1189 ( 53.8%, block 40/75, block 0.40s, elapsed 0.26 min, ETA 0.23 min)
Processed rows 640:656/1189 ( 55.2%, block 41/75, block 0.39s, elapsed 0.27 min, ETA 0.22 min)
Processed rows 656:672/1189 ( 56.5%, block 42/75, block 0.39s, elapsed 0.27 min, ETA 0.21 min)
Processed rows 672:688/1189 ( 57.9%, block 43/75, block 0.38s, elapsed 0.28 min, ETA 0.21 min)
Processed rows 688:704/1189 ( 59.2%, block 44/75, block 0.39s, elapsed 0.29 min, ETA 0.20 min)
Processed rows 704:720/1189 ( 60.6%, block 45/75, block 0.39s, elapsed 0.29 min, ETA 0.20 min)
Processed rows 720:736/1189 ( 61.9%, block 46/75, block 0.39s, elapsed 0.30 min, ETA 0.19 min)
Processed rows 736:752/1189 ( 63.2%, block 47/75, block 0.39s, elapsed 0.31 min, ETA 0.18 min)
Processed rows 752:768/1189 ( 64.6%, block 48/75, block 0.39s, elapsed 0.31 min, ETA 0.18 min)
Processed rows 768:784/1189 ( 65.9%, block 49/75, block 0.40s, elapsed 0.32 min, ETA 0.17 min)
Processed rows 784:800/1189 ( 67.3%, block 50/75, block 0.39s, elapsed 0.33 min, ETA 0.16 min)
Processed rows 800:816/1189 ( 68.6%, block 51/75, block 0.39s, elapsed 0.33 min, ETA 0.16 min)
Processed rows 816:832/1189 ( 70.0%, block 52/75, block 0.40s, elapsed 0.34 min, ETA 0.15 min)
Processed rows 832:848/1189 ( 71.3%, block 53/75, block 0.39s, elapsed 0.35 min, ETA 0.14 min)
Processed rows 848:864/1189 ( 72.7%, block 54/75, block 0.40s, elapsed 0.35 min, ETA 0.14 min)
Processed rows 864:880/1189 ( 74.0%, block 55/75, block 0.39s, elapsed 0.36 min, ETA 0.13 min)
Processed rows 880:896/1189 ( 75.4%, block 56/75, block 0.40s, elapsed 0.37 min, ETA 0.12 min)
Processed rows 896:912/1189 ( 76.7%, block 57/75, block 0.40s, elapsed 0.37 min, ETA 0.12 min)
Processed rows 912:928/1189 ( 78.0%, block 58/75, block 0.39s, elapsed 0.38 min, ETA 0.11 min)
Processed rows 928:944/1189 ( 79.4%, block 59/75, block 0.39s, elapsed 0.38 min, ETA 0.10 min)
Processed rows 944:960/1189 ( 80.7%, block 60/75, block 0.40s, elapsed 0.39 min, ETA 0.10 min)
Processed rows 960:976/1189 ( 82.1%, block 61/75, block 0.39s, elapsed 0.40 min, ETA 0.09 min)
Processed rows 976:992/1189 ( 83.4%, block 62/75, block 0.39s, elapsed 0.40 min, ETA 0.08 min)
Processed rows 992:1008/1189 ( 84.8%, block 63/75, block 0.40s, elapsed 0.41 min, ETA 0.08 min)
Processed rows 1008:1024/1189 ( 86.1%, block 64/75, block 0.40s, elapsed 0.42 min, ETA 0.07 min)
Processed rows 1024:1040/1189 ( 87.5%, block 65/75, block 0.40s, elapsed 0.42 min, ETA 0.07 min)
Processed rows 1040:1056/1189 ( 88.8%, block 66/75, block 0.40s, elapsed 0.43 min, ETA 0.06 min)
Processed rows 1056:1072/1189 ( 90.2%, block 67/75, block 0.37s, elapsed 0.44 min, ETA 0.05 min)
Processed rows 1072:1088/1189 ( 91.5%, block 68/75, block 0.40s, elapsed 0.44 min, ETA 0.05 min)
Processed rows 1088:1104/1189 ( 92.9%, block 69/75, block 0.36s, elapsed 0.45 min, ETA 0.04 min)
Processed rows 1104:1120/1189 ( 94.2%, block 70/75, block 0.45s, elapsed 0.46 min, ETA 0.03 min)
Processed rows 1120:1136/1189 ( 95.5%, block 71/75, block 0.40s, elapsed 0.46 min, ETA 0.03 min)
Processed rows 1136:1152/1189 ( 96.9%, block 72/75, block 0.40s, elapsed 0.47 min, ETA 0.02 min)
Processed rows 1152:1168/1189 ( 98.2%, block 73/75, block 0.40s, elapsed 0.48 min, ETA 0.01 min)
Processed rows 1168:1184/1189 ( 99.6%, block 74/75, block 0.40s, elapsed 0.48 min, ETA 0.01 min)
Processed rows 1184:1189/1189 (100.0%, block 75/75, block 0.13s, elapsed 0.49 min, ETA 0.00 min)
AB maggies vectorized pass completed in 0.49 min
Estimated effective streaming throughput: 529.6 MiB/s over support-slice read volume
Filter-support fraction [p16, p50, p84] = [0.000000, 0.000000, 1.000000]
Strict all-finite support pixels vs accepted relaxed-support pixels = 353,585 vs 355,002 (threshold=0.9000)
/arc/home/RongjunHuang/ICRAR/further/Mass.py:1396: RuntimeWarning: invalid value encountered in log10
  m_r_map = np.where(maggies_map > 0, -2.5 * np.log10(maggies_map), np.nan).astype(np.float32)
Finite binned flux-error bins: 22547/22547 (STAT=22547, sample=22547)
Finite binned magnitude-error bins: 22547/22547
Median binned relative flux error : 5.9679e-04
Binned magnitude error min/max   : 2.1886e-04 .. 8.9542e-04 mag
Binned magnitude error [p16, p50, p84] = [5.6464e-04, 6.4795e-04, 6.9321e-04] mag
Warning: No EBV error extension found; EBV uncertainty term will be omitted.
R-band magnitude calculation completed!
Filter used: bessell-R
Magnitude range: 19.01 to 26.89
Distance modulus: 31.09 mag
Total R-band magnitude (uncorrected) : 10.501 mag (AB)
Total R-band magnitude (corrected)   : 10.295 mag (AB)
Total R-band luminosity              : 10.161 log10(L☉)
Total stellar mass (R)               : 10.618 log10(M☉)
Integrated stellar M/L_R             : 2.8601 M☉/L☉
Median LOGMSTAR_ERR      : 2.7053e-04 dex
LOGMSTAR_ERR [p16, p50, p84] = [2.5369e-04, 2.7053e-04, 2.8832e-04] dex
LOGMSTAR_ERR min/max     : 8.7542e-05 .. 3.5817e-04 dex
Error budget note (LOGMSTAR): includes photometric+extinction propagation; excludes M/L model, distance, and inclination/area systematic uncertainties.
Saved further file to /arc/projects/mauve/products/v3tk_v7.6.8_7000/NGC4698/NGC4698_spatial_binning_maps_further.fits
M/L_R layer saved ➜ /arc/projects/mauve/products/v3tk_v7.6.8_7000/NGC4698/NGC4698_spatial_binning_maps_further.fits
Stellar-mass layer saved ➜ /arc/projects/mauve/products/v3tk_v7.6.8_7000/NGC4698/NGC4698_spatial_binning_maps_further.fits
Galaxy NGC4698 inclination: 66.0° (cos θ = 0.407)
Inclination correction ENABLED: applying b/a = 0.446 (adopting intrinsic thickness q₀ = 0.2 for disc galaxy)
Median LOGMASS_SURFACE_DENSITY_ERR: 2.7053e-04 dex
LOGMASS_SURFACE_DENSITY_ERR [p16, p50, p84] = [2.5369e-04, 2.7053e-04, 2.8832e-04] dex
LOGMASS_SURFACE_DENSITY_ERR min/max: 8.7542e-05 .. 3.5817e-04 dex
Consistency check |LOGMSTAR_ERR - LOGMASS_SURFACE_DENSITY_ERR| median=0.0000e+00 dex, max=1.3553e-19 dex
Stellar mass surface density layer saved ➜ /arc/projects/mauve/products/v3tk_v7.6.8_7000/NGC4698/NGC4698_spatial_binning_maps_further.fits
r-band magnitude layer saved ➜ /arc/projects/mauve/products/v3tk_v7.6.8_7000/NGC4698/NGC4698_spatial_binning_maps_further.fits
r-band uncorrected magnitude layer saved ➜ /arc/projects/mauve/products/v3tk_v7.6.8_7000/NGC4698/NGC4698_spatial_binning_maps_further.fits
✅  NGC4698 finished in 4m15s
