Python executable: /arc/home/RongjunHuang/.conda/envs/ICRAR/bin/python
Python 3.13.3
PYTHONUNBUFFERED: 1
Product root     : /arc/projects/mauve/products
Product subdir   : v3tk_v7.6.8_7000
Cube root        : /arc/projects/mauve/cubes/v3tk
PHANGS cube root : <none>
PHANGS VOS dir   : vos:phangs/RELEASES/PHANGS-MUSE/DR1.0/DATACUBES
PHANGS stage root: /scratch
Local fallback   : /arc/home/RongjunHuang/ICRAR/further
MASS_DISABLE_STAT: 0
MASS_NCPUS       : 16
MASS_ROW_BLOCK_SIZE: default

Staging PHANGS cube: vos:phangs/RELEASES/PHANGS-MUSE/DR1.0/DATACUBES/NGC4254_PHANGS_DATACUBE_native.fits -> /scratch/NGC4254_PHANGS_DATACUBE_native.fits
WARNING: Current version vos 3.6.3. A newer version, 3.6.4, is available on PyPI

=== Using the following files ===
Product root : /arc/projects/mauve/products
Product subdir: v3tk_v7.6.8_7000
Cube root    : /arc/projects/mauve/cubes/v3tk
PHANGS cube root: /scratch
Fallback root: /arc/home/RongjunHuang/ICRAR/further
Input keyword: <none>
Cube         : /scratch/NGC4254_PHANGS_DATACUBE_native.fits
Binning map  : /arc/projects/mauve/products/v3tk_v7.6.8_7000/NGC4254/NGC4254_spatial_binning_maps.fits
SFH map      : /arc/projects/mauve/products/v3tk_v7.6.8_7000/NGC4254/NGC4254_sfh_maps.fits
Weights      : /arc/projects/mauve/products/v3tk_v7.6.8_7000/NGC4254/NGC4254_sfh_weights.fits
Photometry   : /arc/home/RongjunHuang/ICRAR/further/BaSTI+Chabrier.dat
Output       : /arc/projects/mauve/products/v3tk_v7.6.8_7000/NGC4254/NGC4254_spatial_binning_maps_further.fits 

Thread control: forcing 16 BLAS/OpenMP threads
Vectorized processing row-block size: 16
Loading: /arc/projects/mauve/products/v3tk_v7.6.8_7000/NGC4254/NGC4254_spatial_binning_maps.fits
Filename: /arc/projects/mauve/products/v3tk_v7.6.8_7000/NGC4254/NGC4254_spatial_binning_maps.fits
No.    Name      Ver    Type      Cards   Dimensions   Format
  0  PRIMARY       1 PrimaryHDU       4   ()      
  1  BINID         1 ImageHDU        26   (1012, 1190)   float64   
  2  FLUX          1 ImageHDU        26   (1012, 1190)   float64   
  3  SNR           1 ImageHDU        26   (1012, 1190)   float64   
  4  SNRBIN        1 ImageHDU        26   (1012, 1190)   float64   
  5  XBIN          1 ImageHDU        26   (1012, 1190)   float64   
  6  YBIN          1 ImageHDU        26   (1012, 1190)   float64   
None
Loading: /arc/projects/mauve/products/v3tk_v7.6.8_7000/NGC4254/NGC4254_sfh_weights.fits
Filename: /arc/projects/mauve/products/v3tk_v7.6.8_7000/NGC4254/NGC4254_sfh_weights.fits
No.    Name      Ver    Type      Cards   Dimensions   Format
  0  PRIMARY       1 PrimaryHDU      27   ()      
  1  WEIGHTS       1 BinTableHDU     31   42293R x 1C   [477D]   
  2  GRID          1 BinTableHDU     35   477R x 3C   [D, D, D]   
None
Loaded 636 out of 636 rows of data from BaSTI+Chabrier.dat
Raw SFH weight-sum [min, p16, p50, p84, max] = [1.0000e+00, 1.0000e+00, 1.0000e+00, 1.0000e+00, 1.0000e+00]
Normalized SFH weight-sum check [min, max] = [1.000000, 1.000000]
Composite ML_R candidates [median] (light_r, light_norm_to_r, light_v_to_r, mass_harmonic) = [0.8381, 0.9083, 0.9456, 0.2675]
Template-library LIGHT normalization for ML_R: /arc/home/RongjunHuang/ICRAR/further/EMILES_baseFe_safe (LMIN=4800.0, LMAX=7000.0 Angstrom)
Selected SFH-weight interpretation for ML_R: light_norm_to_r
BINID range check for ML_R mapping: max BINID=42292, n_weight_rows=42293
Loading: /scratch/NGC4254_PHANGS_DATACUBE_native.fits
Using STAT variance extension for photometric error propagation.
Cube dimensions (nz, ny, nx): 3761, 1190, 1012
Approx. DATA footprint: 16.87 GiB
Approx. STAT footprint: 16.87 GiB
Building exact speclite linear operator for AB maggies...
  Linear-operator chunk 1/8 (wave bins 0:512, elapsed 0.0s)
  Linear-operator chunk 2/8 (wave bins 512:1024, elapsed 0.0s)
  Linear-operator chunk 3/8 (wave bins 1024:1536, elapsed 0.1s)
  Linear-operator chunk 4/8 (wave bins 1536:2048, elapsed 0.1s)
  Linear-operator chunk 5/8 (wave bins 2048:2560, elapsed 0.1s)
  Linear-operator chunk 6/8 (wave bins 2560:3072, elapsed 0.1s)
  Linear-operator chunk 7/8 (wave bins 3072:3584, elapsed 0.1s)
  Linear-operator chunk 8/8 (wave bins 3584:3761, elapsed 0.1s)
Using contiguous filter-support slice: [641:3441] (2800 bins).
Photometric propagation method: exact discrete first-order Jacobian through speclite AB-maggies operator (support bins=2800/3761).
STAT assumption: independent spectral-bin variances (no covariance provided by cube).
Computing AB maggies with vectorized blocks... (estimated support-slice stream volume: 25.12 GiB, DATA+STAT)
Processed rows 0:16/1190 (  1.3%, block 1/75, block 0.63s, elapsed 0.01 min, ETA 0.78 min)
Processed rows 16:32/1190 (  2.7%, block 2/75, block 0.62s, elapsed 0.02 min, ETA 0.76 min)
Processed rows 32:48/1190 (  4.0%, block 3/75, block 0.61s, elapsed 0.03 min, ETA 0.74 min)
Processed rows 48:64/1190 (  5.4%, block 4/75, block 0.60s, elapsed 0.04 min, ETA 0.73 min)
Processed rows 64:80/1190 (  6.7%, block 5/75, block 0.60s, elapsed 0.05 min, ETA 0.71 min)
Processed rows 80:96/1190 (  8.1%, block 6/75, block 0.60s, elapsed 0.06 min, ETA 0.70 min)
Processed rows 96:112/1190 (  9.4%, block 7/75, block 0.61s, elapsed 0.07 min, ETA 0.69 min)
Processed rows 112:128/1190 ( 10.8%, block 8/75, block 0.62s, elapsed 0.08 min, ETA 0.68 min)
Processed rows 128:144/1190 ( 12.1%, block 9/75, block 0.63s, elapsed 0.09 min, ETA 0.68 min)
Processed rows 144:160/1190 ( 13.4%, block 10/75, block 0.61s, elapsed 0.10 min, ETA 0.67 min)
Processed rows 160:176/1190 ( 14.8%, block 11/75, block 0.65s, elapsed 0.11 min, ETA 0.66 min)
Processed rows 176:192/1190 ( 16.1%, block 12/75, block 0.63s, elapsed 0.12 min, ETA 0.65 min)
Processed rows 192:208/1190 ( 17.5%, block 13/75, block 0.62s, elapsed 0.13 min, ETA 0.64 min)
Processed rows 208:224/1190 ( 18.8%, block 14/75, block 0.62s, elapsed 0.14 min, ETA 0.63 min)
Processed rows 224:240/1190 ( 20.2%, block 15/75, block 0.62s, elapsed 0.15 min, ETA 0.62 min)
Processed rows 240:256/1190 ( 21.5%, block 16/75, block 0.62s, elapsed 0.16 min, ETA 0.61 min)
Processed rows 256:272/1190 ( 22.9%, block 17/75, block 0.64s, elapsed 0.18 min, ETA 0.60 min)
Processed rows 272:288/1190 ( 24.2%, block 18/75, block 0.64s, elapsed 0.19 min, ETA 0.59 min)
Processed rows 288:304/1190 ( 25.5%, block 19/75, block 0.67s, elapsed 0.20 min, ETA 0.58 min)
Processed rows 304:320/1190 ( 26.9%, block 20/75, block 0.67s, elapsed 0.21 min, ETA 0.57 min)
Processed rows 320:336/1190 ( 28.2%, block 21/75, block 0.64s, elapsed 0.22 min, ETA 0.56 min)
Processed rows 336:352/1190 ( 29.6%, block 22/75, block 0.65s, elapsed 0.23 min, ETA 0.55 min)
Processed rows 352:368/1190 ( 30.9%, block 23/75, block 0.64s, elapsed 0.24 min, ETA 0.54 min)
Processed rows 368:384/1190 ( 32.3%, block 24/75, block 0.63s, elapsed 0.25 min, ETA 0.53 min)
Processed rows 384:400/1190 ( 33.6%, block 25/75, block 0.63s, elapsed 0.26 min, ETA 0.52 min)
Processed rows 400:416/1190 ( 35.0%, block 26/75, block 0.64s, elapsed 0.27 min, ETA 0.51 min)
Processed rows 416:432/1190 ( 36.3%, block 27/75, block 0.66s, elapsed 0.28 min, ETA 0.50 min)
Processed rows 432:448/1190 ( 37.6%, block 28/75, block 0.64s, elapsed 0.29 min, ETA 0.49 min)
Processed rows 448:464/1190 ( 39.0%, block 29/75, block 0.64s, elapsed 0.31 min, ETA 0.48 min)
Processed rows 464:480/1190 ( 40.3%, block 30/75, block 0.64s, elapsed 0.32 min, ETA 0.47 min)
Processed rows 480:496/1190 ( 41.7%, block 31/75, block 0.67s, elapsed 0.33 min, ETA 0.46 min)
Processed rows 496:512/1190 ( 43.0%, block 32/75, block 0.65s, elapsed 0.34 min, ETA 0.45 min)
Processed rows 512:528/1190 ( 44.4%, block 33/75, block 0.66s, elapsed 0.35 min, ETA 0.44 min)
Processed rows 528:544/1190 ( 45.7%, block 34/75, block 0.65s, elapsed 0.36 min, ETA 0.43 min)
Processed rows 544:560/1190 ( 47.1%, block 35/75, block 0.66s, elapsed 0.37 min, ETA 0.42 min)
Processed rows 560:576/1190 ( 48.4%, block 36/75, block 0.65s, elapsed 0.38 min, ETA 0.41 min)
Processed rows 576:592/1190 ( 49.7%, block 37/75, block 0.64s, elapsed 0.39 min, ETA 0.40 min)
Processed rows 592:608/1190 ( 51.1%, block 38/75, block 0.66s, elapsed 0.40 min, ETA 0.39 min)
Processed rows 608:624/1190 ( 52.4%, block 39/75, block 0.68s, elapsed 0.41 min, ETA 0.38 min)
Processed rows 624:640/1190 ( 53.8%, block 40/75, block 0.68s, elapsed 0.43 min, ETA 0.37 min)
Processed rows 640:656/1190 ( 55.1%, block 41/75, block 0.65s, elapsed 0.44 min, ETA 0.36 min)
Processed rows 656:672/1190 ( 56.5%, block 42/75, block 0.67s, elapsed 0.45 min, ETA 0.35 min)
Processed rows 672:688/1190 ( 57.8%, block 43/75, block 0.67s, elapsed 0.46 min, ETA 0.34 min)
Processed rows 688:704/1190 ( 59.2%, block 44/75, block 0.68s, elapsed 0.47 min, ETA 0.33 min)
Processed rows 704:720/1190 ( 60.5%, block 45/75, block 0.64s, elapsed 0.48 min, ETA 0.32 min)
Processed rows 720:736/1190 ( 61.8%, block 46/75, block 0.64s, elapsed 0.49 min, ETA 0.31 min)
Processed rows 736:752/1190 ( 63.2%, block 47/75, block 0.63s, elapsed 0.50 min, ETA 0.30 min)
Processed rows 752:768/1190 ( 64.5%, block 48/75, block 0.64s, elapsed 0.51 min, ETA 0.29 min)
Processed rows 768:784/1190 ( 65.9%, block 49/75, block 0.63s, elapsed 0.52 min, ETA 0.28 min)
Processed rows 784:800/1190 ( 67.2%, block 50/75, block 0.65s, elapsed 0.53 min, ETA 0.27 min)
Processed rows 800:816/1190 ( 68.6%, block 51/75, block 0.68s, elapsed 0.55 min, ETA 0.26 min)
Processed rows 816:832/1190 ( 69.9%, block 52/75, block 0.65s, elapsed 0.56 min, ETA 0.25 min)
Processed rows 832:848/1190 ( 71.3%, block 53/75, block 0.67s, elapsed 0.57 min, ETA 0.24 min)
Processed rows 848:864/1190 ( 72.6%, block 54/75, block 0.68s, elapsed 0.58 min, ETA 0.22 min)
Processed rows 864:880/1190 ( 73.9%, block 55/75, block 0.65s, elapsed 0.59 min, ETA 0.21 min)
Processed rows 880:896/1190 ( 75.3%, block 56/75, block 0.64s, elapsed 0.60 min, ETA 0.20 min)
Processed rows 896:912/1190 ( 76.6%, block 57/75, block 0.66s, elapsed 0.61 min, ETA 0.19 min)
Processed rows 912:928/1190 ( 78.0%, block 58/75, block 0.65s, elapsed 0.62 min, ETA 0.18 min)
Processed rows 928:944/1190 ( 79.3%, block 59/75, block 0.65s, elapsed 0.63 min, ETA 0.17 min)
Processed rows 944:960/1190 ( 80.7%, block 60/75, block 0.65s, elapsed 0.64 min, ETA 0.16 min)
Processed rows 960:976/1190 ( 82.0%, block 61/75, block 0.65s, elapsed 0.65 min, ETA 0.15 min)
Processed rows 976:992/1190 ( 83.4%, block 62/75, block 0.64s, elapsed 0.67 min, ETA 0.14 min)
Processed rows 992:1008/1190 ( 84.7%, block 63/75, block 0.65s, elapsed 0.68 min, ETA 0.13 min)
Processed rows 1008:1024/1190 ( 86.1%, block 64/75, block 0.63s, elapsed 0.69 min, ETA 0.12 min)
Processed rows 1024:1040/1190 ( 87.4%, block 65/75, block 0.67s, elapsed 0.70 min, ETA 0.11 min)
Processed rows 1040:1056/1190 ( 88.7%, block 66/75, block 0.64s, elapsed 0.71 min, ETA 0.10 min)
Processed rows 1056:1072/1190 ( 90.1%, block 67/75, block 0.64s, elapsed 0.72 min, ETA 0.09 min)
Processed rows 1072:1088/1190 ( 91.4%, block 68/75, block 0.64s, elapsed 0.73 min, ETA 0.08 min)
Processed rows 1088:1104/1190 ( 92.8%, block 69/75, block 0.65s, elapsed 0.74 min, ETA 0.06 min)
Processed rows 1104:1120/1190 ( 94.1%, block 70/75, block 0.65s, elapsed 0.75 min, ETA 0.05 min)
Processed rows 1120:1136/1190 ( 95.5%, block 71/75, block 0.65s, elapsed 0.76 min, ETA 0.04 min)
Processed rows 1136:1152/1190 ( 96.8%, block 72/75, block 0.68s, elapsed 0.77 min, ETA 0.03 min)
Processed rows 1152:1168/1190 ( 98.2%, block 73/75, block 0.65s, elapsed 0.78 min, ETA 0.02 min)
Processed rows 1168:1184/1190 ( 99.5%, block 74/75, block 0.64s, elapsed 0.79 min, ETA 0.01 min)
Processed rows 1184:1190/1190 (100.0%, block 75/75, block 0.26s, elapsed 0.80 min, ETA 0.00 min)
AB maggies vectorized pass completed in 0.80 min
Estimated effective streaming throughput: 536.4 MiB/s over support-slice read volume
Filter-support fraction [p16, p50, p84] = [0.913533, 0.914239, 0.914239]
Strict all-finite support pixels vs accepted relaxed-support pixels = 0 vs 1,047,000 (threshold=0.9000)
/arc/home/RongjunHuang/ICRAR/further/Mass.py:1396: RuntimeWarning: invalid value encountered in log10
  m_r_map = np.where(maggies_map > 0, -2.5 * np.log10(maggies_map), np.nan).astype(np.float32)
Finite binned flux-error bins: 42293/42293 (STAT=42293, sample=42293)
Finite binned magnitude-error bins: 42293/42293
Median binned relative flux error : 5.9409e-04
Binned magnitude error min/max   : 3.0668e-04 .. 9.7474e-04 mag
Binned magnitude error [p16, p50, p84] = [5.9861e-04, 6.4502e-04, 6.9491e-04] mag
Warning: No EBV error extension found; EBV uncertainty term will be omitted.
R-band magnitude calculation completed!
Filter used: bessell-R
Magnitude range: 18.57 to 27.94
Distance modulus: 31.09 mag
Total R-band magnitude (uncorrected) : 9.668 mag (AB)
Total R-band magnitude (corrected)   : 9.193 mag (AB)
Total R-band luminosity              : 10.602 log10(L☉)
Total stellar mass (R)               : 10.565 log10(M☉)
Integrated stellar M/L_R             : 0.9190 M☉/L☉
Median LOGMSTAR_ERR      : 2.6818e-04 dex
LOGMSTAR_ERR [p16, p50, p84] = [2.4905e-04, 2.6818e-04, 2.8825e-04] dex
LOGMSTAR_ERR min/max     : 1.2267e-04 .. 3.8990e-04 dex
Error budget note (LOGMSTAR): includes photometric+extinction propagation; excludes M/L model, distance, and inclination/area systematic uncertainties.
Saved further file to /arc/projects/mauve/products/v3tk_v7.6.8_7000/NGC4254/NGC4254_spatial_binning_maps_further.fits
M/L_R layer saved ➜ /arc/projects/mauve/products/v3tk_v7.6.8_7000/NGC4254/NGC4254_spatial_binning_maps_further.fits
Stellar-mass layer saved ➜ /arc/projects/mauve/products/v3tk_v7.6.8_7000/NGC4254/NGC4254_spatial_binning_maps_further.fits
Galaxy NGC4254 inclination: 39.0° (cos θ = 0.777)
Inclination correction ENABLED: applying b/a = 0.787 (adopting intrinsic thickness q₀ = 0.2 for disc galaxy)
Median LOGMASS_SURFACE_DENSITY_ERR: 2.6818e-04 dex
LOGMASS_SURFACE_DENSITY_ERR [p16, p50, p84] = [2.4905e-04, 2.6818e-04, 2.8825e-04] dex
LOGMASS_SURFACE_DENSITY_ERR min/max: 1.2267e-04 .. 3.8990e-04 dex
Consistency check |LOGMSTAR_ERR - LOGMASS_SURFACE_DENSITY_ERR| median=0.0000e+00 dex, max=1.0842e-19 dex
Stellar mass surface density layer saved ➜ /arc/projects/mauve/products/v3tk_v7.6.8_7000/NGC4254/NGC4254_spatial_binning_maps_further.fits
r-band magnitude layer saved ➜ /arc/projects/mauve/products/v3tk_v7.6.8_7000/NGC4254/NGC4254_spatial_binning_maps_further.fits
r-band uncorrected magnitude layer saved ➜ /arc/projects/mauve/products/v3tk_v7.6.8_7000/NGC4254/NGC4254_spatial_binning_maps_further.fits
✅  NGC4254 finished in 16m17s
