Python executable: /arc/home/RongjunHuang/.conda/envs/ICRAR/bin/python
Python 3.13.3
PYTHONUNBUFFERED: 1
CANFAR base root : /arc/projects/mauve
Local fallback   : /arc/home/RongjunHuang/ICRAR/extended
MASS_DISABLE_STAT: 0
MASS_NCPUS       : 16
MASS_ROW_BLOCK_SIZE: default


=== Using the following files ===
Primary root : /arc/projects/mauve
Fallback root: /arc/home/RongjunHuang/ICRAR/extended
Cube         : /arc/projects/mauve/cubes/v3.0/NGC4501_DATACUBE_FINAL_WCS_Pall_mad_red_v3.fits
Binning map  : /arc/projects/mauve/products/v0.6/NGC4501/NGC4501_SPATIAL_BINNING_maps.fits
SFH map      : /arc/projects/mauve/products/v0.6/NGC4501/NGC4501_SFH_maps.fits
Weights      : /arc/projects/mauve/products/v0.6/NGC4501/NGC4501_sfh-weights.fits
Photometry   : BaSTI+Chabrier.dat
Output       : NGC4501_SPATIAL_BINNING_maps_extended.fits 

Thread control: forcing 16 BLAS/OpenMP threads
Vectorized processing row-block size: 8
Loading: /arc/projects/mauve/products/v0.6/NGC4501/NGC4501_SPATIAL_BINNING_maps.fits
Filename: /arc/projects/mauve/products/v0.6/NGC4501/NGC4501_SPATIAL_BINNING_maps.fits
No.    Name      Ver    Type      Cards   Dimensions   Format
  0  PRIMARY       1 PrimaryHDU       4   ()      
  1  BINID         1 ImageHDU        26   (1205, 1236)   float64   
  2  FLUX          1 ImageHDU        26   (1205, 1236)   float64   
  3  SNR           1 ImageHDU        26   (1205, 1236)   float64   
  4  SNRBIN        1 ImageHDU        26   (1205, 1236)   float64   
  5  XBIN          1 ImageHDU        26   (1205, 1236)   float64   
  6  YBIN          1 ImageHDU        26   (1205, 1236)   float64   
None
Loading: /arc/projects/mauve/products/v0.6/NGC4501/NGC4501_sfh-weights.fits
Filename: /arc/projects/mauve/products/v0.6/NGC4501/NGC4501_sfh-weights.fits
No.    Name      Ver    Type      Cards   Dimensions   Format
  0  PRIMARY       1 PrimaryHDU      23   ()      
  1  WEIGHTS       1 BinTableHDU     27   75413R x 1C   [477D]   
  2  GRID          1 BinTableHDU     31   477R x 3C   [D, D, D]   
None
Loaded 636 out of 636 rows of data from BaSTI+Chabrier.dat
Loading: /arc/projects/mauve/cubes/v3.0/NGC4501_DATACUBE_FINAL_WCS_Pall_mad_red_v3.fits
Using STAT variance extension for photometric error propagation.
Cube dimensions (nz, ny, nx): 3761, 1236, 1205
Approx. DATA footprint: 20.87 GiB
Approx. STAT footprint: 20.87 GiB
Building exact speclite linear operator for AB maggies...
  Linear-operator chunk 1/8 (wave bins 0:512, elapsed 0.0s)
  Linear-operator chunk 2/8 (wave bins 512:1024, elapsed 0.0s)
  Linear-operator chunk 3/8 (wave bins 1024:1536, elapsed 0.1s)
  Linear-operator chunk 4/8 (wave bins 1536:2048, elapsed 0.1s)
  Linear-operator chunk 5/8 (wave bins 2048:2560, elapsed 0.1s)
  Linear-operator chunk 6/8 (wave bins 2560:3072, elapsed 0.1s)
  Linear-operator chunk 7/8 (wave bins 3072:3584, elapsed 0.1s)
  Linear-operator chunk 8/8 (wave bins 3584:3761, elapsed 0.1s)
Using contiguous filter-support slice: [641:3441] (2800 bins).
Photometric propagation method: exact discrete first-order Jacobian through speclite AB-maggies operator (support bins=2800/3761).
STAT assumption: independent spectral-bin variances (no covariance provided by cube).
Computing AB maggies with vectorized blocks... (estimated support-slice stream volume: 31.07 GiB, DATA+STAT)
Processed rows 0:8/1236 (  0.6%, block 1/155, block 1638.49s, elapsed 27.31 min, ETA 4205.46 min)
Processed rows 8:16/1236 (  1.3%, block 2/155, block 0.42s, elapsed 27.32 min, ETA 2089.61 min)
Processed rows 24:32/1236 (  2.6%, block 4/155, block 0.40s, elapsed 27.33 min, ETA 1031.66 min)
Processed rows 40:48/1236 (  3.9%, block 6/155, block 0.39s, elapsed 27.34 min, ETA 679.00 min)
Processed rows 56:64/1236 (  5.2%, block 8/155, block 0.38s, elapsed 27.36 min, ETA 502.65 min)
Processed rows 72:80/1236 (  6.5%, block 10/155, block 0.39s, elapsed 27.37 min, ETA 396.84 min)
Processed rows 88:96/1236 (  7.8%, block 12/155, block 0.39s, elapsed 27.38 min, ETA 326.29 min)
Processed rows 104:112/1236 (  9.1%, block 14/155, block 0.38s, elapsed 27.39 min, ETA 275.90 min)
Processed rows 120:128/1236 ( 10.4%, block 16/155, block 0.39s, elapsed 27.41 min, ETA 238.10 min)
Processed rows 136:144/1236 ( 11.7%, block 18/155, block 0.37s, elapsed 27.42 min, ETA 208.70 min)
Processed rows 152:160/1236 ( 12.9%, block 20/155, block 0.38s, elapsed 27.43 min, ETA 185.17 min)
Processed rows 168:176/1236 ( 14.2%, block 22/155, block 0.38s, elapsed 27.45 min, ETA 165.92 min)
Processed rows 184:192/1236 ( 15.5%, block 24/155, block 0.39s, elapsed 27.46 min, ETA 149.88 min)
Processed rows 200:208/1236 ( 16.8%, block 26/155, block 0.40s, elapsed 27.47 min, ETA 136.30 min)
Processed rows 216:224/1236 ( 18.1%, block 28/155, block 0.40s, elapsed 27.49 min, ETA 124.67 min)
Processed rows 232:240/1236 ( 19.4%, block 30/155, block 0.39s, elapsed 27.50 min, ETA 114.58 min)
Processed rows 248:256/1236 ( 20.7%, block 32/155, block 0.39s, elapsed 27.51 min, ETA 105.75 min)
Processed rows 264:272/1236 ( 22.0%, block 34/155, block 0.39s, elapsed 27.53 min, ETA 97.96 min)
Processed rows 280:288/1236 ( 23.3%, block 36/155, block 0.40s, elapsed 27.54 min, ETA 91.03 min)
Processed rows 296:304/1236 ( 24.6%, block 38/155, block 0.39s, elapsed 27.55 min, ETA 84.83 min)
Processed rows 312:320/1236 ( 25.9%, block 40/155, block 0.39s, elapsed 27.57 min, ETA 79.25 min)
Processed rows 328:336/1236 ( 27.2%, block 42/155, block 0.39s, elapsed 27.58 min, ETA 74.20 min)
Processed rows 344:352/1236 ( 28.5%, block 44/155, block 0.39s, elapsed 27.59 min, ETA 69.61 min)
Processed rows 360:368/1236 ( 29.8%, block 46/155, block 0.40s, elapsed 27.61 min, ETA 65.41 min)
Processed rows 376:384/1236 ( 31.1%, block 48/155, block 0.40s, elapsed 27.62 min, ETA 61.57 min)
Processed rows 392:400/1236 ( 32.4%, block 50/155, block 0.40s, elapsed 27.63 min, ETA 58.03 min)
Processed rows 408:416/1236 ( 33.7%, block 52/155, block 0.38s, elapsed 27.65 min, ETA 54.76 min)
Processed rows 424:432/1236 ( 35.0%, block 54/155, block 0.39s, elapsed 27.66 min, ETA 51.73 min)
Processed rows 440:448/1236 ( 36.2%, block 56/155, block 0.38s, elapsed 27.68 min, ETA 48.93 min)
Processed rows 456:464/1236 ( 37.5%, block 58/155, block 0.38s, elapsed 27.69 min, ETA 46.31 min)
Processed rows 472:480/1236 ( 38.8%, block 60/155, block 0.38s, elapsed 27.71 min, ETA 43.87 min)
Processed rows 488:496/1236 ( 40.1%, block 62/155, block 0.39s, elapsed 27.72 min, ETA 41.58 min)
Processed rows 504:512/1236 ( 41.4%, block 64/155, block 0.38s, elapsed 27.73 min, ETA 39.43 min)
Processed rows 520:528/1236 ( 42.7%, block 66/155, block 0.39s, elapsed 27.74 min, ETA 37.41 min)
Processed rows 536:544/1236 ( 44.0%, block 68/155, block 0.37s, elapsed 27.76 min, ETA 35.51 min)
Processed rows 552:560/1236 ( 45.3%, block 70/155, block 0.38s, elapsed 27.77 min, ETA 33.72 min)
Processed rows 568:576/1236 ( 46.6%, block 72/155, block 0.38s, elapsed 27.78 min, ETA 32.03 min)
Processed rows 584:592/1236 ( 47.9%, block 74/155, block 0.39s, elapsed 27.80 min, ETA 30.43 min)
Processed rows 600:608/1236 ( 49.2%, block 76/155, block 0.38s, elapsed 27.81 min, ETA 28.91 min)
Processed rows 616:624/1236 ( 50.5%, block 78/155, block 0.38s, elapsed 27.82 min, ETA 27.47 min)
Processed rows 632:640/1236 ( 51.8%, block 80/155, block 0.39s, elapsed 27.84 min, ETA 26.10 min)
Processed rows 648:656/1236 ( 53.1%, block 82/155, block 0.38s, elapsed 27.85 min, ETA 24.79 min)
Processed rows 664:672/1236 ( 54.4%, block 84/155, block 0.38s, elapsed 27.86 min, ETA 23.55 min)
Processed rows 680:688/1236 ( 55.7%, block 86/155, block 0.38s, elapsed 27.87 min, ETA 22.36 min)
Processed rows 696:704/1236 ( 57.0%, block 88/155, block 0.39s, elapsed 27.89 min, ETA 21.23 min)
Processed rows 712:720/1236 ( 58.3%, block 90/155, block 0.38s, elapsed 27.90 min, ETA 20.15 min)
Processed rows 728:736/1236 ( 59.5%, block 92/155, block 0.39s, elapsed 27.91 min, ETA 19.12 min)
Processed rows 744:752/1236 ( 60.8%, block 94/155, block 0.38s, elapsed 27.93 min, ETA 18.12 min)
Processed rows 760:768/1236 ( 62.1%, block 96/155, block 0.40s, elapsed 27.94 min, ETA 17.17 min)
Processed rows 776:784/1236 ( 63.4%, block 98/155, block 0.40s, elapsed 27.95 min, ETA 16.26 min)
Processed rows 792:800/1236 ( 64.7%, block 100/155, block 0.39s, elapsed 27.97 min, ETA 15.38 min)
Processed rows 808:816/1236 ( 66.0%, block 102/155, block 0.39s, elapsed 27.98 min, ETA 14.54 min)
Processed rows 824:832/1236 ( 67.3%, block 104/155, block 0.38s, elapsed 27.99 min, ETA 13.73 min)
Processed rows 840:848/1236 ( 68.6%, block 106/155, block 0.40s, elapsed 28.01 min, ETA 12.95 min)
Processed rows 856:864/1236 ( 69.9%, block 108/155, block 0.40s, elapsed 28.02 min, ETA 12.19 min)
Processed rows 872:880/1236 ( 71.2%, block 110/155, block 0.40s, elapsed 28.03 min, ETA 11.47 min)
Processed rows 888:896/1236 ( 72.5%, block 112/155, block 0.39s, elapsed 28.05 min, ETA 10.77 min)
Processed rows 904:912/1236 ( 73.8%, block 114/155, block 0.40s, elapsed 28.06 min, ETA 10.09 min)
Processed rows 920:928/1236 ( 75.1%, block 116/155, block 0.41s, elapsed 28.07 min, ETA 9.44 min)
Processed rows 936:944/1236 ( 76.4%, block 118/155, block 0.41s, elapsed 28.09 min, ETA 8.81 min)
Processed rows 952:960/1236 ( 77.7%, block 120/155, block 0.41s, elapsed 28.10 min, ETA 8.20 min)
Processed rows 968:976/1236 ( 79.0%, block 122/155, block 0.40s, elapsed 28.12 min, ETA 7.61 min)
Processed rows 984:992/1236 ( 80.3%, block 124/155, block 0.41s, elapsed 28.13 min, ETA 7.03 min)
Processed rows 1000:1008/1236 ( 81.6%, block 126/155, block 0.40s, elapsed 28.14 min, ETA 6.48 min)
Processed rows 1016:1024/1236 ( 82.8%, block 128/155, block 0.41s, elapsed 28.16 min, ETA 5.94 min)
Processed rows 1032:1040/1236 ( 84.1%, block 130/155, block 0.41s, elapsed 28.17 min, ETA 5.42 min)
Processed rows 1048:1056/1236 ( 85.4%, block 132/155, block 0.41s, elapsed 28.18 min, ETA 4.91 min)
Processed rows 1064:1072/1236 ( 86.7%, block 134/155, block 0.40s, elapsed 28.20 min, ETA 4.42 min)
Processed rows 1080:1088/1236 ( 88.0%, block 136/155, block 0.41s, elapsed 28.21 min, ETA 3.94 min)
Processed rows 1096:1104/1236 ( 89.3%, block 138/155, block 0.40s, elapsed 28.23 min, ETA 3.48 min)
Processed rows 1112:1120/1236 ( 90.6%, block 140/155, block 0.40s, elapsed 28.24 min, ETA 3.03 min)
Processed rows 1128:1136/1236 ( 91.9%, block 142/155, block 0.40s, elapsed 28.25 min, ETA 2.59 min)
Processed rows 1144:1152/1236 ( 93.2%, block 144/155, block 0.40s, elapsed 28.27 min, ETA 2.16 min)
Processed rows 1160:1168/1236 ( 94.5%, block 146/155, block 0.40s, elapsed 28.28 min, ETA 1.74 min)
Processed rows 1176:1184/1236 ( 95.8%, block 148/155, block 0.41s, elapsed 28.29 min, ETA 1.34 min)
Processed rows 1192:1200/1236 ( 97.1%, block 150/155, block 0.40s, elapsed 28.31 min, ETA 0.94 min)
Processed rows 1208:1216/1236 ( 98.4%, block 152/155, block 0.39s, elapsed 28.32 min, ETA 0.56 min)
Processed rows 1224:1232/1236 ( 99.7%, block 154/155, block 0.41s, elapsed 28.33 min, ETA 0.18 min)
Processed rows 1232:1236/1236 (100.0%, block 155/155, block 0.19s, elapsed 28.34 min, ETA 0.00 min)
AB maggies vectorized pass completed in 28.34 min
Estimated effective streaming throughput: 18.7 MiB/s over support-slice read volume
/arc/home/RongjunHuang/ICRAR/extended/Mass.py:725: RuntimeWarning: invalid value encountered in log10
  m_r_map = np.where(maggies_map > 0, -2.5 * np.log10(maggies_map), np.nan).astype(np.float32)
Finite binned flux-error bins: 75413/75413 (STAT=75413, sample=75413)
Finite binned magnitude-error bins: 75413/75413
Median binned relative flux error : 6.2761e-04
Binned magnitude error min/max   : 1.7044e-04 .. 9.7279e-03 mag
Binned magnitude error [p16, p50, p84] = [6.1168e-04, 6.8142e-04, 7.4967e-04] mag
Warning: No EBV error extension found; EBV uncertainty term will be omitted.
R-band magnitude calculation completed!
Filter used: bessell-R
Magnitude range: 17.91 to 25.60
Distance modulus: 31.09 mag
Total R-band magnitude   : 9.371 mag (AB)
Total R-band luminosity  : 10.788 log10(L☉)
Total stellar mass (R)   : 11.097 log10(M☉)
Median LOGMSTAR_ERR      : 2.8398e-04 dex
LOGMSTAR_ERR [p16, p50, p84] = [2.6117e-04, 2.8398e-04, 3.1679e-04] dex
LOGMSTAR_ERR min/max     : 6.8178e-05 .. 3.8912e-03 dex
Error budget note (LOGMSTAR): includes photometric+extinction propagation; excludes M/L model, distance, and inclination/area systematic uncertainties.
Saved extended file to /arc/home/RongjunHuang/ICRAR/extended/NGC4501_SPATIAL_BINNING_maps_extended.fits
M/L_R layer saved ➜ /arc/home/RongjunHuang/ICRAR/extended/NGC4501_SPATIAL_BINNING_maps_extended.fits
Stellar-mass layer saved ➜ /arc/home/RongjunHuang/ICRAR/extended/NGC4501_SPATIAL_BINNING_maps_extended.fits
Galaxy NGC4501 inclination: 65.0° (cos θ = 0.423)
Inclination correction ENABLED: applying b/a = 0.460 (adopting intrinsic thickness q₀ = 0.2 for disc galaxy)
Median LOGMASS_SURFACE_DENSITY_ERR: 2.8398e-04 dex
LOGMASS_SURFACE_DENSITY_ERR [p16, p50, p84] = [2.6117e-04, 2.8398e-04, 3.1679e-04] dex
LOGMASS_SURFACE_DENSITY_ERR min/max: 6.8178e-05 .. 3.8912e-03 dex
Consistency check |LOGMSTAR_ERR - LOGMASS_SURFACE_DENSITY_ERR| median=0.0000e+00 dex, max=8.6736e-19 dex
Stellar mass surface density layer saved ➜ /arc/home/RongjunHuang/ICRAR/extended/NGC4501_SPATIAL_BINNING_maps_extended.fits
r-band magnitude layer saved ➜ /arc/home/RongjunHuang/ICRAR/extended/NGC4501_SPATIAL_BINNING_maps_extended.fits
r-band uncorrected magnitude layer saved ➜ /arc/home/RongjunHuang/ICRAR/extended/NGC4501_SPATIAL_BINNING_maps_extended.fits
✅  NGC4501 finished in 28m40s
