Python executable: /arc/home/RongjunHuang/.conda/envs/ICRAR/bin/python
Python 3.13.3
PYTHONUNBUFFERED: 1
CANFAR base root : /arc/projects/mauve
Local fallback   : /arc/home/RongjunHuang/ICRAR/extended
MASS_DISABLE_STAT: 0
MASS_NCPUS       : 16
MASS_ROW_BLOCK_SIZE: default


=== Using the following files ===
Primary root : /arc/projects/mauve
Fallback root: /arc/home/RongjunHuang/ICRAR/extended
Cube         : /arc/projects/mauve/cubes/v3.0/NGC4064_DATACUBE_FINAL_WCS_Pall_mad_red_v3.fits
Binning map  : /arc/projects/mauve/products/v0.6/NGC4064/NGC4064_SPATIAL_BINNING_maps.fits
SFH map      : /arc/projects/mauve/products/v0.6/NGC4064/NGC4064_SFH_maps.fits
Weights      : /arc/projects/mauve/products/v0.6/NGC4064/NGC4064_sfh-weights.fits
Photometry   : BaSTI+Chabrier.dat
Output       : NGC4064_SPATIAL_BINNING_maps_extended.fits 

Thread control: forcing 16 BLAS/OpenMP threads
Vectorized processing row-block size: 8
Loading: /arc/projects/mauve/products/v0.6/NGC4064/NGC4064_SPATIAL_BINNING_maps.fits
Filename: /arc/projects/mauve/products/v0.6/NGC4064/NGC4064_SPATIAL_BINNING_maps.fits
No.    Name      Ver    Type      Cards   Dimensions   Format
  0  PRIMARY       1 PrimaryHDU       4   ()      
  1  BINID         1 ImageHDU        26   (566, 665)   float64   
  2  FLUX          1 ImageHDU        26   (566, 665)   float64   
  3  SNR           1 ImageHDU        26   (566, 665)   float64   
  4  SNRBIN        1 ImageHDU        26   (566, 665)   float64   
  5  XBIN          1 ImageHDU        26   (566, 665)   float64   
  6  YBIN          1 ImageHDU        26   (566, 665)   float64   
None
Loading: /arc/projects/mauve/products/v0.6/NGC4064/NGC4064_sfh-weights.fits
Filename: /arc/projects/mauve/products/v0.6/NGC4064/NGC4064_sfh-weights.fits
No.    Name      Ver    Type      Cards   Dimensions   Format
  0  PRIMARY       1 PrimaryHDU      23   ()      
  1  WEIGHTS       1 BinTableHDU     27   9411R x 1C   [477D]   
  2  GRID          1 BinTableHDU     31   477R x 3C   [D, D, D]   
None
Loaded 636 out of 636 rows of data from BaSTI+Chabrier.dat
Loading: /arc/projects/mauve/cubes/v3.0/NGC4064_DATACUBE_FINAL_WCS_Pall_mad_red_v3.fits
Using STAT variance extension for photometric error propagation.
Cube dimensions (nz, ny, nx): 3761, 665, 566
Approx. DATA footprint: 5.27 GiB
Approx. STAT footprint: 5.27 GiB
Building exact speclite linear operator for AB maggies...
  Linear-operator chunk 1/8 (wave bins 0:512, elapsed 0.0s)
  Linear-operator chunk 2/8 (wave bins 512:1024, elapsed 0.1s)
  Linear-operator chunk 3/8 (wave bins 1024:1536, elapsed 0.1s)
  Linear-operator chunk 4/8 (wave bins 1536:2048, elapsed 0.1s)
  Linear-operator chunk 5/8 (wave bins 2048:2560, elapsed 0.1s)
  Linear-operator chunk 6/8 (wave bins 2560:3072, elapsed 0.1s)
  Linear-operator chunk 7/8 (wave bins 3072:3584, elapsed 0.1s)
  Linear-operator chunk 8/8 (wave bins 3584:3761, elapsed 0.2s)
Using contiguous filter-support slice: [641:3441] (2800 bins).
Photometric propagation method: exact discrete first-order Jacobian through speclite AB-maggies operator (support bins=2800/3761).
STAT assumption: independent spectral-bin variances (no covariance provided by cube).
Computing AB maggies with vectorized blocks... (estimated support-slice stream volume: 7.85 GiB, DATA+STAT)
Processed rows 0:8/665 (  1.2%, block 1/84, block 600.50s, elapsed 10.01 min, ETA 830.69 min)
Processed rows 8:16/665 (  2.4%, block 2/84, block 0.24s, elapsed 10.01 min, ETA 410.50 min)
Processed rows 24:32/665 (  4.8%, block 4/84, block 0.19s, elapsed 10.02 min, ETA 200.37 min)
Processed rows 40:48/665 (  7.2%, block 6/84, block 0.19s, elapsed 10.03 min, ETA 130.33 min)
Processed rows 56:64/665 (  9.6%, block 8/84, block 0.19s, elapsed 10.03 min, ETA 95.30 min)
Processed rows 72:80/665 ( 12.0%, block 10/84, block 0.21s, elapsed 10.04 min, ETA 74.28 min)
Processed rows 88:96/665 ( 14.4%, block 12/84, block 0.19s, elapsed 10.04 min, ETA 60.27 min)
Processed rows 104:112/665 ( 16.8%, block 14/84, block 0.18s, elapsed 10.05 min, ETA 50.26 min)
Processed rows 120:128/665 ( 19.2%, block 16/84, block 0.20s, elapsed 10.06 min, ETA 42.74 min)
Processed rows 136:144/665 ( 21.7%, block 18/84, block 0.18s, elapsed 10.06 min, ETA 36.90 min)
Processed rows 152:160/665 ( 24.1%, block 20/84, block 0.19s, elapsed 10.07 min, ETA 32.23 min)
Processed rows 168:176/665 ( 26.5%, block 22/84, block 0.21s, elapsed 10.08 min, ETA 28.40 min)
Processed rows 184:192/665 ( 28.9%, block 24/84, block 0.19s, elapsed 10.08 min, ETA 25.21 min)
Processed rows 200:208/665 ( 31.3%, block 26/84, block 0.19s, elapsed 10.09 min, ETA 22.51 min)
Processed rows 216:224/665 ( 33.7%, block 28/84, block 0.22s, elapsed 10.10 min, ETA 20.20 min)
Processed rows 232:240/665 ( 36.1%, block 30/84, block 0.22s, elapsed 10.11 min, ETA 18.19 min)
Processed rows 248:256/665 ( 38.5%, block 32/84, block 0.19s, elapsed 10.11 min, ETA 16.43 min)
Processed rows 264:272/665 ( 40.9%, block 34/84, block 0.20s, elapsed 10.12 min, ETA 14.89 min)
Processed rows 280:288/665 ( 43.3%, block 36/84, block 0.20s, elapsed 10.13 min, ETA 13.51 min)
Processed rows 296:304/665 ( 45.7%, block 38/84, block 0.19s, elapsed 10.14 min, ETA 12.27 min)
Processed rows 312:320/665 ( 48.1%, block 40/84, block 0.20s, elapsed 10.14 min, ETA 11.16 min)
Processed rows 328:336/665 ( 50.5%, block 42/84, block 0.19s, elapsed 10.15 min, ETA 10.15 min)
Processed rows 344:352/665 ( 52.9%, block 44/84, block 0.19s, elapsed 10.16 min, ETA 9.23 min)
Processed rows 360:368/665 ( 55.3%, block 46/84, block 0.22s, elapsed 10.16 min, ETA 8.40 min)
Processed rows 376:384/665 ( 57.7%, block 48/84, block 0.20s, elapsed 10.17 min, ETA 7.63 min)
Processed rows 392:400/665 ( 60.2%, block 50/84, block 0.19s, elapsed 10.18 min, ETA 6.92 min)
Processed rows 408:416/665 ( 62.6%, block 52/84, block 0.21s, elapsed 10.19 min, ETA 6.27 min)
Processed rows 424:432/665 ( 65.0%, block 54/84, block 0.19s, elapsed 10.19 min, ETA 5.66 min)
Processed rows 440:448/665 ( 67.4%, block 56/84, block 0.19s, elapsed 10.20 min, ETA 5.10 min)
Processed rows 456:464/665 ( 69.8%, block 58/84, block 0.21s, elapsed 10.21 min, ETA 4.58 min)
Processed rows 472:480/665 ( 72.2%, block 60/84, block 0.20s, elapsed 10.21 min, ETA 4.09 min)
Processed rows 488:496/665 ( 74.6%, block 62/84, block 0.20s, elapsed 10.22 min, ETA 3.63 min)
Processed rows 504:512/665 ( 77.0%, block 64/84, block 0.21s, elapsed 10.23 min, ETA 3.20 min)
Processed rows 520:528/665 ( 79.4%, block 66/84, block 0.21s, elapsed 10.23 min, ETA 2.79 min)
Processed rows 536:544/665 ( 81.8%, block 68/84, block 0.20s, elapsed 10.24 min, ETA 2.41 min)
Processed rows 552:560/665 ( 84.2%, block 70/84, block 0.21s, elapsed 10.25 min, ETA 2.05 min)
Processed rows 568:576/665 ( 86.6%, block 72/84, block 0.20s, elapsed 10.26 min, ETA 1.71 min)
Processed rows 584:592/665 ( 89.0%, block 74/84, block 0.20s, elapsed 10.26 min, ETA 1.39 min)
Processed rows 600:608/665 ( 91.4%, block 76/84, block 0.21s, elapsed 10.27 min, ETA 1.08 min)
Processed rows 616:624/665 ( 93.8%, block 78/84, block 0.19s, elapsed 10.28 min, ETA 0.79 min)
Processed rows 632:640/665 ( 96.2%, block 80/84, block 0.20s, elapsed 10.28 min, ETA 0.51 min)
Processed rows 648:656/665 ( 98.6%, block 82/84, block 0.21s, elapsed 10.29 min, ETA 0.25 min)
Processed rows 664:665/665 (100.0%, block 84/84, block 0.02s, elapsed 10.30 min, ETA 0.00 min)
AB maggies vectorized pass completed in 10.30 min
Estimated effective streaming throughput: 13.0 MiB/s over support-slice read volume
Finite binned flux-error bins: 9411/9411 (STAT=9411, sample=9411)
Finite binned magnitude-error bins: 9411/9411
Median binned relative flux error : 6.2205e-04
Binned magnitude error min/max   : 2.1869e-04 .. 1.9856e-03 mag
Binned magnitude error [p16, p50, p84] = [6.1528e-04, 6.7538e-04, 7.2296e-04] mag
Warning: No EBV error extension found; EBV uncertainty term will be omitted.
R-band magnitude calculation completed!
Filter used: bessell-R
Magnitude range: 17.49 to 25.75
Distance modulus: 31.09 mag
Total R-band magnitude   : 11.454 mag (AB)
Total R-band luminosity  : 9.934 log10(L☉)
Total stellar mass (R)   : 9.985 log10(M☉)
Median LOGMSTAR_ERR      : 2.8241e-04 dex
LOGMSTAR_ERR [p16, p50, p84] = [2.6421e-04, 2.8241e-04, 3.0013e-04] dex
LOGMSTAR_ERR min/max     : 8.7477e-05 .. 7.9423e-04 dex
Error budget note (LOGMSTAR): includes photometric+extinction propagation; excludes M/L model, distance, and inclination/area systematic uncertainties.
Saved extended file to /arc/home/RongjunHuang/ICRAR/extended/NGC4064_SPATIAL_BINNING_maps_extended.fits
M/L_R layer saved ➜ /arc/home/RongjunHuang/ICRAR/extended/NGC4064_SPATIAL_BINNING_maps_extended.fits
Stellar-mass layer saved ➜ /arc/home/RongjunHuang/ICRAR/extended/NGC4064_SPATIAL_BINNING_maps_extended.fits
Galaxy NGC4064 inclination: 70.0° (cos θ = 0.342)
Inclination correction ENABLED: applying b/a = 0.390 (adopting intrinsic thickness q₀ = 0.2 for disc galaxy)
Median LOGMASS_SURFACE_DENSITY_ERR: 2.8241e-04 dex
LOGMASS_SURFACE_DENSITY_ERR [p16, p50, p84] = [2.6421e-04, 2.8241e-04, 3.0013e-04] dex
LOGMASS_SURFACE_DENSITY_ERR min/max: 8.7477e-05 .. 7.9423e-04 dex
Consistency check |LOGMSTAR_ERR - LOGMASS_SURFACE_DENSITY_ERR| median=0.0000e+00 dex, max=1.0842e-19 dex
Stellar mass surface density layer saved ➜ /arc/home/RongjunHuang/ICRAR/extended/NGC4064_SPATIAL_BINNING_maps_extended.fits
r-band magnitude layer saved ➜ /arc/home/RongjunHuang/ICRAR/extended/NGC4064_SPATIAL_BINNING_maps_extended.fits
r-band uncorrected magnitude layer saved ➜ /arc/home/RongjunHuang/ICRAR/extended/NGC4064_SPATIAL_BINNING_maps_extended.fits
✅  NGC4064 finished in 10m28s
