Python executable: /arc/home/RongjunHuang/.conda/envs/ICRAR/bin/python
Python 3.13.3
PYTHONUNBUFFERED: 1
CANFAR base root : /arc/projects/mauve
Local fallback   : /arc/home/RongjunHuang/ICRAR/extended
MASS_DISABLE_STAT: 0
MASS_NCPUS       : 16
MASS_ROW_BLOCK_SIZE: default


=== Using the following files ===
Primary root : /arc/projects/mauve
Fallback root: /arc/home/RongjunHuang/ICRAR/extended
Cube         : /arc/projects/mauve/cubes/v3.0/NGC4522_DATACUBE_FINAL_WCS_Pall_mad_red_v3.fits
Binning map  : /arc/projects/mauve/products/v0.6/NGC4522/NGC4522_SPATIAL_BINNING_maps.fits
SFH map      : /arc/projects/mauve/products/v0.6/NGC4522/NGC4522_SFH_maps.fits
Weights      : /arc/projects/mauve/products/v0.6/NGC4522/NGC4522_sfh-weights.fits
Photometry   : BaSTI+Chabrier.dat
Output       : NGC4522_SPATIAL_BINNING_maps_extended.fits 

Thread control: forcing 16 BLAS/OpenMP threads
Vectorized processing row-block size: 8
Loading: /arc/projects/mauve/products/v0.6/NGC4522/NGC4522_SPATIAL_BINNING_maps.fits
Filename: /arc/projects/mauve/products/v0.6/NGC4522/NGC4522_SPATIAL_BINNING_maps.fits
No.    Name      Ver    Type      Cards   Dimensions   Format
  0  PRIMARY       1 PrimaryHDU       4   ()      
  1  BINID         1 ImageHDU        26   (590, 659)   float64   
  2  FLUX          1 ImageHDU        26   (590, 659)   float64   
  3  SNR           1 ImageHDU        26   (590, 659)   float64   
  4  SNRBIN        1 ImageHDU        26   (590, 659)   float64   
  5  XBIN          1 ImageHDU        26   (590, 659)   float64   
  6  YBIN          1 ImageHDU        26   (590, 659)   float64   
None
Loading: /arc/projects/mauve/products/v0.6/NGC4522/NGC4522_sfh-weights.fits
Filename: /arc/projects/mauve/products/v0.6/NGC4522/NGC4522_sfh-weights.fits
No.    Name      Ver    Type      Cards   Dimensions   Format
  0  PRIMARY       1 PrimaryHDU      23   ()      
  1  WEIGHTS       1 BinTableHDU     27   2717R x 1C   [477D]   
  2  GRID          1 BinTableHDU     31   477R x 3C   [D, D, D]   
None
Loaded 636 out of 636 rows of data from BaSTI+Chabrier.dat
Loading: /arc/projects/mauve/cubes/v3.0/NGC4522_DATACUBE_FINAL_WCS_Pall_mad_red_v3.fits
Using STAT variance extension for photometric error propagation.
Cube dimensions (nz, ny, nx): 3761, 659, 590
Approx. DATA footprint: 5.45 GiB
Approx. STAT footprint: 5.45 GiB
Building exact speclite linear operator for AB maggies...
  Linear-operator chunk 1/8 (wave bins 0:512, elapsed 0.0s)
  Linear-operator chunk 2/8 (wave bins 512:1024, elapsed 0.0s)
  Linear-operator chunk 3/8 (wave bins 1024:1536, elapsed 0.1s)
  Linear-operator chunk 4/8 (wave bins 1536:2048, elapsed 0.1s)
  Linear-operator chunk 5/8 (wave bins 2048:2560, elapsed 0.1s)
  Linear-operator chunk 6/8 (wave bins 2560:3072, elapsed 0.1s)
  Linear-operator chunk 7/8 (wave bins 3072:3584, elapsed 0.1s)
  Linear-operator chunk 8/8 (wave bins 3584:3761, elapsed 0.1s)
Using contiguous filter-support slice: [641:3441] (2800 bins).
Photometric propagation method: exact discrete first-order Jacobian through speclite AB-maggies operator (support bins=2800/3761).
STAT assumption: independent spectral-bin variances (no covariance provided by cube).
Computing AB maggies with vectorized blocks... (estimated support-slice stream volume: 8.11 GiB, DATA+STAT)
Processed rows 0:8/659 (  1.2%, block 1/83, block 531.82s, elapsed 8.86 min, ETA 726.82 min)
Processed rows 8:16/659 (  2.4%, block 2/83, block 0.22s, elapsed 8.87 min, ETA 359.13 min)
Processed rows 24:32/659 (  4.9%, block 4/83, block 0.23s, elapsed 8.87 min, ETA 175.27 min)
Processed rows 40:48/659 (  7.3%, block 6/83, block 0.23s, elapsed 8.88 min, ETA 113.99 min)
Processed rows 56:64/659 (  9.7%, block 8/83, block 0.23s, elapsed 8.89 min, ETA 83.34 min)
Processed rows 72:80/659 ( 12.1%, block 10/83, block 0.22s, elapsed 8.90 min, ETA 64.95 min)
Processed rows 88:96/659 ( 14.6%, block 12/83, block 0.22s, elapsed 8.90 min, ETA 52.69 min)
Processed rows 104:112/659 ( 17.0%, block 14/83, block 0.23s, elapsed 8.91 min, ETA 43.92 min)
Processed rows 120:128/659 ( 19.4%, block 16/83, block 0.22s, elapsed 8.92 min, ETA 37.35 min)
Processed rows 136:144/659 ( 21.9%, block 18/83, block 0.22s, elapsed 8.93 min, ETA 32.24 min)
Processed rows 152:160/659 ( 24.3%, block 20/83, block 0.23s, elapsed 8.93 min, ETA 28.14 min)
Processed rows 168:176/659 ( 26.7%, block 22/83, block 0.22s, elapsed 8.94 min, ETA 24.79 min)
Processed rows 184:192/659 ( 29.1%, block 24/83, block 0.21s, elapsed 8.95 min, ETA 22.00 min)
Processed rows 200:208/659 ( 31.6%, block 26/83, block 0.22s, elapsed 8.96 min, ETA 19.64 min)
Processed rows 216:224/659 ( 34.0%, block 28/83, block 0.23s, elapsed 8.96 min, ETA 17.61 min)
Processed rows 232:240/659 ( 36.4%, block 30/83, block 0.21s, elapsed 8.97 min, ETA 15.85 min)
Processed rows 248:256/659 ( 38.8%, block 32/83, block 0.22s, elapsed 8.98 min, ETA 14.31 min)
Processed rows 264:272/659 ( 41.3%, block 34/83, block 0.21s, elapsed 8.99 min, ETA 12.95 min)
Processed rows 280:288/659 ( 43.7%, block 36/83, block 0.22s, elapsed 9.00 min, ETA 11.75 min)
Processed rows 296:304/659 ( 46.1%, block 38/83, block 0.21s, elapsed 9.00 min, ETA 10.66 min)
Processed rows 312:320/659 ( 48.6%, block 40/83, block 0.22s, elapsed 9.01 min, ETA 9.69 min)
Processed rows 328:336/659 ( 51.0%, block 42/83, block 0.21s, elapsed 9.02 min, ETA 8.80 min)
Processed rows 344:352/659 ( 53.4%, block 44/83, block 0.21s, elapsed 9.03 min, ETA 8.00 min)
Processed rows 360:368/659 ( 55.8%, block 46/83, block 0.22s, elapsed 9.03 min, ETA 7.27 min)
Processed rows 376:384/659 ( 58.3%, block 48/83, block 0.22s, elapsed 9.04 min, ETA 6.59 min)
Processed rows 392:400/659 ( 60.7%, block 50/83, block 0.23s, elapsed 9.05 min, ETA 5.97 min)
Processed rows 408:416/659 ( 63.1%, block 52/83, block 0.22s, elapsed 9.06 min, ETA 5.40 min)
Processed rows 424:432/659 ( 65.6%, block 54/83, block 0.23s, elapsed 9.06 min, ETA 4.87 min)
Processed rows 440:448/659 ( 68.0%, block 56/83, block 0.22s, elapsed 9.07 min, ETA 4.37 min)
Processed rows 456:464/659 ( 70.4%, block 58/83, block 0.23s, elapsed 9.08 min, ETA 3.91 min)
Processed rows 472:480/659 ( 72.8%, block 60/83, block 0.22s, elapsed 9.08 min, ETA 3.48 min)
Processed rows 488:496/659 ( 75.3%, block 62/83, block 0.23s, elapsed 9.09 min, ETA 3.08 min)
Processed rows 504:512/659 ( 77.7%, block 64/83, block 0.23s, elapsed 9.10 min, ETA 2.70 min)
Processed rows 520:528/659 ( 80.1%, block 66/83, block 0.23s, elapsed 9.11 min, ETA 2.35 min)
Processed rows 536:544/659 ( 82.5%, block 68/83, block 0.22s, elapsed 9.11 min, ETA 2.01 min)
Processed rows 552:560/659 ( 85.0%, block 70/83, block 0.22s, elapsed 9.12 min, ETA 1.69 min)
Processed rows 568:576/659 ( 87.4%, block 72/83, block 0.23s, elapsed 9.13 min, ETA 1.39 min)
Processed rows 584:592/659 ( 89.8%, block 74/83, block 0.23s, elapsed 9.14 min, ETA 1.11 min)
Processed rows 600:608/659 ( 92.3%, block 76/83, block 0.23s, elapsed 9.15 min, ETA 0.84 min)
Processed rows 616:624/659 ( 94.7%, block 78/83, block 0.23s, elapsed 9.15 min, ETA 0.59 min)
Processed rows 632:640/659 ( 97.1%, block 80/83, block 0.23s, elapsed 9.16 min, ETA 0.34 min)
Processed rows 648:656/659 ( 99.5%, block 82/83, block 0.22s, elapsed 9.17 min, ETA 0.11 min)
Processed rows 656:659/659 (100.0%, block 83/83, block 0.07s, elapsed 9.17 min, ETA 0.00 min)
AB maggies vectorized pass completed in 9.17 min
Estimated effective streaming throughput: 15.1 MiB/s over support-slice read volume
/arc/home/RongjunHuang/ICRAR/extended/Mass.py:725: RuntimeWarning: invalid value encountered in log10
  m_r_map = np.where(maggies_map > 0, -2.5 * np.log10(maggies_map), np.nan).astype(np.float32)
Finite binned flux-error bins: 2717/2717 (STAT=2717, sample=2717)
Finite binned magnitude-error bins: 2717/2717
Median binned relative flux error : 6.3572e-04
Binned magnitude error min/max   : 4.9028e-04 .. 3.2154e-03 mag
Binned magnitude error [p16, p50, p84] = [6.3830e-04, 6.9022e-04, 7.4912e-04] mag
Warning: No EBV error extension found; EBV uncertainty term will be omitted.
R-band magnitude calculation completed!
Filter used: bessell-R
Magnitude range: 20.81 to 26.39
Distance modulus: 31.09 mag
Total R-band magnitude   : 12.414 mag (AB)
Total R-band luminosity  : 9.609 log10(L☉)
Total stellar mass (R)   : 9.384 log10(M☉)
Median LOGMSTAR_ERR      : 2.8847e-04 dex
LOGMSTAR_ERR [p16, p50, p84] = [2.6720e-04, 2.8847e-04, 3.1517e-04] dex
LOGMSTAR_ERR min/max     : 1.9611e-04 .. 1.2862e-03 dex
Error budget note (LOGMSTAR): includes photometric+extinction propagation; excludes M/L model, distance, and inclination/area systematic uncertainties.
Saved extended file to /arc/home/RongjunHuang/ICRAR/extended/NGC4522_SPATIAL_BINNING_maps_extended.fits
M/L_R layer saved ➜ /arc/home/RongjunHuang/ICRAR/extended/NGC4522_SPATIAL_BINNING_maps_extended.fits
Stellar-mass layer saved ➜ /arc/home/RongjunHuang/ICRAR/extended/NGC4522_SPATIAL_BINNING_maps_extended.fits
Galaxy NGC4522 inclination: 82.0° (cos θ = 0.139)
Inclination correction ENABLED: applying b/a = 0.242 (adopting intrinsic thickness q₀ = 0.2 for disc galaxy)
Median LOGMASS_SURFACE_DENSITY_ERR: 2.8847e-04 dex
LOGMASS_SURFACE_DENSITY_ERR [p16, p50, p84] = [2.6720e-04, 2.8847e-04, 3.1517e-04] dex
LOGMASS_SURFACE_DENSITY_ERR min/max: 1.9611e-04 .. 1.2862e-03 dex
Consistency check |LOGMSTAR_ERR - LOGMASS_SURFACE_DENSITY_ERR| median=0.0000e+00 dex, max=2.1684e-19 dex
Stellar mass surface density layer saved ➜ /arc/home/RongjunHuang/ICRAR/extended/NGC4522_SPATIAL_BINNING_maps_extended.fits
r-band magnitude layer saved ➜ /arc/home/RongjunHuang/ICRAR/extended/NGC4522_SPATIAL_BINNING_maps_extended.fits
r-band uncorrected magnitude layer saved ➜ /arc/home/RongjunHuang/ICRAR/extended/NGC4522_SPATIAL_BINNING_maps_extended.fits
✅  NGC4522 finished in 9m18s
