Python executable: /arc/home/RongjunHuang/.conda/envs/ICRAR/bin/python
Python 3.13.3
PYTHONUNBUFFERED: 1
CANFAR base root : /arc/projects/mauve
Local fallback   : /arc/home/RongjunHuang/ICRAR/extended
MASS_DISABLE_STAT: 0
MASS_NCPUS       : 16
MASS_ROW_BLOCK_SIZE: default


=== Using the following files ===
Primary root : /arc/projects/mauve
Fallback root: /arc/home/RongjunHuang/ICRAR/extended
Cube         : /arc/projects/mauve/cubes/v3.0/NGC4419_DATACUBE_FINAL_WCS_Pall_mad_red_v3.fits
Binning map  : /arc/projects/mauve/products/v0.6/NGC4419/NGC4419_SPATIAL_BINNING_maps.fits
SFH map      : /arc/projects/mauve/products/v0.6/NGC4419/NGC4419_SFH_maps.fits
Weights      : /arc/projects/mauve/products/v0.6/NGC4419/NGC4419_sfh-weights.fits
Photometry   : BaSTI+Chabrier.dat
Output       : NGC4419_SPATIAL_BINNING_maps_extended.fits 

Thread control: forcing 16 BLAS/OpenMP threads
Vectorized processing row-block size: 8
Loading: /arc/projects/mauve/products/v0.6/NGC4419/NGC4419_SPATIAL_BINNING_maps.fits
Filename: /arc/projects/mauve/products/v0.6/NGC4419/NGC4419_SPATIAL_BINNING_maps.fits
No.    Name      Ver    Type      Cards   Dimensions   Format
  0  PRIMARY       1 PrimaryHDU       4   ()      
  1  BINID         1 ImageHDU        26   (628, 643)   float64   
  2  FLUX          1 ImageHDU        26   (628, 643)   float64   
  3  SNR           1 ImageHDU        26   (628, 643)   float64   
  4  SNRBIN        1 ImageHDU        26   (628, 643)   float64   
  5  XBIN          1 ImageHDU        26   (628, 643)   float64   
  6  YBIN          1 ImageHDU        26   (628, 643)   float64   
None
Loading: /arc/projects/mauve/products/v0.6/NGC4419/NGC4419_sfh-weights.fits
Filename: /arc/projects/mauve/products/v0.6/NGC4419/NGC4419_sfh-weights.fits
No.    Name      Ver    Type      Cards   Dimensions   Format
  0  PRIMARY       1 PrimaryHDU      23   ()      
  1  WEIGHTS       1 BinTableHDU     27   17291R x 1C   [477D]   
  2  GRID          1 BinTableHDU     31   477R x 3C   [D, D, D]   
None
Loaded 636 out of 636 rows of data from BaSTI+Chabrier.dat
Loading: /arc/projects/mauve/cubes/v3.0/NGC4419_DATACUBE_FINAL_WCS_Pall_mad_red_v3.fits
Using STAT variance extension for photometric error propagation.
Cube dimensions (nz, ny, nx): 3761, 643, 628
Approx. DATA footprint: 5.66 GiB
Approx. STAT footprint: 5.66 GiB
Building exact speclite linear operator for AB maggies...
  Linear-operator chunk 1/8 (wave bins 0:512, elapsed 0.0s)
  Linear-operator chunk 2/8 (wave bins 512:1024, elapsed 0.1s)
  Linear-operator chunk 3/8 (wave bins 1024:1536, elapsed 0.1s)
  Linear-operator chunk 4/8 (wave bins 1536:2048, elapsed 0.1s)
  Linear-operator chunk 5/8 (wave bins 2048:2560, elapsed 0.1s)
  Linear-operator chunk 6/8 (wave bins 2560:3072, elapsed 0.1s)
  Linear-operator chunk 7/8 (wave bins 3072:3584, elapsed 0.1s)
  Linear-operator chunk 8/8 (wave bins 3584:3761, elapsed 0.1s)
Using contiguous filter-support slice: [641:3441] (2800 bins).
Photometric propagation method: exact discrete first-order Jacobian through speclite AB-maggies operator (support bins=2800/3761).
STAT assumption: independent spectral-bin variances (no covariance provided by cube).
Computing AB maggies with vectorized blocks... (estimated support-slice stream volume: 8.42 GiB, DATA+STAT)
Processed rows 0:8/643 (  1.2%, block 1/81, block 491.71s, elapsed 8.20 min, ETA 655.61 min)
Processed rows 8:16/643 (  2.5%, block 2/81, block 0.23s, elapsed 8.20 min, ETA 323.86 min)
Processed rows 24:32/643 (  5.0%, block 4/81, block 0.22s, elapsed 8.21 min, ETA 157.97 min)
Processed rows 40:48/643 (  7.5%, block 6/81, block 0.23s, elapsed 8.21 min, ETA 102.68 min)
Processed rows 56:64/643 ( 10.0%, block 8/81, block 0.23s, elapsed 8.22 min, ETA 75.02 min)
Processed rows 72:80/643 ( 12.4%, block 10/81, block 0.20s, elapsed 8.23 min, ETA 58.43 min)
Processed rows 88:96/643 ( 14.9%, block 12/81, block 0.22s, elapsed 8.24 min, ETA 47.36 min)
Processed rows 104:112/643 ( 17.4%, block 14/81, block 0.22s, elapsed 8.24 min, ETA 39.45 min)
Processed rows 120:128/643 ( 19.9%, block 16/81, block 0.23s, elapsed 8.25 min, ETA 33.52 min)
Processed rows 136:144/643 ( 22.4%, block 18/81, block 0.24s, elapsed 8.26 min, ETA 28.90 min)
Processed rows 152:160/643 ( 24.9%, block 20/81, block 0.23s, elapsed 8.27 min, ETA 25.21 min)
Processed rows 168:176/643 ( 27.4%, block 22/81, block 0.23s, elapsed 8.27 min, ETA 22.19 min)
Processed rows 184:192/643 ( 29.9%, block 24/81, block 0.38s, elapsed 8.28 min, ETA 19.67 min)
Processed rows 200:208/643 ( 32.3%, block 26/81, block 0.25s, elapsed 8.29 min, ETA 17.54 min)
Processed rows 216:224/643 ( 34.8%, block 28/81, block 0.23s, elapsed 8.30 min, ETA 15.71 min)
Processed rows 232:240/643 ( 37.3%, block 30/81, block 0.20s, elapsed 8.31 min, ETA 14.12 min)
Processed rows 248:256/643 ( 39.8%, block 32/81, block 0.21s, elapsed 8.31 min, ETA 12.73 min)
Processed rows 264:272/643 ( 42.3%, block 34/81, block 0.21s, elapsed 8.32 min, ETA 11.50 min)
Processed rows 280:288/643 ( 44.8%, block 36/81, block 0.22s, elapsed 8.33 min, ETA 10.41 min)
Processed rows 296:304/643 ( 47.3%, block 38/81, block 0.21s, elapsed 8.34 min, ETA 9.43 min)
Processed rows 312:320/643 ( 49.8%, block 40/81, block 0.23s, elapsed 8.34 min, ETA 8.55 min)
Processed rows 328:336/643 ( 52.3%, block 42/81, block 0.21s, elapsed 8.35 min, ETA 7.75 min)
Processed rows 344:352/643 ( 54.7%, block 44/81, block 0.20s, elapsed 8.36 min, ETA 7.03 min)
Processed rows 360:368/643 ( 57.2%, block 46/81, block 0.23s, elapsed 8.36 min, ETA 6.36 min)
Processed rows 376:384/643 ( 59.7%, block 48/81, block 0.25s, elapsed 8.37 min, ETA 5.76 min)
Processed rows 392:400/643 ( 62.2%, block 50/81, block 0.24s, elapsed 8.38 min, ETA 5.19 min)
Processed rows 408:416/643 ( 64.7%, block 52/81, block 0.22s, elapsed 8.39 min, ETA 4.68 min)
Processed rows 424:432/643 ( 67.2%, block 54/81, block 0.21s, elapsed 8.39 min, ETA 4.20 min)
Processed rows 440:448/643 ( 69.7%, block 56/81, block 0.22s, elapsed 8.40 min, ETA 3.75 min)
Processed rows 456:464/643 ( 72.2%, block 58/81, block 0.21s, elapsed 8.41 min, ETA 3.33 min)
Processed rows 472:480/643 ( 74.7%, block 60/81, block 0.25s, elapsed 8.42 min, ETA 2.95 min)
Processed rows 488:496/643 ( 77.1%, block 62/81, block 0.21s, elapsed 8.42 min, ETA 2.58 min)
Processed rows 504:512/643 ( 79.6%, block 64/81, block 0.20s, elapsed 8.43 min, ETA 2.24 min)
Processed rows 520:528/643 ( 82.1%, block 66/81, block 0.23s, elapsed 8.44 min, ETA 1.92 min)
Processed rows 536:544/643 ( 84.6%, block 68/81, block 0.23s, elapsed 8.44 min, ETA 1.61 min)
Processed rows 552:560/643 ( 87.1%, block 70/81, block 0.24s, elapsed 8.45 min, ETA 1.33 min)
Processed rows 568:576/643 ( 89.6%, block 72/81, block 0.23s, elapsed 8.46 min, ETA 1.06 min)
Processed rows 584:592/643 ( 92.1%, block 74/81, block 0.22s, elapsed 8.47 min, ETA 0.80 min)
Processed rows 600:608/643 ( 94.6%, block 76/81, block 0.21s, elapsed 8.47 min, ETA 0.56 min)
Processed rows 616:624/643 ( 97.0%, block 78/81, block 0.20s, elapsed 8.48 min, ETA 0.33 min)
Processed rows 632:640/643 ( 99.5%, block 80/81, block 0.25s, elapsed 8.49 min, ETA 0.11 min)
Processed rows 640:643/643 (100.0%, block 81/81, block 0.07s, elapsed 8.49 min, ETA 0.00 min)
AB maggies vectorized pass completed in 8.49 min
Estimated effective streaming throughput: 16.9 MiB/s over support-slice read volume
/arc/home/RongjunHuang/ICRAR/extended/Mass.py:725: RuntimeWarning: invalid value encountered in log10
  m_r_map = np.where(maggies_map > 0, -2.5 * np.log10(maggies_map), np.nan).astype(np.float32)
Finite binned flux-error bins: 17291/17291 (STAT=17291, sample=17291)
Finite binned magnitude-error bins: 17291/17291
Median binned relative flux error : 5.8724e-04
Binned magnitude error min/max   : 1.9016e-04 .. 2.5350e-03 mag
Binned magnitude error [p16, p50, p84] = [5.4774e-04, 6.3758e-04, 7.0375e-04] mag
Warning: No EBV error extension found; EBV uncertainty term will be omitted.
R-band magnitude calculation completed!
Filter used: bessell-R
Magnitude range: 17.57 to 26.11
Distance modulus: 31.09 mag
Total R-band magnitude   : 10.874 mag (AB)
Total R-band luminosity  : 10.227 log10(L☉)
Total stellar mass (R)   : 10.489 log10(M☉)
Median LOGMSTAR_ERR      : 2.6845e-04 dex
LOGMSTAR_ERR [p16, p50, p84] = [2.4544e-04, 2.6845e-04, 2.9691e-04] dex
LOGMSTAR_ERR min/max     : 7.6062e-05 .. 1.0140e-03 dex
Error budget note (LOGMSTAR): includes photometric+extinction propagation; excludes M/L model, distance, and inclination/area systematic uncertainties.
Saved extended file to /arc/home/RongjunHuang/ICRAR/extended/NGC4419_SPATIAL_BINNING_maps_extended.fits
M/L_R layer saved ➜ /arc/home/RongjunHuang/ICRAR/extended/NGC4419_SPATIAL_BINNING_maps_extended.fits
Stellar-mass layer saved ➜ /arc/home/RongjunHuang/ICRAR/extended/NGC4419_SPATIAL_BINNING_maps_extended.fits
Galaxy NGC4419 inclination: 74.0° (cos θ = 0.276)
Inclination correction ENABLED: applying b/a = 0.336 (adopting intrinsic thickness q₀ = 0.2 for disc galaxy)
Median LOGMASS_SURFACE_DENSITY_ERR: 2.6845e-04 dex
LOGMASS_SURFACE_DENSITY_ERR [p16, p50, p84] = [2.4544e-04, 2.6845e-04, 2.9691e-04] dex
LOGMASS_SURFACE_DENSITY_ERR min/max: 7.6062e-05 .. 1.0140e-03 dex
Consistency check |LOGMSTAR_ERR - LOGMASS_SURFACE_DENSITY_ERR| median=0.0000e+00 dex, max=2.1684e-19 dex
Stellar mass surface density layer saved ➜ /arc/home/RongjunHuang/ICRAR/extended/NGC4419_SPATIAL_BINNING_maps_extended.fits
r-band magnitude layer saved ➜ /arc/home/RongjunHuang/ICRAR/extended/NGC4419_SPATIAL_BINNING_maps_extended.fits
r-band uncorrected magnitude layer saved ➜ /arc/home/RongjunHuang/ICRAR/extended/NGC4419_SPATIAL_BINNING_maps_extended.fits
✅  NGC4419 finished in 10m34s
