Python executable: /arc/home/RongjunHuang/.conda/envs/ICRAR/bin/python
Python 3.13.3
PYTHONUNBUFFERED: 1
CANFAR base root : /arc/projects/mauve
Local fallback   : /arc/home/RongjunHuang/ICRAR/extended
MASS_DISABLE_STAT: 0
MASS_NCPUS       : 16
MASS_ROW_BLOCK_SIZE: default


=== Using the following files ===
Primary root : /arc/projects/mauve
Fallback root: /arc/home/RongjunHuang/ICRAR/extended
Cube         : /arc/projects/mauve/cubes/v3.0/NGC4330_DATACUBE_FINAL_WCS_Pall_mad_red_v3.fits
Binning map  : /arc/projects/mauve/products/v0.6/NGC4330/NGC4330_SPATIAL_BINNING_maps.fits
SFH map      : /arc/projects/mauve/products/v0.6/NGC4330/NGC4330_SFH_maps.fits
Weights      : /arc/projects/mauve/products/v0.6/NGC4330/NGC4330_sfh-weights.fits
Photometry   : BaSTI+Chabrier.dat
Output       : NGC4330_SPATIAL_BINNING_maps_extended.fits 

Thread control: forcing 16 BLAS/OpenMP threads
Vectorized processing row-block size: 16
Loading: /arc/projects/mauve/products/v0.6/NGC4330/NGC4330_SPATIAL_BINNING_maps.fits
Filename: /arc/projects/mauve/products/v0.6/NGC4330/NGC4330_SPATIAL_BINNING_maps.fits
No.    Name      Ver    Type      Cards   Dimensions   Format
  0  PRIMARY       1 PrimaryHDU       4   ()      
  1  BINID         1 ImageHDU        26   (881, 760)   float64   
  2  FLUX          1 ImageHDU        26   (881, 760)   float64   
  3  SNR           1 ImageHDU        26   (881, 760)   float64   
  4  SNRBIN        1 ImageHDU        26   (881, 760)   float64   
  5  XBIN          1 ImageHDU        26   (881, 760)   float64   
  6  YBIN          1 ImageHDU        26   (881, 760)   float64   
None
Loading: /arc/projects/mauve/products/v0.6/NGC4330/NGC4330_sfh-weights.fits
Filename: /arc/projects/mauve/products/v0.6/NGC4330/NGC4330_sfh-weights.fits
No.    Name      Ver    Type      Cards   Dimensions   Format
  0  PRIMARY       1 PrimaryHDU      23   ()      
  1  WEIGHTS       1 BinTableHDU     27   2960R x 1C   [477D]   
  2  GRID          1 BinTableHDU     31   477R x 3C   [D, D, D]   
None
Loaded 636 out of 636 rows of data from BaSTI+Chabrier.dat
Loading: /arc/projects/mauve/cubes/v3.0/NGC4330_DATACUBE_FINAL_WCS_Pall_mad_red_v3.fits
Using STAT variance extension for photometric error propagation.
Cube dimensions (nz, ny, nx): 3761, 760, 881
Approx. DATA footprint: 9.38 GiB
Approx. STAT footprint: 9.38 GiB
Building exact speclite linear operator for AB maggies...
  Linear-operator chunk 1/8 (wave bins 0:512, elapsed 0.0s)
  Linear-operator chunk 2/8 (wave bins 512:1024, elapsed 0.1s)
  Linear-operator chunk 3/8 (wave bins 1024:1536, elapsed 0.1s)
  Linear-operator chunk 4/8 (wave bins 1536:2048, elapsed 0.1s)
  Linear-operator chunk 5/8 (wave bins 2048:2560, elapsed 0.1s)
  Linear-operator chunk 6/8 (wave bins 2560:3072, elapsed 0.2s)
  Linear-operator chunk 7/8 (wave bins 3072:3584, elapsed 0.2s)
  Linear-operator chunk 8/8 (wave bins 3584:3761, elapsed 0.2s)
Using contiguous filter-support slice: [641:3441] (2800 bins).
Photometric propagation method: exact discrete first-order Jacobian through speclite AB-maggies operator (support bins=2800/3761).
STAT assumption: independent spectral-bin variances (no covariance provided by cube).
Computing AB maggies with vectorized blocks... (estimated support-slice stream volume: 13.97 GiB, DATA+STAT)
Processed rows 0:16/760 (  2.1%, block 1/48, block 922.32s, elapsed 15.37 min, ETA 722.48 min)
Processed rows 16:32/760 (  4.2%, block 2/48, block 0.55s, elapsed 15.38 min, ETA 353.77 min)
Processed rows 32:48/760 (  6.3%, block 3/48, block 0.55s, elapsed 15.39 min, ETA 230.85 min)
Processed rows 48:64/760 (  8.4%, block 4/48, block 0.53s, elapsed 15.40 min, ETA 169.39 min)
Processed rows 64:80/760 ( 10.5%, block 5/48, block 0.54s, elapsed 15.41 min, ETA 132.51 min)
Processed rows 80:96/760 ( 12.6%, block 6/48, block 0.53s, elapsed 15.42 min, ETA 107.92 min)
Processed rows 96:112/760 ( 14.7%, block 7/48, block 0.53s, elapsed 15.43 min, ETA 90.35 min)
Processed rows 112:128/760 ( 16.8%, block 8/48, block 0.52s, elapsed 15.43 min, ETA 77.17 min)
Processed rows 128:144/760 ( 18.9%, block 9/48, block 0.55s, elapsed 15.44 min, ETA 66.92 min)
Processed rows 144:160/760 ( 21.1%, block 10/48, block 0.52s, elapsed 15.45 min, ETA 58.72 min)
Processed rows 160:176/760 ( 23.2%, block 11/48, block 0.56s, elapsed 15.46 min, ETA 52.01 min)
Processed rows 176:192/760 ( 25.3%, block 12/48, block 0.54s, elapsed 15.47 min, ETA 46.41 min)
Processed rows 192:208/760 ( 27.4%, block 13/48, block 0.54s, elapsed 15.48 min, ETA 41.68 min)
Processed rows 208:224/760 ( 29.5%, block 14/48, block 0.52s, elapsed 15.49 min, ETA 37.61 min)
Processed rows 224:240/760 ( 31.6%, block 15/48, block 0.51s, elapsed 15.50 min, ETA 34.09 min)
Processed rows 240:256/760 ( 33.7%, block 16/48, block 0.55s, elapsed 15.51 min, ETA 31.01 min)
Processed rows 256:272/760 ( 35.8%, block 17/48, block 0.52s, elapsed 15.51 min, ETA 28.29 min)
Processed rows 272:288/760 ( 37.9%, block 18/48, block 0.54s, elapsed 15.52 min, ETA 25.87 min)
Processed rows 288:304/760 ( 40.0%, block 19/48, block 0.54s, elapsed 15.53 min, ETA 23.71 min)
Processed rows 304:320/760 ( 42.1%, block 20/48, block 0.52s, elapsed 15.54 min, ETA 21.76 min)
Processed rows 320:336/760 ( 44.2%, block 21/48, block 0.52s, elapsed 15.55 min, ETA 19.99 min)
Processed rows 336:352/760 ( 46.3%, block 22/48, block 0.52s, elapsed 15.56 min, ETA 18.39 min)
Processed rows 352:368/760 ( 48.4%, block 23/48, block 0.52s, elapsed 15.57 min, ETA 16.92 min)
Processed rows 368:384/760 ( 50.5%, block 24/48, block 0.52s, elapsed 15.58 min, ETA 15.58 min)
Processed rows 384:400/760 ( 52.6%, block 25/48, block 0.55s, elapsed 15.58 min, ETA 14.34 min)
Processed rows 400:416/760 ( 54.7%, block 26/48, block 0.55s, elapsed 15.59 min, ETA 13.20 min)
Processed rows 416:432/760 ( 56.8%, block 27/48, block 0.76s, elapsed 15.61 min, ETA 12.14 min)
Processed rows 432:448/760 ( 58.9%, block 28/48, block 0.53s, elapsed 15.62 min, ETA 11.15 min)
Processed rows 448:464/760 ( 61.1%, block 29/48, block 0.53s, elapsed 15.62 min, ETA 10.24 min)
Processed rows 464:480/760 ( 63.2%, block 30/48, block 0.53s, elapsed 15.63 min, ETA 9.38 min)
Processed rows 480:496/760 ( 65.3%, block 31/48, block 0.55s, elapsed 15.64 min, ETA 8.58 min)
Processed rows 496:512/760 ( 67.4%, block 32/48, block 0.53s, elapsed 15.65 min, ETA 7.83 min)
Processed rows 512:528/760 ( 69.5%, block 33/48, block 0.53s, elapsed 15.66 min, ETA 7.12 min)
Processed rows 528:544/760 ( 71.6%, block 34/48, block 0.55s, elapsed 15.67 min, ETA 6.45 min)
Processed rows 544:560/760 ( 73.7%, block 35/48, block 0.49s, elapsed 15.68 min, ETA 5.82 min)
Processed rows 560:576/760 ( 75.8%, block 36/48, block 0.51s, elapsed 15.69 min, ETA 5.23 min)
Processed rows 576:592/760 ( 77.9%, block 37/48, block 0.52s, elapsed 15.69 min, ETA 4.67 min)
Processed rows 592:608/760 ( 80.0%, block 38/48, block 0.78s, elapsed 15.71 min, ETA 4.13 min)
Processed rows 608:624/760 ( 82.1%, block 39/48, block 0.53s, elapsed 15.72 min, ETA 3.63 min)
Processed rows 624:640/760 ( 84.2%, block 40/48, block 0.51s, elapsed 15.72 min, ETA 3.14 min)
Processed rows 640:656/760 ( 86.3%, block 41/48, block 0.52s, elapsed 15.73 min, ETA 2.69 min)
Processed rows 656:672/760 ( 88.4%, block 42/48, block 0.53s, elapsed 15.74 min, ETA 2.25 min)
Processed rows 672:688/760 ( 90.5%, block 43/48, block 0.53s, elapsed 15.75 min, ETA 1.83 min)
Processed rows 688:704/760 ( 92.6%, block 44/48, block 0.52s, elapsed 15.76 min, ETA 1.43 min)
Processed rows 704:720/760 ( 94.7%, block 45/48, block 0.53s, elapsed 15.77 min, ETA 1.05 min)
Processed rows 720:736/760 ( 96.8%, block 46/48, block 0.52s, elapsed 15.78 min, ETA 0.69 min)
Processed rows 736:752/760 ( 98.9%, block 47/48, block 0.53s, elapsed 15.79 min, ETA 0.34 min)
Processed rows 752:760/760 (100.0%, block 48/48, block 0.26s, elapsed 15.79 min, ETA 0.00 min)
AB maggies vectorized pass completed in 15.79 min
Estimated effective streaming throughput: 15.1 MiB/s over support-slice read volume
/arc/home/RongjunHuang/ICRAR/extended/Mass.py:725: RuntimeWarning: invalid value encountered in log10
  m_r_map = np.where(maggies_map > 0, -2.5 * np.log10(maggies_map), np.nan).astype(np.float32)
Finite binned flux-error bins: 2960/2960 (STAT=2960, sample=2960)
Finite binned magnitude-error bins: 2960/2960
Median binned relative flux error : 6.6726e-04
Binned magnitude error min/max   : 5.3132e-04 .. 1.4551e-03 mag
Binned magnitude error [p16, p50, p84] = [6.7367e-04, 7.2447e-04, 7.8277e-04] mag
Warning: No EBV error extension found; EBV uncertainty term will be omitted.
R-band magnitude calculation completed!
Filter used: bessell-R
Magnitude range: 21.82 to 26.80
Distance modulus: 31.09 mag
Total R-band magnitude   : 12.398 mag (AB)
Total R-band luminosity  : 9.532 log10(L☉)
Total stellar mass (R)   : 9.600 log10(M☉)
Median LOGMSTAR_ERR      : 3.0061e-04 dex
LOGMSTAR_ERR [p16, p50, p84] = [2.7739e-04, 3.0061e-04, 3.2265e-04] dex
LOGMSTAR_ERR min/max     : 2.1253e-04 .. 5.8205e-04 dex
Error budget note (LOGMSTAR): includes photometric+extinction propagation; excludes M/L model, distance, and inclination/area systematic uncertainties.
Saved extended file to /arc/home/RongjunHuang/ICRAR/extended/NGC4330_SPATIAL_BINNING_maps_extended.fits
M/L_R layer saved ➜ /arc/home/RongjunHuang/ICRAR/extended/NGC4330_SPATIAL_BINNING_maps_extended.fits
Stellar-mass layer saved ➜ /arc/home/RongjunHuang/ICRAR/extended/NGC4330_SPATIAL_BINNING_maps_extended.fits
Galaxy NGC4330 inclination: 90.0° (cos θ = 0.000)
Inclination correction ENABLED: applying b/a = 0.200 (adopting intrinsic thickness q₀ = 0.2 for disc galaxy)
Median LOGMASS_SURFACE_DENSITY_ERR: 3.0061e-04 dex
LOGMASS_SURFACE_DENSITY_ERR [p16, p50, p84] = [2.7739e-04, 3.0061e-04, 3.2265e-04] dex
LOGMASS_SURFACE_DENSITY_ERR min/max: 2.1253e-04 .. 5.8205e-04 dex
Consistency check |LOGMSTAR_ERR - LOGMASS_SURFACE_DENSITY_ERR| median=0.0000e+00 dex, max=1.6263e-19 dex
Stellar mass surface density layer saved ➜ /arc/home/RongjunHuang/ICRAR/extended/NGC4330_SPATIAL_BINNING_maps_extended.fits
r-band magnitude layer saved ➜ /arc/home/RongjunHuang/ICRAR/extended/NGC4330_SPATIAL_BINNING_maps_extended.fits
r-band uncorrected magnitude layer saved ➜ /arc/home/RongjunHuang/ICRAR/extended/NGC4330_SPATIAL_BINNING_maps_extended.fits
✅  NGC4330 finished in 15m56s
