Python executable: /arc/home/RongjunHuang/.conda/envs/ICRAR/bin/python
Python 3.13.3
PYTHONUNBUFFERED: 1
CANFAR base root : /arc/projects/mauve
Local fallback   : /arc/home/RongjunHuang/ICRAR/extended
MASS_DISABLE_STAT: 0
MASS_NCPUS       : 16
MASS_ROW_BLOCK_SIZE: default


=== Using the following files ===
Primary root : /arc/projects/mauve
Fallback root: /arc/home/RongjunHuang/ICRAR/extended
Cube         : /arc/projects/mauve/cubes/v3.0/NGC4298_DATACUBE_FINAL_WCS_Pall_mad_red_v3.fits
Binning map  : /arc/projects/mauve/products/v0.6/NGC4298/NGC4298_SPATIAL_BINNING_maps.fits
SFH map      : /arc/projects/mauve/products/v0.6/NGC4298/NGC4298_SFH_maps.fits
Weights      : /arc/projects/mauve/products/v0.6/NGC4298/NGC4298_sfh-weights.fits
Photometry   : BaSTI+Chabrier.dat
Output       : NGC4298_SPATIAL_BINNING_maps_extended.fits 

Thread control: forcing 16 BLAS/OpenMP threads
Vectorized processing row-block size: 16
Loading: /arc/projects/mauve/products/v0.6/NGC4298/NGC4298_SPATIAL_BINNING_maps.fits
Filename: /arc/projects/mauve/products/v0.6/NGC4298/NGC4298_SPATIAL_BINNING_maps.fits
No.    Name      Ver    Type      Cards   Dimensions   Format
  0  PRIMARY       1 PrimaryHDU       4   ()      
  1  BINID         1 ImageHDU        26   (1042, 995)   float64   
  2  FLUX          1 ImageHDU        26   (1042, 995)   float64   
  3  SNR           1 ImageHDU        26   (1042, 995)   float64   
  4  SNRBIN        1 ImageHDU        26   (1042, 995)   float64   
  5  XBIN          1 ImageHDU        26   (1042, 995)   float64   
  6  YBIN          1 ImageHDU        26   (1042, 995)   float64   
None
Loading: /arc/projects/mauve/products/v0.6/NGC4298/NGC4298_sfh-weights.fits
Filename: /arc/projects/mauve/products/v0.6/NGC4298/NGC4298_sfh-weights.fits
No.    Name      Ver    Type      Cards   Dimensions   Format
  0  PRIMARY       1 PrimaryHDU      23   ()      
  1  WEIGHTS       1 BinTableHDU     27   13160R x 1C   [477D]   
  2  GRID          1 BinTableHDU     31   477R x 3C   [D, D, D]   
None
Loaded 636 out of 636 rows of data from BaSTI+Chabrier.dat
Loading: /arc/projects/mauve/cubes/v3.0/NGC4298_DATACUBE_FINAL_WCS_Pall_mad_red_v3.fits
Using STAT variance extension for photometric error propagation.
Cube dimensions (nz, ny, nx): 3761, 995, 1042
Approx. DATA footprint: 14.53 GiB
Approx. STAT footprint: 14.53 GiB
Building exact speclite linear operator for AB maggies...
  Linear-operator chunk 1/8 (wave bins 0:512, elapsed 0.1s)
  Linear-operator chunk 2/8 (wave bins 512:1024, elapsed 0.1s)
  Linear-operator chunk 3/8 (wave bins 1024:1536, elapsed 0.1s)
  Linear-operator chunk 4/8 (wave bins 1536:2048, elapsed 0.1s)
  Linear-operator chunk 5/8 (wave bins 2048:2560, elapsed 0.1s)
  Linear-operator chunk 6/8 (wave bins 2560:3072, elapsed 0.1s)
  Linear-operator chunk 7/8 (wave bins 3072:3584, elapsed 0.2s)
  Linear-operator chunk 8/8 (wave bins 3584:3761, elapsed 0.2s)
Using contiguous filter-support slice: [641:3441] (2800 bins).
Photometric propagation method: exact discrete first-order Jacobian through speclite AB-maggies operator (support bins=2800/3761).
STAT assumption: independent spectral-bin variances (no covariance provided by cube).
Computing AB maggies with vectorized blocks... (estimated support-slice stream volume: 21.63 GiB, DATA+STAT)
Processed rows 0:16/995 (  1.6%, block 1/63, block 1257.67s, elapsed 20.96 min, ETA 1299.59 min)
Processed rows 16:32/995 (  3.2%, block 2/63, block 0.77s, elapsed 20.97 min, ETA 639.70 min)
Processed rows 32:48/995 (  4.8%, block 3/63, block 0.70s, elapsed 20.99 min, ETA 419.71 min)
Processed rows 48:64/995 (  6.4%, block 4/63, block 0.68s, elapsed 21.00 min, ETA 309.70 min)
Processed rows 64:80/995 (  8.0%, block 5/63, block 0.69s, elapsed 21.01 min, ETA 243.70 min)
Processed rows 80:96/995 (  9.6%, block 6/63, block 0.67s, elapsed 21.02 min, ETA 199.69 min)
Processed rows 96:112/995 ( 11.3%, block 7/63, block 0.75s, elapsed 21.03 min, ETA 168.26 min)
Processed rows 112:128/995 ( 12.9%, block 8/63, block 0.75s, elapsed 21.04 min, ETA 144.68 min)
Processed rows 128:144/995 ( 14.5%, block 9/63, block 0.76s, elapsed 21.06 min, ETA 126.34 min)
Processed rows 144:160/995 ( 16.1%, block 10/63, block 0.73s, elapsed 21.07 min, ETA 111.67 min)
Processed rows 160:176/995 ( 17.7%, block 11/63, block 0.73s, elapsed 21.08 min, ETA 99.66 min)
Processed rows 176:192/995 ( 19.3%, block 12/63, block 0.73s, elapsed 21.09 min, ETA 89.65 min)
Processed rows 192:208/995 ( 20.9%, block 13/63, block 0.74s, elapsed 21.11 min, ETA 81.18 min)
Processed rows 208:224/995 ( 22.5%, block 14/63, block 0.75s, elapsed 21.12 min, ETA 73.91 min)
Processed rows 224:240/995 ( 24.1%, block 15/63, block 0.75s, elapsed 21.13 min, ETA 67.62 min)
Processed rows 240:256/995 ( 25.7%, block 16/63, block 0.74s, elapsed 21.14 min, ETA 62.11 min)
Processed rows 256:272/995 ( 27.3%, block 17/63, block 0.73s, elapsed 21.16 min, ETA 57.24 min)
Processed rows 272:288/995 ( 28.9%, block 18/63, block 0.77s, elapsed 21.17 min, ETA 52.92 min)
Processed rows 288:304/995 ( 30.6%, block 19/63, block 0.75s, elapsed 21.18 min, ETA 49.05 min)
Processed rows 304:320/995 ( 32.2%, block 20/63, block 0.74s, elapsed 21.19 min, ETA 45.57 min)
Processed rows 320:336/995 ( 33.8%, block 21/63, block 0.73s, elapsed 21.21 min, ETA 42.41 min)
Processed rows 336:352/995 ( 35.4%, block 22/63, block 0.77s, elapsed 21.22 min, ETA 39.54 min)
Processed rows 352:368/995 ( 37.0%, block 23/63, block 0.75s, elapsed 21.23 min, ETA 36.92 min)
Processed rows 368:384/995 ( 38.6%, block 24/63, block 0.75s, elapsed 21.24 min, ETA 34.52 min)
Processed rows 384:400/995 ( 40.2%, block 25/63, block 0.75s, elapsed 21.26 min, ETA 32.31 min)
Processed rows 400:416/995 ( 41.8%, block 26/63, block 0.75s, elapsed 21.27 min, ETA 30.27 min)
Processed rows 416:432/995 ( 43.4%, block 27/63, block 0.75s, elapsed 21.28 min, ETA 28.37 min)
Processed rows 432:448/995 ( 45.0%, block 28/63, block 0.74s, elapsed 21.29 min, ETA 26.62 min)
Processed rows 448:464/995 ( 46.6%, block 29/63, block 0.73s, elapsed 21.30 min, ETA 24.98 min)
Processed rows 464:480/995 ( 48.2%, block 30/63, block 0.74s, elapsed 21.32 min, ETA 23.45 min)
Processed rows 480:496/995 ( 49.8%, block 31/63, block 0.75s, elapsed 21.33 min, ETA 22.02 min)
Processed rows 496:512/995 ( 51.5%, block 32/63, block 0.95s, elapsed 21.35 min, ETA 20.68 min)
Processed rows 512:528/995 ( 53.1%, block 33/63, block 0.93s, elapsed 21.36 min, ETA 19.42 min)
Processed rows 528:544/995 ( 54.7%, block 34/63, block 0.74s, elapsed 21.37 min, ETA 18.23 min)
Processed rows 544:560/995 ( 56.3%, block 35/63, block 0.75s, elapsed 21.39 min, ETA 17.11 min)
Processed rows 560:576/995 ( 57.9%, block 36/63, block 0.74s, elapsed 21.40 min, ETA 16.05 min)
Processed rows 576:592/995 ( 59.5%, block 37/63, block 0.74s, elapsed 21.41 min, ETA 15.05 min)
Processed rows 592:608/995 ( 61.1%, block 38/63, block 0.75s, elapsed 21.42 min, ETA 14.09 min)
Processed rows 608:624/995 ( 62.7%, block 39/63, block 0.75s, elapsed 21.44 min, ETA 13.19 min)
Processed rows 624:640/995 ( 64.3%, block 40/63, block 0.74s, elapsed 21.45 min, ETA 12.33 min)
Processed rows 640:656/995 ( 65.9%, block 41/63, block 0.74s, elapsed 21.46 min, ETA 11.52 min)
Processed rows 656:672/995 ( 67.5%, block 42/63, block 0.74s, elapsed 21.47 min, ETA 10.74 min)
Processed rows 672:688/995 ( 69.1%, block 43/63, block 0.74s, elapsed 21.48 min, ETA 9.99 min)
Processed rows 688:704/995 ( 70.8%, block 44/63, block 0.74s, elapsed 21.50 min, ETA 9.28 min)
Processed rows 704:720/995 ( 72.4%, block 45/63, block 0.78s, elapsed 21.51 min, ETA 8.60 min)
Processed rows 720:736/995 ( 74.0%, block 46/63, block 0.74s, elapsed 21.52 min, ETA 7.95 min)
Processed rows 736:752/995 ( 75.6%, block 47/63, block 0.72s, elapsed 21.53 min, ETA 7.33 min)
Processed rows 752:768/995 ( 77.2%, block 48/63, block 0.74s, elapsed 21.55 min, ETA 6.73 min)
Processed rows 768:784/995 ( 78.8%, block 49/63, block 0.74s, elapsed 21.56 min, ETA 6.16 min)
Processed rows 784:800/995 ( 80.4%, block 50/63, block 0.74s, elapsed 21.57 min, ETA 5.61 min)
Processed rows 800:816/995 ( 82.0%, block 51/63, block 0.72s, elapsed 21.58 min, ETA 5.08 min)
Processed rows 816:832/995 ( 83.6%, block 52/63, block 0.74s, elapsed 21.60 min, ETA 4.57 min)
Processed rows 832:848/995 ( 85.2%, block 53/63, block 0.73s, elapsed 21.61 min, ETA 4.08 min)
Processed rows 848:864/995 ( 86.8%, block 54/63, block 0.72s, elapsed 21.62 min, ETA 3.60 min)
Processed rows 864:880/995 ( 88.4%, block 55/63, block 0.73s, elapsed 21.63 min, ETA 3.15 min)
Processed rows 880:896/995 ( 90.1%, block 56/63, block 0.74s, elapsed 21.64 min, ETA 2.71 min)
Processed rows 896:912/995 ( 91.7%, block 57/63, block 0.74s, elapsed 21.66 min, ETA 2.28 min)
Processed rows 912:928/995 ( 93.3%, block 58/63, block 0.74s, elapsed 21.67 min, ETA 1.87 min)
Processed rows 928:944/995 ( 94.9%, block 59/63, block 0.73s, elapsed 21.68 min, ETA 1.47 min)
Processed rows 944:960/995 ( 96.5%, block 60/63, block 0.73s, elapsed 21.69 min, ETA 1.08 min)
Processed rows 960:976/995 ( 98.1%, block 61/63, block 0.75s, elapsed 21.71 min, ETA 0.71 min)
Processed rows 976:992/995 ( 99.7%, block 62/63, block 0.72s, elapsed 21.72 min, ETA 0.35 min)
Processed rows 992:995/995 (100.0%, block 63/63, block 0.19s, elapsed 21.72 min, ETA 0.00 min)
AB maggies vectorized pass completed in 21.72 min
Estimated effective streaming throughput: 17.0 MiB/s over support-slice read volume
/arc/home/RongjunHuang/ICRAR/extended/Mass.py:725: RuntimeWarning: invalid value encountered in log10
  m_r_map = np.where(maggies_map > 0, -2.5 * np.log10(maggies_map), np.nan).astype(np.float32)
Finite binned flux-error bins: 13160/13160 (STAT=13160, sample=13160)
Finite binned magnitude-error bins: 13160/13160
Median binned relative flux error : 6.5500e-04
Binned magnitude error min/max   : 1.9843e-04 .. 2.0960e-02 mag
Binned magnitude error [p16, p50, p84] = [6.5428e-04, 7.1116e-04, 7.8018e-04] mag
Warning: No EBV error extension found; EBV uncertainty term will be omitted.
R-band magnitude calculation completed!
Filter used: bessell-R
Magnitude range: 16.07 to 26.56
Distance modulus: 31.09 mag
Total R-band magnitude   : 10.951 mag (AB)
Total R-band luminosity  : 10.079 log10(L☉)
Total stellar mass (R)   : 10.112 log10(M☉)
Median LOGMSTAR_ERR      : 2.9149e-04 dex
LOGMSTAR_ERR [p16, p50, p84] = [2.7013e-04, 2.9149e-04, 3.2557e-04] dex
LOGMSTAR_ERR min/max     : 7.9371e-05 .. 8.3841e-03 dex
Error budget note (LOGMSTAR): includes photometric+extinction propagation; excludes M/L model, distance, and inclination/area systematic uncertainties.
Saved extended file to /arc/home/RongjunHuang/ICRAR/extended/NGC4298_SPATIAL_BINNING_maps_extended.fits
M/L_R layer saved ➜ /arc/home/RongjunHuang/ICRAR/extended/NGC4298_SPATIAL_BINNING_maps_extended.fits
Stellar-mass layer saved ➜ /arc/home/RongjunHuang/ICRAR/extended/NGC4298_SPATIAL_BINNING_maps_extended.fits
Galaxy NGC4298 inclination: 52.0° (cos θ = 0.616)
Inclination correction ENABLED: applying b/a = 0.636 (adopting intrinsic thickness q₀ = 0.2 for disc galaxy)
Median LOGMASS_SURFACE_DENSITY_ERR: 2.9149e-04 dex
LOGMASS_SURFACE_DENSITY_ERR [p16, p50, p84] = [2.7013e-04, 2.9149e-04, 3.2557e-04] dex
LOGMASS_SURFACE_DENSITY_ERR min/max: 7.9371e-05 .. 8.3841e-03 dex
Consistency check |LOGMSTAR_ERR - LOGMASS_SURFACE_DENSITY_ERR| median=0.0000e+00 dex, max=1.6263e-19 dex
Stellar mass surface density layer saved ➜ /arc/home/RongjunHuang/ICRAR/extended/NGC4298_SPATIAL_BINNING_maps_extended.fits
r-band magnitude layer saved ➜ /arc/home/RongjunHuang/ICRAR/extended/NGC4298_SPATIAL_BINNING_maps_extended.fits
r-band uncorrected magnitude layer saved ➜ /arc/home/RongjunHuang/ICRAR/extended/NGC4298_SPATIAL_BINNING_maps_extended.fits
✅  NGC4298 finished in 21m56s
