Python executable: /arc/home/RongjunHuang/.conda/envs/ICRAR/bin/python
Python 3.13.3
PYTHONUNBUFFERED: 1
CANFAR base root : /arc/projects/mauve
Local fallback   : /arc/home/RongjunHuang/ICRAR/extended
MASS_DISABLE_STAT: 0
MASS_NCPUS       : 16
MASS_ROW_BLOCK_SIZE: default


=== Using the following files ===
Primary root : /arc/projects/mauve
Fallback root: /arc/home/RongjunHuang/ICRAR/extended
Cube         : /arc/projects/mauve/cubes/v3.0/NGC4192_DATACUBE_FINAL_WCS_Pall_mad_red_v3.fits
Binning map  : /arc/projects/mauve/products/v0.6/NGC4192/NGC4192_SPATIAL_BINNING_maps.fits
SFH map      : /arc/projects/mauve/products/v0.6/NGC4192/NGC4192_SFH_maps.fits
Weights      : /arc/projects/mauve/products/v0.6/NGC4192/NGC4192_sfh-weights.fits
Photometry   : BaSTI+Chabrier.dat
Output       : NGC4192_SPATIAL_BINNING_maps_extended.fits 

Thread control: forcing 16 BLAS/OpenMP threads
Vectorized processing row-block size: 8
Loading: /arc/projects/mauve/products/v0.6/NGC4192/NGC4192_SPATIAL_BINNING_maps.fits
Filename: /arc/projects/mauve/products/v0.6/NGC4192/NGC4192_SPATIAL_BINNING_maps.fits
No.    Name      Ver    Type      Cards   Dimensions   Format
  0  PRIMARY       1 PrimaryHDU       4   ()      
  1  BINID         1 ImageHDU        26   (1092, 1629)   float64   
  2  FLUX          1 ImageHDU        26   (1092, 1629)   float64   
  3  SNR           1 ImageHDU        26   (1092, 1629)   float64   
  4  SNRBIN        1 ImageHDU        26   (1092, 1629)   float64   
  5  XBIN          1 ImageHDU        26   (1092, 1629)   float64   
  6  YBIN          1 ImageHDU        26   (1092, 1629)   float64   
None
Loading: /arc/projects/mauve/products/v0.6/NGC4192/NGC4192_sfh-weights.fits
Filename: /arc/projects/mauve/products/v0.6/NGC4192/NGC4192_sfh-weights.fits
No.    Name      Ver    Type      Cards   Dimensions   Format
  0  PRIMARY       1 PrimaryHDU      23   ()      
  1  WEIGHTS       1 BinTableHDU     27   34433R x 1C   [477D]   
  2  GRID          1 BinTableHDU     31   477R x 3C   [D, D, D]   
None
Loaded 636 out of 636 rows of data from BaSTI+Chabrier.dat
Loading: /arc/projects/mauve/cubes/v3.0/NGC4192_DATACUBE_FINAL_WCS_Pall_mad_red_v3.fits
Using STAT variance extension for photometric error propagation.
Cube dimensions (nz, ny, nx): 3761, 1629, 1092
Approx. DATA footprint: 24.92 GiB
Approx. STAT footprint: 24.92 GiB
Building exact speclite linear operator for AB maggies...
  Linear-operator chunk 1/8 (wave bins 0:512, elapsed 0.0s)
  Linear-operator chunk 2/8 (wave bins 512:1024, elapsed 0.1s)
  Linear-operator chunk 3/8 (wave bins 1024:1536, elapsed 0.1s)
  Linear-operator chunk 4/8 (wave bins 1536:2048, elapsed 0.1s)
  Linear-operator chunk 5/8 (wave bins 2048:2560, elapsed 0.1s)
  Linear-operator chunk 6/8 (wave bins 2560:3072, elapsed 0.1s)
  Linear-operator chunk 7/8 (wave bins 3072:3584, elapsed 0.2s)
  Linear-operator chunk 8/8 (wave bins 3584:3761, elapsed 0.2s)
Using contiguous filter-support slice: [641:3441] (2800 bins).
Photometric propagation method: exact discrete first-order Jacobian through speclite AB-maggies operator (support bins=2800/3761).
STAT assumption: independent spectral-bin variances (no covariance provided by cube).
Computing AB maggies with vectorized blocks... (estimated support-slice stream volume: 37.11 GiB, DATA+STAT)
Processed rows 0:8/1629 (  0.5%, block 1/204, block 498.99s, elapsed 8.32 min, ETA 1688.24 min)
Processed rows 8:16/1629 (  1.0%, block 2/204, block 0.37s, elapsed 8.32 min, ETA 840.58 min)
Processed rows 24:32/1629 (  2.0%, block 4/204, block 0.35s, elapsed 8.33 min, ETA 416.73 min)
Processed rows 40:48/1629 (  2.9%, block 6/204, block 0.37s, elapsed 8.35 min, ETA 275.45 min)
Processed rows 56:64/1629 (  3.9%, block 8/204, block 0.35s, elapsed 8.36 min, ETA 204.79 min)
Processed rows 72:80/1629 (  4.9%, block 10/204, block 0.36s, elapsed 8.37 min, ETA 162.40 min)
Processed rows 88:96/1629 (  5.9%, block 12/204, block 0.36s, elapsed 8.38 min, ETA 134.14 min)
Processed rows 104:112/1629 (  6.9%, block 14/204, block 0.35s, elapsed 8.40 min, ETA 113.93 min)
Processed rows 120:128/1629 (  7.9%, block 16/204, block 0.35s, elapsed 8.41 min, ETA 98.78 min)
Processed rows 136:144/1629 (  8.8%, block 18/204, block 0.36s, elapsed 8.42 min, ETA 87.00 min)
Processed rows 152:160/1629 (  9.8%, block 20/204, block 0.35s, elapsed 8.43 min, ETA 77.57 min)
Processed rows 168:176/1629 ( 10.8%, block 22/204, block 0.35s, elapsed 8.44 min, ETA 69.85 min)
Processed rows 184:192/1629 ( 11.8%, block 24/204, block 0.36s, elapsed 8.46 min, ETA 63.42 min)
Processed rows 200:208/1629 ( 12.8%, block 26/204, block 0.35s, elapsed 8.47 min, ETA 57.97 min)
Processed rows 216:224/1629 ( 13.8%, block 28/204, block 0.34s, elapsed 8.48 min, ETA 53.30 min)
Processed rows 232:240/1629 ( 14.7%, block 30/204, block 0.35s, elapsed 8.49 min, ETA 49.25 min)
Processed rows 248:256/1629 ( 15.7%, block 32/204, block 0.35s, elapsed 8.50 min, ETA 45.70 min)
Processed rows 264:272/1629 ( 16.7%, block 34/204, block 0.35s, elapsed 8.51 min, ETA 42.57 min)
Processed rows 280:288/1629 ( 17.7%, block 36/204, block 0.36s, elapsed 8.53 min, ETA 39.79 min)
Processed rows 296:304/1629 ( 18.7%, block 38/204, block 0.35s, elapsed 8.54 min, ETA 37.30 min)
Processed rows 312:320/1629 ( 19.6%, block 40/204, block 0.35s, elapsed 8.55 min, ETA 35.06 min)
Processed rows 328:336/1629 ( 20.6%, block 42/204, block 0.35s, elapsed 8.56 min, ETA 33.03 min)
Processed rows 344:352/1629 ( 21.6%, block 44/204, block 0.35s, elapsed 8.57 min, ETA 31.18 min)
Processed rows 360:368/1629 ( 22.6%, block 46/204, block 0.35s, elapsed 8.59 min, ETA 29.49 min)
Processed rows 376:384/1629 ( 23.6%, block 48/204, block 0.36s, elapsed 8.60 min, ETA 27.94 min)
Processed rows 392:400/1629 ( 24.6%, block 50/204, block 0.34s, elapsed 8.61 min, ETA 26.52 min)
Processed rows 408:416/1629 ( 25.5%, block 52/204, block 0.34s, elapsed 8.62 min, ETA 25.20 min)
Processed rows 424:432/1629 ( 26.5%, block 54/204, block 0.34s, elapsed 8.63 min, ETA 23.98 min)
Processed rows 440:448/1629 ( 27.5%, block 56/204, block 0.35s, elapsed 8.64 min, ETA 22.85 min)
Processed rows 456:464/1629 ( 28.5%, block 58/204, block 0.35s, elapsed 8.66 min, ETA 21.79 min)
Processed rows 472:480/1629 ( 29.5%, block 60/204, block 0.78s, elapsed 8.68 min, ETA 20.82 min)
Processed rows 488:496/1629 ( 30.4%, block 62/204, block 0.35s, elapsed 8.69 min, ETA 19.90 min)
Processed rows 504:512/1629 ( 31.4%, block 64/204, block 0.35s, elapsed 8.70 min, ETA 19.03 min)
Processed rows 520:528/1629 ( 32.4%, block 66/204, block 0.36s, elapsed 8.71 min, ETA 18.22 min)
Processed rows 536:544/1629 ( 33.4%, block 68/204, block 0.35s, elapsed 8.73 min, ETA 17.45 min)
Processed rows 552:560/1629 ( 34.4%, block 70/204, block 0.34s, elapsed 8.74 min, ETA 16.73 min)
Processed rows 568:576/1629 ( 35.4%, block 72/204, block 0.35s, elapsed 8.75 min, ETA 16.04 min)
Processed rows 584:592/1629 ( 36.3%, block 74/204, block 0.34s, elapsed 8.76 min, ETA 15.39 min)
Processed rows 600:608/1629 ( 37.3%, block 76/204, block 0.35s, elapsed 8.77 min, ETA 14.77 min)
Processed rows 616:624/1629 ( 38.3%, block 78/204, block 0.35s, elapsed 8.78 min, ETA 14.19 min)
Processed rows 632:640/1629 ( 39.3%, block 80/204, block 0.35s, elapsed 8.80 min, ETA 13.63 min)
Processed rows 648:656/1629 ( 40.3%, block 82/204, block 0.34s, elapsed 8.81 min, ETA 13.10 min)
Processed rows 664:672/1629 ( 41.3%, block 84/204, block 0.35s, elapsed 8.82 min, ETA 12.60 min)
Processed rows 680:688/1629 ( 42.2%, block 86/204, block 0.34s, elapsed 8.83 min, ETA 12.12 min)
Processed rows 696:704/1629 ( 43.2%, block 88/204, block 0.35s, elapsed 8.84 min, ETA 11.66 min)
Processed rows 712:720/1629 ( 44.2%, block 90/204, block 0.37s, elapsed 8.86 min, ETA 11.22 min)
Processed rows 728:736/1629 ( 45.2%, block 92/204, block 0.36s, elapsed 8.87 min, ETA 10.80 min)
Processed rows 744:752/1629 ( 46.2%, block 94/204, block 0.35s, elapsed 8.88 min, ETA 10.39 min)
Processed rows 760:768/1629 ( 47.1%, block 96/204, block 0.35s, elapsed 8.89 min, ETA 10.00 min)
Processed rows 776:784/1629 ( 48.1%, block 98/204, block 0.35s, elapsed 8.90 min, ETA 9.63 min)
Processed rows 792:800/1629 ( 49.1%, block 100/204, block 0.35s, elapsed 8.92 min, ETA 9.27 min)
Processed rows 808:816/1629 ( 50.1%, block 102/204, block 0.35s, elapsed 8.93 min, ETA 8.93 min)
Processed rows 824:832/1629 ( 51.1%, block 104/204, block 0.35s, elapsed 8.94 min, ETA 8.60 min)
Processed rows 840:848/1629 ( 52.1%, block 106/204, block 0.35s, elapsed 8.95 min, ETA 8.28 min)
Processed rows 856:864/1629 ( 53.0%, block 108/204, block 0.35s, elapsed 8.96 min, ETA 7.97 min)
Processed rows 872:880/1629 ( 54.0%, block 110/204, block 0.35s, elapsed 8.97 min, ETA 7.67 min)
Processed rows 888:896/1629 ( 55.0%, block 112/204, block 0.35s, elapsed 8.99 min, ETA 7.38 min)
Processed rows 904:912/1629 ( 56.0%, block 114/204, block 0.35s, elapsed 9.00 min, ETA 7.10 min)
Processed rows 920:928/1629 ( 57.0%, block 116/204, block 0.35s, elapsed 9.01 min, ETA 6.84 min)
Processed rows 936:944/1629 ( 57.9%, block 118/204, block 0.34s, elapsed 9.02 min, ETA 6.58 min)
Processed rows 952:960/1629 ( 58.9%, block 120/204, block 0.35s, elapsed 9.03 min, ETA 6.32 min)
Processed rows 968:976/1629 ( 59.9%, block 122/204, block 0.35s, elapsed 9.05 min, ETA 6.08 min)
Processed rows 984:992/1629 ( 60.9%, block 124/204, block 0.36s, elapsed 9.06 min, ETA 5.84 min)
Processed rows 1000:1008/1629 ( 61.9%, block 126/204, block 0.35s, elapsed 9.07 min, ETA 5.61 min)
Processed rows 1016:1024/1629 ( 62.9%, block 128/204, block 0.36s, elapsed 9.08 min, ETA 5.39 min)
Processed rows 1032:1040/1629 ( 63.8%, block 130/204, block 0.36s, elapsed 9.09 min, ETA 5.18 min)
Processed rows 1048:1056/1629 ( 64.8%, block 132/204, block 0.35s, elapsed 9.11 min, ETA 4.97 min)
Processed rows 1064:1072/1629 ( 65.8%, block 134/204, block 0.34s, elapsed 9.12 min, ETA 4.76 min)
Processed rows 1080:1088/1629 ( 66.8%, block 136/204, block 0.35s, elapsed 9.13 min, ETA 4.56 min)
Processed rows 1096:1104/1629 ( 67.8%, block 138/204, block 0.35s, elapsed 9.14 min, ETA 4.37 min)
Processed rows 1112:1120/1629 ( 68.8%, block 140/204, block 0.35s, elapsed 9.15 min, ETA 4.18 min)
Processed rows 1128:1136/1629 ( 69.7%, block 142/204, block 0.35s, elapsed 9.17 min, ETA 4.00 min)
Processed rows 1144:1152/1629 ( 70.7%, block 144/204, block 0.36s, elapsed 9.18 min, ETA 3.82 min)
Processed rows 1160:1168/1629 ( 71.7%, block 146/204, block 0.38s, elapsed 9.19 min, ETA 3.65 min)
Processed rows 1176:1184/1629 ( 72.7%, block 148/204, block 0.35s, elapsed 9.20 min, ETA 3.48 min)
Processed rows 1192:1200/1629 ( 73.7%, block 150/204, block 0.37s, elapsed 9.22 min, ETA 3.32 min)
Processed rows 1208:1216/1629 ( 74.6%, block 152/204, block 0.35s, elapsed 9.23 min, ETA 3.16 min)
Processed rows 1224:1232/1629 ( 75.6%, block 154/204, block 0.36s, elapsed 9.24 min, ETA 3.00 min)
Processed rows 1240:1248/1629 ( 76.6%, block 156/204, block 0.35s, elapsed 9.25 min, ETA 2.85 min)
Processed rows 1256:1264/1629 ( 77.6%, block 158/204, block 0.35s, elapsed 9.26 min, ETA 2.70 min)
Processed rows 1272:1280/1629 ( 78.6%, block 160/204, block 0.37s, elapsed 9.28 min, ETA 2.55 min)
Processed rows 1288:1296/1629 ( 79.6%, block 162/204, block 0.38s, elapsed 9.29 min, ETA 2.41 min)
Processed rows 1304:1312/1629 ( 80.5%, block 164/204, block 0.36s, elapsed 9.30 min, ETA 2.27 min)
Processed rows 1320:1328/1629 ( 81.5%, block 166/204, block 0.36s, elapsed 9.31 min, ETA 2.13 min)
Processed rows 1336:1344/1629 ( 82.5%, block 168/204, block 0.37s, elapsed 9.33 min, ETA 2.00 min)
Processed rows 1352:1360/1629 ( 83.5%, block 170/204, block 0.36s, elapsed 9.34 min, ETA 1.87 min)
Processed rows 1368:1376/1629 ( 84.5%, block 172/204, block 0.36s, elapsed 9.35 min, ETA 1.74 min)
Processed rows 1384:1392/1629 ( 85.5%, block 174/204, block 0.37s, elapsed 9.36 min, ETA 1.61 min)
Processed rows 1400:1408/1629 ( 86.4%, block 176/204, block 0.36s, elapsed 9.38 min, ETA 1.49 min)
Processed rows 1416:1424/1629 ( 87.4%, block 178/204, block 0.36s, elapsed 9.39 min, ETA 1.37 min)
Processed rows 1432:1440/1629 ( 88.4%, block 180/204, block 0.36s, elapsed 9.40 min, ETA 1.25 min)
Processed rows 1448:1456/1629 ( 89.4%, block 182/204, block 0.36s, elapsed 9.41 min, ETA 1.14 min)
Processed rows 1464:1472/1629 ( 90.4%, block 184/204, block 0.36s, elapsed 9.42 min, ETA 1.02 min)
Processed rows 1480:1488/1629 ( 91.3%, block 186/204, block 0.36s, elapsed 9.44 min, ETA 0.91 min)
Processed rows 1496:1504/1629 ( 92.3%, block 188/204, block 0.36s, elapsed 9.45 min, ETA 0.80 min)
Processed rows 1512:1520/1629 ( 93.3%, block 190/204, block 0.36s, elapsed 9.46 min, ETA 0.70 min)
Processed rows 1528:1536/1629 ( 94.3%, block 192/204, block 0.36s, elapsed 9.47 min, ETA 0.59 min)
Processed rows 1544:1552/1629 ( 95.3%, block 194/204, block 0.36s, elapsed 9.49 min, ETA 0.49 min)
Processed rows 1560:1568/1629 ( 96.3%, block 196/204, block 0.35s, elapsed 9.50 min, ETA 0.39 min)
Processed rows 1576:1584/1629 ( 97.2%, block 198/204, block 0.36s, elapsed 9.51 min, ETA 0.29 min)
Processed rows 1592:1600/1629 ( 98.2%, block 200/204, block 0.36s, elapsed 9.52 min, ETA 0.19 min)
Processed rows 1608:1616/1629 ( 99.2%, block 202/204, block 0.36s, elapsed 9.53 min, ETA 0.09 min)
Processed rows 1624:1629/1629 (100.0%, block 204/204, block 0.22s, elapsed 9.54 min, ETA 0.00 min)
AB maggies vectorized pass completed in 9.54 min
Estimated effective streaming throughput: 66.4 MiB/s over support-slice read volume
Finite binned flux-error bins: 34433/34433 (STAT=34433, sample=34433)
Finite binned magnitude-error bins: 34433/34433
Median binned relative flux error : 6.2363e-04
Binned magnitude error min/max   : 1.7961e-04 .. 7.1145e-03 mag
Binned magnitude error [p16, p50, p84] = [6.1856e-04, 6.7710e-04, 7.5594e-04] mag
Warning: No EBV error extension found; EBV uncertainty term will be omitted.
R-band magnitude calculation completed!
Filter used: bessell-R
Magnitude range: 16.50 to 25.63
Distance modulus: 31.09 mag
Total R-band magnitude   : 10.043 mag (AB)
Total R-band luminosity  : 10.502 log10(L☉)
Total stellar mass (R)   : 10.833 log10(M☉)
Median LOGMSTAR_ERR      : 2.7507e-04 dex
LOGMSTAR_ERR [p16, p50, p84] = [2.4961e-04, 2.7507e-04, 3.1506e-04] dex
LOGMSTAR_ERR min/max     : 7.1845e-05 .. 2.8458e-03 dex
Error budget note (LOGMSTAR): includes photometric+extinction propagation; excludes M/L model, distance, and inclination/area systematic uncertainties.
Saved extended file to /arc/home/RongjunHuang/ICRAR/extended/NGC4192_SPATIAL_BINNING_maps_extended.fits
M/L_R layer saved ➜ /arc/home/RongjunHuang/ICRAR/extended/NGC4192_SPATIAL_BINNING_maps_extended.fits
Stellar-mass layer saved ➜ /arc/home/RongjunHuang/ICRAR/extended/NGC4192_SPATIAL_BINNING_maps_extended.fits
Galaxy NGC4192 inclination: 83.0° (cos θ = 0.122)
Inclination correction ENABLED: applying b/a = 0.233 (adopting intrinsic thickness q₀ = 0.2 for disc galaxy)
Median LOGMASS_SURFACE_DENSITY_ERR: 2.7507e-04 dex
LOGMASS_SURFACE_DENSITY_ERR [p16, p50, p84] = [2.4961e-04, 2.7507e-04, 3.1506e-04] dex
LOGMASS_SURFACE_DENSITY_ERR min/max: 7.1845e-05 .. 2.8458e-03 dex
Consistency check |LOGMSTAR_ERR - LOGMASS_SURFACE_DENSITY_ERR| median=0.0000e+00 dex, max=2.1684e-19 dex
Stellar mass surface density layer saved ➜ /arc/home/RongjunHuang/ICRAR/extended/NGC4192_SPATIAL_BINNING_maps_extended.fits
r-band magnitude layer saved ➜ /arc/home/RongjunHuang/ICRAR/extended/NGC4192_SPATIAL_BINNING_maps_extended.fits
r-band uncorrected magnitude layer saved ➜ /arc/home/RongjunHuang/ICRAR/extended/NGC4192_SPATIAL_BINNING_maps_extended.fits
✅  NGC4192 finished in 9m44s
