Python executable: /arc/home/RongjunHuang/.conda/envs/ICRAR/bin/python
Python 3.13.3
PYTHONUNBUFFERED: 1
CANFAR base root : /arc/projects/mauve
Local fallback   : /arc/home/RongjunHuang/ICRAR/extended
MASS_DISABLE_STAT: 0
MASS_NCPUS       : 16
MASS_ROW_BLOCK_SIZE: default


=== Using the following files ===
Primary root : /arc/projects/mauve
Fallback root: /arc/home/RongjunHuang/ICRAR/extended
Cube         : /arc/projects/mauve/cubes/v3.0/NGC4694_DATACUBE_FINAL_WCS_Pall_mad_red_v3.fits
Binning map  : /arc/projects/mauve/products/v0.6/NGC4694/NGC4694_SPATIAL_BINNING_maps.fits
SFH map      : /arc/projects/mauve/products/v0.6/NGC4694/NGC4694_SFH_maps.fits
Weights      : /arc/projects/mauve/products/v0.6/NGC4694/NGC4694_sfh-weights.fits
Photometry   : BaSTI+Chabrier.dat
Output       : NGC4694_SPATIAL_BINNING_maps_extended.fits 

Thread control: forcing 16 BLAS/OpenMP threads
Vectorized processing row-block size: 8
Loading: /arc/projects/mauve/products/v0.6/NGC4694/NGC4694_SPATIAL_BINNING_maps.fits
Filename: /arc/projects/mauve/products/v0.6/NGC4694/NGC4694_SPATIAL_BINNING_maps.fits
No.    Name      Ver    Type      Cards   Dimensions   Format
  0  PRIMARY       1 PrimaryHDU       4   ()      
  1  BINID         1 ImageHDU        26   (439, 440)   float64   
  2  FLUX          1 ImageHDU        26   (439, 440)   float64   
  3  SNR           1 ImageHDU        26   (439, 440)   float64   
  4  SNRBIN        1 ImageHDU        26   (439, 440)   float64   
  5  XBIN          1 ImageHDU        26   (439, 440)   float64   
  6  YBIN          1 ImageHDU        26   (439, 440)   float64   
None
Loading: /arc/projects/mauve/products/v0.6/NGC4694/NGC4694_sfh-weights.fits
Filename: /arc/projects/mauve/products/v0.6/NGC4694/NGC4694_sfh-weights.fits
No.    Name      Ver    Type      Cards   Dimensions   Format
  0  PRIMARY       1 PrimaryHDU      23   ()      
  1  WEIGHTS       1 BinTableHDU     27   8145R x 1C   [477D]   
  2  GRID          1 BinTableHDU     31   477R x 3C   [D, D, D]   
None
Loaded 636 out of 636 rows of data from BaSTI+Chabrier.dat
Loading: /arc/projects/mauve/cubes/v3.0/NGC4694_DATACUBE_FINAL_WCS_Pall_mad_red_v3.fits
Using STAT variance extension for photometric error propagation.
Cube dimensions (nz, ny, nx): 3761, 440, 439
Approx. DATA footprint: 2.71 GiB
Approx. STAT footprint: 2.71 GiB
Building exact speclite linear operator for AB maggies...
  Linear-operator chunk 1/8 (wave bins 0:512, elapsed 0.0s)
  Linear-operator chunk 2/8 (wave bins 512:1024, elapsed 0.1s)
  Linear-operator chunk 3/8 (wave bins 1024:1536, elapsed 0.1s)
  Linear-operator chunk 4/8 (wave bins 1536:2048, elapsed 0.1s)
  Linear-operator chunk 5/8 (wave bins 2048:2560, elapsed 0.1s)
  Linear-operator chunk 6/8 (wave bins 2560:3072, elapsed 0.1s)
  Linear-operator chunk 7/8 (wave bins 3072:3584, elapsed 0.2s)
  Linear-operator chunk 8/8 (wave bins 3584:3761, elapsed 0.2s)
Using contiguous filter-support slice: [641:3441] (2800 bins).
Photometric propagation method: exact discrete first-order Jacobian through speclite AB-maggies operator (support bins=2800/3761).
STAT assumption: independent spectral-bin variances (no covariance provided by cube).
Computing AB maggies with vectorized blocks... (estimated support-slice stream volume: 4.03 GiB, DATA+STAT)
Processed rows 0:8/440 (  1.8%, block 1/55, block 304.32s, elapsed 5.07 min, ETA 273.89 min)
Processed rows 8:16/440 (  3.6%, block 2/55, block 0.18s, elapsed 5.08 min, ETA 134.49 min)
Processed rows 24:32/440 (  7.3%, block 4/55, block 0.19s, elapsed 5.08 min, ETA 64.78 min)
Processed rows 40:48/440 ( 10.9%, block 6/55, block 0.16s, elapsed 5.09 min, ETA 41.54 min)
Processed rows 56:64/440 ( 14.5%, block 8/55, block 0.15s, elapsed 5.09 min, ETA 29.91 min)
Processed rows 72:80/440 ( 18.2%, block 10/55, block 0.18s, elapsed 5.10 min, ETA 22.94 min)
Processed rows 88:96/440 ( 21.8%, block 12/55, block 0.16s, elapsed 5.10 min, ETA 18.28 min)
Processed rows 104:112/440 ( 25.5%, block 14/55, block 0.16s, elapsed 5.11 min, ETA 14.96 min)
Processed rows 120:128/440 ( 29.1%, block 16/55, block 0.16s, elapsed 5.11 min, ETA 12.46 min)
Processed rows 136:144/440 ( 32.7%, block 18/55, block 0.16s, elapsed 5.12 min, ETA 10.52 min)
Processed rows 152:160/440 ( 36.4%, block 20/55, block 0.17s, elapsed 5.12 min, ETA 8.97 min)
Processed rows 168:176/440 ( 40.0%, block 22/55, block 0.17s, elapsed 5.13 min, ETA 7.69 min)
Processed rows 184:192/440 ( 43.6%, block 24/55, block 0.16s, elapsed 5.14 min, ETA 6.63 min)
Processed rows 200:208/440 ( 47.3%, block 26/55, block 0.16s, elapsed 5.14 min, ETA 5.73 min)
Processed rows 216:224/440 ( 50.9%, block 28/55, block 0.16s, elapsed 5.15 min, ETA 4.96 min)
Processed rows 232:240/440 ( 54.5%, block 30/55, block 0.17s, elapsed 5.15 min, ETA 4.29 min)
Processed rows 248:256/440 ( 58.2%, block 32/55, block 0.18s, elapsed 5.16 min, ETA 3.71 min)
Processed rows 264:272/440 ( 61.8%, block 34/55, block 0.18s, elapsed 5.16 min, ETA 3.19 min)
Processed rows 280:288/440 ( 65.5%, block 36/55, block 0.17s, elapsed 5.17 min, ETA 2.73 min)
Processed rows 296:304/440 ( 69.1%, block 38/55, block 0.17s, elapsed 5.17 min, ETA 2.31 min)
Processed rows 312:320/440 ( 72.7%, block 40/55, block 0.27s, elapsed 5.18 min, ETA 1.94 min)
Processed rows 328:336/440 ( 76.4%, block 42/55, block 0.16s, elapsed 5.19 min, ETA 1.61 min)
Processed rows 344:352/440 ( 80.0%, block 44/55, block 0.16s, elapsed 5.19 min, ETA 1.30 min)
Processed rows 360:368/440 ( 83.6%, block 46/55, block 0.16s, elapsed 5.20 min, ETA 1.02 min)
Processed rows 376:384/440 ( 87.3%, block 48/55, block 0.17s, elapsed 5.20 min, ETA 0.76 min)
Processed rows 392:400/440 ( 90.9%, block 50/55, block 0.17s, elapsed 5.21 min, ETA 0.52 min)
Processed rows 408:416/440 ( 94.5%, block 52/55, block 0.17s, elapsed 5.21 min, ETA 0.30 min)
Processed rows 424:432/440 ( 98.2%, block 54/55, block 0.17s, elapsed 5.22 min, ETA 0.10 min)
Processed rows 432:440/440 (100.0%, block 55/55, block 0.15s, elapsed 5.22 min, ETA 0.00 min)
AB maggies vectorized pass completed in 5.22 min
Estimated effective streaming throughput: 13.2 MiB/s over support-slice read volume
Finite binned flux-error bins: 8145/8145 (STAT=8145, sample=8145)
Finite binned magnitude-error bins: 8145/8145
Median binned relative flux error : 6.3791e-04
Binned magnitude error min/max   : 3.9836e-04 .. 2.0704e-03 mag
Binned magnitude error [p16, p50, p84] = [6.2544e-04, 6.9260e-04, 7.4445e-04] mag
Warning: No EBV error extension found; EBV uncertainty term will be omitted.
R-band magnitude calculation completed!
Filter used: bessell-R
Magnitude range: 19.67 to 25.82
Distance modulus: 31.09 mag
Total R-band magnitude   : 11.746 mag (AB)
Total R-band luminosity  : 9.777 log10(L☉)
Total stellar mass (R)   : 9.781 log10(M☉)
Median LOGMSTAR_ERR      : 2.9000e-04 dex
LOGMSTAR_ERR [p16, p50, p84] = [2.7006e-04, 2.9000e-04, 3.0843e-04] dex
LOGMSTAR_ERR min/max     : 1.5934e-04 .. 8.2815e-04 dex
Error budget note (LOGMSTAR): includes photometric+extinction propagation; excludes M/L model, distance, and inclination/area systematic uncertainties.
Saved extended file to /arc/home/RongjunHuang/ICRAR/extended/NGC4694_SPATIAL_BINNING_maps_extended.fits
M/L_R layer saved ➜ /arc/home/RongjunHuang/ICRAR/extended/NGC4694_SPATIAL_BINNING_maps_extended.fits
Stellar-mass layer saved ➜ /arc/home/RongjunHuang/ICRAR/extended/NGC4694_SPATIAL_BINNING_maps_extended.fits
Galaxy NGC4694 inclination: 62.0° (cos θ = 0.469)
Inclination correction ENABLED: applying b/a = 0.502 (adopting intrinsic thickness q₀ = 0.2 for disc galaxy)
Median LOGMASS_SURFACE_DENSITY_ERR: 2.9000e-04 dex
LOGMASS_SURFACE_DENSITY_ERR [p16, p50, p84] = [2.7006e-04, 2.9000e-04, 3.0843e-04] dex
LOGMASS_SURFACE_DENSITY_ERR min/max: 1.5934e-04 .. 8.2815e-04 dex
Consistency check |LOGMSTAR_ERR - LOGMASS_SURFACE_DENSITY_ERR| median=0.0000e+00 dex, max=1.0842e-19 dex
Stellar mass surface density layer saved ➜ /arc/home/RongjunHuang/ICRAR/extended/NGC4694_SPATIAL_BINNING_maps_extended.fits
r-band magnitude layer saved ➜ /arc/home/RongjunHuang/ICRAR/extended/NGC4694_SPATIAL_BINNING_maps_extended.fits
r-band uncorrected magnitude layer saved ➜ /arc/home/RongjunHuang/ICRAR/extended/NGC4694_SPATIAL_BINNING_maps_extended.fits
✅  NGC4694 finished in 5m19s
