Python executable: /arc/home/RongjunHuang/.conda/envs/ICRAR/bin/python
Python 3.13.3
PYTHONUNBUFFERED: 1
CANFAR base root : /arc/projects/mauve
Local fallback   : /arc/home/RongjunHuang/ICRAR/extended
MASS_DISABLE_STAT: 0
MASS_NCPUS       : 16
MASS_ROW_BLOCK_SIZE: default


=== Using the following files ===
Primary root : /arc/projects/mauve
Fallback root: /arc/home/RongjunHuang/ICRAR/extended
Cube         : /arc/projects/mauve/cubes/v3.0/NGC4396_DATACUBE_FINAL_WCS_Pall_mad_red_v3.fits
Binning map  : /arc/projects/mauve/products/v0.6/NGC4396/NGC4396_SPATIAL_BINNING_maps.fits
SFH map      : /arc/projects/mauve/products/v0.6/NGC4396/NGC4396_SFH_maps.fits
Weights      : /arc/projects/mauve/products/v0.6/NGC4396/NGC4396_sfh-weights.fits
Photometry   : BaSTI+Chabrier.dat
Output       : NGC4396_SPATIAL_BINNING_maps_extended.fits 

Thread control: forcing 16 BLAS/OpenMP threads
Vectorized processing row-block size: 8
Loading: /arc/projects/mauve/products/v0.6/NGC4396/NGC4396_SPATIAL_BINNING_maps.fits
Filename: /arc/projects/mauve/products/v0.6/NGC4396/NGC4396_SPATIAL_BINNING_maps.fits
No.    Name      Ver    Type      Cards   Dimensions   Format
  0  PRIMARY       1 PrimaryHDU       4   ()      
  1  BINID         1 ImageHDU        26   (883, 755)   float64   
  2  FLUX          1 ImageHDU        26   (883, 755)   float64   
  3  SNR           1 ImageHDU        26   (883, 755)   float64   
  4  SNRBIN        1 ImageHDU        26   (883, 755)   float64   
  5  XBIN          1 ImageHDU        26   (883, 755)   float64   
  6  YBIN          1 ImageHDU        26   (883, 755)   float64   
None
Loading: /arc/projects/mauve/products/v0.6/NGC4396/NGC4396_sfh-weights.fits
Filename: /arc/projects/mauve/products/v0.6/NGC4396/NGC4396_sfh-weights.fits
No.    Name      Ver    Type      Cards   Dimensions   Format
  0  PRIMARY       1 PrimaryHDU      23   ()      
  1  WEIGHTS       1 BinTableHDU     27   2338R x 1C   [477D]   
  2  GRID          1 BinTableHDU     31   477R x 3C   [D, D, D]   
None
Loaded 636 out of 636 rows of data from BaSTI+Chabrier.dat
Loading: /arc/projects/mauve/cubes/v3.0/NGC4396_DATACUBE_FINAL_WCS_Pall_mad_red_v3.fits
Using STAT variance extension for photometric error propagation.
Cube dimensions (nz, ny, nx): 3761, 755, 883
Approx. DATA footprint: 9.34 GiB
Approx. STAT footprint: 9.34 GiB
Building exact speclite linear operator for AB maggies...
  Linear-operator chunk 1/8 (wave bins 0:512, elapsed 0.0s)
  Linear-operator chunk 2/8 (wave bins 512:1024, elapsed 0.1s)
  Linear-operator chunk 3/8 (wave bins 1024:1536, elapsed 0.1s)
  Linear-operator chunk 4/8 (wave bins 1536:2048, elapsed 0.1s)
  Linear-operator chunk 5/8 (wave bins 2048:2560, elapsed 0.1s)
  Linear-operator chunk 6/8 (wave bins 2560:3072, elapsed 0.1s)
  Linear-operator chunk 7/8 (wave bins 3072:3584, elapsed 0.2s)
  Linear-operator chunk 8/8 (wave bins 3584:3761, elapsed 0.2s)
Using contiguous filter-support slice: [641:3441] (2800 bins).
Photometric propagation method: exact discrete first-order Jacobian through speclite AB-maggies operator (support bins=2800/3761).
STAT assumption: independent spectral-bin variances (no covariance provided by cube).
Computing AB maggies with vectorized blocks... (estimated support-slice stream volume: 13.91 GiB, DATA+STAT)
Processed rows 0:8/755 (  1.1%, block 1/95, block 910.48s, elapsed 15.17 min, ETA 1426.42 min)
Processed rows 8:16/755 (  2.1%, block 2/95, block 0.32s, elapsed 15.18 min, ETA 705.87 min)
Processed rows 24:32/755 (  4.2%, block 4/95, block 0.30s, elapsed 15.19 min, ETA 345.57 min)
Processed rows 40:48/755 (  6.4%, block 6/95, block 0.29s, elapsed 15.20 min, ETA 225.46 min)
Processed rows 56:64/755 (  8.5%, block 8/95, block 0.29s, elapsed 15.21 min, ETA 165.40 min)
Processed rows 72:80/755 ( 10.6%, block 10/95, block 0.29s, elapsed 15.22 min, ETA 129.37 min)
Processed rows 88:96/755 ( 12.7%, block 12/95, block 0.30s, elapsed 15.23 min, ETA 105.34 min)
Processed rows 104:112/755 ( 14.8%, block 14/95, block 0.29s, elapsed 15.24 min, ETA 88.17 min)
Processed rows 120:128/755 ( 17.0%, block 16/95, block 0.29s, elapsed 15.25 min, ETA 75.30 min)
Processed rows 136:144/755 ( 19.1%, block 18/95, block 0.29s, elapsed 15.26 min, ETA 65.28 min)
Processed rows 152:160/755 ( 21.2%, block 20/95, block 0.29s, elapsed 15.27 min, ETA 57.26 min)
Processed rows 168:176/755 ( 23.3%, block 22/95, block 0.30s, elapsed 15.28 min, ETA 50.70 min)
Processed rows 184:192/755 ( 25.4%, block 24/95, block 0.31s, elapsed 15.29 min, ETA 45.23 min)
Processed rows 200:208/755 ( 27.5%, block 26/95, block 0.32s, elapsed 15.30 min, ETA 40.61 min)
Processed rows 216:224/755 ( 29.7%, block 28/95, block 0.29s, elapsed 15.31 min, ETA 36.64 min)
Processed rows 232:240/755 ( 31.8%, block 30/95, block 0.30s, elapsed 15.32 min, ETA 33.20 min)
Processed rows 248:256/755 ( 33.9%, block 32/95, block 0.29s, elapsed 15.33 min, ETA 30.18 min)
Processed rows 264:272/755 ( 36.0%, block 34/95, block 0.30s, elapsed 15.34 min, ETA 27.53 min)
Processed rows 280:288/755 ( 38.1%, block 36/95, block 0.30s, elapsed 15.35 min, ETA 25.16 min)
Processed rows 296:304/755 ( 40.3%, block 38/95, block 0.30s, elapsed 15.36 min, ETA 23.04 min)
Processed rows 312:320/755 ( 42.4%, block 40/95, block 0.31s, elapsed 15.37 min, ETA 21.14 min)
Processed rows 328:336/755 ( 44.5%, block 42/95, block 0.31s, elapsed 15.38 min, ETA 19.41 min)
Processed rows 344:352/755 ( 46.6%, block 44/95, block 0.32s, elapsed 15.39 min, ETA 17.84 min)
Processed rows 360:368/755 ( 48.7%, block 46/95, block 0.30s, elapsed 15.40 min, ETA 16.41 min)
Processed rows 376:384/755 ( 50.9%, block 48/95, block 0.31s, elapsed 15.41 min, ETA 15.09 min)
Processed rows 392:400/755 ( 53.0%, block 50/95, block 0.31s, elapsed 15.43 min, ETA 13.88 min)
Processed rows 408:416/755 ( 55.1%, block 52/95, block 0.31s, elapsed 15.44 min, ETA 12.76 min)
Processed rows 424:432/755 ( 57.2%, block 54/95, block 0.53s, elapsed 15.45 min, ETA 11.73 min)
Processed rows 440:448/755 ( 59.3%, block 56/95, block 0.30s, elapsed 15.46 min, ETA 10.77 min)
Processed rows 456:464/755 ( 61.5%, block 58/95, block 0.31s, elapsed 15.47 min, ETA 9.87 min)
Processed rows 472:480/755 ( 63.6%, block 60/95, block 0.30s, elapsed 15.48 min, ETA 9.03 min)
Processed rows 488:496/755 ( 65.7%, block 62/95, block 0.31s, elapsed 15.49 min, ETA 8.25 min)
Processed rows 504:512/755 ( 67.8%, block 64/95, block 0.32s, elapsed 15.50 min, ETA 7.51 min)
Processed rows 520:528/755 ( 69.9%, block 66/95, block 0.32s, elapsed 15.51 min, ETA 6.82 min)
Processed rows 536:544/755 ( 72.1%, block 68/95, block 0.32s, elapsed 15.52 min, ETA 6.16 min)
Processed rows 552:560/755 ( 74.2%, block 70/95, block 0.30s, elapsed 15.53 min, ETA 5.55 min)
Processed rows 568:576/755 ( 76.3%, block 72/95, block 0.33s, elapsed 15.55 min, ETA 4.97 min)
Processed rows 584:592/755 ( 78.4%, block 74/95, block 0.31s, elapsed 15.56 min, ETA 4.41 min)
Processed rows 600:608/755 ( 80.5%, block 76/95, block 0.31s, elapsed 15.57 min, ETA 3.89 min)
Processed rows 616:624/755 ( 82.6%, block 78/95, block 0.30s, elapsed 15.58 min, ETA 3.40 min)
Processed rows 632:640/755 ( 84.8%, block 80/95, block 0.31s, elapsed 15.59 min, ETA 2.92 min)
Processed rows 648:656/755 ( 86.9%, block 82/95, block 0.31s, elapsed 15.60 min, ETA 2.47 min)
Processed rows 664:672/755 ( 89.0%, block 84/95, block 0.30s, elapsed 15.61 min, ETA 2.04 min)
Processed rows 680:688/755 ( 91.1%, block 86/95, block 0.31s, elapsed 15.62 min, ETA 1.64 min)
Processed rows 696:704/755 ( 93.2%, block 88/95, block 0.31s, elapsed 15.64 min, ETA 1.24 min)
Processed rows 712:720/755 ( 95.4%, block 90/95, block 0.35s, elapsed 15.65 min, ETA 0.87 min)
Processed rows 728:736/755 ( 97.5%, block 92/95, block 0.32s, elapsed 15.66 min, ETA 0.51 min)
Processed rows 744:752/755 ( 99.6%, block 94/95, block 0.34s, elapsed 15.67 min, ETA 0.17 min)
Processed rows 752:755/755 (100.0%, block 95/95, block 0.11s, elapsed 15.67 min, ETA 0.00 min)
AB maggies vectorized pass completed in 15.67 min
Estimated effective streaming throughput: 15.1 MiB/s over support-slice read volume
/arc/home/RongjunHuang/ICRAR/extended/Mass.py:725: RuntimeWarning: invalid value encountered in log10
  m_r_map = np.where(maggies_map > 0, -2.5 * np.log10(maggies_map), np.nan).astype(np.float32)
Finite binned flux-error bins: 2338/2338 (STAT=2338, sample=2338)
Finite binned magnitude-error bins: 2338/2338
Median binned relative flux error : 7.2304e-04
Binned magnitude error min/max   : 2.1691e-04 .. 6.2355e-03 mag
Binned magnitude error [p16, p50, p84] = [7.1941e-04, 7.8504e-04, 8.5066e-04] mag
Warning: No EBV error extension found; EBV uncertainty term will be omitted.
R-band magnitude calculation completed!
Filter used: bessell-R
Magnitude range: 17.59 to 26.63
Distance modulus: 31.09 mag
Total R-band magnitude   : 12.377 mag (AB)
Total R-band luminosity  : 9.488 log10(L☉)
Total stellar mass (R)   : 9.428 log10(M☉)
Median LOGMSTAR_ERR      : 3.1698e-04 dex
LOGMSTAR_ERR [p16, p50, p84] = [2.9271e-04, 3.1698e-04, 3.4599e-04] dex
LOGMSTAR_ERR min/max     : 8.6766e-05 .. 2.4942e-03 dex
Error budget note (LOGMSTAR): includes photometric+extinction propagation; excludes M/L model, distance, and inclination/area systematic uncertainties.
Saved extended file to /arc/home/RongjunHuang/ICRAR/extended/NGC4396_SPATIAL_BINNING_maps_extended.fits
M/L_R layer saved ➜ /arc/home/RongjunHuang/ICRAR/extended/NGC4396_SPATIAL_BINNING_maps_extended.fits
Stellar-mass layer saved ➜ /arc/home/RongjunHuang/ICRAR/extended/NGC4396_SPATIAL_BINNING_maps_extended.fits
Galaxy NGC4396 inclination: 83.0° (cos θ = 0.122)
Inclination correction ENABLED: applying b/a = 0.233 (adopting intrinsic thickness q₀ = 0.2 for disc galaxy)
Median LOGMASS_SURFACE_DENSITY_ERR: 3.1698e-04 dex
LOGMASS_SURFACE_DENSITY_ERR [p16, p50, p84] = [2.9271e-04, 3.1698e-04, 3.4599e-04] dex
LOGMASS_SURFACE_DENSITY_ERR min/max: 8.6766e-05 .. 2.4942e-03 dex
Consistency check |LOGMSTAR_ERR - LOGMASS_SURFACE_DENSITY_ERR| median=5.4210e-20 dex, max=8.6736e-19 dex
Stellar mass surface density layer saved ➜ /arc/home/RongjunHuang/ICRAR/extended/NGC4396_SPATIAL_BINNING_maps_extended.fits
r-band magnitude layer saved ➜ /arc/home/RongjunHuang/ICRAR/extended/NGC4396_SPATIAL_BINNING_maps_extended.fits
r-band uncorrected magnitude layer saved ➜ /arc/home/RongjunHuang/ICRAR/extended/NGC4396_SPATIAL_BINNING_maps_extended.fits
✅  NGC4396 finished in 15m51s
