Python executable: /arc/home/RongjunHuang/.conda/envs/ICRAR/bin/python
Python 3.13.3
PYTHONUNBUFFERED: 1
CANFAR base root : /arc/projects/mauve
Local fallback   : /arc/home/RongjunHuang/ICRAR/extended
MASS_DISABLE_STAT: 0
MASS_NCPUS       : 16
MASS_ROW_BLOCK_SIZE: default


=== Using the following files ===
Primary root : /arc/projects/mauve
Fallback root: /arc/home/RongjunHuang/ICRAR/extended
Cube         : /arc/projects/mauve/cubes/v3.0/NGC4457_DATACUBE_FINAL_WCS_Pall_mad_red_v3.fits
Binning map  : /arc/projects/mauve/products/v0.6/NGC4457/NGC4457_SPATIAL_BINNING_maps.fits
SFH map      : /arc/projects/mauve/products/v0.6/NGC4457/NGC4457_SFH_maps.fits
Weights      : /arc/projects/mauve/products/v0.6/NGC4457/NGC4457_sfh-weights.fits
Photometry   : BaSTI+Chabrier.dat
Output       : NGC4457_SPATIAL_BINNING_maps_extended.fits 

Thread control: forcing 16 BLAS/OpenMP threads
Vectorized processing row-block size: 8
Loading: /arc/projects/mauve/products/v0.6/NGC4457/NGC4457_SPATIAL_BINNING_maps.fits
Filename: /arc/projects/mauve/products/v0.6/NGC4457/NGC4457_SPATIAL_BINNING_maps.fits
No.    Name      Ver    Type      Cards   Dimensions   Format
  0  PRIMARY       1 PrimaryHDU       4   ()      
  1  BINID         1 ImageHDU        26   (725, 725)   float64   
  2  FLUX          1 ImageHDU        26   (725, 725)   float64   
  3  SNR           1 ImageHDU        26   (725, 725)   float64   
  4  SNRBIN        1 ImageHDU        26   (725, 725)   float64   
  5  XBIN          1 ImageHDU        26   (725, 725)   float64   
  6  YBIN          1 ImageHDU        26   (725, 725)   float64   
None
Loading: /arc/projects/mauve/products/v0.6/NGC4457/NGC4457_sfh-weights.fits
Filename: /arc/projects/mauve/products/v0.6/NGC4457/NGC4457_sfh-weights.fits
No.    Name      Ver    Type      Cards   Dimensions   Format
  0  PRIMARY       1 PrimaryHDU      23   ()      
  1  WEIGHTS       1 BinTableHDU     27   19405R x 1C   [477D]   
  2  GRID          1 BinTableHDU     31   477R x 3C   [D, D, D]   
None
Loaded 636 out of 636 rows of data from BaSTI+Chabrier.dat
Loading: /arc/projects/mauve/cubes/v3.0/NGC4457_DATACUBE_FINAL_WCS_Pall_mad_red_v3.fits
Using STAT variance extension for photometric error propagation.
Cube dimensions (nz, ny, nx): 3761, 725, 725
Approx. DATA footprint: 7.36 GiB
Approx. STAT footprint: 7.36 GiB
Building exact speclite linear operator for AB maggies...
  Linear-operator chunk 1/8 (wave bins 0:512, elapsed 0.0s)
  Linear-operator chunk 2/8 (wave bins 512:1024, elapsed 0.0s)
  Linear-operator chunk 3/8 (wave bins 1024:1536, elapsed 0.1s)
  Linear-operator chunk 4/8 (wave bins 1536:2048, elapsed 0.1s)
  Linear-operator chunk 5/8 (wave bins 2048:2560, elapsed 0.1s)
  Linear-operator chunk 6/8 (wave bins 2560:3072, elapsed 0.1s)
  Linear-operator chunk 7/8 (wave bins 3072:3584, elapsed 0.1s)
  Linear-operator chunk 8/8 (wave bins 3584:3761, elapsed 0.1s)
Using contiguous filter-support slice: [641:3441] (2800 bins).
Photometric propagation method: exact discrete first-order Jacobian through speclite AB-maggies operator (support bins=2800/3761).
STAT assumption: independent spectral-bin variances (no covariance provided by cube).
Computing AB maggies with vectorized blocks... (estimated support-slice stream volume: 10.97 GiB, DATA+STAT)
Processed rows 0:8/725 (  1.1%, block 1/91, block 742.86s, elapsed 12.38 min, ETA 1114.29 min)
Processed rows 8:16/725 (  2.2%, block 2/91, block 0.26s, elapsed 12.39 min, ETA 551.15 min)
Processed rows 24:32/725 (  4.4%, block 4/91, block 0.25s, elapsed 12.39 min, ETA 269.56 min)
Processed rows 40:48/725 (  6.6%, block 6/91, block 0.24s, elapsed 12.40 min, ETA 175.69 min)
Processed rows 56:64/725 (  8.8%, block 8/91, block 0.24s, elapsed 12.41 min, ETA 128.76 min)
Processed rows 72:80/725 ( 11.0%, block 10/91, block 0.25s, elapsed 12.42 min, ETA 100.59 min)
Processed rows 88:96/725 ( 13.2%, block 12/91, block 0.24s, elapsed 12.43 min, ETA 81.81 min)
Processed rows 104:112/725 ( 15.4%, block 14/91, block 0.25s, elapsed 12.44 min, ETA 68.39 min)
Processed rows 120:128/725 ( 17.7%, block 16/91, block 0.25s, elapsed 12.44 min, ETA 58.33 min)
Processed rows 136:144/725 ( 19.9%, block 18/91, block 0.25s, elapsed 12.45 min, ETA 50.50 min)
Processed rows 152:160/725 ( 22.1%, block 20/91, block 0.24s, elapsed 12.46 min, ETA 44.23 min)
Processed rows 168:176/725 ( 24.3%, block 22/91, block 0.24s, elapsed 12.47 min, ETA 39.11 min)
Processed rows 184:192/725 ( 26.5%, block 24/91, block 0.25s, elapsed 12.48 min, ETA 34.83 min)
Processed rows 200:208/725 ( 28.7%, block 26/91, block 0.25s, elapsed 12.49 min, ETA 31.21 min)
Processed rows 216:224/725 ( 30.9%, block 28/91, block 0.25s, elapsed 12.49 min, ETA 28.11 min)
Processed rows 232:240/725 ( 33.1%, block 30/91, block 0.25s, elapsed 12.50 min, ETA 25.42 min)
Processed rows 248:256/725 ( 35.3%, block 32/91, block 0.25s, elapsed 12.51 min, ETA 23.07 min)
Processed rows 264:272/725 ( 37.5%, block 34/91, block 0.25s, elapsed 12.52 min, ETA 20.99 min)
Processed rows 280:288/725 ( 39.7%, block 36/91, block 0.27s, elapsed 12.53 min, ETA 19.14 min)
Processed rows 296:304/725 ( 41.9%, block 38/91, block 0.25s, elapsed 12.54 min, ETA 17.48 min)
Processed rows 312:320/725 ( 44.1%, block 40/91, block 0.25s, elapsed 12.54 min, ETA 15.99 min)
Processed rows 328:336/725 ( 46.3%, block 42/91, block 0.25s, elapsed 12.55 min, ETA 14.65 min)
Processed rows 344:352/725 ( 48.6%, block 44/91, block 0.25s, elapsed 12.56 min, ETA 13.42 min)
Processed rows 360:368/725 ( 50.8%, block 46/91, block 0.25s, elapsed 12.57 min, ETA 12.30 min)
Processed rows 376:384/725 ( 53.0%, block 48/91, block 0.25s, elapsed 12.58 min, ETA 11.27 min)
Processed rows 392:400/725 ( 55.2%, block 50/91, block 0.25s, elapsed 12.59 min, ETA 10.32 min)
Processed rows 408:416/725 ( 57.4%, block 52/91, block 0.24s, elapsed 12.60 min, ETA 9.45 min)
Processed rows 424:432/725 ( 59.6%, block 54/91, block 0.25s, elapsed 12.60 min, ETA 8.64 min)
Processed rows 440:448/725 ( 61.8%, block 56/91, block 0.27s, elapsed 12.61 min, ETA 7.88 min)
Processed rows 456:464/725 ( 64.0%, block 58/91, block 0.25s, elapsed 12.62 min, ETA 7.18 min)
Processed rows 472:480/725 ( 66.2%, block 60/91, block 0.25s, elapsed 12.63 min, ETA 6.53 min)
Processed rows 488:496/725 ( 68.4%, block 62/91, block 0.25s, elapsed 12.64 min, ETA 5.91 min)
Processed rows 504:512/725 ( 70.6%, block 64/91, block 0.24s, elapsed 12.65 min, ETA 5.34 min)
Processed rows 520:528/725 ( 72.8%, block 66/91, block 0.24s, elapsed 12.66 min, ETA 4.79 min)
Processed rows 536:544/725 ( 75.0%, block 68/91, block 0.24s, elapsed 12.66 min, ETA 4.28 min)
Processed rows 552:560/725 ( 77.2%, block 70/91, block 0.25s, elapsed 12.67 min, ETA 3.80 min)
Processed rows 568:576/725 ( 79.4%, block 72/91, block 0.25s, elapsed 12.68 min, ETA 3.35 min)
Processed rows 584:592/725 ( 81.7%, block 74/91, block 0.25s, elapsed 12.69 min, ETA 2.91 min)
Processed rows 600:608/725 ( 83.9%, block 76/91, block 0.24s, elapsed 12.70 min, ETA 2.51 min)
Processed rows 616:624/725 ( 86.1%, block 78/91, block 0.24s, elapsed 12.70 min, ETA 2.12 min)
Processed rows 632:640/725 ( 88.3%, block 80/91, block 0.25s, elapsed 12.71 min, ETA 1.75 min)
Processed rows 648:656/725 ( 90.5%, block 82/91, block 0.24s, elapsed 12.72 min, ETA 1.40 min)
Processed rows 664:672/725 ( 92.7%, block 84/91, block 0.24s, elapsed 12.73 min, ETA 1.06 min)
Processed rows 680:688/725 ( 94.9%, block 86/91, block 0.25s, elapsed 12.74 min, ETA 0.74 min)
Processed rows 696:704/725 ( 97.1%, block 88/91, block 0.24s, elapsed 12.75 min, ETA 0.43 min)
Processed rows 712:720/725 ( 99.3%, block 90/91, block 0.27s, elapsed 12.76 min, ETA 0.14 min)
Processed rows 720:725/725 (100.0%, block 91/91, block 0.44s, elapsed 12.76 min, ETA 0.00 min)
AB maggies vectorized pass completed in 12.76 min
Estimated effective streaming throughput: 14.7 MiB/s over support-slice read volume
Finite binned flux-error bins: 19405/19405 (STAT=19405, sample=19405)
Finite binned magnitude-error bins: 19405/19405
Median binned relative flux error : 5.8719e-04
Binned magnitude error min/max   : 1.0313e-04 .. 9.1334e-03 mag
Binned magnitude error [p16, p50, p84] = [4.9214e-04, 6.3753e-04, 7.1423e-04] mag
Warning: No EBV error extension found; EBV uncertainty term will be omitted.
R-band magnitude calculation completed!
Filter used: bessell-R
Magnitude range: 17.26 to 25.80
Distance modulus: 31.09 mag
Total R-band magnitude   : 10.533 mag (AB)
Total R-band luminosity  : 10.279 log10(L☉)
Total stellar mass (R)   : 10.515 log10(M☉)
Median LOGMSTAR_ERR      : 2.6542e-04 dex
LOGMSTAR_ERR [p16, p50, p84] = [2.4063e-04, 2.6542e-04, 3.0764e-04] dex
LOGMSTAR_ERR min/max     : 4.1251e-05 .. 3.6534e-03 dex
Error budget note (LOGMSTAR): includes photometric+extinction propagation; excludes M/L model, distance, and inclination/area systematic uncertainties.
Saved extended file to /arc/home/RongjunHuang/ICRAR/extended/NGC4457_SPATIAL_BINNING_maps_extended.fits
M/L_R layer saved ➜ /arc/home/RongjunHuang/ICRAR/extended/NGC4457_SPATIAL_BINNING_maps_extended.fits
Stellar-mass layer saved ➜ /arc/home/RongjunHuang/ICRAR/extended/NGC4457_SPATIAL_BINNING_maps_extended.fits
Galaxy NGC4457 inclination: 37.0° (cos θ = 0.799)
Inclination correction ENABLED: applying b/a = 0.808 (adopting intrinsic thickness q₀ = 0.2 for disc galaxy)
Median LOGMASS_SURFACE_DENSITY_ERR: 2.6542e-04 dex
LOGMASS_SURFACE_DENSITY_ERR [p16, p50, p84] = [2.4063e-04, 2.6542e-04, 3.0764e-04] dex
LOGMASS_SURFACE_DENSITY_ERR min/max: 4.1251e-05 .. 3.6534e-03 dex
Consistency check |LOGMSTAR_ERR - LOGMASS_SURFACE_DENSITY_ERR| median=0.0000e+00 dex, max=6.5052e-19 dex
Stellar mass surface density layer saved ➜ /arc/home/RongjunHuang/ICRAR/extended/NGC4457_SPATIAL_BINNING_maps_extended.fits
r-band magnitude layer saved ➜ /arc/home/RongjunHuang/ICRAR/extended/NGC4457_SPATIAL_BINNING_maps_extended.fits
r-band uncorrected magnitude layer saved ➜ /arc/home/RongjunHuang/ICRAR/extended/NGC4457_SPATIAL_BINNING_maps_extended.fits
✅  NGC4457 finished in 12m54s
