Python executable: /arc/home/RongjunHuang/.conda/envs/ICRAR/bin/python
Python 3.13.3
PYTHONUNBUFFERED: 1
Product root     : /arc/home/RongjunHuang/ICRAR/further
Cube root        : /arc/projects/mauve/cubes/v3tk
Local fallback   : /arc/home/RongjunHuang/ICRAR/further
MASS_DISABLE_STAT: 0
MASS_NCPUS       : 16
MASS_ROW_BLOCK_SIZE: default


=== Using the following files ===
Product root : /arc/home/RongjunHuang/ICRAR/further
Cube root    : /arc/projects/mauve/cubes/v3tk
Fallback root: /arc/home/RongjunHuang/ICRAR/further
Input keyword: <none>
Cube         : /arc/projects/mauve/cubes/v3tk/NGC4450_DATACUBE_FINAL_WCS_Pall_mad_red_v3tk.fits.gz
Binning map  : /arc/home/RongjunHuang/ICRAR/further/v3tk_v7.6.8/NGC4450/NGC4450_spatial_binning_maps.fits
SFH map      : /arc/home/RongjunHuang/ICRAR/further/v3tk_v7.6.8/NGC4450/NGC4450_sfh_maps.fits
Weights      : /arc/home/RongjunHuang/ICRAR/further/v3tk_v7.6.8/NGC4450/NGC4450_sfh_weights.fits
Photometry   : /arc/home/RongjunHuang/ICRAR/further/BaSTI+Chabrier.dat
Output       : /arc/home/RongjunHuang/ICRAR/further/v3tk_v7.6.8/NGC4450/NGC4450_spatial_binning_maps_further.fits 

Thread control: forcing 16 BLAS/OpenMP threads
Vectorized processing row-block size: 16
Loading: /arc/home/RongjunHuang/ICRAR/further/v3tk_v7.6.8/NGC4450/NGC4450_spatial_binning_maps.fits
Filename: /arc/home/RongjunHuang/ICRAR/further/v3tk_v7.6.8/NGC4450/NGC4450_spatial_binning_maps.fits
No.    Name      Ver    Type      Cards   Dimensions   Format
  0  PRIMARY       1 PrimaryHDU       4   ()      
  1  BINID         1 ImageHDU        26   (602, 867)   float64   
  2  FLUX          1 ImageHDU        26   (602, 867)   float64   
  3  SNR           1 ImageHDU        26   (602, 867)   float64   
  4  SNRBIN        1 ImageHDU        26   (602, 867)   float64   
  5  XBIN          1 ImageHDU        26   (602, 867)   float64   
  6  YBIN          1 ImageHDU        26   (602, 867)   float64   
None
Loading: /arc/home/RongjunHuang/ICRAR/further/v3tk_v7.6.8/NGC4450/NGC4450_sfh_weights.fits
Filename: /arc/home/RongjunHuang/ICRAR/further/v3tk_v7.6.8/NGC4450/NGC4450_sfh_weights.fits
No.    Name      Ver    Type      Cards   Dimensions   Format
  0  PRIMARY       1 PrimaryHDU      27   ()      
  1  WEIGHTS       1 BinTableHDU     31   36627R x 1C   [477D]   
  2  GRID          1 BinTableHDU     35   477R x 3C   [D, D, D]   
None
Loaded 636 out of 636 rows of data from BaSTI+Chabrier.dat
Raw SFH weight-sum [min, p16, p50, p84, max] = [1.0000e+00, 1.0000e+00, 1.0000e+00, 1.0000e+00, 1.0000e+00]
Normalized SFH weight-sum check [min, max] = [1.000000, 1.000000]
Composite ML_R candidates [median] (light_r, light_norm_to_r, light_v_to_r, mass_harmonic) = [2.5371, 2.5434, 2.6216, 1.3316]
Template-library LIGHT normalization for ML_R: /arc/home/RongjunHuang/ICRAR/further/EMILES_baseFe_safe (LMIN=4800.0, LMAX=8900.0 Angstrom)
Selected SFH-weight interpretation for ML_R: light_norm_to_r
BINID range check for ML_R mapping: max BINID=36626, n_weight_rows=36627
Loading: /arc/projects/mauve/cubes/v3tk/NGC4450_DATACUBE_FINAL_WCS_Pall_mad_red_v3tk.fits.gz
Using STAT variance extension for photometric error propagation.
Cube dimensions (nz, ny, nx): 3761, 867, 602
Approx. DATA footprint: 7.31 GiB
Approx. STAT footprint: 7.31 GiB
Building exact speclite linear operator for AB maggies...
  Linear-operator chunk 1/8 (wave bins 0:512, elapsed 0.0s)
  Linear-operator chunk 2/8 (wave bins 512:1024, elapsed 0.1s)
  Linear-operator chunk 3/8 (wave bins 1024:1536, elapsed 0.1s)
  Linear-operator chunk 4/8 (wave bins 1536:2048, elapsed 0.1s)
  Linear-operator chunk 5/8 (wave bins 2048:2560, elapsed 0.2s)
  Linear-operator chunk 6/8 (wave bins 2560:3072, elapsed 0.2s)
  Linear-operator chunk 7/8 (wave bins 3072:3584, elapsed 0.2s)
  Linear-operator chunk 8/8 (wave bins 3584:3761, elapsed 0.2s)
Using contiguous filter-support slice: [641:3441] (2800 bins).
Photometric propagation method: exact discrete first-order Jacobian through speclite AB-maggies operator (support bins=2800/3761).
STAT assumption: independent spectral-bin variances (no covariance provided by cube).
Computing AB maggies with vectorized blocks... (estimated support-slice stream volume: 10.89 GiB, DATA+STAT)
Processed rows 0:16/867 (  1.8%, block 1/55, block 0.39s, elapsed 0.01 min, ETA 0.35 min)
Processed rows 16:32/867 (  3.7%, block 2/55, block 0.38s, elapsed 0.01 min, ETA 0.34 min)
Processed rows 32:48/867 (  5.5%, block 3/55, block 0.43s, elapsed 0.02 min, ETA 0.34 min)
Processed rows 48:64/867 (  7.4%, block 4/55, block 0.35s, elapsed 0.03 min, ETA 0.33 min)
Processed rows 64:80/867 (  9.2%, block 5/55, block 0.38s, elapsed 0.03 min, ETA 0.32 min)
Processed rows 80:96/867 ( 11.1%, block 6/55, block 0.37s, elapsed 0.04 min, ETA 0.31 min)
Processed rows 96:112/867 ( 12.9%, block 7/55, block 0.38s, elapsed 0.04 min, ETA 0.31 min)
Processed rows 112:128/867 ( 14.8%, block 8/55, block 0.36s, elapsed 0.05 min, ETA 0.30 min)
Processed rows 128:144/867 ( 16.6%, block 9/55, block 0.41s, elapsed 0.06 min, ETA 0.29 min)
Processed rows 144:160/867 ( 18.5%, block 10/55, block 0.37s, elapsed 0.06 min, ETA 0.29 min)
Processed rows 160:176/867 ( 20.3%, block 11/55, block 0.40s, elapsed 0.07 min, ETA 0.28 min)
Processed rows 176:192/867 ( 22.1%, block 12/55, block 0.35s, elapsed 0.08 min, ETA 0.27 min)
Processed rows 192:208/867 ( 24.0%, block 13/55, block 0.39s, elapsed 0.08 min, ETA 0.27 min)
Processed rows 208:224/867 ( 25.8%, block 14/55, block 0.40s, elapsed 0.09 min, ETA 0.26 min)
Processed rows 224:240/867 ( 27.7%, block 15/55, block 0.35s, elapsed 0.10 min, ETA 0.25 min)
Processed rows 240:256/867 ( 29.5%, block 16/55, block 0.38s, elapsed 0.10 min, ETA 0.25 min)
Processed rows 256:272/867 ( 31.4%, block 17/55, block 0.39s, elapsed 0.11 min, ETA 0.24 min)
Processed rows 272:288/867 ( 33.2%, block 18/55, block 0.35s, elapsed 0.11 min, ETA 0.23 min)
Processed rows 288:304/867 ( 35.1%, block 19/55, block 0.37s, elapsed 0.12 min, ETA 0.23 min)
Processed rows 304:320/867 ( 36.9%, block 20/55, block 0.38s, elapsed 0.13 min, ETA 0.22 min)
Processed rows 320:336/867 ( 38.8%, block 21/55, block 0.42s, elapsed 0.13 min, ETA 0.22 min)
Processed rows 336:352/867 ( 40.6%, block 22/55, block 0.38s, elapsed 0.14 min, ETA 0.21 min)
Processed rows 352:368/867 ( 42.4%, block 23/55, block 0.36s, elapsed 0.15 min, ETA 0.20 min)
Processed rows 368:384/867 ( 44.3%, block 24/55, block 0.36s, elapsed 0.15 min, ETA 0.20 min)
Processed rows 384:400/867 ( 46.1%, block 25/55, block 0.42s, elapsed 0.16 min, ETA 0.19 min)
Processed rows 400:416/867 ( 48.0%, block 26/55, block 0.35s, elapsed 0.16 min, ETA 0.18 min)
Processed rows 416:432/867 ( 49.8%, block 27/55, block 0.37s, elapsed 0.17 min, ETA 0.18 min)
Processed rows 432:448/867 ( 51.7%, block 28/55, block 0.35s, elapsed 0.18 min, ETA 0.17 min)
Processed rows 448:464/867 ( 53.5%, block 29/55, block 0.44s, elapsed 0.18 min, ETA 0.16 min)
Processed rows 464:480/867 ( 55.4%, block 30/55, block 0.35s, elapsed 0.19 min, ETA 0.16 min)
Processed rows 480:496/867 ( 57.2%, block 31/55, block 0.36s, elapsed 0.20 min, ETA 0.15 min)
Processed rows 496:512/867 ( 59.1%, block 32/55, block 0.35s, elapsed 0.20 min, ETA 0.14 min)
Processed rows 512:528/867 ( 60.9%, block 33/55, block 0.41s, elapsed 0.21 min, ETA 0.14 min)
Processed rows 528:544/867 ( 62.7%, block 34/55, block 0.34s, elapsed 0.21 min, ETA 0.13 min)
Processed rows 544:560/867 ( 64.6%, block 35/55, block 0.37s, elapsed 0.22 min, ETA 0.13 min)
Processed rows 560:576/867 ( 66.4%, block 36/55, block 0.36s, elapsed 0.23 min, ETA 0.12 min)
Processed rows 576:592/867 ( 68.3%, block 37/55, block 0.35s, elapsed 0.23 min, ETA 0.11 min)
Processed rows 592:608/867 ( 70.1%, block 38/55, block 0.39s, elapsed 0.24 min, ETA 0.11 min)
Processed rows 608:624/867 ( 72.0%, block 39/55, block 0.35s, elapsed 0.24 min, ETA 0.10 min)
Processed rows 624:640/867 ( 73.8%, block 40/55, block 0.38s, elapsed 0.25 min, ETA 0.09 min)
Processed rows 640:656/867 ( 75.7%, block 41/55, block 0.38s, elapsed 0.26 min, ETA 0.09 min)
Processed rows 656:672/867 ( 77.5%, block 42/55, block 0.35s, elapsed 0.26 min, ETA 0.08 min)
Processed rows 672:688/867 ( 79.4%, block 43/55, block 0.35s, elapsed 0.27 min, ETA 0.07 min)
Processed rows 688:704/867 ( 81.2%, block 44/55, block 0.36s, elapsed 0.27 min, ETA 0.07 min)
Processed rows 704:720/867 ( 83.0%, block 45/55, block 0.36s, elapsed 0.28 min, ETA 0.06 min)
Processed rows 720:736/867 ( 84.9%, block 46/55, block 0.38s, elapsed 0.29 min, ETA 0.06 min)
Processed rows 736:752/867 ( 86.7%, block 47/55, block 0.35s, elapsed 0.29 min, ETA 0.05 min)
Processed rows 752:768/867 ( 88.6%, block 48/55, block 0.35s, elapsed 0.30 min, ETA 0.04 min)
Processed rows 768:784/867 ( 90.4%, block 49/55, block 0.35s, elapsed 0.30 min, ETA 0.04 min)
Processed rows 784:800/867 ( 92.3%, block 50/55, block 0.35s, elapsed 0.31 min, ETA 0.03 min)
Processed rows 800:816/867 ( 94.1%, block 51/55, block 0.37s, elapsed 0.32 min, ETA 0.02 min)
Processed rows 816:832/867 ( 96.0%, block 52/55, block 0.40s, elapsed 0.32 min, ETA 0.02 min)
Processed rows 832:848/867 ( 97.8%, block 53/55, block 0.36s, elapsed 0.33 min, ETA 0.01 min)
Processed rows 848:864/867 ( 99.7%, block 54/55, block 0.37s, elapsed 0.34 min, ETA 0.01 min)
Processed rows 864:867/867 (100.0%, block 55/55, block 0.09s, elapsed 0.34 min, ETA 0.00 min)
AB maggies vectorized pass completed in 0.34 min
Estimated effective streaming throughput: 551.9 MiB/s over support-slice read volume
Filter-support fraction [p16, p50, p84] = [1.000000, 1.000000, 1.000000]
Strict all-finite support pixels vs accepted relaxed-support pixels = 502,791 vs 503,719 (threshold=0.9900)
Finite binned flux-error bins: 36627/36627 (STAT=36627, sample=36627)
Finite binned magnitude-error bins: 36627/36627
Median binned relative flux error : 6.0521e-04
Binned magnitude error min/max   : 1.5844e-04 .. 9.1561e-04 mag
Binned magnitude error [p16, p50, p84] = [5.9450e-04, 6.5710e-04, 7.0585e-04] mag
Warning: No EBV error extension found; EBV uncertainty term will be omitted.
R-band magnitude calculation completed!
Filter used: bessell-R
Magnitude range: 18.11 to 26.46
Distance modulus: 31.09 mag
Total R-band magnitude (uncorrected) : 10.027 mag (AB)
Total R-band magnitude (corrected)   : 9.911 mag (AB)
Total R-band luminosity              : 10.315 log10(L☉)
Total stellar mass (R)               : 10.705 log10(M☉)
Integrated stellar M/L_R             : 2.4572 M☉/L☉
Median LOGMSTAR_ERR      : 2.7095e-04 dex
LOGMSTAR_ERR [p16, p50, p84] = [2.5386e-04, 2.7095e-04, 2.8958e-04] dex
LOGMSTAR_ERR min/max     : 6.3376e-05 .. 3.6625e-04 dex
Error budget note (LOGMSTAR): includes photometric+extinction propagation; excludes M/L model, distance, and inclination/area systematic uncertainties.
Saved further file to /arc/home/RongjunHuang/ICRAR/further/v3tk_v7.6.8/NGC4450/NGC4450_spatial_binning_maps_further.fits
M/L_R layer saved ➜ /arc/home/RongjunHuang/ICRAR/further/v3tk_v7.6.8/NGC4450/NGC4450_spatial_binning_maps_further.fits
Stellar-mass layer saved ➜ /arc/home/RongjunHuang/ICRAR/further/v3tk_v7.6.8/NGC4450/NGC4450_spatial_binning_maps_further.fits
Galaxy NGC4450 inclination: 51.0° (cos θ = 0.629)
Inclination correction ENABLED: applying b/a = 0.648 (adopting intrinsic thickness q₀ = 0.2 for disc galaxy)
Median LOGMASS_SURFACE_DENSITY_ERR: 2.7095e-04 dex
LOGMASS_SURFACE_DENSITY_ERR [p16, p50, p84] = [2.5386e-04, 2.7095e-04, 2.8958e-04] dex
LOGMASS_SURFACE_DENSITY_ERR min/max: 6.3376e-05 .. 3.6625e-04 dex
Consistency check |LOGMSTAR_ERR - LOGMASS_SURFACE_DENSITY_ERR| median=0.0000e+00 dex, max=1.0842e-19 dex
Stellar mass surface density layer saved ➜ /arc/home/RongjunHuang/ICRAR/further/v3tk_v7.6.8/NGC4450/NGC4450_spatial_binning_maps_further.fits
r-band magnitude layer saved ➜ /arc/home/RongjunHuang/ICRAR/further/v3tk_v7.6.8/NGC4450/NGC4450_spatial_binning_maps_further.fits
r-band uncorrected magnitude layer saved ➜ /arc/home/RongjunHuang/ICRAR/further/v3tk_v7.6.8/NGC4450/NGC4450_spatial_binning_maps_further.fits
✅  NGC4450 finished in 6m55s
