Python executable: /arc/home/RongjunHuang/.conda/envs/ICRAR/bin/python
Python 3.13.3
PYTHONUNBUFFERED: 1
Product root     : /arc/home/RongjunHuang/ICRAR/further
Cube root        : /arc/projects/mauve/cubes/v3tk
Local fallback   : /arc/home/RongjunHuang/ICRAR/further
MASS_DISABLE_STAT: 0
MASS_NCPUS       : 16
MASS_ROW_BLOCK_SIZE: default


=== Using the following files ===
Product root : /arc/home/RongjunHuang/ICRAR/further
Cube root    : /arc/projects/mauve/cubes/v3tk
Fallback root: /arc/home/RongjunHuang/ICRAR/further
Input keyword: <none>
Cube         : /arc/projects/mauve/cubes/v3tk/NGC4694_DATACUBE_FINAL_WCS_Pall_mad_red_v3tk.fits
Binning map  : /arc/home/RongjunHuang/ICRAR/further/v3tk_v7.6.8/NGC4694/NGC4694_spatial_binning_maps.fits
SFH map      : /arc/home/RongjunHuang/ICRAR/further/v3tk_v7.6.8/NGC4694/NGC4694_sfh_maps.fits
Weights      : /arc/home/RongjunHuang/ICRAR/further/v3tk_v7.6.8/NGC4694/NGC4694_sfh_weights.fits
Photometry   : /arc/home/RongjunHuang/ICRAR/further/BaSTI+Chabrier.dat
Output       : /arc/home/RongjunHuang/ICRAR/further/v3tk_v7.6.8/NGC4694/NGC4694_spatial_binning_maps_further.fits 

Thread control: forcing 16 BLAS/OpenMP threads
Vectorized processing row-block size: 16
Loading: /arc/home/RongjunHuang/ICRAR/further/v3tk_v7.6.8/NGC4694/NGC4694_spatial_binning_maps.fits
Filename: /arc/home/RongjunHuang/ICRAR/further/v3tk_v7.6.8/NGC4694/NGC4694_spatial_binning_maps.fits
No.    Name      Ver    Type      Cards   Dimensions   Format
  0  PRIMARY       1 PrimaryHDU       4   ()      
  1  BINID         1 ImageHDU        26   (439, 441)   float64   
  2  FLUX          1 ImageHDU        26   (439, 441)   float64   
  3  SNR           1 ImageHDU        26   (439, 441)   float64   
  4  SNRBIN        1 ImageHDU        26   (439, 441)   float64   
  5  XBIN          1 ImageHDU        26   (439, 441)   float64   
  6  YBIN          1 ImageHDU        26   (439, 441)   float64   
None
Loading: /arc/home/RongjunHuang/ICRAR/further/v3tk_v7.6.8/NGC4694/NGC4694_sfh_weights.fits
Filename: /arc/home/RongjunHuang/ICRAR/further/v3tk_v7.6.8/NGC4694/NGC4694_sfh_weights.fits
No.    Name      Ver    Type      Cards   Dimensions   Format
  0  PRIMARY       1 PrimaryHDU      27   ()      
  1  WEIGHTS       1 BinTableHDU     31   7639R x 1C   [477D]   
  2  GRID          1 BinTableHDU     35   477R x 3C   [D, D, D]   
None
Loaded 636 out of 636 rows of data from BaSTI+Chabrier.dat
Raw SFH weight-sum [min, p16, p50, p84, max] = [1.0000e+00, 1.0000e+00, 1.0000e+00, 1.0000e+00, 1.0000e+00]
Normalized SFH weight-sum check [min, max] = [1.000000, 1.000000]
Composite ML_R candidates [median] (light_r, light_norm_to_r, light_v_to_r, mass_harmonic) = [1.0798, 1.0833, 1.1581, 0.3757]
Template-library LIGHT normalization for ML_R: /arc/home/RongjunHuang/ICRAR/further/EMILES_baseFe_safe (LMIN=4800.0, LMAX=8900.0 Angstrom)
Selected SFH-weight interpretation for ML_R: light_norm_to_r
BINID range check for ML_R mapping: max BINID=7638, n_weight_rows=7639
Loading: /arc/projects/mauve/cubes/v3tk/NGC4694_DATACUBE_FINAL_WCS_Pall_mad_red_v3tk.fits
Using STAT variance extension for photometric error propagation.
Cube dimensions (nz, ny, nx): 3761, 441, 439
Approx. DATA footprint: 2.71 GiB
Approx. STAT footprint: 2.71 GiB
Building exact speclite linear operator for AB maggies...
  Linear-operator chunk 1/8 (wave bins 0:512, elapsed 0.0s)
  Linear-operator chunk 2/8 (wave bins 512:1024, elapsed 0.0s)
  Linear-operator chunk 3/8 (wave bins 1024:1536, elapsed 0.1s)
  Linear-operator chunk 4/8 (wave bins 1536:2048, elapsed 0.1s)
  Linear-operator chunk 5/8 (wave bins 2048:2560, elapsed 0.1s)
  Linear-operator chunk 6/8 (wave bins 2560:3072, elapsed 0.1s)
  Linear-operator chunk 7/8 (wave bins 3072:3584, elapsed 0.1s)
  Linear-operator chunk 8/8 (wave bins 3584:3761, elapsed 0.1s)
Using contiguous filter-support slice: [641:3441] (2800 bins).
Photometric propagation method: exact discrete first-order Jacobian through speclite AB-maggies operator (support bins=2800/3761).
STAT assumption: independent spectral-bin variances (no covariance provided by cube).
Computing AB maggies with vectorized blocks... (estimated support-slice stream volume: 4.04 GiB, DATA+STAT)
Processed rows 0:16/441 (  3.6%, block 1/28, block 63.86s, elapsed 1.06 min, ETA 28.74 min)
Processed rows 16:32/441 (  7.3%, block 2/28, block 0.59s, elapsed 1.07 min, ETA 13.96 min)
Processed rows 32:48/441 ( 10.9%, block 3/28, block 0.37s, elapsed 1.08 min, ETA 9.00 min)
Processed rows 48:64/441 ( 14.5%, block 4/28, block 0.40s, elapsed 1.09 min, ETA 6.52 min)
Processed rows 64:80/441 ( 18.1%, block 5/28, block 0.38s, elapsed 1.09 min, ETA 5.03 min)
Processed rows 80:96/441 ( 21.8%, block 6/28, block 0.41s, elapsed 1.10 min, ETA 4.03 min)
Processed rows 96:112/441 ( 25.4%, block 7/28, block 0.38s, elapsed 1.11 min, ETA 3.32 min)
Processed rows 112:128/441 ( 29.0%, block 8/28, block 0.40s, elapsed 1.11 min, ETA 2.78 min)
Processed rows 128:144/441 ( 32.7%, block 9/28, block 0.41s, elapsed 1.12 min, ETA 2.36 min)
Processed rows 144:160/441 ( 36.3%, block 10/28, block 0.38s, elapsed 1.13 min, ETA 2.03 min)
Processed rows 160:176/441 ( 39.9%, block 11/28, block 0.38s, elapsed 1.13 min, ETA 1.75 min)
Processed rows 176:192/441 ( 43.5%, block 12/28, block 0.42s, elapsed 1.14 min, ETA 1.52 min)
Processed rows 192:208/441 ( 47.2%, block 13/28, block 0.38s, elapsed 1.15 min, ETA 1.32 min)
Processed rows 208:224/441 ( 50.8%, block 14/28, block 0.38s, elapsed 1.15 min, ETA 1.15 min)
Processed rows 224:240/441 ( 54.4%, block 15/28, block 0.47s, elapsed 1.16 min, ETA 1.01 min)
Processed rows 240:256/441 ( 58.0%, block 16/28, block 0.40s, elapsed 1.17 min, ETA 0.87 min)
Processed rows 256:272/441 ( 61.7%, block 17/28, block 0.37s, elapsed 1.17 min, ETA 0.76 min)
Processed rows 272:288/441 ( 65.3%, block 18/28, block 0.42s, elapsed 1.18 min, ETA 0.66 min)
Processed rows 288:304/441 ( 68.9%, block 19/28, block 0.38s, elapsed 1.19 min, ETA 0.56 min)
Processed rows 304:320/441 ( 72.6%, block 20/28, block 0.54s, elapsed 1.20 min, ETA 0.48 min)
Processed rows 320:336/441 ( 76.2%, block 21/28, block 0.39s, elapsed 1.20 min, ETA 0.40 min)
Processed rows 336:352/441 ( 79.8%, block 22/28, block 0.37s, elapsed 1.21 min, ETA 0.33 min)
Processed rows 352:368/441 ( 83.4%, block 23/28, block 0.46s, elapsed 1.22 min, ETA 0.26 min)
Processed rows 368:384/441 ( 87.1%, block 24/28, block 0.42s, elapsed 1.22 min, ETA 0.20 min)
Processed rows 384:400/441 ( 90.7%, block 25/28, block 0.38s, elapsed 1.23 min, ETA 0.15 min)
Processed rows 400:416/441 ( 94.3%, block 26/28, block 0.43s, elapsed 1.24 min, ETA 0.10 min)
Processed rows 416:432/441 ( 98.0%, block 27/28, block 0.45s, elapsed 1.24 min, ETA 0.05 min)
Processed rows 432:441/441 (100.0%, block 28/28, block 0.21s, elapsed 1.25 min, ETA 0.00 min)
AB maggies vectorized pass completed in 1.25 min
Estimated effective streaming throughput: 55.3 MiB/s over support-slice read volume
Filter-support fraction [p16, p50, p84] = [0.000000, 0.184907, 1.000000]
Strict all-finite support pixels vs accepted relaxed-support pixels = 95,095 vs 95,407 (threshold=0.9900)
Finite binned flux-error bins: 7639/7639 (STAT=7639, sample=7639)
Finite binned magnitude-error bins: 7639/7639
Median binned relative flux error : 6.1405e-04
Binned magnitude error min/max   : 3.9642e-04 .. 1.5207e-03 mag
Binned magnitude error [p16, p50, p84] = [6.0788e-04, 6.6670e-04, 7.1210e-04] mag
Warning: No EBV error extension found; EBV uncertainty term will be omitted.
R-band magnitude calculation completed!
Filter used: bessell-R
Magnitude range: 19.72 to 26.39
Distance modulus: 31.09 mag
Total R-band magnitude (uncorrected) : 11.714 mag (AB)
Total R-band magnitude (corrected)   : 11.329 mag (AB)
Total R-band luminosity              : 9.747 log10(L☉)
Total stellar mass (R)               : 9.794 log10(M☉)
Integrated stellar M/L_R             : 1.1143 M☉/L☉
Median LOGMSTAR_ERR      : 2.7525e-04 dex
LOGMSTAR_ERR [p16, p50, p84] = [2.5876e-04, 2.7525e-04, 2.9346e-04] dex
LOGMSTAR_ERR min/max     : 1.5857e-04 .. 6.0828e-04 dex
Error budget note (LOGMSTAR): includes photometric+extinction propagation; excludes M/L model, distance, and inclination/area systematic uncertainties.
Saved further file to /arc/home/RongjunHuang/ICRAR/further/v3tk_v7.6.8/NGC4694/NGC4694_spatial_binning_maps_further.fits
M/L_R layer saved ➜ /arc/home/RongjunHuang/ICRAR/further/v3tk_v7.6.8/NGC4694/NGC4694_spatial_binning_maps_further.fits
Stellar-mass layer saved ➜ /arc/home/RongjunHuang/ICRAR/further/v3tk_v7.6.8/NGC4694/NGC4694_spatial_binning_maps_further.fits
Galaxy NGC4694 inclination: 62.0° (cos θ = 0.469)
Inclination correction ENABLED: applying b/a = 0.502 (adopting intrinsic thickness q₀ = 0.2 for disc galaxy)
Median LOGMASS_SURFACE_DENSITY_ERR: 2.7525e-04 dex
LOGMASS_SURFACE_DENSITY_ERR [p16, p50, p84] = [2.5876e-04, 2.7525e-04, 2.9346e-04] dex
LOGMASS_SURFACE_DENSITY_ERR min/max: 1.5857e-04 .. 6.0828e-04 dex
Consistency check |LOGMSTAR_ERR - LOGMASS_SURFACE_DENSITY_ERR| median=0.0000e+00 dex, max=1.0842e-19 dex
Stellar mass surface density layer saved ➜ /arc/home/RongjunHuang/ICRAR/further/v3tk_v7.6.8/NGC4694/NGC4694_spatial_binning_maps_further.fits
r-band magnitude layer saved ➜ /arc/home/RongjunHuang/ICRAR/further/v3tk_v7.6.8/NGC4694/NGC4694_spatial_binning_maps_further.fits
r-band uncorrected magnitude layer saved ➜ /arc/home/RongjunHuang/ICRAR/further/v3tk_v7.6.8/NGC4694/NGC4694_spatial_binning_maps_further.fits
✅  NGC4694 finished in 1m22s
