Python executable: /arc/home/RongjunHuang/.conda/envs/ICRAR/bin/python
Python 3.13.3
PYTHONUNBUFFERED: 1
Product root     : /arc/home/RongjunHuang/ICRAR/further
Cube root        : /arc/projects/mauve/cubes/v3tk
Local fallback   : /arc/home/RongjunHuang/ICRAR/further
MASS_DISABLE_STAT: 0
MASS_NCPUS       : 16
MASS_ROW_BLOCK_SIZE: default


=== Using the following files ===
Product root : /arc/home/RongjunHuang/ICRAR/further
Cube root    : /arc/projects/mauve/cubes/v3tk
Fallback root: /arc/home/RongjunHuang/ICRAR/further
Input keyword: <none>
Cube         : /arc/projects/mauve/cubes/v3tk/NGC4293_DATACUBE_FINAL_WCS_Pall_mad_red_v3tk.fits.gz
Binning map  : /arc/home/RongjunHuang/ICRAR/further/v3tk_v7.6.8/NGC4293/NGC4293_spatial_binning_maps.fits
SFH map      : /arc/home/RongjunHuang/ICRAR/further/v3tk_v7.6.8/NGC4293/NGC4293_sfh_maps.fits
Weights      : /arc/home/RongjunHuang/ICRAR/further/v3tk_v7.6.8/NGC4293/NGC4293_sfh_weights.fits
Photometry   : /arc/home/RongjunHuang/ICRAR/further/BaSTI+Chabrier.dat
Output       : /arc/home/RongjunHuang/ICRAR/further/v3tk_v7.6.8/NGC4293/NGC4293_spatial_binning_maps_further.fits 

Thread control: forcing 16 BLAS/OpenMP threads
Vectorized processing row-block size: 16
Loading: /arc/home/RongjunHuang/ICRAR/further/v3tk_v7.6.8/NGC4293/NGC4293_spatial_binning_maps.fits
Filename: /arc/home/RongjunHuang/ICRAR/further/v3tk_v7.6.8/NGC4293/NGC4293_spatial_binning_maps.fits
No.    Name      Ver    Type      Cards   Dimensions   Format
  0  PRIMARY       1 PrimaryHDU       4   ()      
  1  BINID         1 ImageHDU        26   (923, 532)   float64   
  2  FLUX          1 ImageHDU        26   (923, 532)   float64   
  3  SNR           1 ImageHDU        26   (923, 532)   float64   
  4  SNRBIN        1 ImageHDU        26   (923, 532)   float64   
  5  XBIN          1 ImageHDU        26   (923, 532)   float64   
  6  YBIN          1 ImageHDU        26   (923, 532)   float64   
None
Loading: /arc/home/RongjunHuang/ICRAR/further/v3tk_v7.6.8/NGC4293/NGC4293_sfh_weights.fits
Filename: /arc/home/RongjunHuang/ICRAR/further/v3tk_v7.6.8/NGC4293/NGC4293_sfh_weights.fits
No.    Name      Ver    Type      Cards   Dimensions   Format
  0  PRIMARY       1 PrimaryHDU      27   ()      
  1  WEIGHTS       1 BinTableHDU     31   20458R x 1C   [477D]   
  2  GRID          1 BinTableHDU     35   477R x 3C   [D, D, D]   
None
Loaded 636 out of 636 rows of data from BaSTI+Chabrier.dat
Raw SFH weight-sum [min, p16, p50, p84, max] = [1.0000e+00, 1.0000e+00, 1.0000e+00, 1.0000e+00, 1.0000e+00]
Normalized SFH weight-sum check [min, max] = [1.000000, 1.000000]
Composite ML_R candidates [median] (light_r, light_norm_to_r, light_v_to_r, mass_harmonic) = [2.0979, 2.1040, 2.1873, 0.9319]
Template-library LIGHT normalization for ML_R: /arc/home/RongjunHuang/ICRAR/further/EMILES_baseFe_safe (LMIN=4800.0, LMAX=8900.0 Angstrom)
Selected SFH-weight interpretation for ML_R: light_norm_to_r
BINID range check for ML_R mapping: max BINID=20457, n_weight_rows=20458
Loading: /arc/projects/mauve/cubes/v3tk/NGC4293_DATACUBE_FINAL_WCS_Pall_mad_red_v3tk.fits.gz
Using STAT variance extension for photometric error propagation.
Cube dimensions (nz, ny, nx): 3761, 532, 923
Approx. DATA footprint: 6.88 GiB
Approx. STAT footprint: 6.88 GiB
Building exact speclite linear operator for AB maggies...
  Linear-operator chunk 1/8 (wave bins 0:512, elapsed 0.0s)
  Linear-operator chunk 2/8 (wave bins 512:1024, elapsed 0.0s)
  Linear-operator chunk 3/8 (wave bins 1024:1536, elapsed 0.1s)
  Linear-operator chunk 4/8 (wave bins 1536:2048, elapsed 0.1s)
  Linear-operator chunk 5/8 (wave bins 2048:2560, elapsed 0.1s)
  Linear-operator chunk 6/8 (wave bins 2560:3072, elapsed 0.1s)
  Linear-operator chunk 7/8 (wave bins 3072:3584, elapsed 0.1s)
  Linear-operator chunk 8/8 (wave bins 3584:3761, elapsed 0.1s)
Using contiguous filter-support slice: [641:3441] (2800 bins).
Photometric propagation method: exact discrete first-order Jacobian through speclite AB-maggies operator (support bins=2800/3761).
STAT assumption: independent spectral-bin variances (no covariance provided by cube).
Computing AB maggies with vectorized blocks... (estimated support-slice stream volume: 10.24 GiB, DATA+STAT)
Processed rows 0:16/532 (  3.0%, block 1/34, block 0.50s, elapsed 0.01 min, ETA 0.28 min)
Processed rows 16:32/532 (  6.0%, block 2/34, block 0.50s, elapsed 0.02 min, ETA 0.27 min)
Processed rows 32:48/532 (  9.0%, block 3/34, block 0.50s, elapsed 0.03 min, ETA 0.26 min)
Processed rows 48:64/532 ( 12.0%, block 4/34, block 0.49s, elapsed 0.03 min, ETA 0.25 min)
Processed rows 64:80/532 ( 15.0%, block 5/34, block 0.53s, elapsed 0.04 min, ETA 0.24 min)
Processed rows 80:96/532 ( 18.0%, block 6/34, block 0.51s, elapsed 0.05 min, ETA 0.24 min)
Processed rows 96:112/532 ( 21.1%, block 7/34, block 0.48s, elapsed 0.06 min, ETA 0.23 min)
Processed rows 112:128/532 ( 24.1%, block 8/34, block 0.46s, elapsed 0.07 min, ETA 0.22 min)
Processed rows 128:144/532 ( 27.1%, block 9/34, block 0.47s, elapsed 0.07 min, ETA 0.21 min)
Processed rows 144:160/532 ( 30.1%, block 10/34, block 0.47s, elapsed 0.08 min, ETA 0.20 min)
Processed rows 160:176/532 ( 33.1%, block 11/34, block 0.51s, elapsed 0.09 min, ETA 0.19 min)
Processed rows 176:192/532 ( 36.1%, block 12/34, block 0.50s, elapsed 0.10 min, ETA 0.18 min)
Processed rows 192:208/532 ( 39.1%, block 13/34, block 0.48s, elapsed 0.11 min, ETA 0.17 min)
Processed rows 208:224/532 ( 42.1%, block 14/34, block 0.48s, elapsed 0.11 min, ETA 0.16 min)
Processed rows 224:240/532 ( 45.1%, block 15/34, block 0.48s, elapsed 0.12 min, ETA 0.16 min)
Processed rows 240:256/532 ( 48.1%, block 16/34, block 0.47s, elapsed 0.13 min, ETA 0.15 min)
Processed rows 256:272/532 ( 51.1%, block 17/34, block 0.49s, elapsed 0.14 min, ETA 0.14 min)
Processed rows 272:288/532 ( 54.1%, block 18/34, block 0.46s, elapsed 0.15 min, ETA 0.13 min)
Processed rows 288:304/532 ( 57.1%, block 19/34, block 0.48s, elapsed 0.15 min, ETA 0.12 min)
Processed rows 304:320/532 ( 60.2%, block 20/34, block 0.47s, elapsed 0.16 min, ETA 0.11 min)
Processed rows 320:336/532 ( 63.2%, block 21/34, block 0.47s, elapsed 0.17 min, ETA 0.11 min)
Processed rows 336:352/532 ( 66.2%, block 22/34, block 0.48s, elapsed 0.18 min, ETA 0.10 min)
Processed rows 352:368/532 ( 69.2%, block 23/34, block 0.48s, elapsed 0.19 min, ETA 0.09 min)
Processed rows 368:384/532 ( 72.2%, block 24/34, block 0.48s, elapsed 0.19 min, ETA 0.08 min)
Processed rows 384:400/532 ( 75.2%, block 25/34, block 0.48s, elapsed 0.20 min, ETA 0.07 min)
Processed rows 400:416/532 ( 78.2%, block 26/34, block 0.49s, elapsed 0.21 min, ETA 0.06 min)
Processed rows 416:432/532 ( 81.2%, block 27/34, block 0.50s, elapsed 0.22 min, ETA 0.06 min)
Processed rows 432:448/532 ( 84.2%, block 28/34, block 0.50s, elapsed 0.23 min, ETA 0.05 min)
Processed rows 448:464/532 ( 87.2%, block 29/34, block 0.50s, elapsed 0.24 min, ETA 0.04 min)
Processed rows 464:480/532 ( 90.2%, block 30/34, block 0.50s, elapsed 0.24 min, ETA 0.03 min)
Processed rows 480:496/532 ( 93.2%, block 31/34, block 0.49s, elapsed 0.25 min, ETA 0.02 min)
Processed rows 496:512/532 ( 96.2%, block 32/34, block 0.52s, elapsed 0.26 min, ETA 0.02 min)
Processed rows 512:528/532 ( 99.2%, block 33/34, block 0.55s, elapsed 0.27 min, ETA 0.01 min)
Processed rows 528:532/532 (100.0%, block 34/34, block 0.18s, elapsed 0.27 min, ETA 0.00 min)
AB maggies vectorized pass completed in 0.27 min
Estimated effective streaming throughput: 642.0 MiB/s over support-slice read volume
Filter-support fraction [p16, p50, p84] = [0.000000, 1.000000, 1.000000]
Strict all-finite support pixels vs accepted relaxed-support pixels = 262,670 vs 263,371 (threshold=0.9900)
Finite binned flux-error bins: 20458/20458 (STAT=20458, sample=20458)
Finite binned magnitude-error bins: 20458/20458
Median binned relative flux error : 6.2527e-04
Binned magnitude error min/max   : 3.2077e-04 .. 9.5776e-04 mag
Binned magnitude error [p16, p50, p84] = [6.3514e-04, 6.7888e-04, 7.2349e-04] mag
Warning: No EBV error extension found; EBV uncertainty term will be omitted.
R-band magnitude calculation completed!
Filter used: bessell-R
Magnitude range: 18.35 to 25.68
Distance modulus: 31.09 mag
Total R-band magnitude (uncorrected) : 10.617 mag (AB)
Total R-band magnitude (corrected)   : 10.368 mag (AB)
Total R-band luminosity              : 10.132 log10(L☉)
Total stellar mass (R)               : 10.454 log10(M☉)
Integrated stellar M/L_R             : 2.0981 M☉/L☉
Median LOGMSTAR_ERR      : 2.7689e-04 dex
LOGMSTAR_ERR [p16, p50, p84] = [2.5966e-04, 2.7689e-04, 2.9558e-04] dex
LOGMSTAR_ERR min/max     : 1.2831e-04 .. 3.8311e-04 dex
Error budget note (LOGMSTAR): includes photometric+extinction propagation; excludes M/L model, distance, and inclination/area systematic uncertainties.
Saved further file to /arc/home/RongjunHuang/ICRAR/further/v3tk_v7.6.8/NGC4293/NGC4293_spatial_binning_maps_further.fits
M/L_R layer saved ➜ /arc/home/RongjunHuang/ICRAR/further/v3tk_v7.6.8/NGC4293/NGC4293_spatial_binning_maps_further.fits
Stellar-mass layer saved ➜ /arc/home/RongjunHuang/ICRAR/further/v3tk_v7.6.8/NGC4293/NGC4293_spatial_binning_maps_further.fits
Galaxy NGC4293 inclination: 67.0° (cos θ = 0.391)
Inclination correction ENABLED: applying b/a = 0.432 (adopting intrinsic thickness q₀ = 0.2 for disc galaxy)
Median LOGMASS_SURFACE_DENSITY_ERR: 2.7689e-04 dex
LOGMASS_SURFACE_DENSITY_ERR [p16, p50, p84] = [2.5966e-04, 2.7689e-04, 2.9558e-04] dex
LOGMASS_SURFACE_DENSITY_ERR min/max: 1.2831e-04 .. 3.8311e-04 dex
Consistency check |LOGMSTAR_ERR - LOGMASS_SURFACE_DENSITY_ERR| median=0.0000e+00 dex, max=1.0842e-19 dex
Stellar mass surface density layer saved ➜ /arc/home/RongjunHuang/ICRAR/further/v3tk_v7.6.8/NGC4293/NGC4293_spatial_binning_maps_further.fits
r-band magnitude layer saved ➜ /arc/home/RongjunHuang/ICRAR/further/v3tk_v7.6.8/NGC4293/NGC4293_spatial_binning_maps_further.fits
r-band uncorrected magnitude layer saved ➜ /arc/home/RongjunHuang/ICRAR/further/v3tk_v7.6.8/NGC4293/NGC4293_spatial_binning_maps_further.fits
✅  NGC4293 finished in 2m50s
