Python executable: /arc/home/RongjunHuang/.conda/envs/ICRAR/bin/python
Python 3.13.3
PYTHONUNBUFFERED: 1
Product root     : /arc/home/RongjunHuang/ICRAR/further
Cube root        : /arc/projects/mauve/cubes/v3tk
Local fallback   : /arc/home/RongjunHuang/ICRAR/further
MASS_DISABLE_STAT: 0
MASS_NCPUS       : 16
MASS_ROW_BLOCK_SIZE: default


=== Using the following files ===
Product root : /arc/home/RongjunHuang/ICRAR/further
Cube root    : /arc/projects/mauve/cubes/v3tk
Fallback root: /arc/home/RongjunHuang/ICRAR/further
Input keyword: <none>
Cube         : /arc/projects/mauve/cubes/v3tk/NGC4294_DATACUBE_FINAL_WCS_Pall_mad_red_v3tk.fits
Binning map  : /arc/home/RongjunHuang/ICRAR/further/v3tk_v7.6.8/NGC4294/NGC4294_spatial_binning_maps.fits
SFH map      : /arc/home/RongjunHuang/ICRAR/further/v3tk_v7.6.8/NGC4294/NGC4294_sfh_maps.fits
Weights      : /arc/home/RongjunHuang/ICRAR/further/v3tk_v7.6.8/NGC4294/NGC4294_sfh_weights.fits
Photometry   : /arc/home/RongjunHuang/ICRAR/further/BaSTI+Chabrier.dat
Output       : /arc/home/RongjunHuang/ICRAR/further/v3tk_v7.6.8/NGC4294/NGC4294_spatial_binning_maps_further.fits 

Thread control: forcing 16 BLAS/OpenMP threads
Vectorized processing row-block size: 16
Loading: /arc/home/RongjunHuang/ICRAR/further/v3tk_v7.6.8/NGC4294/NGC4294_spatial_binning_maps.fits
Filename: /arc/home/RongjunHuang/ICRAR/further/v3tk_v7.6.8/NGC4294/NGC4294_spatial_binning_maps.fits
No.    Name      Ver    Type      Cards   Dimensions   Format
  0  PRIMARY       1 PrimaryHDU       4   ()      
  1  BINID         1 ImageHDU        26   (567, 663)   float64   
  2  FLUX          1 ImageHDU        26   (567, 663)   float64   
  3  SNR           1 ImageHDU        26   (567, 663)   float64   
  4  SNRBIN        1 ImageHDU        26   (567, 663)   float64   
  5  XBIN          1 ImageHDU        26   (567, 663)   float64   
  6  YBIN          1 ImageHDU        26   (567, 663)   float64   
None
Loading: /arc/home/RongjunHuang/ICRAR/further/v3tk_v7.6.8/NGC4294/NGC4294_sfh_weights.fits
Filename: /arc/home/RongjunHuang/ICRAR/further/v3tk_v7.6.8/NGC4294/NGC4294_sfh_weights.fits
No.    Name      Ver    Type      Cards   Dimensions   Format
  0  PRIMARY       1 PrimaryHDU      27   ()      
  1  WEIGHTS       1 BinTableHDU     31   4531R x 1C   [477D]   
  2  GRID          1 BinTableHDU     35   477R x 3C   [D, D, D]   
None
Loaded 636 out of 636 rows of data from BaSTI+Chabrier.dat
Raw SFH weight-sum [min, p16, p50, p84, max] = [1.0000e+00, 1.0000e+00, 1.0000e+00, 1.0000e+00, 1.0000e+00]
Normalized SFH weight-sum check [min, max] = [1.000000, 1.000000]
Composite ML_R candidates [median] (light_r, light_norm_to_r, light_v_to_r, mass_harmonic) = [0.9549, 0.9666, 1.0404, 0.2277]
Template-library LIGHT normalization for ML_R: /arc/home/RongjunHuang/ICRAR/further/EMILES_baseFe_safe (LMIN=4800.0, LMAX=8900.0 Angstrom)
Selected SFH-weight interpretation for ML_R: light_norm_to_r
BINID range check for ML_R mapping: max BINID=4530, n_weight_rows=4531
Loading: /arc/projects/mauve/cubes/v3tk/NGC4294_DATACUBE_FINAL_WCS_Pall_mad_red_v3tk.fits
Using STAT variance extension for photometric error propagation.
Cube dimensions (nz, ny, nx): 3761, 663, 567
Approx. DATA footprint: 5.27 GiB
Approx. STAT footprint: 5.27 GiB
Building exact speclite linear operator for AB maggies...
  Linear-operator chunk 1/8 (wave bins 0:512, elapsed 0.0s)
  Linear-operator chunk 2/8 (wave bins 512:1024, elapsed 0.0s)
  Linear-operator chunk 3/8 (wave bins 1024:1536, elapsed 0.1s)
  Linear-operator chunk 4/8 (wave bins 1536:2048, elapsed 0.1s)
  Linear-operator chunk 5/8 (wave bins 2048:2560, elapsed 0.1s)
  Linear-operator chunk 6/8 (wave bins 2560:3072, elapsed 0.1s)
  Linear-operator chunk 7/8 (wave bins 3072:3584, elapsed 0.1s)
  Linear-operator chunk 8/8 (wave bins 3584:3761, elapsed 0.1s)
Using contiguous filter-support slice: [641:3441] (2800 bins).
Photometric propagation method: exact discrete first-order Jacobian through speclite AB-maggies operator (support bins=2800/3761).
STAT assumption: independent spectral-bin variances (no covariance provided by cube).
Computing AB maggies with vectorized blocks... (estimated support-slice stream volume: 7.84 GiB, DATA+STAT)
Processed rows 0:16/663 (  2.4%, block 1/42, block 103.29s, elapsed 1.72 min, ETA 70.58 min)
Processed rows 16:32/663 (  4.8%, block 2/42, block 0.57s, elapsed 1.73 min, ETA 34.62 min)
Processed rows 32:48/663 (  7.2%, block 3/42, block 0.63s, elapsed 1.74 min, ETA 22.64 min)
Processed rows 48:64/663 (  9.7%, block 4/42, block 0.54s, elapsed 1.75 min, ETA 16.63 min)
Processed rows 64:80/663 ( 12.1%, block 5/42, block 0.58s, elapsed 1.76 min, ETA 13.03 min)
Processed rows 80:96/663 ( 14.5%, block 6/42, block 0.56s, elapsed 1.77 min, ETA 10.62 min)
Processed rows 96:112/663 ( 16.9%, block 7/42, block 0.61s, elapsed 1.78 min, ETA 8.90 min)
Processed rows 112:128/663 ( 19.3%, block 8/42, block 0.56s, elapsed 1.79 min, ETA 7.60 min)
Processed rows 128:144/663 ( 21.7%, block 9/42, block 0.63s, elapsed 1.80 min, ETA 6.60 min)
Processed rows 144:160/663 ( 24.1%, block 10/42, block 0.55s, elapsed 1.81 min, ETA 5.79 min)
Processed rows 160:176/663 ( 26.5%, block 11/42, block 0.61s, elapsed 1.82 min, ETA 5.13 min)
Processed rows 176:192/663 ( 29.0%, block 12/42, block 0.61s, elapsed 1.83 min, ETA 4.57 min)
Processed rows 192:208/663 ( 31.4%, block 13/42, block 0.56s, elapsed 1.84 min, ETA 4.10 min)
Processed rows 208:224/663 ( 33.8%, block 14/42, block 0.61s, elapsed 1.85 min, ETA 3.70 min)
Processed rows 224:240/663 ( 36.2%, block 15/42, block 0.57s, elapsed 1.86 min, ETA 3.34 min)
Processed rows 240:256/663 ( 38.6%, block 16/42, block 0.62s, elapsed 1.87 min, ETA 3.04 min)
Processed rows 256:272/663 ( 41.0%, block 17/42, block 0.78s, elapsed 1.88 min, ETA 2.77 min)
Processed rows 272:288/663 ( 43.4%, block 18/42, block 0.56s, elapsed 1.89 min, ETA 2.52 min)
Processed rows 288:304/663 ( 45.9%, block 19/42, block 0.57s, elapsed 1.90 min, ETA 2.30 min)
Processed rows 304:320/663 ( 48.3%, block 20/42, block 0.56s, elapsed 1.91 min, ETA 2.10 min)
Processed rows 320:336/663 ( 50.7%, block 21/42, block 0.55s, elapsed 1.92 min, ETA 1.92 min)
Processed rows 336:352/663 ( 53.1%, block 22/42, block 0.55s, elapsed 1.93 min, ETA 1.75 min)
Processed rows 352:368/663 ( 55.5%, block 23/42, block 0.62s, elapsed 1.94 min, ETA 1.60 min)
Processed rows 368:384/663 ( 57.9%, block 24/42, block 0.56s, elapsed 1.95 min, ETA 1.46 min)
Processed rows 384:400/663 ( 60.3%, block 25/42, block 0.55s, elapsed 1.96 min, ETA 1.33 min)
Processed rows 400:416/663 ( 62.7%, block 26/42, block 0.55s, elapsed 1.97 min, ETA 1.21 min)
Processed rows 416:432/663 ( 65.2%, block 27/42, block 0.59s, elapsed 1.98 min, ETA 1.10 min)
Processed rows 432:448/663 ( 67.6%, block 28/42, block 0.59s, elapsed 1.99 min, ETA 0.99 min)
Processed rows 448:464/663 ( 70.0%, block 29/42, block 0.51s, elapsed 1.99 min, ETA 0.89 min)
Processed rows 464:480/663 ( 72.4%, block 30/42, block 0.59s, elapsed 2.00 min, ETA 0.80 min)
Processed rows 480:496/663 ( 74.8%, block 31/42, block 0.56s, elapsed 2.01 min, ETA 0.71 min)
Processed rows 496:512/663 ( 77.2%, block 32/42, block 0.49s, elapsed 2.02 min, ETA 0.63 min)
Processed rows 512:528/663 ( 79.6%, block 33/42, block 0.54s, elapsed 2.03 min, ETA 0.55 min)
Processed rows 528:544/663 ( 82.1%, block 34/42, block 0.58s, elapsed 2.04 min, ETA 0.48 min)
Processed rows 544:560/663 ( 84.5%, block 35/42, block 0.49s, elapsed 2.05 min, ETA 0.41 min)
Processed rows 560:576/663 ( 86.9%, block 36/42, block 0.52s, elapsed 2.06 min, ETA 0.34 min)
Processed rows 576:592/663 ( 89.3%, block 37/42, block 0.56s, elapsed 2.07 min, ETA 0.28 min)
Processed rows 592:608/663 ( 91.7%, block 38/42, block 0.48s, elapsed 2.07 min, ETA 0.22 min)
Processed rows 608:624/663 ( 94.1%, block 39/42, block 0.54s, elapsed 2.08 min, ETA 0.16 min)
Processed rows 624:640/663 ( 96.5%, block 40/42, block 0.51s, elapsed 2.09 min, ETA 0.10 min)
Processed rows 640:656/663 ( 98.9%, block 41/42, block 0.54s, elapsed 2.10 min, ETA 0.05 min)
Processed rows 656:663/663 (100.0%, block 42/42, block 0.23s, elapsed 2.10 min, ETA 0.00 min)
AB maggies vectorized pass completed in 2.10 min
Estimated effective streaming throughput: 63.6 MiB/s over support-slice read volume
Filter-support fraction [p16, p50, p84] = [0.000000, 0.000000, 1.000000]
Strict all-finite support pixels vs accepted relaxed-support pixels = 180,306 vs 180,718 (threshold=0.9900)
/arc/home/RongjunHuang/ICRAR/further/Mass.py:1292: RuntimeWarning: invalid value encountered in log10
  m_r_map = np.where(maggies_map > 0, -2.5 * np.log10(maggies_map), np.nan).astype(np.float32)
Finite binned flux-error bins: 4531/4531 (STAT=4531, sample=4531)
Finite binned magnitude-error bins: 4531/4531
Median binned relative flux error : 5.7166e-04
Binned magnitude error min/max   : 4.7490e-04 .. 8.2881e-04 mag
Binned magnitude error [p16, p50, p84] = [5.8183e-04, 6.2068e-04, 6.6014e-04] mag
Warning: No EBV error extension found; EBV uncertainty term will be omitted.
R-band magnitude calculation completed!
Filter used: bessell-R
Magnitude range: 21.97 to 27.51
Distance modulus: 31.09 mag
Total R-band magnitude (uncorrected) : 12.010 mag (AB)
Total R-band magnitude (corrected)   : 11.858 mag (AB)
Total R-band luminosity              : 9.536 log10(L☉)
Total stellar mass (R)               : 9.519 log10(M☉)
Integrated stellar M/L_R             : 0.9616 M☉/L☉
Median LOGMSTAR_ERR      : 2.5042e-04 dex
LOGMSTAR_ERR [p16, p50, p84] = [2.3487e-04, 2.5042e-04, 2.6951e-04] dex
LOGMSTAR_ERR min/max     : 1.8996e-04 .. 3.3152e-04 dex
Error budget note (LOGMSTAR): includes photometric+extinction propagation; excludes M/L model, distance, and inclination/area systematic uncertainties.
Saved further file to /arc/home/RongjunHuang/ICRAR/further/v3tk_v7.6.8/NGC4294/NGC4294_spatial_binning_maps_further.fits
M/L_R layer saved ➜ /arc/home/RongjunHuang/ICRAR/further/v3tk_v7.6.8/NGC4294/NGC4294_spatial_binning_maps_further.fits
Stellar-mass layer saved ➜ /arc/home/RongjunHuang/ICRAR/further/v3tk_v7.6.8/NGC4294/NGC4294_spatial_binning_maps_further.fits
Galaxy NGC4294 inclination: 74.0° (cos θ = 0.276)
Inclination correction ENABLED: applying b/a = 0.336 (adopting intrinsic thickness q₀ = 0.2 for disc galaxy)
Median LOGMASS_SURFACE_DENSITY_ERR: 2.5042e-04 dex
LOGMASS_SURFACE_DENSITY_ERR [p16, p50, p84] = [2.3487e-04, 2.5042e-04, 2.6951e-04] dex
LOGMASS_SURFACE_DENSITY_ERR min/max: 1.8996e-04 .. 3.3152e-04 dex
Consistency check |LOGMSTAR_ERR - LOGMASS_SURFACE_DENSITY_ERR| median=2.7105e-20 dex, max=1.0842e-19 dex
Stellar mass surface density layer saved ➜ /arc/home/RongjunHuang/ICRAR/further/v3tk_v7.6.8/NGC4294/NGC4294_spatial_binning_maps_further.fits
r-band magnitude layer saved ➜ /arc/home/RongjunHuang/ICRAR/further/v3tk_v7.6.8/NGC4294/NGC4294_spatial_binning_maps_further.fits
r-band uncorrected magnitude layer saved ➜ /arc/home/RongjunHuang/ICRAR/further/v3tk_v7.6.8/NGC4294/NGC4294_spatial_binning_maps_further.fits
✅  NGC4294 finished in 2m13s
