Python executable: /arc/home/RongjunHuang/.conda/envs/ICRAR/bin/python
Python 3.13.3
PYTHONUNBUFFERED: 1
Product root     : /arc/home/RongjunHuang/ICRAR/further
Cube root        : /arc/projects/mauve/cubes/v3tk
Local fallback   : /arc/home/RongjunHuang/ICRAR/further
MASS_DISABLE_STAT: 0
MASS_NCPUS       : 16
MASS_ROW_BLOCK_SIZE: default


=== Using the following files ===
Product root : /arc/home/RongjunHuang/ICRAR/further
Cube root    : /arc/projects/mauve/cubes/v3tk
Fallback root: /arc/home/RongjunHuang/ICRAR/further
Input keyword: <none>
Cube         : /arc/projects/mauve/cubes/v3tk/NGC4192_DATACUBE_FINAL_WCS_Pall_mad_red_v3tk.fits
Binning map  : /arc/home/RongjunHuang/ICRAR/further/v3tk_v7.6.8/NGC4192/NGC4192_spatial_binning_maps.fits
SFH map      : /arc/home/RongjunHuang/ICRAR/further/v3tk_v7.6.8/NGC4192/NGC4192_sfh_maps.fits
Weights      : /arc/home/RongjunHuang/ICRAR/further/v3tk_v7.6.8/NGC4192/NGC4192_sfh_weights.fits
Photometry   : /arc/home/RongjunHuang/ICRAR/further/BaSTI+Chabrier.dat
Output       : /arc/home/RongjunHuang/ICRAR/further/v3tk_v7.6.8/NGC4192/NGC4192_spatial_binning_maps_further.fits 

Thread control: forcing 16 BLAS/OpenMP threads
Vectorized processing row-block size: 16
Loading: /arc/home/RongjunHuang/ICRAR/further/v3tk_v7.6.8/NGC4192/NGC4192_spatial_binning_maps.fits
Filename: /arc/home/RongjunHuang/ICRAR/further/v3tk_v7.6.8/NGC4192/NGC4192_spatial_binning_maps.fits
No.    Name      Ver    Type      Cards   Dimensions   Format
  0  PRIMARY       1 PrimaryHDU       4   ()      
  1  BINID         1 ImageHDU        26   (1092, 1629)   float64   
  2  FLUX          1 ImageHDU        26   (1092, 1629)   float64   
  3  SNR           1 ImageHDU        26   (1092, 1629)   float64   
  4  SNRBIN        1 ImageHDU        26   (1092, 1629)   float64   
  5  XBIN          1 ImageHDU        26   (1092, 1629)   float64   
  6  YBIN          1 ImageHDU        26   (1092, 1629)   float64   
None
Loading: /arc/home/RongjunHuang/ICRAR/further/v3tk_v7.6.8/NGC4192/NGC4192_sfh_weights.fits
Filename: /arc/home/RongjunHuang/ICRAR/further/v3tk_v7.6.8/NGC4192/NGC4192_sfh_weights.fits
No.    Name      Ver    Type      Cards   Dimensions   Format
  0  PRIMARY       1 PrimaryHDU      27   ()      
  1  WEIGHTS       1 BinTableHDU     31   34395R x 1C   [477D]   
  2  GRID          1 BinTableHDU     35   477R x 3C   [D, D, D]   
None
Loaded 636 out of 636 rows of data from BaSTI+Chabrier.dat
Raw SFH weight-sum [min, p16, p50, p84, max] = [1.0000e+00, 1.0000e+00, 1.0000e+00, 1.0000e+00, 1.0000e+00]
Normalized SFH weight-sum check [min, max] = [1.000000, 1.000000]
Composite ML_R candidates [median] (light_r, light_norm_to_r, light_v_to_r, mass_harmonic) = [2.1261, 2.1354, 2.2223, 0.6522]
Template-library LIGHT normalization for ML_R: /arc/home/RongjunHuang/ICRAR/further/EMILES_baseFe_safe (LMIN=4800.0, LMAX=8900.0 Angstrom)
Selected SFH-weight interpretation for ML_R: light_norm_to_r
BINID range check for ML_R mapping: max BINID=34394, n_weight_rows=34395
Loading: /arc/projects/mauve/cubes/v3tk/NGC4192_DATACUBE_FINAL_WCS_Pall_mad_red_v3tk.fits
Using STAT variance extension for photometric error propagation.
Cube dimensions (nz, ny, nx): 3761, 1629, 1092
Approx. DATA footprint: 24.92 GiB
Approx. STAT footprint: 24.92 GiB
Building exact speclite linear operator for AB maggies...
  Linear-operator chunk 1/8 (wave bins 0:512, elapsed 0.0s)
  Linear-operator chunk 2/8 (wave bins 512:1024, elapsed 0.0s)
  Linear-operator chunk 3/8 (wave bins 1024:1536, elapsed 0.1s)
  Linear-operator chunk 4/8 (wave bins 1536:2048, elapsed 0.1s)
  Linear-operator chunk 5/8 (wave bins 2048:2560, elapsed 0.1s)
  Linear-operator chunk 6/8 (wave bins 2560:3072, elapsed 0.1s)
  Linear-operator chunk 7/8 (wave bins 3072:3584, elapsed 0.1s)
  Linear-operator chunk 8/8 (wave bins 3584:3761, elapsed 0.1s)
Using contiguous filter-support slice: [641:3441] (2800 bins).
Photometric propagation method: exact discrete first-order Jacobian through speclite AB-maggies operator (support bins=2800/3761).
STAT assumption: independent spectral-bin variances (no covariance provided by cube).
Computing AB maggies with vectorized blocks... (estimated support-slice stream volume: 37.11 GiB, DATA+STAT)
Processed rows 0:16/1629 (  1.0%, block 1/102, block 317.43s, elapsed 5.29 min, ETA 534.34 min)
Processed rows 16:32/1629 (  2.0%, block 2/102, block 1.47s, elapsed 5.31 min, ETA 265.75 min)
Processed rows 32:48/1629 (  2.9%, block 3/102, block 0.96s, elapsed 5.33 min, ETA 175.92 min)
Processed rows 48:64/1629 (  3.9%, block 4/102, block 0.95s, elapsed 5.35 min, ETA 130.99 min)
Processed rows 64:80/1629 (  4.9%, block 5/102, block 0.97s, elapsed 5.36 min, ETA 104.04 min)
Processed rows 80:96/1629 (  5.9%, block 6/102, block 0.96s, elapsed 5.38 min, ETA 86.06 min)
Processed rows 96:112/1629 (  6.9%, block 7/102, block 0.94s, elapsed 5.39 min, ETA 73.21 min)
Processed rows 112:128/1629 (  7.9%, block 8/102, block 0.94s, elapsed 5.41 min, ETA 63.57 min)
Processed rows 128:144/1629 (  8.8%, block 9/102, block 1.02s, elapsed 5.43 min, ETA 56.08 min)
Processed rows 144:160/1629 (  9.8%, block 10/102, block 0.99s, elapsed 5.44 min, ETA 50.08 min)
Processed rows 160:176/1629 ( 10.8%, block 11/102, block 0.98s, elapsed 5.46 min, ETA 45.17 min)
Processed rows 176:192/1629 ( 11.8%, block 12/102, block 0.98s, elapsed 5.48 min, ETA 41.07 min)
Processed rows 192:208/1629 ( 12.8%, block 13/102, block 0.97s, elapsed 5.49 min, ETA 37.60 min)
Processed rows 208:224/1629 ( 13.8%, block 14/102, block 0.95s, elapsed 5.51 min, ETA 34.62 min)
Processed rows 224:240/1629 ( 14.7%, block 15/102, block 0.97s, elapsed 5.52 min, ETA 32.04 min)
Processed rows 240:256/1629 ( 15.7%, block 16/102, block 0.96s, elapsed 5.54 min, ETA 29.78 min)
Processed rows 256:272/1629 ( 16.7%, block 17/102, block 0.96s, elapsed 5.56 min, ETA 27.78 min)
Processed rows 272:288/1629 ( 17.7%, block 18/102, block 1.00s, elapsed 5.57 min, ETA 26.01 min)
Processed rows 288:304/1629 ( 18.7%, block 19/102, block 0.97s, elapsed 5.59 min, ETA 24.42 min)
Processed rows 304:320/1629 ( 19.6%, block 20/102, block 0.97s, elapsed 5.61 min, ETA 22.98 min)
Processed rows 320:336/1629 ( 20.6%, block 21/102, block 1.01s, elapsed 5.62 min, ETA 21.69 min)
Processed rows 336:352/1629 ( 21.6%, block 22/102, block 0.97s, elapsed 5.64 min, ETA 20.50 min)
Processed rows 352:368/1629 ( 22.6%, block 23/102, block 0.95s, elapsed 5.65 min, ETA 19.42 min)
Processed rows 368:384/1629 ( 23.6%, block 24/102, block 0.95s, elapsed 5.67 min, ETA 18.43 min)
Processed rows 384:400/1629 ( 24.6%, block 25/102, block 0.97s, elapsed 5.69 min, ETA 17.51 min)
Processed rows 400:416/1629 ( 25.5%, block 26/102, block 0.97s, elapsed 5.70 min, ETA 16.67 min)
Processed rows 416:432/1629 ( 26.5%, block 27/102, block 0.96s, elapsed 5.72 min, ETA 15.88 min)
Processed rows 432:448/1629 ( 27.5%, block 28/102, block 0.99s, elapsed 5.73 min, ETA 15.16 min)
Processed rows 448:464/1629 ( 28.5%, block 29/102, block 1.00s, elapsed 5.75 min, ETA 14.48 min)
Processed rows 464:480/1629 ( 29.5%, block 30/102, block 1.43s, elapsed 5.78 min, ETA 13.86 min)
Processed rows 480:496/1629 ( 30.4%, block 31/102, block 1.06s, elapsed 5.79 min, ETA 13.27 min)
Processed rows 496:512/1629 ( 31.4%, block 32/102, block 0.96s, elapsed 5.81 min, ETA 12.71 min)
Processed rows 512:528/1629 ( 32.4%, block 33/102, block 0.96s, elapsed 5.83 min, ETA 12.18 min)
Processed rows 528:544/1629 ( 33.4%, block 34/102, block 0.94s, elapsed 5.84 min, ETA 11.68 min)
Processed rows 544:560/1629 ( 34.4%, block 35/102, block 0.97s, elapsed 5.86 min, ETA 11.21 min)
Processed rows 560:576/1629 ( 35.4%, block 36/102, block 0.99s, elapsed 5.87 min, ETA 10.77 min)
Processed rows 576:592/1629 ( 36.3%, block 37/102, block 0.97s, elapsed 5.89 min, ETA 10.35 min)
Processed rows 592:608/1629 ( 37.3%, block 38/102, block 0.95s, elapsed 5.91 min, ETA 9.95 min)
Processed rows 608:624/1629 ( 38.3%, block 39/102, block 0.95s, elapsed 5.92 min, ETA 9.57 min)
Processed rows 624:640/1629 ( 39.3%, block 40/102, block 0.96s, elapsed 5.94 min, ETA 9.20 min)
Processed rows 640:656/1629 ( 40.3%, block 41/102, block 0.97s, elapsed 5.95 min, ETA 8.86 min)
Processed rows 656:672/1629 ( 41.3%, block 42/102, block 0.97s, elapsed 5.97 min, ETA 8.53 min)
Processed rows 672:688/1629 ( 42.2%, block 43/102, block 0.97s, elapsed 5.99 min, ETA 8.21 min)
Processed rows 688:704/1629 ( 43.2%, block 44/102, block 0.98s, elapsed 6.00 min, ETA 7.91 min)
Processed rows 704:720/1629 ( 44.2%, block 45/102, block 0.99s, elapsed 6.02 min, ETA 7.62 min)
Processed rows 720:736/1629 ( 45.2%, block 46/102, block 0.98s, elapsed 6.04 min, ETA 7.35 min)
Processed rows 736:752/1629 ( 46.2%, block 47/102, block 0.96s, elapsed 6.05 min, ETA 7.08 min)
Processed rows 752:768/1629 ( 47.1%, block 48/102, block 0.94s, elapsed 6.07 min, ETA 6.83 min)
Processed rows 768:784/1629 ( 48.1%, block 49/102, block 0.97s, elapsed 6.08 min, ETA 6.58 min)
Processed rows 784:800/1629 ( 49.1%, block 50/102, block 0.97s, elapsed 6.10 min, ETA 6.34 min)
Processed rows 800:816/1629 ( 50.1%, block 51/102, block 0.95s, elapsed 6.11 min, ETA 6.11 min)
Processed rows 816:832/1629 ( 51.1%, block 52/102, block 0.97s, elapsed 6.13 min, ETA 5.90 min)
Processed rows 832:848/1629 ( 52.1%, block 53/102, block 0.99s, elapsed 6.15 min, ETA 5.68 min)
Processed rows 848:864/1629 ( 53.0%, block 54/102, block 0.95s, elapsed 6.16 min, ETA 5.48 min)
Processed rows 864:880/1629 ( 54.0%, block 55/102, block 0.94s, elapsed 6.18 min, ETA 5.28 min)
Processed rows 880:896/1629 ( 55.0%, block 56/102, block 0.95s, elapsed 6.19 min, ETA 5.09 min)
Processed rows 896:912/1629 ( 56.0%, block 57/102, block 0.96s, elapsed 6.21 min, ETA 4.90 min)
Processed rows 912:928/1629 ( 57.0%, block 58/102, block 0.98s, elapsed 6.23 min, ETA 4.72 min)
Processed rows 928:944/1629 ( 57.9%, block 59/102, block 0.96s, elapsed 6.24 min, ETA 4.55 min)
Processed rows 944:960/1629 ( 58.9%, block 60/102, block 0.99s, elapsed 6.26 min, ETA 4.38 min)
Processed rows 960:976/1629 ( 59.9%, block 61/102, block 0.98s, elapsed 6.28 min, ETA 4.22 min)
Processed rows 976:992/1629 ( 60.9%, block 62/102, block 0.97s, elapsed 6.29 min, ETA 4.06 min)
Processed rows 992:1008/1629 ( 61.9%, block 63/102, block 0.96s, elapsed 6.31 min, ETA 3.91 min)
Processed rows 1008:1024/1629 ( 62.9%, block 64/102, block 0.97s, elapsed 6.32 min, ETA 3.76 min)
Processed rows 1024:1040/1629 ( 63.8%, block 65/102, block 0.96s, elapsed 6.34 min, ETA 3.61 min)
Processed rows 1040:1056/1629 ( 64.8%, block 66/102, block 0.97s, elapsed 6.36 min, ETA 3.47 min)
Processed rows 1056:1072/1629 ( 65.8%, block 67/102, block 0.96s, elapsed 6.37 min, ETA 3.33 min)
Processed rows 1072:1088/1629 ( 66.8%, block 68/102, block 0.97s, elapsed 6.39 min, ETA 3.19 min)
Processed rows 1088:1104/1629 ( 67.8%, block 69/102, block 0.99s, elapsed 6.41 min, ETA 3.06 min)
Processed rows 1104:1120/1629 ( 68.8%, block 70/102, block 0.98s, elapsed 6.42 min, ETA 2.94 min)
Processed rows 1120:1136/1629 ( 69.7%, block 71/102, block 0.99s, elapsed 6.44 min, ETA 2.81 min)
Processed rows 1136:1152/1629 ( 70.7%, block 72/102, block 0.99s, elapsed 6.45 min, ETA 2.69 min)
Processed rows 1152:1168/1629 ( 71.7%, block 73/102, block 0.97s, elapsed 6.47 min, ETA 2.57 min)
Processed rows 1168:1184/1629 ( 72.7%, block 74/102, block 0.99s, elapsed 6.49 min, ETA 2.45 min)
Processed rows 1184:1200/1629 ( 73.7%, block 75/102, block 0.97s, elapsed 6.50 min, ETA 2.34 min)
Processed rows 1200:1216/1629 ( 74.6%, block 76/102, block 0.98s, elapsed 6.52 min, ETA 2.23 min)
Processed rows 1216:1232/1629 ( 75.6%, block 77/102, block 0.97s, elapsed 6.54 min, ETA 2.12 min)
Processed rows 1232:1248/1629 ( 76.6%, block 78/102, block 0.98s, elapsed 6.55 min, ETA 2.02 min)
Processed rows 1248:1264/1629 ( 77.6%, block 79/102, block 0.98s, elapsed 6.57 min, ETA 1.91 min)
Processed rows 1264:1280/1629 ( 78.6%, block 80/102, block 0.97s, elapsed 6.58 min, ETA 1.81 min)
Processed rows 1280:1296/1629 ( 79.6%, block 81/102, block 0.99s, elapsed 6.60 min, ETA 1.71 min)
Processed rows 1296:1312/1629 ( 80.5%, block 82/102, block 1.01s, elapsed 6.62 min, ETA 1.61 min)
Processed rows 1312:1328/1629 ( 81.5%, block 83/102, block 0.96s, elapsed 6.63 min, ETA 1.52 min)
Processed rows 1328:1344/1629 ( 82.5%, block 84/102, block 0.99s, elapsed 6.65 min, ETA 1.43 min)
Processed rows 1344:1360/1629 ( 83.5%, block 85/102, block 0.98s, elapsed 6.67 min, ETA 1.33 min)
Processed rows 1360:1376/1629 ( 84.5%, block 86/102, block 0.97s, elapsed 6.68 min, ETA 1.24 min)
Processed rows 1376:1392/1629 ( 85.5%, block 87/102, block 0.98s, elapsed 6.70 min, ETA 1.16 min)
Processed rows 1392:1408/1629 ( 86.4%, block 88/102, block 0.98s, elapsed 6.72 min, ETA 1.07 min)
Processed rows 1408:1424/1629 ( 87.4%, block 89/102, block 0.95s, elapsed 6.73 min, ETA 0.98 min)
Processed rows 1424:1440/1629 ( 88.4%, block 90/102, block 0.98s, elapsed 6.75 min, ETA 0.90 min)
Processed rows 1440:1456/1629 ( 89.4%, block 91/102, block 0.97s, elapsed 6.76 min, ETA 0.82 min)
Processed rows 1456:1472/1629 ( 90.4%, block 92/102, block 0.97s, elapsed 6.78 min, ETA 0.74 min)
Processed rows 1472:1488/1629 ( 91.3%, block 93/102, block 1.00s, elapsed 6.80 min, ETA 0.66 min)
Processed rows 1488:1504/1629 ( 92.3%, block 94/102, block 0.97s, elapsed 6.81 min, ETA 0.58 min)
Processed rows 1504:1520/1629 ( 93.3%, block 95/102, block 0.98s, elapsed 6.83 min, ETA 0.50 min)
Processed rows 1520:1536/1629 ( 94.3%, block 96/102, block 0.97s, elapsed 6.85 min, ETA 0.43 min)
Processed rows 1536:1552/1629 ( 95.3%, block 97/102, block 0.98s, elapsed 6.86 min, ETA 0.35 min)
Processed rows 1552:1568/1629 ( 96.3%, block 98/102, block 0.97s, elapsed 6.88 min, ETA 0.28 min)
Processed rows 1568:1584/1629 ( 97.2%, block 99/102, block 0.97s, elapsed 6.89 min, ETA 0.21 min)
Processed rows 1584:1600/1629 ( 98.2%, block 100/102, block 0.96s, elapsed 6.91 min, ETA 0.14 min)
Processed rows 1600:1616/1629 ( 99.2%, block 101/102, block 1.00s, elapsed 6.93 min, ETA 0.07 min)
Processed rows 1616:1629/1629 (100.0%, block 102/102, block 0.81s, elapsed 6.94 min, ETA 0.00 min)
AB maggies vectorized pass completed in 6.94 min
Estimated effective streaming throughput: 91.3 MiB/s over support-slice read volume
Filter-support fraction [p16, p50, p84] = [0.000000, 0.000000, 1.000000]
Strict all-finite support pixels vs accepted relaxed-support pixels = 526,017 vs 526,922 (threshold=0.9900)
Finite binned flux-error bins: 34395/34395 (STAT=34395, sample=34395)
Finite binned magnitude-error bins: 34395/34395
Median binned relative flux error : 6.2388e-04
Binned magnitude error min/max   : 1.7955e-04 .. 3.0018e-03 mag
Binned magnitude error [p16, p50, p84] = [6.1993e-04, 6.7737e-04, 7.4955e-04] mag
Warning: No EBV error extension found; EBV uncertainty term will be omitted.
R-band magnitude calculation completed!
Filter used: bessell-R
Magnitude range: 16.99 to 25.92
Distance modulus: 31.09 mag
Total R-band magnitude (uncorrected) : 10.023 mag (AB)
Total R-band magnitude (corrected)   : 9.511 mag (AB)
Total R-band luminosity              : 10.475 log10(L☉)
Total stellar mass (R)               : 10.780 log10(M☉)
Integrated stellar M/L_R             : 2.0180 M☉/L☉
Median LOGMSTAR_ERR      : 2.7398e-04 dex
LOGMSTAR_ERR [p16, p50, p84] = [2.4801e-04, 2.7398e-04, 3.0792e-04] dex
LOGMSTAR_ERR min/max     : 7.1821e-05 .. 1.2007e-03 dex
Error budget note (LOGMSTAR): includes photometric+extinction propagation; excludes M/L model, distance, and inclination/area systematic uncertainties.
Saved further file to /arc/home/RongjunHuang/ICRAR/further/v3tk_v7.6.8/NGC4192/NGC4192_spatial_binning_maps_further.fits
M/L_R layer saved ➜ /arc/home/RongjunHuang/ICRAR/further/v3tk_v7.6.8/NGC4192/NGC4192_spatial_binning_maps_further.fits
Stellar-mass layer saved ➜ /arc/home/RongjunHuang/ICRAR/further/v3tk_v7.6.8/NGC4192/NGC4192_spatial_binning_maps_further.fits
Galaxy NGC4192 inclination: 83.0° (cos θ = 0.122)
Inclination correction ENABLED: applying b/a = 0.233 (adopting intrinsic thickness q₀ = 0.2 for disc galaxy)
Median LOGMASS_SURFACE_DENSITY_ERR: 2.7398e-04 dex
LOGMASS_SURFACE_DENSITY_ERR [p16, p50, p84] = [2.4801e-04, 2.7398e-04, 3.0792e-04] dex
LOGMASS_SURFACE_DENSITY_ERR min/max: 7.1821e-05 .. 1.2007e-03 dex
Consistency check |LOGMSTAR_ERR - LOGMASS_SURFACE_DENSITY_ERR| median=0.0000e+00 dex, max=2.1684e-19 dex
Stellar mass surface density layer saved ➜ /arc/home/RongjunHuang/ICRAR/further/v3tk_v7.6.8/NGC4192/NGC4192_spatial_binning_maps_further.fits
r-band magnitude layer saved ➜ /arc/home/RongjunHuang/ICRAR/further/v3tk_v7.6.8/NGC4192/NGC4192_spatial_binning_maps_further.fits
r-band uncorrected magnitude layer saved ➜ /arc/home/RongjunHuang/ICRAR/further/v3tk_v7.6.8/NGC4192/NGC4192_spatial_binning_maps_further.fits
✅  NGC4192 finished in 7m15s
