Python executable: /arc/home/RongjunHuang/.conda/envs/ICRAR/bin/python
Python 3.13.3
PYTHONUNBUFFERED: 1
Product root     : /arc/home/RongjunHuang/ICRAR/further
Cube root        : /arc/projects/mauve/cubes/v3tk
Local fallback   : /arc/home/RongjunHuang/ICRAR/further
MASS_DISABLE_STAT: 0
MASS_NCPUS       : 16
MASS_ROW_BLOCK_SIZE: default


=== Using the following files ===
Product root : /arc/home/RongjunHuang/ICRAR/further
Cube root    : /arc/projects/mauve/cubes/v3tk
Fallback root: /arc/home/RongjunHuang/ICRAR/further
Input keyword: <none>
Cube         : /arc/projects/mauve/cubes/v3tk/NGC4302_DATACUBE_FINAL_WCS_Pall_mad_red_v3tk.fits.gz
Binning map  : /arc/home/RongjunHuang/ICRAR/further/v3tk_v7.6.8/NGC4302/NGC4302_spatial_binning_maps.fits
SFH map      : /arc/home/RongjunHuang/ICRAR/further/v3tk_v7.6.8/NGC4302/NGC4302_sfh_maps.fits
Weights      : /arc/home/RongjunHuang/ICRAR/further/v3tk_v7.6.8/NGC4302/NGC4302_sfh_weights.fits
Photometry   : /arc/home/RongjunHuang/ICRAR/further/BaSTI+Chabrier.dat
Output       : /arc/home/RongjunHuang/ICRAR/further/v3tk_v7.6.8/NGC4302/NGC4302_spatial_binning_maps_further.fits 

Thread control: forcing 16 BLAS/OpenMP threads
Vectorized processing row-block size: 16
Loading: /arc/home/RongjunHuang/ICRAR/further/v3tk_v7.6.8/NGC4302/NGC4302_spatial_binning_maps.fits
Filename: /arc/home/RongjunHuang/ICRAR/further/v3tk_v7.6.8/NGC4302/NGC4302_spatial_binning_maps.fits
No.    Name      Ver    Type      Cards   Dimensions   Format
  0  PRIMARY       1 PrimaryHDU       4   ()      
  1  BINID         1 ImageHDU        26   (322, 1420)   float64   
  2  FLUX          1 ImageHDU        26   (322, 1420)   float64   
  3  SNR           1 ImageHDU        26   (322, 1420)   float64   
  4  SNRBIN        1 ImageHDU        26   (322, 1420)   float64   
  5  XBIN          1 ImageHDU        26   (322, 1420)   float64   
  6  YBIN          1 ImageHDU        26   (322, 1420)   float64   
None
Loading: /arc/home/RongjunHuang/ICRAR/further/v3tk_v7.6.8/NGC4302/NGC4302_sfh_weights.fits
Filename: /arc/home/RongjunHuang/ICRAR/further/v3tk_v7.6.8/NGC4302/NGC4302_sfh_weights.fits
No.    Name      Ver    Type      Cards   Dimensions   Format
  0  PRIMARY       1 PrimaryHDU      27   ()      
  1  WEIGHTS       1 BinTableHDU     31   10734R x 1C   [477D]   
  2  GRID          1 BinTableHDU     35   477R x 3C   [D, D, D]   
None
Loaded 636 out of 636 rows of data from BaSTI+Chabrier.dat
Raw SFH weight-sum [min, p16, p50, p84, max] = [1.0000e+00, 1.0000e+00, 1.0000e+00, 1.0000e+00, 1.0000e+00]
Normalized SFH weight-sum check [min, max] = [1.000000, 1.000000]
Composite ML_R candidates [median] (light_r, light_norm_to_r, light_v_to_r, mass_harmonic) = [1.2936, 1.2989, 1.3599, 0.3500]
Template-library LIGHT normalization for ML_R: /arc/home/RongjunHuang/ICRAR/further/EMILES_baseFe_safe (LMIN=4800.0, LMAX=8900.0 Angstrom)
Selected SFH-weight interpretation for ML_R: light_norm_to_r
BINID range check for ML_R mapping: max BINID=10733, n_weight_rows=10734
Loading: /arc/projects/mauve/cubes/v3tk/NGC4302_DATACUBE_FINAL_WCS_Pall_mad_red_v3tk.fits.gz
Using STAT variance extension for photometric error propagation.
Cube dimensions (nz, ny, nx): 3761, 1420, 322
Approx. DATA footprint: 6.41 GiB
Approx. STAT footprint: 6.41 GiB
Building exact speclite linear operator for AB maggies...
  Linear-operator chunk 1/8 (wave bins 0:512, elapsed 0.0s)
  Linear-operator chunk 2/8 (wave bins 512:1024, elapsed 0.1s)
  Linear-operator chunk 3/8 (wave bins 1024:1536, elapsed 0.1s)
  Linear-operator chunk 4/8 (wave bins 1536:2048, elapsed 0.1s)
  Linear-operator chunk 5/8 (wave bins 2048:2560, elapsed 0.2s)
  Linear-operator chunk 6/8 (wave bins 2560:3072, elapsed 0.2s)
  Linear-operator chunk 7/8 (wave bins 3072:3584, elapsed 0.2s)
  Linear-operator chunk 8/8 (wave bins 3584:3761, elapsed 0.2s)
Using contiguous filter-support slice: [641:3441] (2800 bins).
Photometric propagation method: exact discrete first-order Jacobian through speclite AB-maggies operator (support bins=2800/3761).
STAT assumption: independent spectral-bin variances (no covariance provided by cube).
Computing AB maggies with vectorized blocks... (estimated support-slice stream volume: 9.54 GiB, DATA+STAT)
Processed rows 0:16/1420 (  1.1%, block 1/89, block 0.28s, elapsed 0.00 min, ETA 0.42 min)
Processed rows 16:32/1420 (  2.3%, block 2/89, block 0.23s, elapsed 0.01 min, ETA 0.37 min)
Processed rows 32:48/1420 (  3.4%, block 3/89, block 0.21s, elapsed 0.01 min, ETA 0.35 min)
Processed rows 48:64/1420 (  4.5%, block 4/89, block 0.21s, elapsed 0.02 min, ETA 0.33 min)
Processed rows 64:80/1420 (  5.6%, block 5/89, block 0.23s, elapsed 0.02 min, ETA 0.33 min)
Processed rows 80:96/1420 (  6.8%, block 6/89, block 0.22s, elapsed 0.02 min, ETA 0.32 min)
Processed rows 96:112/1420 (  7.9%, block 7/89, block 0.24s, elapsed 0.03 min, ETA 0.32 min)
Processed rows 112:128/1420 (  9.0%, block 8/89, block 0.22s, elapsed 0.03 min, ETA 0.31 min)
Processed rows 128:144/1420 ( 10.1%, block 9/89, block 0.23s, elapsed 0.03 min, ETA 0.31 min)
Processed rows 144:160/1420 ( 11.3%, block 10/89, block 0.23s, elapsed 0.04 min, ETA 0.30 min)
Processed rows 160:176/1420 ( 12.4%, block 11/89, block 0.21s, elapsed 0.04 min, ETA 0.30 min)
Processed rows 176:192/1420 ( 13.5%, block 12/89, block 0.24s, elapsed 0.05 min, ETA 0.30 min)
Processed rows 192:208/1420 ( 14.6%, block 13/89, block 0.23s, elapsed 0.05 min, ETA 0.29 min)
Processed rows 208:224/1420 ( 15.8%, block 14/89, block 0.21s, elapsed 0.05 min, ETA 0.29 min)
Processed rows 224:240/1420 ( 16.9%, block 15/89, block 0.21s, elapsed 0.06 min, ETA 0.28 min)
Processed rows 240:256/1420 ( 18.0%, block 16/89, block 0.22s, elapsed 0.06 min, ETA 0.28 min)
Processed rows 256:272/1420 ( 19.2%, block 17/89, block 0.20s, elapsed 0.06 min, ETA 0.27 min)
Processed rows 272:288/1420 ( 20.3%, block 18/89, block 0.23s, elapsed 0.07 min, ETA 0.27 min)
Processed rows 288:304/1420 ( 21.4%, block 19/89, block 0.24s, elapsed 0.07 min, ETA 0.26 min)
Processed rows 304:320/1420 ( 22.5%, block 20/89, block 0.23s, elapsed 0.08 min, ETA 0.26 min)
Processed rows 320:336/1420 ( 23.7%, block 21/89, block 0.26s, elapsed 0.08 min, ETA 0.26 min)
Processed rows 336:352/1420 ( 24.8%, block 22/89, block 0.23s, elapsed 0.08 min, ETA 0.25 min)
Processed rows 352:368/1420 ( 25.9%, block 23/89, block 0.23s, elapsed 0.09 min, ETA 0.25 min)
Processed rows 368:384/1420 ( 27.0%, block 24/89, block 0.23s, elapsed 0.09 min, ETA 0.25 min)
Processed rows 384:400/1420 ( 28.2%, block 25/89, block 0.22s, elapsed 0.09 min, ETA 0.24 min)
Processed rows 400:416/1420 ( 29.3%, block 26/89, block 0.22s, elapsed 0.10 min, ETA 0.24 min)
Processed rows 416:432/1420 ( 30.4%, block 27/89, block 0.22s, elapsed 0.10 min, ETA 0.23 min)
Processed rows 432:448/1420 ( 31.5%, block 28/89, block 0.23s, elapsed 0.11 min, ETA 0.23 min)
Processed rows 448:464/1420 ( 32.7%, block 29/89, block 0.22s, elapsed 0.11 min, ETA 0.23 min)
Processed rows 464:480/1420 ( 33.8%, block 30/89, block 0.19s, elapsed 0.11 min, ETA 0.22 min)
Processed rows 480:496/1420 ( 34.9%, block 31/89, block 0.20s, elapsed 0.12 min, ETA 0.22 min)
Processed rows 496:512/1420 ( 36.1%, block 32/89, block 0.23s, elapsed 0.12 min, ETA 0.21 min)
Processed rows 512:528/1420 ( 37.2%, block 33/89, block 0.21s, elapsed 0.12 min, ETA 0.21 min)
Processed rows 528:544/1420 ( 38.3%, block 34/89, block 0.20s, elapsed 0.13 min, ETA 0.21 min)
Processed rows 544:560/1420 ( 39.4%, block 35/89, block 0.20s, elapsed 0.13 min, ETA 0.20 min)
Processed rows 560:576/1420 ( 40.6%, block 36/89, block 0.19s, elapsed 0.13 min, ETA 0.20 min)
Processed rows 576:592/1420 ( 41.7%, block 37/89, block 0.21s, elapsed 0.14 min, ETA 0.19 min)
Processed rows 592:608/1420 ( 42.8%, block 38/89, block 0.22s, elapsed 0.14 min, ETA 0.19 min)
Processed rows 608:624/1420 ( 43.9%, block 39/89, block 0.23s, elapsed 0.14 min, ETA 0.18 min)
Processed rows 624:640/1420 ( 45.1%, block 40/89, block 0.23s, elapsed 0.15 min, ETA 0.18 min)
Processed rows 640:656/1420 ( 46.2%, block 41/89, block 0.23s, elapsed 0.15 min, ETA 0.18 min)
Processed rows 656:672/1420 ( 47.3%, block 42/89, block 0.24s, elapsed 0.16 min, ETA 0.17 min)
Processed rows 672:688/1420 ( 48.5%, block 43/89, block 0.23s, elapsed 0.16 min, ETA 0.17 min)
Processed rows 688:704/1420 ( 49.6%, block 44/89, block 0.21s, elapsed 0.16 min, ETA 0.17 min)
Processed rows 704:720/1420 ( 50.7%, block 45/89, block 0.22s, elapsed 0.17 min, ETA 0.16 min)
Processed rows 720:736/1420 ( 51.8%, block 46/89, block 0.21s, elapsed 0.17 min, ETA 0.16 min)
Processed rows 736:752/1420 ( 53.0%, block 47/89, block 0.27s, elapsed 0.18 min, ETA 0.16 min)
Processed rows 752:768/1420 ( 54.1%, block 48/89, block 0.24s, elapsed 0.18 min, ETA 0.15 min)
Processed rows 768:784/1420 ( 55.2%, block 49/89, block 0.22s, elapsed 0.18 min, ETA 0.15 min)
Processed rows 784:800/1420 ( 56.3%, block 50/89, block 0.25s, elapsed 0.19 min, ETA 0.15 min)
Processed rows 800:816/1420 ( 57.5%, block 51/89, block 0.24s, elapsed 0.19 min, ETA 0.14 min)
Processed rows 816:832/1420 ( 58.6%, block 52/89, block 0.23s, elapsed 0.19 min, ETA 0.14 min)
Processed rows 832:848/1420 ( 59.7%, block 53/89, block 0.22s, elapsed 0.20 min, ETA 0.13 min)
Processed rows 848:864/1420 ( 60.8%, block 54/89, block 0.22s, elapsed 0.20 min, ETA 0.13 min)
Processed rows 864:880/1420 ( 62.0%, block 55/89, block 0.22s, elapsed 0.21 min, ETA 0.13 min)
Processed rows 880:896/1420 ( 63.1%, block 56/89, block 0.20s, elapsed 0.21 min, ETA 0.12 min)
Processed rows 896:912/1420 ( 64.2%, block 57/89, block 0.21s, elapsed 0.21 min, ETA 0.12 min)
Processed rows 912:928/1420 ( 65.4%, block 58/89, block 0.22s, elapsed 0.22 min, ETA 0.12 min)
Processed rows 928:944/1420 ( 66.5%, block 59/89, block 0.21s, elapsed 0.22 min, ETA 0.11 min)
Processed rows 944:960/1420 ( 67.6%, block 60/89, block 0.22s, elapsed 0.22 min, ETA 0.11 min)
Processed rows 960:976/1420 ( 68.7%, block 61/89, block 0.23s, elapsed 0.23 min, ETA 0.10 min)
Processed rows 976:992/1420 ( 69.9%, block 62/89, block 0.21s, elapsed 0.23 min, ETA 0.10 min)
Processed rows 992:1008/1420 ( 71.0%, block 63/89, block 0.22s, elapsed 0.23 min, ETA 0.10 min)
Processed rows 1008:1024/1420 ( 72.1%, block 64/89, block 0.23s, elapsed 0.24 min, ETA 0.09 min)
Processed rows 1024:1040/1420 ( 73.2%, block 65/89, block 0.24s, elapsed 0.24 min, ETA 0.09 min)
Processed rows 1040:1056/1420 ( 74.4%, block 66/89, block 0.21s, elapsed 0.25 min, ETA 0.09 min)
Processed rows 1056:1072/1420 ( 75.5%, block 67/89, block 0.20s, elapsed 0.25 min, ETA 0.08 min)
Processed rows 1072:1088/1420 ( 76.6%, block 68/89, block 0.23s, elapsed 0.25 min, ETA 0.08 min)
Processed rows 1088:1104/1420 ( 77.7%, block 69/89, block 0.23s, elapsed 0.26 min, ETA 0.07 min)
Processed rows 1104:1120/1420 ( 78.9%, block 70/89, block 0.21s, elapsed 0.26 min, ETA 0.07 min)
Processed rows 1120:1136/1420 ( 80.0%, block 71/89, block 0.25s, elapsed 0.26 min, ETA 0.07 min)
Processed rows 1136:1152/1420 ( 81.1%, block 72/89, block 0.23s, elapsed 0.27 min, ETA 0.06 min)
Processed rows 1152:1168/1420 ( 82.3%, block 73/89, block 0.22s, elapsed 0.27 min, ETA 0.06 min)
Processed rows 1168:1184/1420 ( 83.4%, block 74/89, block 0.22s, elapsed 0.28 min, ETA 0.06 min)
Processed rows 1184:1200/1420 ( 84.5%, block 75/89, block 0.20s, elapsed 0.28 min, ETA 0.05 min)
Processed rows 1200:1216/1420 ( 85.6%, block 76/89, block 0.22s, elapsed 0.28 min, ETA 0.05 min)
Processed rows 1216:1232/1420 ( 86.8%, block 77/89, block 0.21s, elapsed 0.29 min, ETA 0.04 min)
Processed rows 1232:1248/1420 ( 87.9%, block 78/89, block 0.21s, elapsed 0.29 min, ETA 0.04 min)
Processed rows 1248:1264/1420 ( 89.0%, block 79/89, block 0.20s, elapsed 0.29 min, ETA 0.04 min)
Processed rows 1264:1280/1420 ( 90.1%, block 80/89, block 0.20s, elapsed 0.30 min, ETA 0.03 min)
Processed rows 1280:1296/1420 ( 91.3%, block 81/89, block 0.22s, elapsed 0.30 min, ETA 0.03 min)
Processed rows 1296:1312/1420 ( 92.4%, block 82/89, block 0.20s, elapsed 0.30 min, ETA 0.03 min)
Processed rows 1312:1328/1420 ( 93.5%, block 83/89, block 0.20s, elapsed 0.31 min, ETA 0.02 min)
Processed rows 1328:1344/1420 ( 94.6%, block 84/89, block 0.23s, elapsed 0.31 min, ETA 0.02 min)
Processed rows 1344:1360/1420 ( 95.8%, block 85/89, block 0.20s, elapsed 0.31 min, ETA 0.01 min)
Processed rows 1360:1376/1420 ( 96.9%, block 86/89, block 0.21s, elapsed 0.32 min, ETA 0.01 min)
Processed rows 1376:1392/1420 ( 98.0%, block 87/89, block 0.21s, elapsed 0.32 min, ETA 0.01 min)
Processed rows 1392:1408/1420 ( 99.2%, block 88/89, block 0.21s, elapsed 0.32 min, ETA 0.00 min)
Processed rows 1408:1420/1420 (100.0%, block 89/89, block 0.16s, elapsed 0.33 min, ETA 0.00 min)
AB maggies vectorized pass completed in 0.33 min
Estimated effective streaming throughput: 497.4 MiB/s over support-slice read volume
Filter-support fraction [p16, p50, p84] = [1.000000, 1.000000, 1.000000]
Strict all-finite support pixels vs accepted relaxed-support pixels = 432,219 vs 433,062 (threshold=0.9900)
/arc/home/RongjunHuang/ICRAR/further/Mass.py:1330: RuntimeWarning: invalid value encountered in log10
  m_r_map = np.where(maggies_map > 0, -2.5 * np.log10(maggies_map), np.nan).astype(np.float32)
Finite binned flux-error bins: 10734/10734 (STAT=10734, sample=10734)
Finite binned magnitude-error bins: 10734/10734
Median binned relative flux error : 5.9656e-04
Binned magnitude error min/max   : 5.0219e-04 .. 1.2783e-03 mag
Binned magnitude error [p16, p50, p84] = [6.1033e-04, 6.4770e-04, 6.9519e-04] mag
Warning: No EBV error extension found; EBV uncertainty term will be omitted.
R-band magnitude calculation completed!
Filter used: bessell-R
Magnitude range: 19.89 to 27.30
Distance modulus: 31.09 mag
Total R-band magnitude (uncorrected) : 11.102 mag (AB)
Total R-band magnitude (corrected)   : 10.040 mag (AB)
Total R-band luminosity              : 10.263 log10(L☉)
Total stellar mass (R)               : 10.323 log10(M☉)
Integrated stellar M/L_R             : 1.1471 M☉/L☉
Median LOGMSTAR_ERR      : 2.6163e-04 dex
LOGMSTAR_ERR [p16, p50, p84] = [2.4447e-04, 2.6163e-04, 3.0908e-04] dex
LOGMSTAR_ERR min/max     : 2.0088e-04 .. 5.1131e-04 dex
Error budget note (LOGMSTAR): includes photometric+extinction propagation; excludes M/L model, distance, and inclination/area systematic uncertainties.
Saved further file to /arc/home/RongjunHuang/ICRAR/further/v3tk_v7.6.8/NGC4302/NGC4302_spatial_binning_maps_further.fits
M/L_R layer saved ➜ /arc/home/RongjunHuang/ICRAR/further/v3tk_v7.6.8/NGC4302/NGC4302_spatial_binning_maps_further.fits
Stellar-mass layer saved ➜ /arc/home/RongjunHuang/ICRAR/further/v3tk_v7.6.8/NGC4302/NGC4302_spatial_binning_maps_further.fits
Galaxy NGC4302 inclination: 90.0° (cos θ = 0.000)
Inclination correction ENABLED: applying b/a = 0.200 (adopting intrinsic thickness q₀ = 0.2 for disc galaxy)
Median LOGMASS_SURFACE_DENSITY_ERR: 2.6163e-04 dex
LOGMASS_SURFACE_DENSITY_ERR [p16, p50, p84] = [2.4447e-04, 2.6163e-04, 3.0908e-04] dex
LOGMASS_SURFACE_DENSITY_ERR min/max: 2.0088e-04 .. 5.1131e-04 dex
Consistency check |LOGMSTAR_ERR - LOGMASS_SURFACE_DENSITY_ERR| median=0.0000e+00 dex, max=1.0842e-19 dex
Stellar mass surface density layer saved ➜ /arc/home/RongjunHuang/ICRAR/further/v3tk_v7.6.8/NGC4302/NGC4302_spatial_binning_maps_further.fits
r-band magnitude layer saved ➜ /arc/home/RongjunHuang/ICRAR/further/v3tk_v7.6.8/NGC4302/NGC4302_spatial_binning_maps_further.fits
r-band uncorrected magnitude layer saved ➜ /arc/home/RongjunHuang/ICRAR/further/v3tk_v7.6.8/NGC4302/NGC4302_spatial_binning_maps_further.fits
✅  NGC4302 finished in 4m51s
