Python executable: /arc/home/RongjunHuang/.conda/envs/ICRAR/bin/python
Python 3.13.3
PYTHONUNBUFFERED: 1
Product root     : /arc/home/RongjunHuang/ICRAR/further
Cube root        : /arc/projects/mauve/cubes/v3tk
Local fallback   : /arc/home/RongjunHuang/ICRAR/further
MASS_DISABLE_STAT: 0
MASS_NCPUS       : 16
MASS_ROW_BLOCK_SIZE: default


=== Using the following files ===
Product root : /arc/home/RongjunHuang/ICRAR/further
Cube root    : /arc/projects/mauve/cubes/v3tk
Fallback root: /arc/home/RongjunHuang/ICRAR/further
Input keyword: <none>
Cube         : /arc/projects/mauve/cubes/v3tk/NGC4330_DATACUBE_FINAL_WCS_Pall_mad_red_v3tk.fits.gz
Binning map  : /arc/home/RongjunHuang/ICRAR/further/v3tk_v7.6.8/NGC4330/NGC4330_spatial_binning_maps.fits
SFH map      : /arc/home/RongjunHuang/ICRAR/further/v3tk_v7.6.8/NGC4330/NGC4330_sfh_maps.fits
Weights      : /arc/home/RongjunHuang/ICRAR/further/v3tk_v7.6.8/NGC4330/NGC4330_sfh_weights.fits
Photometry   : /arc/home/RongjunHuang/ICRAR/further/BaSTI+Chabrier.dat
Output       : /arc/home/RongjunHuang/ICRAR/further/v3tk_v7.6.8/NGC4330/NGC4330_spatial_binning_maps_further.fits 

Thread control: forcing 16 BLAS/OpenMP threads
Vectorized processing row-block size: 16
Loading: /arc/home/RongjunHuang/ICRAR/further/v3tk_v7.6.8/NGC4330/NGC4330_spatial_binning_maps.fits
Filename: /arc/home/RongjunHuang/ICRAR/further/v3tk_v7.6.8/NGC4330/NGC4330_spatial_binning_maps.fits
No.    Name      Ver    Type      Cards   Dimensions   Format
  0  PRIMARY       1 PrimaryHDU       4   ()      
  1  BINID         1 ImageHDU        26   (881, 760)   float64   
  2  FLUX          1 ImageHDU        26   (881, 760)   float64   
  3  SNR           1 ImageHDU        26   (881, 760)   float64   
  4  SNRBIN        1 ImageHDU        26   (881, 760)   float64   
  5  XBIN          1 ImageHDU        26   (881, 760)   float64   
  6  YBIN          1 ImageHDU        26   (881, 760)   float64   
None
Loading: /arc/home/RongjunHuang/ICRAR/further/v3tk_v7.6.8/NGC4330/NGC4330_sfh_weights.fits
Filename: /arc/home/RongjunHuang/ICRAR/further/v3tk_v7.6.8/NGC4330/NGC4330_sfh_weights.fits
No.    Name      Ver    Type      Cards   Dimensions   Format
  0  PRIMARY       1 PrimaryHDU      27   ()      
  1  WEIGHTS       1 BinTableHDU     31   2851R x 1C   [477D]   
  2  GRID          1 BinTableHDU     35   477R x 3C   [D, D, D]   
None
Loaded 636 out of 636 rows of data from BaSTI+Chabrier.dat
Raw SFH weight-sum [min, p16, p50, p84, max] = [1.0000e+00, 1.0000e+00, 1.0000e+00, 1.0000e+00, 1.0000e+00]
Normalized SFH weight-sum check [min, max] = [1.000000, 1.000000]
Composite ML_R candidates [median] (light_r, light_norm_to_r, light_v_to_r, mass_harmonic) = [1.2165, 1.2253, 1.3361, 0.3425]
Template-library LIGHT normalization for ML_R: /arc/home/RongjunHuang/ICRAR/further/EMILES_baseFe_safe (LMIN=4800.0, LMAX=8900.0 Angstrom)
Selected SFH-weight interpretation for ML_R: light_norm_to_r
BINID range check for ML_R mapping: max BINID=2850, n_weight_rows=2851
Loading: /arc/projects/mauve/cubes/v3tk/NGC4330_DATACUBE_FINAL_WCS_Pall_mad_red_v3tk.fits.gz
Using STAT variance extension for photometric error propagation.
Cube dimensions (nz, ny, nx): 3761, 760, 881
Approx. DATA footprint: 9.38 GiB
Approx. STAT footprint: 9.38 GiB
Building exact speclite linear operator for AB maggies...
  Linear-operator chunk 1/8 (wave bins 0:512, elapsed 0.0s)
  Linear-operator chunk 2/8 (wave bins 512:1024, elapsed 0.1s)
  Linear-operator chunk 3/8 (wave bins 1024:1536, elapsed 0.1s)
  Linear-operator chunk 4/8 (wave bins 1536:2048, elapsed 0.1s)
  Linear-operator chunk 5/8 (wave bins 2048:2560, elapsed 0.1s)
  Linear-operator chunk 6/8 (wave bins 2560:3072, elapsed 0.1s)
  Linear-operator chunk 7/8 (wave bins 3072:3584, elapsed 0.2s)
  Linear-operator chunk 8/8 (wave bins 3584:3761, elapsed 0.2s)
Using contiguous filter-support slice: [641:3441] (2800 bins).
Photometric propagation method: exact discrete first-order Jacobian through speclite AB-maggies operator (support bins=2800/3761).
STAT assumption: independent spectral-bin variances (no covariance provided by cube).
Computing AB maggies with vectorized blocks... (estimated support-slice stream volume: 13.97 GiB, DATA+STAT)
Processed rows 0:16/760 (  2.1%, block 1/48, block 0.47s, elapsed 0.01 min, ETA 0.37 min)
Processed rows 16:32/760 (  4.2%, block 2/48, block 0.49s, elapsed 0.02 min, ETA 0.37 min)
Processed rows 32:48/760 (  6.3%, block 3/48, block 0.49s, elapsed 0.02 min, ETA 0.36 min)
Processed rows 48:64/760 (  8.4%, block 4/48, block 0.47s, elapsed 0.03 min, ETA 0.35 min)
Processed rows 64:80/760 ( 10.5%, block 5/48, block 0.47s, elapsed 0.04 min, ETA 0.34 min)
Processed rows 80:96/760 ( 12.6%, block 6/48, block 0.48s, elapsed 0.05 min, ETA 0.33 min)
Processed rows 96:112/760 ( 14.7%, block 7/48, block 0.48s, elapsed 0.06 min, ETA 0.33 min)
Processed rows 112:128/760 ( 16.8%, block 8/48, block 0.49s, elapsed 0.06 min, ETA 0.32 min)
Processed rows 128:144/760 ( 18.9%, block 9/48, block 0.49s, elapsed 0.07 min, ETA 0.31 min)
Processed rows 144:160/760 ( 21.1%, block 10/48, block 0.47s, elapsed 0.08 min, ETA 0.30 min)
Processed rows 160:176/760 ( 23.2%, block 11/48, block 0.45s, elapsed 0.09 min, ETA 0.29 min)
Processed rows 176:192/760 ( 25.3%, block 12/48, block 0.45s, elapsed 0.09 min, ETA 0.28 min)
Processed rows 192:208/760 ( 27.4%, block 13/48, block 0.46s, elapsed 0.10 min, ETA 0.28 min)
Processed rows 208:224/760 ( 29.5%, block 14/48, block 0.45s, elapsed 0.11 min, ETA 0.27 min)
Processed rows 224:240/760 ( 31.6%, block 15/48, block 0.46s, elapsed 0.12 min, ETA 0.26 min)
Processed rows 240:256/760 ( 33.7%, block 16/48, block 0.47s, elapsed 0.13 min, ETA 0.25 min)
Processed rows 256:272/760 ( 35.8%, block 17/48, block 0.46s, elapsed 0.13 min, ETA 0.24 min)
Processed rows 272:288/760 ( 37.9%, block 18/48, block 0.45s, elapsed 0.14 min, ETA 0.23 min)
Processed rows 288:304/760 ( 40.0%, block 19/48, block 0.44s, elapsed 0.15 min, ETA 0.23 min)
Processed rows 304:320/760 ( 42.1%, block 20/48, block 0.45s, elapsed 0.16 min, ETA 0.22 min)
Processed rows 320:336/760 ( 44.2%, block 21/48, block 0.45s, elapsed 0.16 min, ETA 0.21 min)
Processed rows 336:352/760 ( 46.3%, block 22/48, block 0.46s, elapsed 0.17 min, ETA 0.20 min)
Processed rows 352:368/760 ( 48.4%, block 23/48, block 0.48s, elapsed 0.18 min, ETA 0.19 min)
Processed rows 368:384/760 ( 50.5%, block 24/48, block 0.47s, elapsed 0.19 min, ETA 0.19 min)
Processed rows 384:400/760 ( 52.6%, block 25/48, block 0.49s, elapsed 0.19 min, ETA 0.18 min)
Processed rows 400:416/760 ( 54.7%, block 26/48, block 0.49s, elapsed 0.20 min, ETA 0.17 min)
Processed rows 416:432/760 ( 56.8%, block 27/48, block 0.48s, elapsed 0.21 min, ETA 0.16 min)
Processed rows 432:448/760 ( 58.9%, block 28/48, block 0.51s, elapsed 0.22 min, ETA 0.16 min)
Processed rows 448:464/760 ( 61.1%, block 29/48, block 0.51s, elapsed 0.23 min, ETA 0.15 min)
Processed rows 464:480/760 ( 63.2%, block 30/48, block 0.51s, elapsed 0.24 min, ETA 0.14 min)
Processed rows 480:496/760 ( 65.3%, block 31/48, block 0.51s, elapsed 0.24 min, ETA 0.13 min)
Processed rows 496:512/760 ( 67.4%, block 32/48, block 0.50s, elapsed 0.25 min, ETA 0.13 min)
Processed rows 512:528/760 ( 69.5%, block 33/48, block 0.51s, elapsed 0.26 min, ETA 0.12 min)
Processed rows 528:544/760 ( 71.6%, block 34/48, block 0.53s, elapsed 0.27 min, ETA 0.11 min)
Processed rows 544:560/760 ( 73.7%, block 35/48, block 0.53s, elapsed 0.28 min, ETA 0.10 min)
Processed rows 560:576/760 ( 75.8%, block 36/48, block 0.53s, elapsed 0.29 min, ETA 0.10 min)
Processed rows 576:592/760 ( 77.9%, block 37/48, block 0.55s, elapsed 0.30 min, ETA 0.09 min)
Processed rows 592:608/760 ( 80.0%, block 38/48, block 0.52s, elapsed 0.31 min, ETA 0.08 min)
Processed rows 608:624/760 ( 82.1%, block 39/48, block 0.55s, elapsed 0.32 min, ETA 0.07 min)
Processed rows 624:640/760 ( 84.2%, block 40/48, block 0.52s, elapsed 0.32 min, ETA 0.06 min)
Processed rows 640:656/760 ( 86.3%, block 41/48, block 0.53s, elapsed 0.33 min, ETA 0.06 min)
Processed rows 656:672/760 ( 88.4%, block 42/48, block 0.52s, elapsed 0.34 min, ETA 0.05 min)
Processed rows 672:688/760 ( 90.5%, block 43/48, block 0.55s, elapsed 0.35 min, ETA 0.04 min)
Processed rows 688:704/760 ( 92.6%, block 44/48, block 0.54s, elapsed 0.36 min, ETA 0.03 min)
Processed rows 704:720/760 ( 94.7%, block 45/48, block 0.54s, elapsed 0.37 min, ETA 0.02 min)
Processed rows 720:736/760 ( 96.8%, block 46/48, block 0.56s, elapsed 0.38 min, ETA 0.02 min)
Processed rows 736:752/760 ( 98.9%, block 47/48, block 0.52s, elapsed 0.39 min, ETA 0.01 min)
Processed rows 752:760/760 (100.0%, block 48/48, block 0.29s, elapsed 0.39 min, ETA 0.00 min)
AB maggies vectorized pass completed in 0.39 min
Estimated effective streaming throughput: 608.8 MiB/s over support-slice read volume
Filter-support fraction [p16, p50, p84] = [0.000000, 0.000000, 1.000000]
Strict all-finite support pixels vs accepted relaxed-support pixels = 263,166 vs 263,697 (threshold=0.9900)
/arc/home/RongjunHuang/ICRAR/further/Mass.py:1330: RuntimeWarning: invalid value encountered in log10
  m_r_map = np.where(maggies_map > 0, -2.5 * np.log10(maggies_map), np.nan).astype(np.float32)
Finite binned flux-error bins: 2851/2851 (STAT=2851, sample=2851)
Finite binned magnitude-error bins: 2851/2851
Median binned relative flux error : 6.5318e-04
Binned magnitude error min/max   : 5.2665e-04 .. 9.6265e-04 mag
Binned magnitude error [p16, p50, p84] = [6.6721e-04, 7.0918e-04, 7.5530e-04] mag
Warning: No EBV error extension found; EBV uncertainty term will be omitted.
R-band magnitude calculation completed!
Filter used: bessell-R
Magnitude range: 21.86 to 28.09
Distance modulus: 31.09 mag
Total R-band magnitude (uncorrected) : 12.327 mag (AB)
Total R-band magnitude (corrected)   : 11.756 mag (AB)
Total R-band luminosity              : 9.576 log10(L☉)
Total stellar mass (R)               : 9.679 log10(M☉)
Integrated stellar M/L_R             : 1.2650 M☉/L☉
Median LOGMSTAR_ERR      : 3.0588e-04 dex
LOGMSTAR_ERR [p16, p50, p84] = [2.8021e-04, 3.0588e-04, 3.3118e-04] dex
LOGMSTAR_ERR min/max     : 2.1066e-04 .. 3.8506e-04 dex
Error budget note (LOGMSTAR): includes photometric+extinction propagation; excludes M/L model, distance, and inclination/area systematic uncertainties.
Saved further file to /arc/home/RongjunHuang/ICRAR/further/v3tk_v7.6.8/NGC4330/NGC4330_spatial_binning_maps_further.fits
M/L_R layer saved ➜ /arc/home/RongjunHuang/ICRAR/further/v3tk_v7.6.8/NGC4330/NGC4330_spatial_binning_maps_further.fits
Stellar-mass layer saved ➜ /arc/home/RongjunHuang/ICRAR/further/v3tk_v7.6.8/NGC4330/NGC4330_spatial_binning_maps_further.fits
Galaxy NGC4330 inclination: 90.0° (cos θ = 0.000)
Inclination correction ENABLED: applying b/a = 0.200 (adopting intrinsic thickness q₀ = 0.2 for disc galaxy)
Median LOGMASS_SURFACE_DENSITY_ERR: 3.0588e-04 dex
LOGMASS_SURFACE_DENSITY_ERR [p16, p50, p84] = [2.8021e-04, 3.0588e-04, 3.3118e-04] dex
LOGMASS_SURFACE_DENSITY_ERR min/max: 2.1066e-04 .. 3.8506e-04 dex
Consistency check |LOGMSTAR_ERR - LOGMASS_SURFACE_DENSITY_ERR| median=5.4210e-20 dex, max=1.0842e-19 dex
Stellar mass surface density layer saved ➜ /arc/home/RongjunHuang/ICRAR/further/v3tk_v7.6.8/NGC4330/NGC4330_spatial_binning_maps_further.fits
r-band magnitude layer saved ➜ /arc/home/RongjunHuang/ICRAR/further/v3tk_v7.6.8/NGC4330/NGC4330_spatial_binning_maps_further.fits
r-band uncorrected magnitude layer saved ➜ /arc/home/RongjunHuang/ICRAR/further/v3tk_v7.6.8/NGC4330/NGC4330_spatial_binning_maps_further.fits
✅  NGC4330 finished in 5m55s
