Python executable: /arc/home/RongjunHuang/.conda/envs/ICRAR/bin/python
Python 3.13.3
PYTHONUNBUFFERED: 1
Product root     : /arc/home/RongjunHuang/ICRAR/further
Cube root        : /arc/projects/mauve/cubes/v3tk
Local fallback   : /arc/home/RongjunHuang/ICRAR/further
MASS_DISABLE_STAT: 0
MASS_NCPUS       : 16
MASS_ROW_BLOCK_SIZE: default


=== Using the following files ===
Product root : /arc/home/RongjunHuang/ICRAR/further
Cube root    : /arc/projects/mauve/cubes/v3tk
Fallback root: /arc/home/RongjunHuang/ICRAR/further
Input keyword: <none>
Cube         : /arc/projects/mauve/cubes/v3tk/NGC4569_DATACUBE_FINAL_WCS_Pall_mad_red_v3tk.fits.gz
Binning map  : /arc/home/RongjunHuang/ICRAR/further/v3tk_v7.6.8/NGC4569/NGC4569_spatial_binning_maps.fits
SFH map      : /arc/home/RongjunHuang/ICRAR/further/v3tk_v7.6.8/NGC4569/NGC4569_sfh_maps.fits
Weights      : /arc/home/RongjunHuang/ICRAR/further/v3tk_v7.6.8/NGC4569/NGC4569_sfh_weights.fits
Photometry   : /arc/home/RongjunHuang/ICRAR/further/BaSTI+Chabrier.dat
Output       : /arc/home/RongjunHuang/ICRAR/further/v3tk_v7.6.8/NGC4569/NGC4569_spatial_binning_maps_further.fits 

Thread control: forcing 16 BLAS/OpenMP threads
Vectorized processing row-block size: 16
Loading: /arc/home/RongjunHuang/ICRAR/further/v3tk_v7.6.8/NGC4569/NGC4569_spatial_binning_maps.fits
Filename: /arc/home/RongjunHuang/ICRAR/further/v3tk_v7.6.8/NGC4569/NGC4569_spatial_binning_maps.fits
No.    Name      Ver    Type      Cards   Dimensions   Format
  0  PRIMARY       1 PrimaryHDU       4   ()      
  1  BINID         1 ImageHDU        26   (888, 1260)   float64   
  2  FLUX          1 ImageHDU        26   (888, 1260)   float64   
  3  SNR           1 ImageHDU        26   (888, 1260)   float64   
  4  SNRBIN        1 ImageHDU        26   (888, 1260)   float64   
  5  XBIN          1 ImageHDU        26   (888, 1260)   float64   
  6  YBIN          1 ImageHDU        26   (888, 1260)   float64   
None
Loading: /arc/home/RongjunHuang/ICRAR/further/v3tk_v7.6.8/NGC4569/NGC4569_sfh_weights.fits
Filename: /arc/home/RongjunHuang/ICRAR/further/v3tk_v7.6.8/NGC4569/NGC4569_sfh_weights.fits
No.    Name      Ver    Type      Cards   Dimensions   Format
  0  PRIMARY       1 PrimaryHDU      27   ()      
  1  WEIGHTS       1 BinTableHDU     31   46999R x 1C   [477D]   
  2  GRID          1 BinTableHDU     35   477R x 3C   [D, D, D]   
None
Loaded 636 out of 636 rows of data from BaSTI+Chabrier.dat
Raw SFH weight-sum [min, p16, p50, p84, max] = [1.0000e+00, 1.0000e+00, 1.0000e+00, 1.0000e+00, 1.0000e+00]
Normalized SFH weight-sum check [min, max] = [1.000000, 1.000000]
Composite ML_R candidates [median] (light_r, light_norm_to_r, light_v_to_r, mass_harmonic) = [1.6743, 1.6805, 1.7645, 0.5990]
Template-library LIGHT normalization for ML_R: /arc/home/RongjunHuang/ICRAR/further/EMILES_baseFe_safe (LMIN=4800.0, LMAX=8900.0 Angstrom)
Selected SFH-weight interpretation for ML_R: light_norm_to_r
BINID range check for ML_R mapping: max BINID=46998, n_weight_rows=46999
Loading: /arc/projects/mauve/cubes/v3tk/NGC4569_DATACUBE_FINAL_WCS_Pall_mad_red_v3tk.fits.gz
Using STAT variance extension for photometric error propagation.
Cube dimensions (nz, ny, nx): 3761, 1260, 888
Approx. DATA footprint: 15.68 GiB
Approx. STAT footprint: 15.68 GiB
Building exact speclite linear operator for AB maggies...
  Linear-operator chunk 1/8 (wave bins 0:512, elapsed 0.0s)
  Linear-operator chunk 2/8 (wave bins 512:1024, elapsed 0.0s)
  Linear-operator chunk 3/8 (wave bins 1024:1536, elapsed 0.1s)
  Linear-operator chunk 4/8 (wave bins 1536:2048, elapsed 0.1s)
  Linear-operator chunk 5/8 (wave bins 2048:2560, elapsed 0.1s)
  Linear-operator chunk 6/8 (wave bins 2560:3072, elapsed 0.1s)
  Linear-operator chunk 7/8 (wave bins 3072:3584, elapsed 0.1s)
  Linear-operator chunk 8/8 (wave bins 3584:3761, elapsed 0.2s)
Using contiguous filter-support slice: [641:3441] (2800 bins).
Photometric propagation method: exact discrete first-order Jacobian through speclite AB-maggies operator (support bins=2800/3761).
STAT assumption: independent spectral-bin variances (no covariance provided by cube).
Computing AB maggies with vectorized blocks... (estimated support-slice stream volume: 23.34 GiB, DATA+STAT)
Processed rows 0:16/1260 (  1.3%, block 1/79, block 0.57s, elapsed 0.01 min, ETA 0.74 min)
Processed rows 16:32/1260 (  2.5%, block 2/79, block 0.54s, elapsed 0.02 min, ETA 0.71 min)
Processed rows 32:48/1260 (  3.8%, block 3/79, block 0.54s, elapsed 0.03 min, ETA 0.70 min)
Processed rows 48:64/1260 (  5.1%, block 4/79, block 0.50s, elapsed 0.04 min, ETA 0.67 min)
Processed rows 64:80/1260 (  6.3%, block 5/79, block 0.52s, elapsed 0.04 min, ETA 0.66 min)
Processed rows 80:96/1260 (  7.6%, block 6/79, block 0.49s, elapsed 0.05 min, ETA 0.64 min)
Processed rows 96:112/1260 (  8.9%, block 7/79, block 0.49s, elapsed 0.06 min, ETA 0.62 min)
Processed rows 112:128/1260 ( 10.2%, block 8/79, block 0.50s, elapsed 0.07 min, ETA 0.61 min)
Processed rows 128:144/1260 ( 11.4%, block 9/79, block 0.49s, elapsed 0.08 min, ETA 0.60 min)
Processed rows 144:160/1260 ( 12.7%, block 10/79, block 0.48s, elapsed 0.09 min, ETA 0.59 min)
Processed rows 160:176/1260 ( 14.0%, block 11/79, block 0.48s, elapsed 0.09 min, ETA 0.58 min)
Processed rows 176:192/1260 ( 15.2%, block 12/79, block 0.49s, elapsed 0.10 min, ETA 0.57 min)
Processed rows 192:208/1260 ( 16.5%, block 13/79, block 0.48s, elapsed 0.11 min, ETA 0.55 min)
Processed rows 208:224/1260 ( 17.8%, block 14/79, block 0.48s, elapsed 0.12 min, ETA 0.54 min)
Processed rows 224:240/1260 ( 19.0%, block 15/79, block 0.48s, elapsed 0.13 min, ETA 0.54 min)
Processed rows 240:256/1260 ( 20.3%, block 16/79, block 0.49s, elapsed 0.13 min, ETA 0.53 min)
Processed rows 256:272/1260 ( 21.6%, block 17/79, block 0.48s, elapsed 0.14 min, ETA 0.52 min)
Processed rows 272:288/1260 ( 22.9%, block 18/79, block 0.49s, elapsed 0.15 min, ETA 0.51 min)
Processed rows 288:304/1260 ( 24.1%, block 19/79, block 0.48s, elapsed 0.16 min, ETA 0.50 min)
Processed rows 304:320/1260 ( 25.4%, block 20/79, block 0.48s, elapsed 0.17 min, ETA 0.49 min)
Processed rows 320:336/1260 ( 26.7%, block 21/79, block 0.47s, elapsed 0.17 min, ETA 0.48 min)
Processed rows 336:352/1260 ( 27.9%, block 22/79, block 0.49s, elapsed 0.18 min, ETA 0.47 min)
Processed rows 352:368/1260 ( 29.2%, block 23/79, block 0.49s, elapsed 0.19 min, ETA 0.46 min)
Processed rows 368:384/1260 ( 30.5%, block 24/79, block 0.47s, elapsed 0.20 min, ETA 0.45 min)
Processed rows 384:400/1260 ( 31.7%, block 25/79, block 0.48s, elapsed 0.21 min, ETA 0.44 min)
Processed rows 400:416/1260 ( 33.0%, block 26/79, block 0.49s, elapsed 0.21 min, ETA 0.44 min)
Processed rows 416:432/1260 ( 34.3%, block 27/79, block 0.49s, elapsed 0.22 min, ETA 0.43 min)
Processed rows 432:448/1260 ( 35.6%, block 28/79, block 0.48s, elapsed 0.23 min, ETA 0.42 min)
Processed rows 448:464/1260 ( 36.8%, block 29/79, block 0.50s, elapsed 0.24 min, ETA 0.41 min)
Processed rows 464:480/1260 ( 38.1%, block 30/79, block 0.50s, elapsed 0.25 min, ETA 0.40 min)
Processed rows 480:496/1260 ( 39.4%, block 31/79, block 0.52s, elapsed 0.26 min, ETA 0.40 min)
Processed rows 496:512/1260 ( 40.6%, block 32/79, block 0.49s, elapsed 0.26 min, ETA 0.39 min)
Processed rows 512:528/1260 ( 41.9%, block 33/79, block 0.50s, elapsed 0.27 min, ETA 0.38 min)
Processed rows 528:544/1260 ( 43.2%, block 34/79, block 0.50s, elapsed 0.28 min, ETA 0.37 min)
Processed rows 544:560/1260 ( 44.4%, block 35/79, block 0.50s, elapsed 0.29 min, ETA 0.36 min)
Processed rows 560:576/1260 ( 45.7%, block 36/79, block 0.51s, elapsed 0.30 min, ETA 0.35 min)
Processed rows 576:592/1260 ( 47.0%, block 37/79, block 0.49s, elapsed 0.31 min, ETA 0.35 min)
Processed rows 592:608/1260 ( 48.3%, block 38/79, block 0.50s, elapsed 0.31 min, ETA 0.34 min)
Processed rows 608:624/1260 ( 49.5%, block 39/79, block 0.50s, elapsed 0.32 min, ETA 0.33 min)
Processed rows 624:640/1260 ( 50.8%, block 40/79, block 0.50s, elapsed 0.33 min, ETA 0.32 min)
Processed rows 640:656/1260 ( 52.1%, block 41/79, block 0.50s, elapsed 0.34 min, ETA 0.31 min)
Processed rows 656:672/1260 ( 53.3%, block 42/79, block 0.49s, elapsed 0.35 min, ETA 0.31 min)
Processed rows 672:688/1260 ( 54.6%, block 43/79, block 0.50s, elapsed 0.35 min, ETA 0.30 min)
Processed rows 688:704/1260 ( 55.9%, block 44/79, block 0.49s, elapsed 0.36 min, ETA 0.29 min)
Processed rows 704:720/1260 ( 57.1%, block 45/79, block 0.49s, elapsed 0.37 min, ETA 0.28 min)
Processed rows 720:736/1260 ( 58.4%, block 46/79, block 0.51s, elapsed 0.38 min, ETA 0.27 min)
Processed rows 736:752/1260 ( 59.7%, block 47/79, block 0.52s, elapsed 0.39 min, ETA 0.26 min)
Processed rows 752:768/1260 ( 61.0%, block 48/79, block 0.62s, elapsed 0.40 min, ETA 0.26 min)
Processed rows 768:784/1260 ( 62.2%, block 49/79, block 0.66s, elapsed 0.41 min, ETA 0.25 min)
Processed rows 784:800/1260 ( 63.5%, block 50/79, block 0.66s, elapsed 0.42 min, ETA 0.24 min)
Processed rows 800:816/1260 ( 64.8%, block 51/79, block 0.64s, elapsed 0.43 min, ETA 0.24 min)
Processed rows 816:832/1260 ( 66.0%, block 52/79, block 0.64s, elapsed 0.44 min, ETA 0.23 min)
Processed rows 832:848/1260 ( 67.3%, block 53/79, block 0.62s, elapsed 0.45 min, ETA 0.22 min)
Processed rows 848:864/1260 ( 68.6%, block 54/79, block 0.63s, elapsed 0.46 min, ETA 0.21 min)
Processed rows 864:880/1260 ( 69.8%, block 55/79, block 0.63s, elapsed 0.47 min, ETA 0.21 min)
Processed rows 880:896/1260 ( 71.1%, block 56/79, block 0.59s, elapsed 0.48 min, ETA 0.20 min)
Processed rows 896:912/1260 ( 72.4%, block 57/79, block 0.58s, elapsed 0.49 min, ETA 0.19 min)
Processed rows 912:928/1260 ( 73.7%, block 58/79, block 0.57s, elapsed 0.50 min, ETA 0.18 min)
Processed rows 928:944/1260 ( 74.9%, block 59/79, block 0.58s, elapsed 0.51 min, ETA 0.17 min)
Processed rows 944:960/1260 ( 76.2%, block 60/79, block 0.57s, elapsed 0.52 min, ETA 0.17 min)
Processed rows 960:976/1260 ( 77.5%, block 61/79, block 0.58s, elapsed 0.53 min, ETA 0.16 min)
Processed rows 976:992/1260 ( 78.7%, block 62/79, block 0.58s, elapsed 0.54 min, ETA 0.15 min)
Processed rows 992:1008/1260 ( 80.0%, block 63/79, block 0.58s, elapsed 0.55 min, ETA 0.14 min)
Processed rows 1008:1024/1260 ( 81.3%, block 64/79, block 0.58s, elapsed 0.56 min, ETA 0.13 min)
Processed rows 1024:1040/1260 ( 82.5%, block 65/79, block 0.57s, elapsed 0.57 min, ETA 0.12 min)
Processed rows 1040:1056/1260 ( 83.8%, block 66/79, block 0.57s, elapsed 0.58 min, ETA 0.11 min)
Processed rows 1056:1072/1260 ( 85.1%, block 67/79, block 0.58s, elapsed 0.59 min, ETA 0.11 min)
Processed rows 1072:1088/1260 ( 86.3%, block 68/79, block 0.57s, elapsed 0.60 min, ETA 0.10 min)
Processed rows 1088:1104/1260 ( 87.6%, block 69/79, block 0.57s, elapsed 0.61 min, ETA 0.09 min)
Processed rows 1104:1120/1260 ( 88.9%, block 70/79, block 0.57s, elapsed 0.62 min, ETA 0.08 min)
Processed rows 1120:1136/1260 ( 90.2%, block 71/79, block 0.58s, elapsed 0.63 min, ETA 0.07 min)
Processed rows 1136:1152/1260 ( 91.4%, block 72/79, block 0.58s, elapsed 0.64 min, ETA 0.06 min)
Processed rows 1152:1168/1260 ( 92.7%, block 73/79, block 0.59s, elapsed 0.65 min, ETA 0.05 min)
Processed rows 1168:1184/1260 ( 94.0%, block 74/79, block 0.58s, elapsed 0.66 min, ETA 0.04 min)
Processed rows 1184:1200/1260 ( 95.2%, block 75/79, block 0.59s, elapsed 0.67 min, ETA 0.04 min)
Processed rows 1200:1216/1260 ( 96.5%, block 76/79, block 0.59s, elapsed 0.68 min, ETA 0.03 min)
Processed rows 1216:1232/1260 ( 97.8%, block 77/79, block 0.59s, elapsed 0.69 min, ETA 0.02 min)
Processed rows 1232:1248/1260 ( 99.0%, block 78/79, block 0.59s, elapsed 0.70 min, ETA 0.01 min)
Processed rows 1248:1260/1260 (100.0%, block 79/79, block 0.45s, elapsed 0.70 min, ETA 0.00 min)
AB maggies vectorized pass completed in 0.70 min
Estimated effective streaming throughput: 566.6 MiB/s over support-slice read volume
Filter-support fraction [p16, p50, p84] = [0.000000, 1.000000, 1.000000]
Strict all-finite support pixels vs accepted relaxed-support pixels = 661,217 vs 661,843 (threshold=0.9900)
/arc/home/RongjunHuang/ICRAR/further/Mass.py:1330: RuntimeWarning: invalid value encountered in log10
  m_r_map = np.where(maggies_map > 0, -2.5 * np.log10(maggies_map), np.nan).astype(np.float32)
Finite binned flux-error bins: 46999/46999 (STAT=46999, sample=46999)
Finite binned magnitude-error bins: 46999/46999
Median binned relative flux error : 6.2148e-04
Binned magnitude error min/max   : 2.0981e-04 .. 9.9780e-04 mag
Binned magnitude error [p16, p50, p84] = [6.1668e-04, 6.7476e-04, 7.2506e-04] mag
Warning: No EBV error extension found; EBV uncertainty term will be omitted.
R-band magnitude calculation completed!
Filter used: bessell-R
Magnitude range: 17.83 to 26.64
Distance modulus: 31.09 mag
Total R-band magnitude (uncorrected) : 9.683 mag (AB)
Total R-band magnitude (corrected)   : 9.378 mag (AB)
Total R-band luminosity              : 10.528 log10(L☉)
Total stellar mass (R)               : 10.741 log10(M☉)
Integrated stellar M/L_R             : 1.6344 M☉/L☉
Median LOGMSTAR_ERR      : 2.7658e-04 dex
LOGMSTAR_ERR [p16, p50, p84] = [2.5561e-04, 2.7658e-04, 2.9659e-04] dex
LOGMSTAR_ERR min/max     : 8.3926e-05 .. 3.9912e-04 dex
Error budget note (LOGMSTAR): includes photometric+extinction propagation; excludes M/L model, distance, and inclination/area systematic uncertainties.
Saved further file to /arc/home/RongjunHuang/ICRAR/further/v3tk_v7.6.8/NGC4569/NGC4569_spatial_binning_maps_further.fits
M/L_R layer saved ➜ /arc/home/RongjunHuang/ICRAR/further/v3tk_v7.6.8/NGC4569/NGC4569_spatial_binning_maps_further.fits
Stellar-mass layer saved ➜ /arc/home/RongjunHuang/ICRAR/further/v3tk_v7.6.8/NGC4569/NGC4569_spatial_binning_maps_further.fits
Galaxy NGC4569 inclination: 69.0° (cos θ = 0.358)
Inclination correction ENABLED: applying b/a = 0.404 (adopting intrinsic thickness q₀ = 0.2 for disc galaxy)
Median LOGMASS_SURFACE_DENSITY_ERR: 2.7658e-04 dex
LOGMASS_SURFACE_DENSITY_ERR [p16, p50, p84] = [2.5561e-04, 2.7658e-04, 2.9659e-04] dex
LOGMASS_SURFACE_DENSITY_ERR min/max: 8.3926e-05 .. 3.9912e-04 dex
Consistency check |LOGMSTAR_ERR - LOGMASS_SURFACE_DENSITY_ERR| median=0.0000e+00 dex, max=1.6263e-19 dex
Stellar mass surface density layer saved ➜ /arc/home/RongjunHuang/ICRAR/further/v3tk_v7.6.8/NGC4569/NGC4569_spatial_binning_maps_further.fits
r-band magnitude layer saved ➜ /arc/home/RongjunHuang/ICRAR/further/v3tk_v7.6.8/NGC4569/NGC4569_spatial_binning_maps_further.fits
r-band uncorrected magnitude layer saved ➜ /arc/home/RongjunHuang/ICRAR/further/v3tk_v7.6.8/NGC4569/NGC4569_spatial_binning_maps_further.fits
✅  NGC4569 finished in 8m24s
