Python executable: /arc/home/RongjunHuang/.conda/envs/ICRAR/bin/python
Python 3.13.3
PYTHONUNBUFFERED: 1
Product root     : /arc/home/RongjunHuang/ICRAR/further
Cube root        : /arc/projects/mauve/cubes/v3tk
Local fallback   : /arc/home/RongjunHuang/ICRAR/further
MASS_DISABLE_STAT: 0
MASS_NCPUS       : 16
MASS_ROW_BLOCK_SIZE: default


=== Using the following files ===
Product root : /arc/home/RongjunHuang/ICRAR/further
Cube root    : /arc/projects/mauve/cubes/v3tk
Fallback root: /arc/home/RongjunHuang/ICRAR/further
Input keyword: <none>
Cube         : /arc/projects/mauve/cubes/v3tk/NGC4522_DATACUBE_FINAL_WCS_Pall_mad_red_v3tk.fits.gz
Binning map  : /arc/home/RongjunHuang/ICRAR/further/v3tk_v7.6.8/NGC4522/NGC4522_spatial_binning_maps.fits
SFH map      : /arc/home/RongjunHuang/ICRAR/further/v3tk_v7.6.8/NGC4522/NGC4522_sfh_maps.fits
Weights      : /arc/home/RongjunHuang/ICRAR/further/v3tk_v7.6.8/NGC4522/NGC4522_sfh_weights.fits
Photometry   : /arc/home/RongjunHuang/ICRAR/further/BaSTI+Chabrier.dat
Output       : /arc/home/RongjunHuang/ICRAR/further/v3tk_v7.6.8/NGC4522/NGC4522_spatial_binning_maps_further.fits 

Thread control: forcing 16 BLAS/OpenMP threads
Vectorized processing row-block size: 16
Loading: /arc/home/RongjunHuang/ICRAR/further/v3tk_v7.6.8/NGC4522/NGC4522_spatial_binning_maps.fits
Filename: /arc/home/RongjunHuang/ICRAR/further/v3tk_v7.6.8/NGC4522/NGC4522_spatial_binning_maps.fits
No.    Name      Ver    Type      Cards   Dimensions   Format
  0  PRIMARY       1 PrimaryHDU       4   ()      
  1  BINID         1 ImageHDU        26   (590, 659)   float64   
  2  FLUX          1 ImageHDU        26   (590, 659)   float64   
  3  SNR           1 ImageHDU        26   (590, 659)   float64   
  4  SNRBIN        1 ImageHDU        26   (590, 659)   float64   
  5  XBIN          1 ImageHDU        26   (590, 659)   float64   
  6  YBIN          1 ImageHDU        26   (590, 659)   float64   
None
Loading: /arc/home/RongjunHuang/ICRAR/further/v3tk_v7.6.8/NGC4522/NGC4522_sfh_weights.fits
Filename: /arc/home/RongjunHuang/ICRAR/further/v3tk_v7.6.8/NGC4522/NGC4522_sfh_weights.fits
No.    Name      Ver    Type      Cards   Dimensions   Format
  0  PRIMARY       1 PrimaryHDU      27   ()      
  1  WEIGHTS       1 BinTableHDU     31   2558R x 1C   [477D]   
  2  GRID          1 BinTableHDU     35   477R x 3C   [D, D, D]   
None
Loaded 636 out of 636 rows of data from BaSTI+Chabrier.dat
Raw SFH weight-sum [min, p16, p50, p84, max] = [1.0000e+00, 1.0000e+00, 1.0000e+00, 1.0000e+00, 1.0000e+00]
Normalized SFH weight-sum check [min, max] = [1.000000, 1.000000]
Composite ML_R candidates [median] (light_r, light_norm_to_r, light_v_to_r, mass_harmonic) = [0.6612, 0.6645, 0.7022, 0.2657]
Template-library LIGHT normalization for ML_R: /arc/home/RongjunHuang/ICRAR/further/EMILES_baseFe_safe (LMIN=4800.0, LMAX=8900.0 Angstrom)
Selected SFH-weight interpretation for ML_R: light_norm_to_r
BINID range check for ML_R mapping: max BINID=2557, n_weight_rows=2558
Loading: /arc/projects/mauve/cubes/v3tk/NGC4522_DATACUBE_FINAL_WCS_Pall_mad_red_v3tk.fits.gz
Using STAT variance extension for photometric error propagation.
Cube dimensions (nz, ny, nx): 3761, 659, 590
Approx. DATA footprint: 5.45 GiB
Approx. STAT footprint: 5.45 GiB
Building exact speclite linear operator for AB maggies...
  Linear-operator chunk 1/8 (wave bins 0:512, elapsed 0.0s)
  Linear-operator chunk 2/8 (wave bins 512:1024, elapsed 0.0s)
  Linear-operator chunk 3/8 (wave bins 1024:1536, elapsed 0.1s)
  Linear-operator chunk 4/8 (wave bins 1536:2048, elapsed 0.1s)
  Linear-operator chunk 5/8 (wave bins 2048:2560, elapsed 0.1s)
  Linear-operator chunk 6/8 (wave bins 2560:3072, elapsed 0.1s)
  Linear-operator chunk 7/8 (wave bins 3072:3584, elapsed 0.1s)
  Linear-operator chunk 8/8 (wave bins 3584:3761, elapsed 0.1s)
Using contiguous filter-support slice: [641:3441] (2800 bins).
Photometric propagation method: exact discrete first-order Jacobian through speclite AB-maggies operator (support bins=2800/3761).
STAT assumption: independent spectral-bin variances (no covariance provided by cube).
Computing AB maggies with vectorized blocks... (estimated support-slice stream volume: 8.11 GiB, DATA+STAT)
Processed rows 0:16/659 (  2.4%, block 1/42, block 0.33s, elapsed 0.01 min, ETA 0.23 min)
Processed rows 16:32/659 (  4.9%, block 2/42, block 0.32s, elapsed 0.01 min, ETA 0.22 min)
Processed rows 32:48/659 (  7.3%, block 3/42, block 0.33s, elapsed 0.02 min, ETA 0.21 min)
Processed rows 48:64/659 (  9.7%, block 4/42, block 0.30s, elapsed 0.02 min, ETA 0.20 min)
Processed rows 64:80/659 ( 12.1%, block 5/42, block 0.32s, elapsed 0.03 min, ETA 0.20 min)
Processed rows 80:96/659 ( 14.6%, block 6/42, block 0.30s, elapsed 0.03 min, ETA 0.19 min)
Processed rows 96:112/659 ( 17.0%, block 7/42, block 0.31s, elapsed 0.04 min, ETA 0.18 min)
Processed rows 112:128/659 ( 19.4%, block 8/42, block 0.30s, elapsed 0.04 min, ETA 0.18 min)
Processed rows 128:144/659 ( 21.9%, block 9/42, block 0.32s, elapsed 0.05 min, ETA 0.17 min)
Processed rows 144:160/659 ( 24.3%, block 10/42, block 0.33s, elapsed 0.05 min, ETA 0.17 min)
Processed rows 160:176/659 ( 26.7%, block 11/42, block 0.32s, elapsed 0.06 min, ETA 0.16 min)
Processed rows 176:192/659 ( 29.1%, block 12/42, block 0.32s, elapsed 0.06 min, ETA 0.16 min)
Processed rows 192:208/659 ( 31.6%, block 13/42, block 0.31s, elapsed 0.07 min, ETA 0.15 min)
Processed rows 208:224/659 ( 34.0%, block 14/42, block 0.32s, elapsed 0.07 min, ETA 0.15 min)
Processed rows 224:240/659 ( 36.4%, block 15/42, block 0.34s, elapsed 0.08 min, ETA 0.14 min)
Processed rows 240:256/659 ( 38.8%, block 16/42, block 0.36s, elapsed 0.09 min, ETA 0.14 min)
Processed rows 256:272/659 ( 41.3%, block 17/42, block 0.36s, elapsed 0.09 min, ETA 0.13 min)
Processed rows 272:288/659 ( 43.7%, block 18/42, block 0.38s, elapsed 0.10 min, ETA 0.13 min)
Processed rows 288:304/659 ( 46.1%, block 19/42, block 0.38s, elapsed 0.10 min, ETA 0.13 min)
Processed rows 304:320/659 ( 48.6%, block 20/42, block 0.37s, elapsed 0.11 min, ETA 0.12 min)
Processed rows 320:336/659 ( 51.0%, block 21/42, block 0.33s, elapsed 0.12 min, ETA 0.12 min)
Processed rows 336:352/659 ( 53.4%, block 22/42, block 0.35s, elapsed 0.12 min, ETA 0.11 min)
Processed rows 352:368/659 ( 55.8%, block 23/42, block 0.33s, elapsed 0.13 min, ETA 0.10 min)
Processed rows 368:384/659 ( 58.3%, block 24/42, block 0.36s, elapsed 0.13 min, ETA 0.10 min)
Processed rows 384:400/659 ( 60.7%, block 25/42, block 0.31s, elapsed 0.14 min, ETA 0.09 min)
Processed rows 400:416/659 ( 63.1%, block 26/42, block 0.35s, elapsed 0.14 min, ETA 0.09 min)
Processed rows 416:432/659 ( 65.6%, block 27/42, block 0.33s, elapsed 0.15 min, ETA 0.08 min)
Processed rows 432:448/659 ( 68.0%, block 28/42, block 0.33s, elapsed 0.16 min, ETA 0.08 min)
Processed rows 448:464/659 ( 70.4%, block 29/42, block 0.30s, elapsed 0.16 min, ETA 0.07 min)
Processed rows 464:480/659 ( 72.8%, block 30/42, block 0.30s, elapsed 0.17 min, ETA 0.07 min)
Processed rows 480:496/659 ( 75.3%, block 31/42, block 0.31s, elapsed 0.17 min, ETA 0.06 min)
Processed rows 496:512/659 ( 77.7%, block 32/42, block 0.31s, elapsed 0.18 min, ETA 0.05 min)
Processed rows 512:528/659 ( 80.1%, block 33/42, block 0.30s, elapsed 0.18 min, ETA 0.05 min)
Processed rows 528:544/659 ( 82.5%, block 34/42, block 0.31s, elapsed 0.19 min, ETA 0.04 min)
Processed rows 544:560/659 ( 85.0%, block 35/42, block 0.32s, elapsed 0.19 min, ETA 0.04 min)
Processed rows 560:576/659 ( 87.4%, block 36/42, block 0.32s, elapsed 0.20 min, ETA 0.03 min)
Processed rows 576:592/659 ( 89.8%, block 37/42, block 0.32s, elapsed 0.20 min, ETA 0.03 min)
Processed rows 592:608/659 ( 92.3%, block 38/42, block 0.32s, elapsed 0.21 min, ETA 0.02 min)
Processed rows 608:624/659 ( 94.7%, block 39/42, block 0.31s, elapsed 0.21 min, ETA 0.02 min)
Processed rows 624:640/659 ( 97.1%, block 40/42, block 0.32s, elapsed 0.22 min, ETA 0.01 min)
Processed rows 640:656/659 ( 99.5%, block 41/42, block 0.32s, elapsed 0.22 min, ETA 0.01 min)
Processed rows 656:659/659 (100.0%, block 42/42, block 0.06s, elapsed 0.22 min, ETA 0.00 min)
AB maggies vectorized pass completed in 0.22 min
Estimated effective streaming throughput: 619.2 MiB/s over support-slice read volume
Filter-support fraction [p16, p50, p84] = [0.000000, 0.000000, 1.000000]
Strict all-finite support pixels vs accepted relaxed-support pixels = 178,681 vs 179,102 (threshold=0.9900)
/arc/home/RongjunHuang/ICRAR/further/Mass.py:1330: RuntimeWarning: invalid value encountered in log10
  m_r_map = np.where(maggies_map > 0, -2.5 * np.log10(maggies_map), np.nan).astype(np.float32)
Finite binned flux-error bins: 2558/2558 (STAT=2558, sample=2558)
Finite binned magnitude-error bins: 2558/2558
Median binned relative flux error : 6.2027e-04
Binned magnitude error min/max   : 4.9781e-04 .. 2.2851e-03 mag
Binned magnitude error [p16, p50, p84] = [6.3223e-04, 6.7345e-04, 7.2114e-04] mag
Warning: No EBV error extension found; EBV uncertainty term will be omitted.
R-band magnitude calculation completed!
Filter used: bessell-R
Magnitude range: 20.75 to 27.74
Distance modulus: 31.09 mag
Total R-band magnitude (uncorrected) : 12.354 mag (AB)
Total R-band magnitude (corrected)   : 11.907 mag (AB)
Total R-band luminosity              : 9.516 log10(L☉)
Total stellar mass (R)               : 9.358 log10(M☉)
Integrated stellar M/L_R             : 0.6949 M☉/L☉
Median LOGMSTAR_ERR      : 2.7629e-04 dex
LOGMSTAR_ERR [p16, p50, p84] = [2.5762e-04, 2.7629e-04, 3.0000e-04] dex
LOGMSTAR_ERR min/max     : 1.9912e-04 .. 9.1403e-04 dex
Error budget note (LOGMSTAR): includes photometric+extinction propagation; excludes M/L model, distance, and inclination/area systematic uncertainties.
Saved further file to /arc/home/RongjunHuang/ICRAR/further/v3tk_v7.6.8/NGC4522/NGC4522_spatial_binning_maps_further.fits
M/L_R layer saved ➜ /arc/home/RongjunHuang/ICRAR/further/v3tk_v7.6.8/NGC4522/NGC4522_spatial_binning_maps_further.fits
Stellar-mass layer saved ➜ /arc/home/RongjunHuang/ICRAR/further/v3tk_v7.6.8/NGC4522/NGC4522_spatial_binning_maps_further.fits
Galaxy NGC4522 inclination: 82.0° (cos θ = 0.139)
Inclination correction ENABLED: applying b/a = 0.242 (adopting intrinsic thickness q₀ = 0.2 for disc galaxy)
Median LOGMASS_SURFACE_DENSITY_ERR: 2.7629e-04 dex
LOGMASS_SURFACE_DENSITY_ERR [p16, p50, p84] = [2.5762e-04, 2.7629e-04, 3.0000e-04] dex
LOGMASS_SURFACE_DENSITY_ERR min/max: 1.9912e-04 .. 9.1403e-04 dex
Consistency check |LOGMSTAR_ERR - LOGMASS_SURFACE_DENSITY_ERR| median=5.4210e-20 dex, max=2.1684e-19 dex
Stellar mass surface density layer saved ➜ /arc/home/RongjunHuang/ICRAR/further/v3tk_v7.6.8/NGC4522/NGC4522_spatial_binning_maps_further.fits
r-band magnitude layer saved ➜ /arc/home/RongjunHuang/ICRAR/further/v3tk_v7.6.8/NGC4522/NGC4522_spatial_binning_maps_further.fits
r-band uncorrected magnitude layer saved ➜ /arc/home/RongjunHuang/ICRAR/further/v3tk_v7.6.8/NGC4522/NGC4522_spatial_binning_maps_further.fits
✅  NGC4522 finished in 2m1s
