Python executable: /arc/home/RongjunHuang/.conda/envs/ICRAR/bin/python
Python 3.13.3
PYTHONUNBUFFERED: 1
Product root     : /arc/home/RongjunHuang/ICRAR/further
Cube root        : /arc/projects/mauve/cubes/v3tk
Local fallback   : /arc/home/RongjunHuang/ICRAR/further
MASS_DISABLE_STAT: 0
MASS_NCPUS       : 16
MASS_ROW_BLOCK_SIZE: default


=== Using the following files ===
Product root : /arc/home/RongjunHuang/ICRAR/further
Cube root    : /arc/projects/mauve/cubes/v3tk
Fallback root: /arc/home/RongjunHuang/ICRAR/further
Input keyword: <none>
Cube         : /arc/projects/mauve/cubes/v3tk/NGC4351_DATACUBE_FINAL_WCS_Pall_mad_red_v3tk.fits
Binning map  : /arc/home/RongjunHuang/ICRAR/further/v3tk_v7.6.8/NGC4351/NGC4351_spatial_binning_maps.fits
SFH map      : /arc/home/RongjunHuang/ICRAR/further/v3tk_v7.6.8/NGC4351/NGC4351_sfh_maps.fits
Weights      : /arc/home/RongjunHuang/ICRAR/further/v3tk_v7.6.8/NGC4351/NGC4351_sfh_weights.fits
Photometry   : /arc/home/RongjunHuang/ICRAR/further/BaSTI+Chabrier.dat
Output       : /arc/home/RongjunHuang/ICRAR/further/v3tk_v7.6.8/NGC4351/NGC4351_spatial_binning_maps_further.fits 

Thread control: forcing 16 BLAS/OpenMP threads
Vectorized processing row-block size: 16
Loading: /arc/home/RongjunHuang/ICRAR/further/v3tk_v7.6.8/NGC4351/NGC4351_spatial_binning_maps.fits
Filename: /arc/home/RongjunHuang/ICRAR/further/v3tk_v7.6.8/NGC4351/NGC4351_spatial_binning_maps.fits
No.    Name      Ver    Type      Cards   Dimensions   Format
  0  PRIMARY       1 PrimaryHDU       4   ()      
  1  BINID         1 ImageHDU        26   (591, 323)   float64   
  2  FLUX          1 ImageHDU        26   (591, 323)   float64   
  3  SNR           1 ImageHDU        26   (591, 323)   float64   
  4  SNRBIN        1 ImageHDU        26   (591, 323)   float64   
  5  XBIN          1 ImageHDU        26   (591, 323)   float64   
  6  YBIN          1 ImageHDU        26   (591, 323)   float64   
None
Loading: /arc/home/RongjunHuang/ICRAR/further/v3tk_v7.6.8/NGC4351/NGC4351_sfh_weights.fits
Filename: /arc/home/RongjunHuang/ICRAR/further/v3tk_v7.6.8/NGC4351/NGC4351_sfh_weights.fits
No.    Name      Ver    Type      Cards   Dimensions   Format
  0  PRIMARY       1 PrimaryHDU      27   ()      
  1  WEIGHTS       1 BinTableHDU     31   2170R x 1C   [477D]   
  2  GRID          1 BinTableHDU     35   477R x 3C   [D, D, D]   
None
Loaded 636 out of 636 rows of data from BaSTI+Chabrier.dat
Raw SFH weight-sum [min, p16, p50, p84, max] = [1.0000e+00, 1.0000e+00, 1.0000e+00, 1.0000e+00, 1.0000e+00]
Normalized SFH weight-sum check [min, max] = [1.000000, 1.000000]
Composite ML_R candidates [median] (light_r, light_norm_to_r, light_v_to_r, mass_harmonic) = [0.9203, 0.9312, 1.0007, 0.2673]
Template-library LIGHT normalization for ML_R: /arc/home/RongjunHuang/ICRAR/further/EMILES_baseFe_safe (LMIN=4800.0, LMAX=8900.0 Angstrom)
Selected SFH-weight interpretation for ML_R: light_norm_to_r
BINID range check for ML_R mapping: max BINID=2169, n_weight_rows=2170
Loading: /arc/projects/mauve/cubes/v3tk/NGC4351_DATACUBE_FINAL_WCS_Pall_mad_red_v3tk.fits
Using STAT variance extension for photometric error propagation.
Cube dimensions (nz, ny, nx): 3761, 323, 591
Approx. DATA footprint: 2.67 GiB
Approx. STAT footprint: 2.67 GiB
Building exact speclite linear operator for AB maggies...
  Linear-operator chunk 1/8 (wave bins 0:512, elapsed 0.0s)
  Linear-operator chunk 2/8 (wave bins 512:1024, elapsed 0.0s)
  Linear-operator chunk 3/8 (wave bins 1024:1536, elapsed 0.1s)
  Linear-operator chunk 4/8 (wave bins 1536:2048, elapsed 0.1s)
  Linear-operator chunk 5/8 (wave bins 2048:2560, elapsed 0.1s)
  Linear-operator chunk 6/8 (wave bins 2560:3072, elapsed 0.1s)
  Linear-operator chunk 7/8 (wave bins 3072:3584, elapsed 0.1s)
  Linear-operator chunk 8/8 (wave bins 3584:3761, elapsed 0.1s)
Using contiguous filter-support slice: [641:3441] (2800 bins).
Photometric propagation method: exact discrete first-order Jacobian through speclite AB-maggies operator (support bins=2800/3761).
STAT assumption: independent spectral-bin variances (no covariance provided by cube).
Computing AB maggies with vectorized blocks... (estimated support-slice stream volume: 3.98 GiB, DATA+STAT)
Processed rows 0:16/323 (  5.0%, block 1/21, block 53.48s, elapsed 0.89 min, ETA 17.83 min)
Processed rows 16:32/323 (  9.9%, block 2/21, block 0.58s, elapsed 0.90 min, ETA 8.56 min)
Processed rows 32:48/323 ( 14.9%, block 3/21, block 0.60s, elapsed 0.91 min, ETA 5.47 min)
Processed rows 48:64/323 ( 19.8%, block 4/21, block 0.56s, elapsed 0.92 min, ETA 3.91 min)
Processed rows 64:80/323 ( 24.8%, block 5/21, block 0.63s, elapsed 0.93 min, ETA 2.98 min)
Processed rows 80:96/323 ( 29.7%, block 6/21, block 0.57s, elapsed 0.94 min, ETA 2.35 min)
Processed rows 96:112/323 ( 34.7%, block 7/21, block 0.52s, elapsed 0.95 min, ETA 1.90 min)
Processed rows 112:128/323 ( 39.6%, block 8/21, block 0.55s, elapsed 0.96 min, ETA 1.56 min)
Processed rows 128:144/323 ( 44.6%, block 9/21, block 0.48s, elapsed 0.97 min, ETA 1.29 min)
Processed rows 144:160/323 ( 49.5%, block 10/21, block 0.55s, elapsed 0.98 min, ETA 1.07 min)
Processed rows 160:176/323 ( 54.5%, block 11/21, block 0.61s, elapsed 0.99 min, ETA 0.90 min)
Processed rows 176:192/323 ( 59.4%, block 12/21, block 0.57s, elapsed 0.99 min, ETA 0.75 min)
Processed rows 192:208/323 ( 64.4%, block 13/21, block 0.55s, elapsed 1.00 min, ETA 0.62 min)
Processed rows 208:224/323 ( 69.3%, block 14/21, block 0.55s, elapsed 1.01 min, ETA 0.51 min)
Processed rows 224:240/323 ( 74.3%, block 15/21, block 0.59s, elapsed 1.02 min, ETA 0.41 min)
Processed rows 240:256/323 ( 79.3%, block 16/21, block 0.62s, elapsed 1.03 min, ETA 0.32 min)
Processed rows 256:272/323 ( 84.2%, block 17/21, block 0.56s, elapsed 1.04 min, ETA 0.25 min)
Processed rows 272:288/323 ( 89.2%, block 18/21, block 0.65s, elapsed 1.05 min, ETA 0.18 min)
Processed rows 288:304/323 ( 94.1%, block 19/21, block 0.56s, elapsed 1.06 min, ETA 0.11 min)
Processed rows 304:320/323 ( 99.1%, block 20/21, block 0.63s, elapsed 1.07 min, ETA 0.05 min)
Processed rows 320:323/323 (100.0%, block 21/21, block 0.09s, elapsed 1.07 min, ETA 0.00 min)
AB maggies vectorized pass completed in 1.07 min
Estimated effective streaming throughput: 63.2 MiB/s over support-slice read volume
Filter-support fraction [p16, p50, p84] = [1.000000, 1.000000, 1.000000]
Strict all-finite support pixels vs accepted relaxed-support pixels = 181,019 vs 181,513 (threshold=0.9900)
/arc/home/RongjunHuang/ICRAR/further/Mass.py:1292: RuntimeWarning: invalid value encountered in log10
  m_r_map = np.where(maggies_map > 0, -2.5 * np.log10(maggies_map), np.nan).astype(np.float32)
Finite binned flux-error bins: 2170/2170 (STAT=2170, sample=2170)
Finite binned magnitude-error bins: 2170/2170
Median binned relative flux error : 5.9384e-04
Binned magnitude error min/max   : 4.8851e-04 .. 7.6977e-04 mag
Binned magnitude error [p16, p50, p84] = [6.0272e-04, 6.4476e-04, 6.8490e-04] mag
Warning: No EBV error extension found; EBV uncertainty term will be omitted.
R-band magnitude calculation completed!
Filter used: bessell-R
Magnitude range: 21.90 to 27.17
Distance modulus: 31.09 mag
Total R-band magnitude (uncorrected) : 12.493 mag (AB)
Total R-band magnitude (corrected)   : 12.222 mag (AB)
Total R-band luminosity              : 9.390 log10(L☉)
Total stellar mass (R)               : 9.341 log10(M☉)
Integrated stellar M/L_R             : 0.8934 M☉/L☉
Median LOGMSTAR_ERR      : 2.6429e-04 dex
LOGMSTAR_ERR [p16, p50, p84] = [2.4511e-04, 2.6429e-04, 2.8453e-04] dex
LOGMSTAR_ERR min/max     : 1.9541e-04 .. 3.0791e-04 dex
Error budget note (LOGMSTAR): includes photometric+extinction propagation; excludes M/L model, distance, and inclination/area systematic uncertainties.
Saved further file to /arc/home/RongjunHuang/ICRAR/further/v3tk_v7.6.8/NGC4351/NGC4351_spatial_binning_maps_further.fits
M/L_R layer saved ➜ /arc/home/RongjunHuang/ICRAR/further/v3tk_v7.6.8/NGC4351/NGC4351_spatial_binning_maps_further.fits
Stellar-mass layer saved ➜ /arc/home/RongjunHuang/ICRAR/further/v3tk_v7.6.8/NGC4351/NGC4351_spatial_binning_maps_further.fits
Galaxy NGC4351 inclination: 48.0° (cos θ = 0.669)
Inclination correction ENABLED: applying b/a = 0.685 (adopting intrinsic thickness q₀ = 0.2 for disc galaxy)
Median LOGMASS_SURFACE_DENSITY_ERR: 2.6429e-04 dex
LOGMASS_SURFACE_DENSITY_ERR [p16, p50, p84] = [2.4511e-04, 2.6429e-04, 2.8453e-04] dex
LOGMASS_SURFACE_DENSITY_ERR min/max: 1.9541e-04 .. 3.0791e-04 dex
Consistency check |LOGMSTAR_ERR - LOGMASS_SURFACE_DENSITY_ERR| median=2.7105e-20 dex, max=1.0842e-19 dex
Stellar mass surface density layer saved ➜ /arc/home/RongjunHuang/ICRAR/further/v3tk_v7.6.8/NGC4351/NGC4351_spatial_binning_maps_further.fits
r-band magnitude layer saved ➜ /arc/home/RongjunHuang/ICRAR/further/v3tk_v7.6.8/NGC4351/NGC4351_spatial_binning_maps_further.fits
r-band uncorrected magnitude layer saved ➜ /arc/home/RongjunHuang/ICRAR/further/v3tk_v7.6.8/NGC4351/NGC4351_spatial_binning_maps_further.fits
✅  NGC4351 finished in 1m9s
